WARNING: Using incubator modules: jdk.incubator.vector
Oct 04, 2026 2:39:31 AM com.integrallis.vectors.core.PanamaVectorUtilSupportProvider create
INFO: vectors-core: Using Panama Vector API SIMD provider (vector bits: 256)
Oct 04, 2026 2:39:31 AM com.integrallis.vectors.core.VectorizationProvider logActiveToggles
INFO: vectors-core: provider=PanamaVectorUtilSupport panama=true maxBits=256 preferredBits=256 fastVectorFMA=true fastScalarFMA=true sve=false ggufParallel=true ggufParallelThreshold=1048576 ggufExecutor=persistent ggufThreads=8 ggufChunksPerThread=2 mappedKQuantLongOffsets=auto(q4=true,q5=false,q6=false) q4ShortPairwiseSupported=true q4UnsignedPairwiseSupported=true toggles=[(defaults — no -Dvectors.* overrides)]
FLAT,glove,single,100000,100,1,0,4445915,7167697522366443656
FLAT,glove,single,100000,100,1,1,4619456,7167697522366443656
FLAT,glove,single,100000,100,1,2,4769242,7167697522366443656
FLAT,glove,single,100000,100,1,3,5846654,7167697522366443656
FLAT,glove,single,100000,100,1,4,4412625,7167697522366443656
FLAT,glove,single,100000,100,1,5,4540657,7167697522366443656
FLAT,glove,single,100000,100,1,6,4418013,7167697522366443656
FLAT,glove,batch,100000,100,1,0,6815342,7167697522366443656
FLAT,glove,batch,100000,100,1,1,4292454,7167697522366443656
FLAT,glove,batch,100000,100,1,2,4245663,7167697522366443656
FLAT,glove,batch,100000,100,1,3,4270459,7167697522366443656
FLAT,glove,batch,100000,100,1,4,4276900,7167697522366443656
FLAT,glove,batch,100000,100,1,5,4283330,7167697522366443656
FLAT,glove,batch,100000,100,1,6,4227306,7167697522366443656
FLAT,glove,single,100000,100,4,0,19936651,-5393426958338102730
FLAT,glove,single,100000,100,4,1,19498070,-5393426958338102730
FLAT,glove,single,100000,100,4,2,18751325,-5393426958338102730
FLAT,glove,single,100000,100,4,3,18741091,-5393426958338102730
FLAT,glove,single,100000,100,4,4,19499852,-5393426958338102730
FLAT,glove,single,100000,100,4,5,21684853,-5393426958338102730
FLAT,glove,single,100000,100,4,6,19892434,-5393426958338102730
FLAT,glove,batch,100000,100,4,0,4371243,-5393426958338102730
FLAT,glove,batch,100000,100,4,1,4894370,-5393426958338102730
FLAT,glove,batch,100000,100,4,2,4434447,-5393426958338102730
FLAT,glove,batch,100000,100,4,3,4418303,-5393426958338102730
FLAT,glove,batch,100000,100,4,4,4861891,-5393426958338102730
FLAT,glove,batch,100000,100,4,5,4382779,-5393426958338102730
FLAT,glove,batch,100000,100,4,6,4349609,-5393426958338102730
FLAT,glove,single,100000,100,16,0,67844551,-4616742646284636308
FLAT,glove,single,100000,100,16,1,69314283,-4616742646284636308
FLAT,glove,single,100000,100,16,2,67631039,-4616742646284636308
FLAT,glove,single,100000,100,16,3,67223976,-4616742646284636308
FLAT,glove,single,100000,100,16,4,67563677,-4616742646284636308
FLAT,glove,single,100000,100,16,5,67493040,-4616742646284636308
FLAT,glove,single,100000,100,16,6,68764506,-4616742646284636308
FLAT,glove,batch,100000,100,16,0,16813087,-4616742646284636308
FLAT,glove,batch,100000,100,16,1,16359584,-4616742646284636308
FLAT,glove,batch,100000,100,16,2,19554965,-4616742646284636308
FLAT,glove,batch,100000,100,16,3,17274292,-4616742646284636308
FLAT,glove,batch,100000,100,16,4,14294725,-4616742646284636308
FLAT,glove,batch,100000,100,16,5,13352336,-4616742646284636308
FLAT,glove,batch,100000,100,16,6,14171629,-4616742646284636308
FLAT,glove,single,100000,100,32,0,135261968,1177092119961519121
FLAT,glove,single,100000,100,32,1,134174520,1177092119961519121
FLAT,glove,single,100000,100,32,2,136669567,1177092119961519121
FLAT,glove,single,100000,100,32,3,134124384,1177092119961519121
FLAT,glove,single,100000,100,32,4,135525525,1177092119961519121
FLAT,glove,single,100000,100,32,5,106674861,1177092119961519121
FLAT,glove,single,100000,100,32,6,90794739,1177092119961519121
FLAT,glove,batch,100000,100,32,0,17211797,1177092119961519121
FLAT,glove,batch,100000,100,32,1,19939495,1177092119961519121
FLAT,glove,batch,100000,100,32,2,17062183,1177092119961519121
FLAT,glove,batch,100000,100,32,3,16979208,1177092119961519121
FLAT,glove,batch,100000,100,32,4,19230217,1177092119961519121
FLAT,glove,batch,100000,100,32,5,19618822,1177092119961519121
FLAT,glove,batch,100000,100,32,6,17156374,1177092119961519121
FLAT,glove,single,100000,100,64,0,188590570,7293109510488223649
FLAT,glove,single,100000,100,64,1,178946167,7293109510488223649
FLAT,glove,single,100000,100,64,2,181575857,7293109510488223649
FLAT,glove,single,100000,100,64,3,181061983,7293109510488223649
FLAT,glove,single,100000,100,64,4,180825537,7293109510488223649
FLAT,glove,single,100000,100,64,5,179979673,7293109510488223649
FLAT,glove,single,100000,100,64,6,181947687,7293109510488223649
FLAT,glove,batch,100000,100,64,0,33702529,7293109510488223649
FLAT,glove,batch,100000,100,64,1,36140930,7293109510488223649
FLAT,glove,batch,100000,100,64,2,33815569,7293109510488223649
FLAT,glove,batch,100000,100,64,3,36139648,7293109510488223649
FLAT,glove,batch,100000,100,64,4,33643530,7293109510488223649
FLAT,glove,batch,100000,100,64,5,33454665,7293109510488223649
FLAT,glove,batch,100000,100,64,6,68005874,7293109510488223649
