WARNING: Using incubator modules: jdk.incubator.vector
Oct 04, 2026 2:40:16 AM com.integrallis.vectors.core.PanamaVectorUtilSupportProvider create
INFO: vectors-core: Using Panama Vector API SIMD provider (vector bits: 256)
Oct 04, 2026 2:40:16 AM com.integrallis.vectors.core.VectorizationProvider logActiveToggles
INFO: vectors-core: provider=PanamaVectorUtilSupport panama=true maxBits=256 preferredBits=256 fastVectorFMA=true fastScalarFMA=true sve=false ggufParallel=true ggufParallelThreshold=1048576 ggufExecutor=persistent ggufThreads=8 ggufChunksPerThread=2 mappedKQuantLongOffsets=auto(q4=true,q5=false,q6=false) q4ShortPairwiseSupported=true q4UnsignedPairwiseSupported=true toggles=[(defaults — no -Dvectors.* overrides)]
FLAT,collection,single,100000,512,1,0,15611818,-2561075354683905283
FLAT,collection,single,100000,512,1,1,16002226,-2561075354683905283
FLAT,collection,single,100000,512,1,2,15644749,-2561075354683905283
FLAT,collection,single,100000,512,1,3,16283429,-2561075354683905283
FLAT,collection,single,100000,512,1,4,15827282,-2561075354683905283
FLAT,collection,single,100000,512,1,5,16312012,-2561075354683905283
FLAT,collection,single,100000,512,1,6,16391391,-2561075354683905283
FLAT,collection,batch,100000,512,1,0,19145299,-2561075354683905283
FLAT,collection,batch,100000,512,1,1,15890176,-2561075354683905283
FLAT,collection,batch,100000,512,1,2,16138080,-2561075354683905283
FLAT,collection,batch,100000,512,1,3,15834914,-2561075354683905283
FLAT,collection,batch,100000,512,1,4,16056147,-2561075354683905283
FLAT,collection,batch,100000,512,1,5,16228887,-2561075354683905283
FLAT,collection,batch,100000,512,1,6,16093924,-2561075354683905283
FLAT,collection,single,100000,512,4,0,61962260,-8103726781922252096
FLAT,collection,single,100000,512,4,1,64511539,-8103726781922252096
FLAT,collection,single,100000,512,4,2,63379655,-8103726781922252096
FLAT,collection,single,100000,512,4,3,63347837,-8103726781922252096
FLAT,collection,single,100000,512,4,4,63097250,-8103726781922252096
FLAT,collection,single,100000,512,4,5,62346719,-8103726781922252096
FLAT,collection,single,100000,512,4,6,64962477,-8103726781922252096
FLAT,collection,batch,100000,512,4,0,14868238,-8103726781922252096
FLAT,collection,batch,100000,512,4,1,14918814,-8103726781922252096
FLAT,collection,batch,100000,512,4,2,14524832,-8103726781922252096
FLAT,collection,batch,100000,512,4,3,14649559,-8103726781922252096
FLAT,collection,batch,100000,512,4,4,14744681,-8103726781922252096
FLAT,collection,batch,100000,512,4,5,15264384,-8103726781922252096
FLAT,collection,batch,100000,512,4,6,16166053,-8103726781922252096
FLAT,collection,single,100000,512,16,0,262138959,2092469987807476287
FLAT,collection,single,100000,512,16,1,254317882,2092469987807476287
FLAT,collection,single,100000,512,16,2,258779842,2092469987807476287
FLAT,collection,single,100000,512,16,3,245787548,2092469987807476287
FLAT,collection,single,100000,512,16,4,248738001,2092469987807476287
FLAT,collection,single,100000,512,16,5,244997429,2092469987807476287
FLAT,collection,single,100000,512,16,6,251142571,2092469987807476287
FLAT,collection,batch,100000,512,16,0,39055217,2092469987807476287
FLAT,collection,batch,100000,512,16,1,50624038,2092469987807476287
FLAT,collection,batch,100000,512,16,2,55446289,2092469987807476287
FLAT,collection,batch,100000,512,16,3,57428324,2092469987807476287
FLAT,collection,batch,100000,512,16,4,48474361,2092469987807476287
FLAT,collection,batch,100000,512,16,5,48149422,2092469987807476287
FLAT,collection,batch,100000,512,16,6,46698428,2092469987807476287
FLAT,collection,single,100000,512,32,0,517500030,-3031150442577658303
FLAT,collection,single,100000,512,32,1,498238947,-3031150442577658303
FLAT,collection,single,100000,512,32,2,501633659,-3031150442577658303
FLAT,collection,single,100000,512,32,3,512862808,-3031150442577658303
FLAT,collection,single,100000,512,32,4,507509977,-3031150442577658303
FLAT,collection,single,100000,512,32,5,508074285,-3031150442577658303
FLAT,collection,single,100000,512,32,6,522869203,-3031150442577658303
FLAT,collection,batch,100000,512,32,0,74612298,-3031150442577658303
FLAT,collection,batch,100000,512,32,1,74742233,-3031150442577658303
FLAT,collection,batch,100000,512,32,2,89148606,-3031150442577658303
FLAT,collection,batch,100000,512,32,3,74658988,-3031150442577658303
FLAT,collection,batch,100000,512,32,4,74377264,-3031150442577658303
FLAT,collection,batch,100000,512,32,5,74409523,-3031150442577658303
FLAT,collection,batch,100000,512,32,6,75414856,-3031150442577658303
FLAT,collection,single,100000,512,64,0,1076617062,4379747614244198658
FLAT,collection,single,100000,512,64,1,1076337220,4379747614244198658
FLAT,collection,single,100000,512,64,2,1056188751,4379747614244198658
FLAT,collection,single,100000,512,64,3,1051814885,4379747614244198658
FLAT,collection,single,100000,512,64,4,1156390468,4379747614244198658
FLAT,collection,single,100000,512,64,5,1028815621,4379747614244198658
FLAT,collection,single,100000,512,64,6,1038525000,4379747614244198658
FLAT,collection,batch,100000,512,64,0,151767633,4379747614244198658
FLAT,collection,batch,100000,512,64,1,170023511,4379747614244198658
FLAT,collection,batch,100000,512,64,2,153858201,4379747614244198658
FLAT,collection,batch,100000,512,64,3,170876396,4379747614244198658
FLAT,collection,batch,100000,512,64,4,157890913,4379747614244198658
FLAT,collection,batch,100000,512,64,5,172718038,4379747614244198658
FLAT,collection,batch,100000,512,64,6,191188279,4379747614244198658
