WARNING: Using incubator modules: jdk.incubator.vector
Oct 04, 2026 2:36:42 AM com.integrallis.vectors.core.PanamaVectorUtilSupportProvider create
INFO: vectors-core: Using Panama Vector API SIMD provider (vector bits: 256)
Oct 04, 2026 2:36:42 AM com.integrallis.vectors.core.VectorizationProvider logActiveToggles
INFO: vectors-core: provider=PanamaVectorUtilSupport panama=true maxBits=256 preferredBits=256 fastVectorFMA=true fastScalarFMA=true sve=false ggufParallel=true ggufParallelThreshold=1048576 ggufExecutor=persistent ggufThreads=8 ggufChunksPerThread=2 mappedKQuantLongOffsets=auto(q4=true,q5=false,q6=false) q4ShortPairwiseSupported=true q4UnsignedPairwiseSupported=true toggles=[(defaults — no -Dvectors.* overrides)]
FLAT,glove,single,100000,100,1,0,4524834,7167697522366443656
FLAT,glove,single,100000,100,1,1,4725807,7167697522366443656
FLAT,glove,single,100000,100,1,2,4664134,7167697522366443656
FLAT,glove,single,100000,100,1,3,6027889,7167697522366443656
FLAT,glove,single,100000,100,1,4,4628841,7167697522366443656
FLAT,glove,single,100000,100,1,5,4740559,7167697522366443656
FLAT,glove,single,100000,100,1,6,4523452,7167697522366443656
FLAT,glove,batch,100000,100,1,0,7092040,7167697522366443656
FLAT,glove,batch,100000,100,1,1,4528991,7167697522366443656
FLAT,glove,batch,100000,100,1,2,4484112,7167697522366443656
FLAT,glove,batch,100000,100,1,3,4495541,7167697522366443656
FLAT,glove,batch,100000,100,1,4,4538926,7167697522366443656
FLAT,glove,batch,100000,100,1,5,4515701,7167697522366443656
FLAT,glove,batch,100000,100,1,6,4356240,7167697522366443656
FLAT,glove,single,100000,100,4,0,17443720,-5393426958338102730
FLAT,glove,single,100000,100,4,1,17401917,-5393426958338102730
FLAT,glove,single,100000,100,4,2,17654348,-5393426958338102730
FLAT,glove,single,100000,100,4,3,17668948,-5393426958338102730
FLAT,glove,single,100000,100,4,4,17653255,-5393426958338102730
FLAT,glove,single,100000,100,4,5,20362976,-5393426958338102730
FLAT,glove,single,100000,100,4,6,18651209,-5393426958338102730
FLAT,glove,batch,100000,100,4,0,6582954,-5393426958338102730
FLAT,glove,batch,100000,100,4,1,6558887,-5393426958338102730
FLAT,glove,batch,100000,100,4,2,6685218,-5393426958338102730
FLAT,glove,batch,100000,100,4,3,7338581,-5393426958338102730
FLAT,glove,batch,100000,100,4,4,6713670,-5393426958338102730
FLAT,glove,batch,100000,100,4,5,9083831,-5393426958338102730
FLAT,glove,batch,100000,100,4,6,7070247,-5393426958338102730
FLAT,glove,single,100000,100,16,0,73530185,-4616742646284636308
FLAT,glove,single,100000,100,16,1,72091208,-4616742646284636308
FLAT,glove,single,100000,100,16,2,70954296,-4616742646284636308
FLAT,glove,single,100000,100,16,3,69229418,-4616742646284636308
FLAT,glove,single,100000,100,16,4,74576501,-4616742646284636308
FLAT,glove,single,100000,100,16,5,89501036,-4616742646284636308
FLAT,glove,single,100000,100,16,6,69752225,-4616742646284636308
FLAT,glove,batch,100000,100,16,0,16318995,-4616742646284636308
FLAT,glove,batch,100000,100,16,1,13872552,-4616742646284636308
FLAT,glove,batch,100000,100,16,2,26845609,-4616742646284636308
FLAT,glove,batch,100000,100,16,3,19816793,-4616742646284636308
FLAT,glove,batch,100000,100,16,4,14093535,-4616742646284636308
FLAT,glove,batch,100000,100,16,5,13717959,-4616742646284636308
FLAT,glove,batch,100000,100,16,6,13572900,-4616742646284636308
FLAT,glove,single,100000,100,32,0,138245215,1177092119961519121
FLAT,glove,single,100000,100,32,1,134929110,1177092119961519121
FLAT,glove,single,100000,100,32,2,138187007,1177092119961519121
FLAT,glove,single,100000,100,32,3,111847759,1177092119961519121
FLAT,glove,single,100000,100,32,4,89888380,1177092119961519121
FLAT,glove,single,100000,100,32,5,120395251,1177092119961519121
FLAT,glove,single,100000,100,32,6,102554826,1177092119961519121
FLAT,glove,batch,100000,100,32,0,22915200,1177092119961519121
FLAT,glove,batch,100000,100,32,1,21102410,1177092119961519121
FLAT,glove,batch,100000,100,32,2,17669320,1177092119961519121
FLAT,glove,batch,100000,100,32,3,18457606,1177092119961519121
FLAT,glove,batch,100000,100,32,4,17238300,1177092119961519121
FLAT,glove,batch,100000,100,32,5,17275005,1177092119961519121
FLAT,glove,batch,100000,100,32,6,17265441,1177092119961519121
FLAT,glove,single,100000,100,64,0,192951981,7293109510488223649
FLAT,glove,single,100000,100,64,1,178948953,7293109510488223649
FLAT,glove,single,100000,100,64,2,180140747,7293109510488223649
FLAT,glove,single,100000,100,64,3,181134594,7293109510488223649
FLAT,glove,single,100000,100,64,4,179581364,7293109510488223649
FLAT,glove,single,100000,100,64,5,181830280,7293109510488223649
FLAT,glove,single,100000,100,64,6,180222270,7293109510488223649
FLAT,glove,batch,100000,100,64,0,37019439,7293109510488223649
FLAT,glove,batch,100000,100,64,1,39421578,7293109510488223649
FLAT,glove,batch,100000,100,64,2,33964729,7293109510488223649
FLAT,glove,batch,100000,100,64,3,36325546,7293109510488223649
FLAT,glove,batch,100000,100,64,4,37733015,7293109510488223649
FLAT,glove,batch,100000,100,64,5,36525036,7293109510488223649
FLAT,glove,batch,100000,100,64,6,66709643,7293109510488223649
