WARNING: Using incubator modules: jdk.incubator.vector
Oct 04, 2026 2:43:35 AM com.integrallis.vectors.core.PanamaVectorUtilSupportProvider create
INFO: vectors-core: Using Panama Vector API SIMD provider (vector bits: 256)
Oct 04, 2026 2:43:35 AM com.integrallis.vectors.core.VectorizationProvider logActiveToggles
INFO: vectors-core: provider=PanamaVectorUtilSupport panama=true maxBits=256 preferredBits=256 fastVectorFMA=true fastScalarFMA=true sve=false ggufParallel=true ggufParallelThreshold=1048576 ggufExecutor=persistent ggufThreads=8 ggufChunksPerThread=2 mappedKQuantLongOffsets=auto(q4=true,q5=false,q6=false) q4ShortPairwiseSupported=true q4UnsignedPairwiseSupported=true toggles=[(defaults — no -Dvectors.* overrides)]
FLAT,fashion-control,single,60000,784,1,0,15693378,2916591807911878032
FLAT,fashion-control,single,60000,784,1,1,15963324,2916591807911878032
FLAT,fashion-control,single,60000,784,1,2,15849975,2916591807911878032
FLAT,fashion-control,single,60000,784,1,3,16403478,2916591807911878032
FLAT,fashion-control,single,60000,784,1,4,15954041,2916591807911878032
FLAT,fashion-control,single,60000,784,1,5,16057536,2916591807911878032
FLAT,fashion-control,single,60000,784,1,6,16019890,2916591807911878032
FLAT,fashion-control,batch,60000,784,1,0,17205284,2916591807911878032
FLAT,fashion-control,batch,60000,784,1,1,15809614,2916591807911878032
FLAT,fashion-control,batch,60000,784,1,2,15842013,2916591807911878032
FLAT,fashion-control,batch,60000,784,1,3,15555251,2916591807911878032
FLAT,fashion-control,batch,60000,784,1,4,15919760,2916591807911878032
FLAT,fashion-control,batch,60000,784,1,5,16019339,2916591807911878032
FLAT,fashion-control,batch,60000,784,1,6,16267083,2916591807911878032
FLAT,fashion-control,single,60000,784,4,0,60403014,3519200865979862387
FLAT,fashion-control,single,60000,784,4,1,62079119,3519200865979862387
FLAT,fashion-control,single,60000,784,4,2,63979560,3519200865979862387
FLAT,fashion-control,single,60000,784,4,3,63111072,3519200865979862387
FLAT,fashion-control,single,60000,784,4,4,62535325,3519200865979862387
FLAT,fashion-control,single,60000,784,4,5,61215958,3519200865979862387
FLAT,fashion-control,single,60000,784,4,6,62878382,3519200865979862387
FLAT,fashion-control,batch,60000,784,4,0,15317703,3519200865979862387
FLAT,fashion-control,batch,60000,784,4,1,15865828,3519200865979862387
FLAT,fashion-control,batch,60000,784,4,2,14664159,3519200865979862387
FLAT,fashion-control,batch,60000,784,4,3,15152825,3519200865979862387
FLAT,fashion-control,batch,60000,784,4,4,15764445,3519200865979862387
FLAT,fashion-control,batch,60000,784,4,5,15973931,3519200865979862387
FLAT,fashion-control,batch,60000,784,4,6,16828828,3519200865979862387
FLAT,fashion-control,single,60000,784,16,0,241649195,-5621565102746882368
FLAT,fashion-control,single,60000,784,16,1,240640977,-5621565102746882368
FLAT,fashion-control,single,60000,784,16,2,248100567,-5621565102746882368
FLAT,fashion-control,single,60000,784,16,3,249014193,-5621565102746882368
FLAT,fashion-control,single,60000,784,16,4,246480719,-5621565102746882368
FLAT,fashion-control,single,60000,784,16,5,248376524,-5621565102746882368
FLAT,fashion-control,single,60000,784,16,6,242390651,-5621565102746882368
FLAT,fashion-control,batch,60000,784,16,0,44689176,-5621565102746882368
FLAT,fashion-control,batch,60000,784,16,1,47675731,-5621565102746882368
FLAT,fashion-control,batch,60000,784,16,2,48907267,-5621565102746882368
FLAT,fashion-control,batch,60000,784,16,3,53279038,-5621565102746882368
FLAT,fashion-control,batch,60000,784,16,4,46440462,-5621565102746882368
FLAT,fashion-control,batch,60000,784,16,5,48128805,-5621565102746882368
FLAT,fashion-control,batch,60000,784,16,6,45819939,-5621565102746882368
FLAT,fashion-control,single,60000,784,32,0,484949113,-3449808930485460012
FLAT,fashion-control,single,60000,784,32,1,473643121,-3449808930485460012
FLAT,fashion-control,single,60000,784,32,2,475990464,-3449808930485460012
FLAT,fashion-control,single,60000,784,32,3,464589539,-3449808930485460012
FLAT,fashion-control,single,60000,784,32,4,465572979,-3449808930485460012
FLAT,fashion-control,single,60000,784,32,5,468633418,-3449808930485460012
FLAT,fashion-control,single,60000,784,32,6,459750211,-3449808930485460012
FLAT,fashion-control,batch,60000,784,32,0,89323258,-3449808930485460012
FLAT,fashion-control,batch,60000,784,32,1,86910805,-3449808930485460012
FLAT,fashion-control,batch,60000,784,32,2,89015514,-3449808930485460012
FLAT,fashion-control,batch,60000,784,32,3,88771336,-3449808930485460012
FLAT,fashion-control,batch,60000,784,32,4,93864644,-3449808930485460012
FLAT,fashion-control,batch,60000,784,32,5,90935295,-3449808930485460012
FLAT,fashion-control,batch,60000,784,32,6,92716947,-3449808930485460012
FLAT,fashion-control,single,60000,784,64,0,971145066,-2611455073570894421
FLAT,fashion-control,single,60000,784,64,1,996986644,-2611455073570894421
FLAT,fashion-control,single,60000,784,64,2,992310543,-2611455073570894421
FLAT,fashion-control,single,60000,784,64,3,975096534,-2611455073570894421
FLAT,fashion-control,single,60000,784,64,4,995575186,-2611455073570894421
FLAT,fashion-control,single,60000,784,64,5,973856676,-2611455073570894421
FLAT,fashion-control,single,60000,784,64,6,944793798,-2611455073570894421
FLAT,fashion-control,batch,60000,784,64,0,182105711,-2611455073570894421
FLAT,fashion-control,batch,60000,784,64,1,184271512,-2611455073570894421
FLAT,fashion-control,batch,60000,784,64,2,179135950,-2611455073570894421
FLAT,fashion-control,batch,60000,784,64,3,187256396,-2611455073570894421
FLAT,fashion-control,batch,60000,784,64,4,176051316,-2611455073570894421
FLAT,fashion-control,batch,60000,784,64,5,182609840,-2611455073570894421
FLAT,fashion-control,batch,60000,784,64,6,182759737,-2611455073570894421
