WARNING: Using incubator modules: jdk.incubator.vector
Oct 04, 2026 2:42:06 AM com.integrallis.vectors.core.PanamaVectorUtilSupportProvider create
INFO: vectors-core: Using Panama Vector API SIMD provider (vector bits: 256)
Oct 04, 2026 2:42:06 AM com.integrallis.vectors.core.VectorizationProvider logActiveToggles
INFO: vectors-core: provider=PanamaVectorUtilSupport panama=true maxBits=256 preferredBits=256 fastVectorFMA=true fastScalarFMA=true sve=false ggufParallel=true ggufParallelThreshold=1048576 ggufExecutor=persistent ggufThreads=8 ggufChunksPerThread=2 mappedKQuantLongOffsets=auto(q4=true,q5=false,q6=false) q4ShortPairwiseSupported=true q4UnsignedPairwiseSupported=true toggles=[(defaults — no -Dvectors.* overrides)]
FLAT,glove,single,100000,100,1,0,2906556,7167697522366443656
FLAT,glove,single,100000,100,1,1,2991804,7167697522366443656
FLAT,glove,single,100000,100,1,2,2977955,7167697522366443656
FLAT,glove,single,100000,100,1,3,3881174,7167697522366443656
FLAT,glove,single,100000,100,1,4,2918985,7167697522366443656
FLAT,glove,single,100000,100,1,5,3020358,7167697522366443656
FLAT,glove,single,100000,100,1,6,2889100,7167697522366443656
FLAT,glove,batch,100000,100,1,0,4255527,7167697522366443656
FLAT,glove,batch,100000,100,1,1,2865855,7167697522366443656
FLAT,glove,batch,100000,100,1,2,2805544,7167697522366443656
FLAT,glove,batch,100000,100,1,3,2879876,7167697522366443656
FLAT,glove,batch,100000,100,1,4,2823740,7167697522366443656
FLAT,glove,batch,100000,100,1,5,2772053,7167697522366443656
FLAT,glove,batch,100000,100,1,6,2841678,7167697522366443656
FLAT,glove,single,100000,100,4,0,11775290,-5393426958338102730
FLAT,glove,single,100000,100,4,1,11671714,-5393426958338102730
FLAT,glove,single,100000,100,4,2,11579264,-5393426958338102730
FLAT,glove,single,100000,100,4,3,11854409,-5393426958338102730
FLAT,glove,single,100000,100,4,4,11913689,-5393426958338102730
FLAT,glove,single,100000,100,4,5,13590764,-5393426958338102730
FLAT,glove,single,100000,100,4,6,12460602,-5393426958338102730
FLAT,glove,batch,100000,100,4,0,3060068,-5393426958338102730
FLAT,glove,batch,100000,100,4,1,4198692,-5393426958338102730
FLAT,glove,batch,100000,100,4,2,3103012,-5393426958338102730
FLAT,glove,batch,100000,100,4,3,3098185,-5393426958338102730
FLAT,glove,batch,100000,100,4,4,3334200,-5393426958338102730
FLAT,glove,batch,100000,100,4,5,3079266,-5393426958338102730
FLAT,glove,batch,100000,100,4,6,3799972,-5393426958338102730
FLAT,glove,single,100000,100,16,0,46025430,-4616742646284636308
FLAT,glove,single,100000,100,16,1,47212076,-4616742646284636308
FLAT,glove,single,100000,100,16,2,46061936,-4616742646284636308
FLAT,glove,single,100000,100,16,3,45570825,-4616742646284636308
FLAT,glove,single,100000,100,16,4,45382982,-4616742646284636308
FLAT,glove,single,100000,100,16,5,45326356,-4616742646284636308
FLAT,glove,single,100000,100,16,6,46077048,-4616742646284636308
FLAT,glove,batch,100000,100,16,0,11891164,-4616742646284636308
FLAT,glove,batch,100000,100,16,1,10592349,-4616742646284636308
FLAT,glove,batch,100000,100,16,2,18812446,-4616742646284636308
FLAT,glove,batch,100000,100,16,3,14098578,-4616742646284636308
FLAT,glove,batch,100000,100,16,4,11616361,-4616742646284636308
FLAT,glove,batch,100000,100,16,5,8897597,-4616742646284636308
FLAT,glove,batch,100000,100,16,6,10059115,-4616742646284636308
FLAT,glove,single,100000,100,32,0,91802646,1177092119961519121
FLAT,glove,single,100000,100,32,1,89545137,1177092119961519121
FLAT,glove,single,100000,100,32,2,90053423,1177092119961519121
FLAT,glove,single,100000,100,32,3,89194008,1177092119961519121
FLAT,glove,single,100000,100,32,4,89501140,1177092119961519121
FLAT,glove,single,100000,100,32,5,89071044,1177092119961519121
FLAT,glove,single,100000,100,32,6,88438250,1177092119961519121
FLAT,glove,batch,100000,100,32,0,18437601,1177092119961519121
FLAT,glove,batch,100000,100,32,1,18336729,1177092119961519121
FLAT,glove,batch,100000,100,32,2,19873032,1177092119961519121
FLAT,glove,batch,100000,100,32,3,17266288,1177092119961519121
FLAT,glove,batch,100000,100,32,4,18716431,1177092119961519121
FLAT,glove,batch,100000,100,32,5,17262612,1177092119961519121
FLAT,glove,batch,100000,100,32,6,17519529,1177092119961519121
FLAT,glove,single,100000,100,64,0,182526187,7293109510488223649
FLAT,glove,single,100000,100,64,1,183990871,7293109510488223649
FLAT,glove,single,100000,100,64,2,188533723,7293109510488223649
FLAT,glove,single,100000,100,64,3,181989188,7293109510488223649
FLAT,glove,single,100000,100,64,4,183137026,7293109510488223649
FLAT,glove,single,100000,100,64,5,183312911,7293109510488223649
FLAT,glove,single,100000,100,64,6,185105339,7293109510488223649
FLAT,glove,batch,100000,100,64,0,33614072,7293109510488223649
FLAT,glove,batch,100000,100,64,1,33586351,7293109510488223649
FLAT,glove,batch,100000,100,64,2,35669848,7293109510488223649
FLAT,glove,batch,100000,100,64,3,33685950,7293109510488223649
FLAT,glove,batch,100000,100,64,4,37307093,7293109510488223649
FLAT,glove,batch,100000,100,64,5,33435353,7293109510488223649
FLAT,glove,batch,100000,100,64,6,66371735,7293109510488223649
