WARNING: Using incubator modules: jdk.incubator.vector
Oct 04, 2026 2:36:59 AM com.integrallis.vectors.core.PanamaVectorUtilSupportProvider create
INFO: vectors-core: Using Panama Vector API SIMD provider (vector bits: 256)
Oct 04, 2026 2:36:59 AM com.integrallis.vectors.core.VectorizationProvider logActiveToggles
INFO: vectors-core: provider=PanamaVectorUtilSupport panama=true maxBits=256 preferredBits=256 fastVectorFMA=true fastScalarFMA=true sve=false ggufParallel=true ggufParallelThreshold=1048576 ggufExecutor=persistent ggufThreads=8 ggufChunksPerThread=2 mappedKQuantLongOffsets=auto(q4=true,q5=false,q6=false) q4ShortPairwiseSupported=true q4UnsignedPairwiseSupported=true toggles=[(defaults — no -Dvectors.* overrides)]
FLAT,collection,single,100000,512,1,0,15520624,-2561075354683905283
FLAT,collection,single,100000,512,1,1,16356973,-2561075354683905283
FLAT,collection,single,100000,512,1,2,16837867,-2561075354683905283
FLAT,collection,single,100000,512,1,3,16971688,-2561075354683905283
FLAT,collection,single,100000,512,1,4,16098854,-2561075354683905283
FLAT,collection,single,100000,512,1,5,16777195,-2561075354683905283
FLAT,collection,single,100000,512,1,6,16653620,-2561075354683905283
FLAT,collection,batch,100000,512,1,0,18993132,-2561075354683905283
FLAT,collection,batch,100000,512,1,1,16654961,-2561075354683905283
FLAT,collection,batch,100000,512,1,2,16424255,-2561075354683905283
FLAT,collection,batch,100000,512,1,3,16607741,-2561075354683905283
FLAT,collection,batch,100000,512,1,4,17214134,-2561075354683905283
FLAT,collection,batch,100000,512,1,5,17267115,-2561075354683905283
FLAT,collection,batch,100000,512,1,6,16103802,-2561075354683905283
FLAT,collection,single,100000,512,4,0,64464422,-8103726781922252096
FLAT,collection,single,100000,512,4,1,63588963,-8103726781922252096
FLAT,collection,single,100000,512,4,2,64214294,-8103726781922252096
FLAT,collection,single,100000,512,4,3,63464475,-8103726781922252096
FLAT,collection,single,100000,512,4,4,65750808,-8103726781922252096
FLAT,collection,single,100000,512,4,5,65147339,-8103726781922252096
FLAT,collection,single,100000,512,4,6,66907430,-8103726781922252096
FLAT,collection,batch,100000,512,4,0,15512782,-8103726781922252096
FLAT,collection,batch,100000,512,4,1,16172255,-8103726781922252096
FLAT,collection,batch,100000,512,4,2,16292956,-8103726781922252096
FLAT,collection,batch,100000,512,4,3,15558340,-8103726781922252096
FLAT,collection,batch,100000,512,4,4,15530268,-8103726781922252096
FLAT,collection,batch,100000,512,4,5,16306838,-8103726781922252096
FLAT,collection,batch,100000,512,4,6,18546910,-8103726781922252096
FLAT,collection,single,100000,512,16,0,260450237,2092469987807476287
FLAT,collection,single,100000,512,16,1,255978162,2092469987807476287
FLAT,collection,single,100000,512,16,2,257209776,2092469987807476287
FLAT,collection,single,100000,512,16,3,255133640,2092469987807476287
FLAT,collection,single,100000,512,16,4,261022288,2092469987807476287
FLAT,collection,single,100000,512,16,5,346893797,2092469987807476287
FLAT,collection,single,100000,512,16,6,252035875,2092469987807476287
FLAT,collection,batch,100000,512,16,0,52001012,2092469987807476287
FLAT,collection,batch,100000,512,16,1,38160828,2092469987807476287
FLAT,collection,batch,100000,512,16,2,50823048,2092469987807476287
FLAT,collection,batch,100000,512,16,3,47629819,2092469987807476287
FLAT,collection,batch,100000,512,16,4,57237256,2092469987807476287
FLAT,collection,batch,100000,512,16,5,44932877,2092469987807476287
FLAT,collection,batch,100000,512,16,6,44984325,2092469987807476287
FLAT,collection,single,100000,512,32,0,526821115,-3031150442577658303
FLAT,collection,single,100000,512,32,1,550046561,-3031150442577658303
FLAT,collection,single,100000,512,32,2,535940057,-3031150442577658303
FLAT,collection,single,100000,512,32,3,524991799,-3031150442577658303
FLAT,collection,single,100000,512,32,4,526394222,-3031150442577658303
FLAT,collection,single,100000,512,32,5,509585768,-3031150442577658303
FLAT,collection,single,100000,512,32,6,517663954,-3031150442577658303
FLAT,collection,batch,100000,512,32,0,78384653,-3031150442577658303
FLAT,collection,batch,100000,512,32,1,77833814,-3031150442577658303
FLAT,collection,batch,100000,512,32,2,78811846,-3031150442577658303
FLAT,collection,batch,100000,512,32,3,79758633,-3031150442577658303
FLAT,collection,batch,100000,512,32,4,78079853,-3031150442577658303
FLAT,collection,batch,100000,512,32,5,77253589,-3031150442577658303
FLAT,collection,batch,100000,512,32,6,93036207,-3031150442577658303
FLAT,collection,single,100000,512,64,0,1027829280,4379747614244198658
FLAT,collection,single,100000,512,64,1,1009194356,4379747614244198658
FLAT,collection,single,100000,512,64,2,1000251739,4379747614244198658
FLAT,collection,single,100000,512,64,3,1006453767,4379747614244198658
FLAT,collection,single,100000,512,64,4,1006157601,4379747614244198658
FLAT,collection,single,100000,512,64,5,990081709,4379747614244198658
FLAT,collection,single,100000,512,64,6,982808746,4379747614244198658
FLAT,collection,batch,100000,512,64,0,152861339,4379747614244198658
FLAT,collection,batch,100000,512,64,1,149706567,4379747614244198658
FLAT,collection,batch,100000,512,64,2,148753542,4379747614244198658
FLAT,collection,batch,100000,512,64,3,167521304,4379747614244198658
FLAT,collection,batch,100000,512,64,4,171271291,4379747614244198658
FLAT,collection,batch,100000,512,64,5,148890428,4379747614244198658
FLAT,collection,batch,100000,512,64,6,180853611,4379747614244198658
