WARNING: Using incubator modules: jdk.incubator.vector
Oct 04, 2026 2:41:30 AM com.integrallis.vectors.core.PanamaVectorUtilSupportProvider create
INFO: vectors-core: Using Panama Vector API SIMD provider (vector bits: 256)
Oct 04, 2026 2:41:30 AM com.integrallis.vectors.core.VectorizationProvider logActiveToggles
INFO: vectors-core: provider=PanamaVectorUtilSupport panama=true maxBits=256 preferredBits=256 fastVectorFMA=true fastScalarFMA=true sve=false ggufParallel=true ggufParallelThreshold=1048576 ggufExecutor=persistent ggufThreads=8 ggufChunksPerThread=2 mappedKQuantLongOffsets=auto(q4=true,q5=false,q6=false) q4ShortPairwiseSupported=true q4UnsignedPairwiseSupported=true toggles=[(defaults — no -Dvectors.* overrides)]
FLAT,fashion-control,single,60000,784,1,0,15586368,2916591807911878032
FLAT,fashion-control,single,60000,784,1,1,15809105,2916591807911878032
FLAT,fashion-control,single,60000,784,1,2,15933191,2916591807911878032
FLAT,fashion-control,single,60000,784,1,3,16606904,2916591807911878032
FLAT,fashion-control,single,60000,784,1,4,15780130,2916591807911878032
FLAT,fashion-control,single,60000,784,1,5,16003678,2916591807911878032
FLAT,fashion-control,single,60000,784,1,6,16007612,2916591807911878032
FLAT,fashion-control,batch,60000,784,1,0,17473179,2916591807911878032
FLAT,fashion-control,batch,60000,784,1,1,15750065,2916591807911878032
FLAT,fashion-control,batch,60000,784,1,2,15494130,2916591807911878032
FLAT,fashion-control,batch,60000,784,1,3,15522933,2916591807911878032
FLAT,fashion-control,batch,60000,784,1,4,15541621,2916591807911878032
FLAT,fashion-control,batch,60000,784,1,5,15274959,2916591807911878032
FLAT,fashion-control,batch,60000,784,1,6,15149441,2916591807911878032
FLAT,fashion-control,single,60000,784,4,0,62712056,3519200865979862387
FLAT,fashion-control,single,60000,784,4,1,63051458,3519200865979862387
FLAT,fashion-control,single,60000,784,4,2,63011047,3519200865979862387
FLAT,fashion-control,single,60000,784,4,3,62732557,3519200865979862387
FLAT,fashion-control,single,60000,784,4,4,62485225,3519200865979862387
FLAT,fashion-control,single,60000,784,4,5,61564098,3519200865979862387
FLAT,fashion-control,single,60000,784,4,6,62689412,3519200865979862387
FLAT,fashion-control,batch,60000,784,4,0,15290134,3519200865979862387
FLAT,fashion-control,batch,60000,784,4,1,15502832,3519200865979862387
FLAT,fashion-control,batch,60000,784,4,2,15497115,3519200865979862387
FLAT,fashion-control,batch,60000,784,4,3,15497905,3519200865979862387
FLAT,fashion-control,batch,60000,784,4,4,15242621,3519200865979862387
FLAT,fashion-control,batch,60000,784,4,5,16062765,3519200865979862387
FLAT,fashion-control,batch,60000,784,4,6,16944513,3519200865979862387
FLAT,fashion-control,single,60000,784,16,0,242748378,-5621565102746882368
FLAT,fashion-control,single,60000,784,16,1,247957401,-5621565102746882368
FLAT,fashion-control,single,60000,784,16,2,240329946,-5621565102746882368
FLAT,fashion-control,single,60000,784,16,3,242446173,-5621565102746882368
FLAT,fashion-control,single,60000,784,16,4,244491824,-5621565102746882368
FLAT,fashion-control,single,60000,784,16,5,262635773,-5621565102746882368
FLAT,fashion-control,single,60000,784,16,6,247818833,-5621565102746882368
FLAT,fashion-control,batch,60000,784,16,0,43787472,-5621565102746882368
FLAT,fashion-control,batch,60000,784,16,1,45702053,-5621565102746882368
FLAT,fashion-control,batch,60000,784,16,2,51271801,-5621565102746882368
FLAT,fashion-control,batch,60000,784,16,3,46833548,-5621565102746882368
FLAT,fashion-control,batch,60000,784,16,4,51177498,-5621565102746882368
FLAT,fashion-control,batch,60000,784,16,5,52266728,-5621565102746882368
FLAT,fashion-control,batch,60000,784,16,6,42630278,-5621565102746882368
FLAT,fashion-control,single,60000,784,32,0,483424985,-3449808930485460012
FLAT,fashion-control,single,60000,784,32,1,489683628,-3449808930485460012
FLAT,fashion-control,single,60000,784,32,2,489629056,-3449808930485460012
FLAT,fashion-control,single,60000,784,32,3,497355109,-3449808930485460012
FLAT,fashion-control,single,60000,784,32,4,498116986,-3449808930485460012
FLAT,fashion-control,single,60000,784,32,5,492845779,-3449808930485460012
FLAT,fashion-control,single,60000,784,32,6,488838916,-3449808930485460012
FLAT,fashion-control,batch,60000,784,32,0,86868088,-3449808930485460012
FLAT,fashion-control,batch,60000,784,32,1,91788906,-3449808930485460012
FLAT,fashion-control,batch,60000,784,32,2,93106971,-3449808930485460012
FLAT,fashion-control,batch,60000,784,32,3,89432449,-3449808930485460012
FLAT,fashion-control,batch,60000,784,32,4,88357580,-3449808930485460012
FLAT,fashion-control,batch,60000,784,32,5,87932209,-3449808930485460012
FLAT,fashion-control,batch,60000,784,32,6,88544151,-3449808930485460012
FLAT,fashion-control,single,60000,784,64,0,991912426,-2611455073570894421
FLAT,fashion-control,single,60000,784,64,1,990050463,-2611455073570894421
FLAT,fashion-control,single,60000,784,64,2,1011190452,-2611455073570894421
FLAT,fashion-control,single,60000,784,64,3,989530999,-2611455073570894421
FLAT,fashion-control,single,60000,784,64,4,1005112900,-2611455073570894421
FLAT,fashion-control,single,60000,784,64,5,1026384207,-2611455073570894421
FLAT,fashion-control,single,60000,784,64,6,1009660315,-2611455073570894421
FLAT,fashion-control,batch,60000,784,64,0,171806047,-2611455073570894421
FLAT,fashion-control,batch,60000,784,64,1,189216041,-2611455073570894421
FLAT,fashion-control,batch,60000,784,64,2,172885291,-2611455073570894421
FLAT,fashion-control,batch,60000,784,64,3,188748066,-2611455073570894421
FLAT,fashion-control,batch,60000,784,64,4,172645110,-2611455073570894421
FLAT,fashion-control,batch,60000,784,64,5,174765142,-2611455073570894421
FLAT,fashion-control,batch,60000,784,64,6,171429018,-2611455073570894421
