WARNING: Using incubator modules: jdk.incubator.vector
Oct 04, 2026 2:38:11 AM com.integrallis.vectors.core.PanamaVectorUtilSupportProvider create
INFO: vectors-core: Using Panama Vector API SIMD provider (vector bits: 256)
Oct 04, 2026 2:38:11 AM com.integrallis.vectors.core.VectorizationProvider logActiveToggles
INFO: vectors-core: provider=PanamaVectorUtilSupport panama=true maxBits=256 preferredBits=256 fastVectorFMA=true fastScalarFMA=true sve=false ggufParallel=true ggufParallelThreshold=1048576 ggufExecutor=persistent ggufThreads=8 ggufChunksPerThread=2 mappedKQuantLongOffsets=auto(q4=true,q5=false,q6=false) q4ShortPairwiseSupported=true q4UnsignedPairwiseSupported=true toggles=[(defaults — no -Dvectors.* overrides)]
FLAT,fashion-control,single,60000,784,1,0,14520836,2916591807911878032
FLAT,fashion-control,single,60000,784,1,1,14830153,2916591807911878032
FLAT,fashion-control,single,60000,784,1,2,14485353,2916591807911878032
FLAT,fashion-control,single,60000,784,1,3,15281392,2916591807911878032
FLAT,fashion-control,single,60000,784,1,4,14695590,2916591807911878032
FLAT,fashion-control,single,60000,784,1,5,15184475,2916591807911878032
FLAT,fashion-control,single,60000,784,1,6,14963032,2916591807911878032
FLAT,fashion-control,batch,60000,784,1,0,17113721,2916591807911878032
FLAT,fashion-control,batch,60000,784,1,1,16412485,2916591807911878032
FLAT,fashion-control,batch,60000,784,1,2,16092713,2916591807911878032
FLAT,fashion-control,batch,60000,784,1,3,15098036,2916591807911878032
FLAT,fashion-control,batch,60000,784,1,4,14797653,2916591807911878032
FLAT,fashion-control,batch,60000,784,1,5,15034530,2916591807911878032
FLAT,fashion-control,batch,60000,784,1,6,15355973,2916591807911878032
FLAT,fashion-control,single,60000,784,4,0,58008453,3519200865979862387
FLAT,fashion-control,single,60000,784,4,1,59273969,3519200865979862387
FLAT,fashion-control,single,60000,784,4,2,59980053,3519200865979862387
FLAT,fashion-control,single,60000,784,4,3,60071700,3519200865979862387
FLAT,fashion-control,single,60000,784,4,4,60767208,3519200865979862387
FLAT,fashion-control,single,60000,784,4,5,61893294,3519200865979862387
FLAT,fashion-control,single,60000,784,4,6,62325866,3519200865979862387
FLAT,fashion-control,batch,60000,784,4,0,14894860,3519200865979862387
FLAT,fashion-control,batch,60000,784,4,1,14603050,3519200865979862387
FLAT,fashion-control,batch,60000,784,4,2,14832065,3519200865979862387
FLAT,fashion-control,batch,60000,784,4,3,14820858,3519200865979862387
FLAT,fashion-control,batch,60000,784,4,4,14562189,3519200865979862387
FLAT,fashion-control,batch,60000,784,4,5,14977123,3519200865979862387
FLAT,fashion-control,batch,60000,784,4,6,17752574,3519200865979862387
FLAT,fashion-control,single,60000,784,16,0,237096839,-5621565102746882368
FLAT,fashion-control,single,60000,784,16,1,233839674,-5621565102746882368
FLAT,fashion-control,single,60000,784,16,2,233549947,-5621565102746882368
FLAT,fashion-control,single,60000,784,16,3,228499833,-5621565102746882368
FLAT,fashion-control,single,60000,784,16,4,240300072,-5621565102746882368
FLAT,fashion-control,single,60000,784,16,5,230031800,-5621565102746882368
FLAT,fashion-control,single,60000,784,16,6,238326720,-5621565102746882368
FLAT,fashion-control,batch,60000,784,16,0,43804525,-5621565102746882368
FLAT,fashion-control,batch,60000,784,16,1,42810918,-5621565102746882368
FLAT,fashion-control,batch,60000,784,16,2,50390952,-5621565102746882368
FLAT,fashion-control,batch,60000,784,16,3,40991368,-5621565102746882368
FLAT,fashion-control,batch,60000,784,16,4,45379326,-5621565102746882368
FLAT,fashion-control,batch,60000,784,16,5,43272343,-5621565102746882368
FLAT,fashion-control,batch,60000,784,16,6,45761480,-5621565102746882368
FLAT,fashion-control,single,60000,784,32,0,460571802,-3449808930485460012
FLAT,fashion-control,single,60000,784,32,1,464984367,-3449808930485460012
FLAT,fashion-control,single,60000,784,32,2,460064847,-3449808930485460012
FLAT,fashion-control,single,60000,784,32,3,456076152,-3449808930485460012
FLAT,fashion-control,single,60000,784,32,4,467717631,-3449808930485460012
FLAT,fashion-control,single,60000,784,32,5,468838449,-3449808930485460012
FLAT,fashion-control,single,60000,784,32,6,469230369,-3449808930485460012
FLAT,fashion-control,batch,60000,784,32,0,84123158,-3449808930485460012
FLAT,fashion-control,batch,60000,784,32,1,86337723,-3449808930485460012
FLAT,fashion-control,batch,60000,784,32,2,85115723,-3449808930485460012
FLAT,fashion-control,batch,60000,784,32,3,85412150,-3449808930485460012
FLAT,fashion-control,batch,60000,784,32,4,86360287,-3449808930485460012
FLAT,fashion-control,batch,60000,784,32,5,87985254,-3449808930485460012
FLAT,fashion-control,batch,60000,784,32,6,84778354,-3449808930485460012
FLAT,fashion-control,single,60000,784,64,0,951140462,-2611455073570894421
FLAT,fashion-control,single,60000,784,64,1,931843182,-2611455073570894421
FLAT,fashion-control,single,60000,784,64,2,922149294,-2611455073570894421
FLAT,fashion-control,single,60000,784,64,3,918361030,-2611455073570894421
FLAT,fashion-control,single,60000,784,64,4,923268057,-2611455073570894421
FLAT,fashion-control,single,60000,784,64,5,931145067,-2611455073570894421
FLAT,fashion-control,single,60000,784,64,6,936302043,-2611455073570894421
FLAT,fashion-control,batch,60000,784,64,0,172649514,-2611455073570894421
FLAT,fashion-control,batch,60000,784,64,1,171850561,-2611455073570894421
FLAT,fashion-control,batch,60000,784,64,2,170888924,-2611455073570894421
FLAT,fashion-control,batch,60000,784,64,3,173932847,-2611455073570894421
FLAT,fashion-control,batch,60000,784,64,4,170902463,-2611455073570894421
FLAT,fashion-control,batch,60000,784,64,5,171859575,-2611455073570894421
FLAT,fashion-control,batch,60000,784,64,6,172423655,-2611455073570894421
