WARNING: Using incubator modules: jdk.incubator.vector
Oct 04, 2026 2:42:22 AM com.integrallis.vectors.core.PanamaVectorUtilSupportProvider create
INFO: vectors-core: Using Panama Vector API SIMD provider (vector bits: 256)
Oct 04, 2026 2:42:22 AM com.integrallis.vectors.core.VectorizationProvider logActiveToggles
INFO: vectors-core: provider=PanamaVectorUtilSupport panama=true maxBits=256 preferredBits=256 fastVectorFMA=true fastScalarFMA=true sve=false ggufParallel=true ggufParallelThreshold=1048576 ggufExecutor=persistent ggufThreads=8 ggufChunksPerThread=2 mappedKQuantLongOffsets=auto(q4=true,q5=false,q6=false) q4ShortPairwiseSupported=true q4UnsignedPairwiseSupported=true toggles=[(defaults — no -Dvectors.* overrides)]
FLAT,collection,single,100000,512,1,0,16825815,-2561075354683905283
FLAT,collection,single,100000,512,1,1,16998573,-2561075354683905283
FLAT,collection,single,100000,512,1,2,16320224,-2561075354683905283
FLAT,collection,single,100000,512,1,3,16946696,-2561075354683905283
FLAT,collection,single,100000,512,1,4,17023321,-2561075354683905283
FLAT,collection,single,100000,512,1,5,16854697,-2561075354683905283
FLAT,collection,single,100000,512,1,6,16835229,-2561075354683905283
FLAT,collection,batch,100000,512,1,0,18026912,-2561075354683905283
FLAT,collection,batch,100000,512,1,1,17457506,-2561075354683905283
FLAT,collection,batch,100000,512,1,2,16236747,-2561075354683905283
FLAT,collection,batch,100000,512,1,3,16158971,-2561075354683905283
FLAT,collection,batch,100000,512,1,4,15869835,-2561075354683905283
FLAT,collection,batch,100000,512,1,5,16251249,-2561075354683905283
FLAT,collection,batch,100000,512,1,6,17183272,-2561075354683905283
FLAT,collection,single,100000,512,4,0,65222063,-8103726781922252096
FLAT,collection,single,100000,512,4,1,66348289,-8103726781922252096
FLAT,collection,single,100000,512,4,2,69324981,-8103726781922252096
FLAT,collection,single,100000,512,4,3,67076085,-8103726781922252096
FLAT,collection,single,100000,512,4,4,65405971,-8103726781922252096
FLAT,collection,single,100000,512,4,5,66098343,-8103726781922252096
FLAT,collection,single,100000,512,4,6,67907356,-8103726781922252096
FLAT,collection,batch,100000,512,4,0,15360027,-8103726781922252096
FLAT,collection,batch,100000,512,4,1,15713820,-8103726781922252096
FLAT,collection,batch,100000,512,4,2,15613528,-8103726781922252096
FLAT,collection,batch,100000,512,4,3,15651937,-8103726781922252096
FLAT,collection,batch,100000,512,4,4,15866660,-8103726781922252096
FLAT,collection,batch,100000,512,4,5,16319081,-8103726781922252096
FLAT,collection,batch,100000,512,4,6,23687745,-8103726781922252096
FLAT,collection,single,100000,512,16,0,254285971,2092469987807476287
FLAT,collection,single,100000,512,16,1,258373606,2092469987807476287
FLAT,collection,single,100000,512,16,2,252821777,2092469987807476287
FLAT,collection,single,100000,512,16,3,254481336,2092469987807476287
FLAT,collection,single,100000,512,16,4,255141380,2092469987807476287
FLAT,collection,single,100000,512,16,5,253987742,2092469987807476287
FLAT,collection,single,100000,512,16,6,254436147,2092469987807476287
FLAT,collection,batch,100000,512,16,0,50543913,2092469987807476287
FLAT,collection,batch,100000,512,16,1,41293004,2092469987807476287
FLAT,collection,batch,100000,512,16,2,52785078,2092469987807476287
FLAT,collection,batch,100000,512,16,3,51443897,2092469987807476287
FLAT,collection,batch,100000,512,16,4,57811666,2092469987807476287
FLAT,collection,batch,100000,512,16,5,39547435,2092469987807476287
FLAT,collection,batch,100000,512,16,6,40568994,2092469987807476287
FLAT,collection,single,100000,512,32,0,512616081,-3031150442577658303
FLAT,collection,single,100000,512,32,1,521448629,-3031150442577658303
FLAT,collection,single,100000,512,32,2,514806488,-3031150442577658303
FLAT,collection,single,100000,512,32,3,507395180,-3031150442577658303
FLAT,collection,single,100000,512,32,4,607767065,-3031150442577658303
FLAT,collection,single,100000,512,32,5,505885295,-3031150442577658303
FLAT,collection,single,100000,512,32,6,517985844,-3031150442577658303
FLAT,collection,batch,100000,512,32,0,96371613,-3031150442577658303
FLAT,collection,batch,100000,512,32,1,80004571,-3031150442577658303
FLAT,collection,batch,100000,512,32,2,79852500,-3031150442577658303
FLAT,collection,batch,100000,512,32,3,81497398,-3031150442577658303
FLAT,collection,batch,100000,512,32,4,77638689,-3031150442577658303
FLAT,collection,batch,100000,512,32,5,79792691,-3031150442577658303
FLAT,collection,batch,100000,512,32,6,80635450,-3031150442577658303
FLAT,collection,single,100000,512,64,0,1014062163,4379747614244198658
FLAT,collection,single,100000,512,64,1,1018935370,4379747614244198658
FLAT,collection,single,100000,512,64,2,1027494086,4379747614244198658
FLAT,collection,single,100000,512,64,3,1036096208,4379747614244198658
FLAT,collection,single,100000,512,64,4,1035141208,4379747614244198658
FLAT,collection,single,100000,512,64,5,1021544476,4379747614244198658
FLAT,collection,single,100000,512,64,6,1037533840,4379747614244198658
FLAT,collection,batch,100000,512,64,0,186077047,4379747614244198658
FLAT,collection,batch,100000,512,64,1,182326471,4379747614244198658
FLAT,collection,batch,100000,512,64,2,166453021,4379747614244198658
FLAT,collection,batch,100000,512,64,3,171881464,4379747614244198658
FLAT,collection,batch,100000,512,64,4,158759407,4379747614244198658
FLAT,collection,batch,100000,512,64,5,159981176,4379747614244198658
FLAT,collection,batch,100000,512,64,6,197298444,4379747614244198658
