WARNING: Using incubator modules: jdk.incubator.vector
Oct 04, 2026 2:36:51 AM com.integrallis.vectors.core.PanamaVectorUtilSupportProvider create
INFO: vectors-core: Using Panama Vector API SIMD provider (vector bits: 256)
Oct 04, 2026 2:36:51 AM com.integrallis.vectors.core.VectorizationProvider logActiveToggles
INFO: vectors-core: provider=PanamaVectorUtilSupport panama=true maxBits=256 preferredBits=256 fastVectorFMA=true fastScalarFMA=true sve=false ggufParallel=true ggufParallelThreshold=1048576 ggufExecutor=persistent ggufThreads=8 ggufChunksPerThread=2 mappedKQuantLongOffsets=auto(q4=true,q5=false,q6=false) q4ShortPairwiseSupported=true q4UnsignedPairwiseSupported=true toggles=[(defaults — no -Dvectors.* overrides)]
FLAT,glove,single,100000,100,1,0,2861370,7167697522366443656
FLAT,glove,single,100000,100,1,1,3043784,7167697522366443656
FLAT,glove,single,100000,100,1,2,2906777,7167697522366443656
FLAT,glove,single,100000,100,1,3,3950780,7167697522366443656
FLAT,glove,single,100000,100,1,4,2843161,7167697522366443656
FLAT,glove,single,100000,100,1,5,2987849,7167697522366443656
FLAT,glove,single,100000,100,1,6,2871344,7167697522366443656
FLAT,glove,batch,100000,100,1,0,4383080,7167697522366443656
FLAT,glove,batch,100000,100,1,1,2812254,7167697522366443656
FLAT,glove,batch,100000,100,1,2,2818095,7167697522366443656
FLAT,glove,batch,100000,100,1,3,2810222,7167697522366443656
FLAT,glove,batch,100000,100,1,4,2773847,7167697522366443656
FLAT,glove,batch,100000,100,1,5,2929703,7167697522366443656
FLAT,glove,batch,100000,100,1,6,2881479,7167697522366443656
FLAT,glove,single,100000,100,4,0,11900752,-5393426958338102730
FLAT,glove,single,100000,100,4,1,11823677,-5393426958338102730
FLAT,glove,single,100000,100,4,2,11665087,-5393426958338102730
FLAT,glove,single,100000,100,4,3,11756515,-5393426958338102730
FLAT,glove,single,100000,100,4,4,11842134,-5393426958338102730
FLAT,glove,single,100000,100,4,5,13827494,-5393426958338102730
FLAT,glove,single,100000,100,4,6,12688128,-5393426958338102730
FLAT,glove,batch,100000,100,4,0,3619661,-5393426958338102730
FLAT,glove,batch,100000,100,4,1,3051586,-5393426958338102730
FLAT,glove,batch,100000,100,4,2,3032256,-5393426958338102730
FLAT,glove,batch,100000,100,4,3,3042883,-5393426958338102730
FLAT,glove,batch,100000,100,4,4,3642415,-5393426958338102730
FLAT,glove,batch,100000,100,4,5,4403842,-5393426958338102730
FLAT,glove,batch,100000,100,4,6,4340727,-5393426958338102730
FLAT,glove,single,100000,100,16,0,45154431,-4616742646284636308
FLAT,glove,single,100000,100,16,1,46496252,-4616742646284636308
FLAT,glove,single,100000,100,16,2,45084536,-4616742646284636308
FLAT,glove,single,100000,100,16,3,44949503,-4616742646284636308
FLAT,glove,single,100000,100,16,4,45148882,-4616742646284636308
FLAT,glove,single,100000,100,16,5,45015282,-4616742646284636308
FLAT,glove,single,100000,100,16,6,45548013,-4616742646284636308
FLAT,glove,batch,100000,100,16,0,11333827,-4616742646284636308
FLAT,glove,batch,100000,100,16,1,11751708,-4616742646284636308
FLAT,glove,batch,100000,100,16,2,16198294,-4616742646284636308
FLAT,glove,batch,100000,100,16,3,12796351,-4616742646284636308
FLAT,glove,batch,100000,100,16,4,10878803,-4616742646284636308
FLAT,glove,batch,100000,100,16,5,10621295,-4616742646284636308
FLAT,glove,batch,100000,100,16,6,8967856,-4616742646284636308
FLAT,glove,single,100000,100,32,0,88267808,1177092119961519121
FLAT,glove,single,100000,100,32,1,87686262,1177092119961519121
FLAT,glove,single,100000,100,32,2,89325712,1177092119961519121
FLAT,glove,single,100000,100,32,3,88349511,1177092119961519121
FLAT,glove,single,100000,100,32,4,87904281,1177092119961519121
FLAT,glove,single,100000,100,32,5,88451465,1177092119961519121
FLAT,glove,single,100000,100,32,6,88786380,1177092119961519121
FLAT,glove,batch,100000,100,32,0,14971476,1177092119961519121
FLAT,glove,batch,100000,100,32,1,13847494,1177092119961519121
FLAT,glove,batch,100000,100,32,2,14212663,1177092119961519121
FLAT,glove,batch,100000,100,32,3,13830898,1177092119961519121
FLAT,glove,batch,100000,100,32,4,15636739,1177092119961519121
FLAT,glove,batch,100000,100,32,5,13543666,1177092119961519121
FLAT,glove,batch,100000,100,32,6,15782289,1177092119961519121
FLAT,glove,single,100000,100,64,0,177605978,7293109510488223649
FLAT,glove,single,100000,100,64,1,202016100,7293109510488223649
FLAT,glove,single,100000,100,64,2,175176400,7293109510488223649
FLAT,glove,single,100000,100,64,3,176099059,7293109510488223649
FLAT,glove,single,100000,100,64,4,176945594,7293109510488223649
FLAT,glove,single,100000,100,64,5,175968572,7293109510488223649
FLAT,glove,single,100000,100,64,6,176939034,7293109510488223649
FLAT,glove,batch,100000,100,64,0,24204933,7293109510488223649
FLAT,glove,batch,100000,100,64,1,24116999,7293109510488223649
FLAT,glove,batch,100000,100,64,2,24015446,7293109510488223649
FLAT,glove,batch,100000,100,64,3,24103699,7293109510488223649
FLAT,glove,batch,100000,100,64,4,24367486,7293109510488223649
FLAT,glove,batch,100000,100,64,5,24053995,7293109510488223649
FLAT,glove,batch,100000,100,64,6,60512418,7293109510488223649
