WARNING: Using incubator modules: jdk.incubator.vector
Oct 04, 2026 2:39:22 AM com.integrallis.vectors.core.PanamaVectorUtilSupportProvider create
INFO: vectors-core: Using Panama Vector API SIMD provider (vector bits: 256)
Oct 04, 2026 2:39:22 AM com.integrallis.vectors.core.VectorizationProvider logActiveToggles
INFO: vectors-core: provider=PanamaVectorUtilSupport panama=true maxBits=256 preferredBits=256 fastVectorFMA=true fastScalarFMA=true sve=false ggufParallel=true ggufParallelThreshold=1048576 ggufExecutor=persistent ggufThreads=8 ggufChunksPerThread=2 mappedKQuantLongOffsets=auto(q4=true,q5=false,q6=false) q4ShortPairwiseSupported=true q4UnsignedPairwiseSupported=true toggles=[(defaults — no -Dvectors.* overrides)]
FLAT,glove,single,100000,100,1,0,4325633,7167697522366443656
FLAT,glove,single,100000,100,1,1,4615991,7167697522366443656
FLAT,glove,single,100000,100,1,2,4518083,7167697522366443656
FLAT,glove,single,100000,100,1,3,5693875,7167697522366443656
FLAT,glove,single,100000,100,1,4,4294506,7167697522366443656
FLAT,glove,single,100000,100,1,5,4392164,7167697522366443656
FLAT,glove,single,100000,100,1,6,4234376,7167697522366443656
FLAT,glove,batch,100000,100,1,0,6669022,7167697522366443656
FLAT,glove,batch,100000,100,1,1,4194636,7167697522366443656
FLAT,glove,batch,100000,100,1,2,4216749,7167697522366443656
FLAT,glove,batch,100000,100,1,3,4218833,7167697522366443656
FLAT,glove,batch,100000,100,1,4,4143119,7167697522366443656
FLAT,glove,batch,100000,100,1,5,4127897,7167697522366443656
FLAT,glove,batch,100000,100,1,6,4194436,7167697522366443656
FLAT,glove,single,100000,100,4,0,16910054,-5393426958338102730
FLAT,glove,single,100000,100,4,1,17169504,-5393426958338102730
FLAT,glove,single,100000,100,4,2,17111847,-5393426958338102730
FLAT,glove,single,100000,100,4,3,17011446,-5393426958338102730
FLAT,glove,single,100000,100,4,4,17233650,-5393426958338102730
FLAT,glove,single,100000,100,4,5,20072686,-5393426958338102730
FLAT,glove,single,100000,100,4,6,18258494,-5393426958338102730
FLAT,glove,batch,100000,100,4,0,6713829,-5393426958338102730
FLAT,glove,batch,100000,100,4,1,7261305,-5393426958338102730
FLAT,glove,batch,100000,100,4,2,6657374,-5393426958338102730
FLAT,glove,batch,100000,100,4,3,6794871,-5393426958338102730
FLAT,glove,batch,100000,100,4,4,6762993,-5393426958338102730
FLAT,glove,batch,100000,100,4,5,8811178,-5393426958338102730
FLAT,glove,batch,100000,100,4,6,5043224,-5393426958338102730
FLAT,glove,single,100000,100,16,0,66925387,-4616742646284636308
FLAT,glove,single,100000,100,16,1,69992155,-4616742646284636308
FLAT,glove,single,100000,100,16,2,67810049,-4616742646284636308
FLAT,glove,single,100000,100,16,3,67214863,-4616742646284636308
FLAT,glove,single,100000,100,16,4,66769883,-4616742646284636308
FLAT,glove,single,100000,100,16,5,67193250,-4616742646284636308
FLAT,glove,single,100000,100,16,6,68050291,-4616742646284636308
FLAT,glove,batch,100000,100,16,0,10419790,-4616742646284636308
FLAT,glove,batch,100000,100,16,1,9553116,-4616742646284636308
FLAT,glove,batch,100000,100,16,2,16657903,-4616742646284636308
FLAT,glove,batch,100000,100,16,3,14482949,-4616742646284636308
FLAT,glove,batch,100000,100,16,4,11264603,-4616742646284636308
FLAT,glove,batch,100000,100,16,5,8750577,-4616742646284636308
FLAT,glove,batch,100000,100,16,6,8668033,-4616742646284636308
FLAT,glove,single,100000,100,32,0,88837393,1177092119961519121
FLAT,glove,single,100000,100,32,1,88816971,1177092119961519121
FLAT,glove,single,100000,100,32,2,90677073,1177092119961519121
FLAT,glove,single,100000,100,32,3,89527501,1177092119961519121
FLAT,glove,single,100000,100,32,4,88393344,1177092119961519121
FLAT,glove,single,100000,100,32,5,87665488,1177092119961519121
FLAT,glove,single,100000,100,32,6,87694232,1177092119961519121
FLAT,glove,batch,100000,100,32,0,19720546,1177092119961519121
FLAT,glove,batch,100000,100,32,1,15206438,1177092119961519121
FLAT,glove,batch,100000,100,32,2,14593555,1177092119961519121
FLAT,glove,batch,100000,100,32,3,13487591,1177092119961519121
FLAT,glove,batch,100000,100,32,4,15131064,1177092119961519121
FLAT,glove,batch,100000,100,32,5,13373137,1177092119961519121
FLAT,glove,batch,100000,100,32,6,13331165,1177092119961519121
FLAT,glove,single,100000,100,64,0,178679017,7293109510488223649
FLAT,glove,single,100000,100,64,1,201206277,7293109510488223649
FLAT,glove,single,100000,100,64,2,176991805,7293109510488223649
FLAT,glove,single,100000,100,64,3,177312710,7293109510488223649
FLAT,glove,single,100000,100,64,4,176592795,7293109510488223649
FLAT,glove,single,100000,100,64,5,177657096,7293109510488223649
FLAT,glove,single,100000,100,64,6,178147035,7293109510488223649
FLAT,glove,batch,100000,100,64,0,24361483,7293109510488223649
FLAT,glove,batch,100000,100,64,1,24580674,7293109510488223649
FLAT,glove,batch,100000,100,64,2,23939397,7293109510488223649
FLAT,glove,batch,100000,100,64,3,24216296,7293109510488223649
FLAT,glove,batch,100000,100,64,4,23983284,7293109510488223649
FLAT,glove,batch,100000,100,64,5,24869409,7293109510488223649
FLAT,glove,batch,100000,100,64,6,60583468,7293109510488223649
