WARNING: Using incubator modules: jdk.incubator.vector
Oct 04, 2026 2:39:41 AM com.integrallis.vectors.core.PanamaVectorUtilSupportProvider create
INFO: vectors-core: Using Panama Vector API SIMD provider (vector bits: 256)
Oct 04, 2026 2:39:41 AM com.integrallis.vectors.core.VectorizationProvider logActiveToggles
INFO: vectors-core: provider=PanamaVectorUtilSupport panama=true maxBits=256 preferredBits=256 fastVectorFMA=true fastScalarFMA=true sve=false ggufParallel=true ggufParallelThreshold=1048576 ggufExecutor=persistent ggufThreads=8 ggufChunksPerThread=2 mappedKQuantLongOffsets=auto(q4=true,q5=false,q6=false) q4ShortPairwiseSupported=true q4UnsignedPairwiseSupported=true toggles=[(defaults — no -Dvectors.* overrides)]
FLAT,collection,single,100000,512,1,0,17906814,-2561075354683905283
FLAT,collection,single,100000,512,1,1,18198714,-2561075354683905283
FLAT,collection,single,100000,512,1,2,18299105,-2561075354683905283
FLAT,collection,single,100000,512,1,3,19295505,-2561075354683905283
FLAT,collection,single,100000,512,1,4,18466527,-2561075354683905283
FLAT,collection,single,100000,512,1,5,18988452,-2561075354683905283
FLAT,collection,single,100000,512,1,6,18298633,-2561075354683905283
FLAT,collection,batch,100000,512,1,0,21235346,-2561075354683905283
FLAT,collection,batch,100000,512,1,1,18639308,-2561075354683905283
FLAT,collection,batch,100000,512,1,2,18973580,-2561075354683905283
FLAT,collection,batch,100000,512,1,3,18841842,-2561075354683905283
FLAT,collection,batch,100000,512,1,4,18853921,-2561075354683905283
FLAT,collection,batch,100000,512,1,5,18920740,-2561075354683905283
FLAT,collection,batch,100000,512,1,6,19292961,-2561075354683905283
FLAT,collection,single,100000,512,4,0,61259284,-8103726781922252096
FLAT,collection,single,100000,512,4,1,59343048,-8103726781922252096
FLAT,collection,single,100000,512,4,2,60381342,-8103726781922252096
FLAT,collection,single,100000,512,4,3,61739017,-8103726781922252096
FLAT,collection,single,100000,512,4,4,61817073,-8103726781922252096
FLAT,collection,single,100000,512,4,5,61544012,-8103726781922252096
FLAT,collection,single,100000,512,4,6,63329441,-8103726781922252096
FLAT,collection,batch,100000,512,4,0,15498798,-8103726781922252096
FLAT,collection,batch,100000,512,4,1,14836000,-8103726781922252096
FLAT,collection,batch,100000,512,4,2,14674297,-8103726781922252096
FLAT,collection,batch,100000,512,4,3,14489357,-8103726781922252096
FLAT,collection,batch,100000,512,4,4,14684502,-8103726781922252096
FLAT,collection,batch,100000,512,4,5,14406683,-8103726781922252096
FLAT,collection,batch,100000,512,4,6,14451581,-8103726781922252096
FLAT,collection,single,100000,512,16,0,239703515,2092469987807476287
FLAT,collection,single,100000,512,16,1,241709254,2092469987807476287
FLAT,collection,single,100000,512,16,2,238832763,2092469987807476287
FLAT,collection,single,100000,512,16,3,238233942,2092469987807476287
FLAT,collection,single,100000,512,16,4,242055886,2092469987807476287
FLAT,collection,single,100000,512,16,5,245986465,2092469987807476287
FLAT,collection,single,100000,512,16,6,239281929,2092469987807476287
FLAT,collection,batch,100000,512,16,0,37179694,2092469987807476287
FLAT,collection,batch,100000,512,16,1,37174176,2092469987807476287
FLAT,collection,batch,100000,512,16,2,51174960,2092469987807476287
FLAT,collection,batch,100000,512,16,3,60658308,2092469987807476287
FLAT,collection,batch,100000,512,16,4,55877810,2092469987807476287
FLAT,collection,batch,100000,512,16,5,37299195,2092469987807476287
FLAT,collection,batch,100000,512,16,6,41014429,2092469987807476287
FLAT,collection,single,100000,512,32,0,499817738,-3031150442577658303
FLAT,collection,single,100000,512,32,1,498600005,-3031150442577658303
FLAT,collection,single,100000,512,32,2,505074114,-3031150442577658303
FLAT,collection,single,100000,512,32,3,494633472,-3031150442577658303
FLAT,collection,single,100000,512,32,4,507239213,-3031150442577658303
FLAT,collection,single,100000,512,32,5,501792451,-3031150442577658303
FLAT,collection,single,100000,512,32,6,500515648,-3031150442577658303
FLAT,collection,batch,100000,512,32,0,48417546,-3031150442577658303
FLAT,collection,batch,100000,512,32,1,43879963,-3031150442577658303
FLAT,collection,batch,100000,512,32,2,48156793,-3031150442577658303
FLAT,collection,batch,100000,512,32,3,41892641,-3031150442577658303
FLAT,collection,batch,100000,512,32,4,41247159,-3031150442577658303
FLAT,collection,batch,100000,512,32,5,39727381,-3031150442577658303
FLAT,collection,batch,100000,512,32,6,39747881,-3031150442577658303
FLAT,collection,single,100000,512,64,0,1005774210,4379747614244198658
FLAT,collection,single,100000,512,64,1,1019427167,4379747614244198658
FLAT,collection,single,100000,512,64,2,1038486706,4379747614244198658
FLAT,collection,single,100000,512,64,3,1020114581,4379747614244198658
FLAT,collection,single,100000,512,64,4,1001741375,4379747614244198658
FLAT,collection,single,100000,512,64,5,1003120409,4379747614244198658
FLAT,collection,single,100000,512,64,6,993798613,4379747614244198658
FLAT,collection,batch,100000,512,64,0,78598501,4379747614244198658
FLAT,collection,batch,100000,512,64,1,79074668,4379747614244198658
FLAT,collection,batch,100000,512,64,2,78821407,4379747614244198658
FLAT,collection,batch,100000,512,64,3,78659894,4379747614244198658
FLAT,collection,batch,100000,512,64,4,79184303,4379747614244198658
FLAT,collection,batch,100000,512,64,5,78869058,4379747614244198658
FLAT,collection,batch,100000,512,64,6,113546596,4379747614244198658
