WARNING: Using incubator modules: jdk.incubator.vector
Oct 04, 2026 2:37:36 AM com.integrallis.vectors.core.PanamaVectorUtilSupportProvider create
INFO: vectors-core: Using Panama Vector API SIMD provider (vector bits: 256)
Oct 04, 2026 2:37:36 AM com.integrallis.vectors.core.VectorizationProvider logActiveToggles
INFO: vectors-core: provider=PanamaVectorUtilSupport panama=true maxBits=256 preferredBits=256 fastVectorFMA=true fastScalarFMA=true sve=false ggufParallel=true ggufParallelThreshold=1048576 ggufExecutor=persistent ggufThreads=8 ggufChunksPerThread=2 mappedKQuantLongOffsets=auto(q4=true,q5=false,q6=false) q4ShortPairwiseSupported=true q4UnsignedPairwiseSupported=true toggles=[(defaults — no -Dvectors.* overrides)]
FLAT,collection,single,100000,512,1,0,19262438,-2561075354683905283
FLAT,collection,single,100000,512,1,1,19595851,-2561075354683905283
FLAT,collection,single,100000,512,1,2,19954359,-2561075354683905283
FLAT,collection,single,100000,512,1,3,20326030,-2561075354683905283
FLAT,collection,single,100000,512,1,4,19972838,-2561075354683905283
FLAT,collection,single,100000,512,1,5,19984575,-2561075354683905283
FLAT,collection,single,100000,512,1,6,19360235,-2561075354683905283
FLAT,collection,batch,100000,512,1,0,21763274,-2561075354683905283
FLAT,collection,batch,100000,512,1,1,19351903,-2561075354683905283
FLAT,collection,batch,100000,512,1,2,19649941,-2561075354683905283
FLAT,collection,batch,100000,512,1,3,19513326,-2561075354683905283
FLAT,collection,batch,100000,512,1,4,19545944,-2561075354683905283
FLAT,collection,batch,100000,512,1,5,19368428,-2561075354683905283
FLAT,collection,batch,100000,512,1,6,19364061,-2561075354683905283
FLAT,collection,single,100000,512,4,0,76359611,-8103726781922252096
FLAT,collection,single,100000,512,4,1,74360391,-8103726781922252096
FLAT,collection,single,100000,512,4,2,75643733,-8103726781922252096
FLAT,collection,single,100000,512,4,3,77060818,-8103726781922252096
FLAT,collection,single,100000,512,4,4,75191462,-8103726781922252096
FLAT,collection,single,100000,512,4,5,65625046,-8103726781922252096
FLAT,collection,single,100000,512,4,6,61510479,-8103726781922252096
FLAT,collection,batch,100000,512,4,0,15274471,-8103726781922252096
FLAT,collection,batch,100000,512,4,1,15178878,-8103726781922252096
FLAT,collection,batch,100000,512,4,2,14250249,-8103726781922252096
FLAT,collection,batch,100000,512,4,3,14149509,-8103726781922252096
FLAT,collection,batch,100000,512,4,4,14191080,-8103726781922252096
FLAT,collection,batch,100000,512,4,5,14437011,-8103726781922252096
FLAT,collection,batch,100000,512,4,6,15926173,-8103726781922252096
FLAT,collection,single,100000,512,16,0,260198157,2092469987807476287
FLAT,collection,single,100000,512,16,1,255551368,2092469987807476287
FLAT,collection,single,100000,512,16,2,246344624,2092469987807476287
FLAT,collection,single,100000,512,16,3,248384226,2092469987807476287
FLAT,collection,single,100000,512,16,4,244078611,2092469987807476287
FLAT,collection,single,100000,512,16,5,250183866,2092469987807476287
FLAT,collection,single,100000,512,16,6,243331016,2092469987807476287
FLAT,collection,batch,100000,512,16,0,39256707,2092469987807476287
FLAT,collection,batch,100000,512,16,1,47985562,2092469987807476287
FLAT,collection,batch,100000,512,16,2,50223512,2092469987807476287
FLAT,collection,batch,100000,512,16,3,61513123,2092469987807476287
FLAT,collection,batch,100000,512,16,4,46752145,2092469987807476287
FLAT,collection,batch,100000,512,16,5,46119722,2092469987807476287
FLAT,collection,batch,100000,512,16,6,37773203,2092469987807476287
FLAT,collection,single,100000,512,32,0,501554164,-3031150442577658303
FLAT,collection,single,100000,512,32,1,488928691,-3031150442577658303
FLAT,collection,single,100000,512,32,2,491455936,-3031150442577658303
FLAT,collection,single,100000,512,32,3,472722605,-3031150442577658303
FLAT,collection,single,100000,512,32,4,481946134,-3031150442577658303
FLAT,collection,single,100000,512,32,5,487483042,-3031150442577658303
FLAT,collection,single,100000,512,32,6,497385644,-3031150442577658303
FLAT,collection,batch,100000,512,32,0,43507769,-3031150442577658303
FLAT,collection,batch,100000,512,32,1,38250462,-3031150442577658303
FLAT,collection,batch,100000,512,32,2,39198779,-3031150442577658303
FLAT,collection,batch,100000,512,32,3,56298149,-3031150442577658303
FLAT,collection,batch,100000,512,32,4,39980056,-3031150442577658303
FLAT,collection,batch,100000,512,32,5,39932765,-3031150442577658303
FLAT,collection,batch,100000,512,32,6,44859384,-3031150442577658303
FLAT,collection,single,100000,512,64,0,1028322702,4379747614244198658
FLAT,collection,single,100000,512,64,1,1039893316,4379747614244198658
FLAT,collection,single,100000,512,64,2,1072690283,4379747614244198658
FLAT,collection,single,100000,512,64,3,1065928219,4379747614244198658
FLAT,collection,single,100000,512,64,4,1037896184,4379747614244198658
FLAT,collection,single,100000,512,64,5,1027070863,4379747614244198658
FLAT,collection,single,100000,512,64,6,1022686398,4379747614244198658
FLAT,collection,batch,100000,512,64,0,76310254,4379747614244198658
FLAT,collection,batch,100000,512,64,1,76288320,4379747614244198658
FLAT,collection,batch,100000,512,64,2,76787953,4379747614244198658
FLAT,collection,batch,100000,512,64,3,76028360,4379747614244198658
FLAT,collection,batch,100000,512,64,4,75295256,4379747614244198658
FLAT,collection,batch,100000,512,64,5,74709614,4379747614244198658
FLAT,collection,batch,100000,512,64,6,113698466,4379747614244198658
