WARNING: Using incubator modules: jdk.incubator.vector
Oct 04, 2026 2:44:10 AM com.integrallis.vectors.core.PanamaVectorUtilSupportProvider create
INFO: vectors-core: Using Panama Vector API SIMD provider (vector bits: 256)
Oct 04, 2026 2:44:10 AM com.integrallis.vectors.core.VectorizationProvider logActiveToggles
INFO: vectors-core: provider=PanamaVectorUtilSupport panama=true maxBits=256 preferredBits=256 fastVectorFMA=true fastScalarFMA=true sve=false ggufParallel=true ggufParallelThreshold=1048576 ggufExecutor=persistent ggufThreads=8 ggufChunksPerThread=2 mappedKQuantLongOffsets=auto(q4=true,q5=false,q6=false) q4ShortPairwiseSupported=true q4UnsignedPairwiseSupported=true toggles=[(defaults — no -Dvectors.* overrides)]
FLAT,fashion-control,single,60000,784,1,0,14774445,2916591807911878032
FLAT,fashion-control,single,60000,784,1,1,15206035,2916591807911878032
FLAT,fashion-control,single,60000,784,1,2,15784335,2916591807911878032
FLAT,fashion-control,single,60000,784,1,3,16285460,2916591807911878032
FLAT,fashion-control,single,60000,784,1,4,15461699,2916591807911878032
FLAT,fashion-control,single,60000,784,1,5,15994742,2916591807911878032
FLAT,fashion-control,single,60000,784,1,6,15341678,2916591807911878032
FLAT,fashion-control,batch,60000,784,1,0,16321564,2916591807911878032
FLAT,fashion-control,batch,60000,784,1,1,14870128,2916591807911878032
FLAT,fashion-control,batch,60000,784,1,2,15765076,2916591807911878032
FLAT,fashion-control,batch,60000,784,1,3,15656933,2916591807911878032
FLAT,fashion-control,batch,60000,784,1,4,16123086,2916591807911878032
FLAT,fashion-control,batch,60000,784,1,5,15837675,2916591807911878032
FLAT,fashion-control,batch,60000,784,1,6,15937025,2916591807911878032
FLAT,fashion-control,single,60000,784,4,0,71197416,3519200865979862387
FLAT,fashion-control,single,60000,784,4,1,80015553,3519200865979862387
FLAT,fashion-control,single,60000,784,4,2,69970669,3519200865979862387
FLAT,fashion-control,single,60000,784,4,3,70694879,3519200865979862387
FLAT,fashion-control,single,60000,784,4,4,69151836,3519200865979862387
FLAT,fashion-control,single,60000,784,4,5,68306872,3519200865979862387
FLAT,fashion-control,single,60000,784,4,6,69757949,3519200865979862387
FLAT,fashion-control,batch,60000,784,4,0,18000352,3519200865979862387
FLAT,fashion-control,batch,60000,784,4,1,18005109,3519200865979862387
FLAT,fashion-control,batch,60000,784,4,2,17860081,3519200865979862387
FLAT,fashion-control,batch,60000,784,4,3,17848333,3519200865979862387
FLAT,fashion-control,batch,60000,784,4,4,17727470,3519200865979862387
FLAT,fashion-control,batch,60000,784,4,5,18154344,3519200865979862387
FLAT,fashion-control,batch,60000,784,4,6,20049596,3519200865979862387
FLAT,fashion-control,single,60000,784,16,0,251908967,-5621565102746882368
FLAT,fashion-control,single,60000,784,16,1,255594897,-5621565102746882368
FLAT,fashion-control,single,60000,784,16,2,257828260,-5621565102746882368
FLAT,fashion-control,single,60000,784,16,3,252597054,-5621565102746882368
FLAT,fashion-control,single,60000,784,16,4,252744124,-5621565102746882368
FLAT,fashion-control,single,60000,784,16,5,252945827,-5621565102746882368
FLAT,fashion-control,single,60000,784,16,6,252253546,-5621565102746882368
FLAT,fashion-control,batch,60000,784,16,0,46113769,-5621565102746882368
FLAT,fashion-control,batch,60000,784,16,1,47108358,-5621565102746882368
FLAT,fashion-control,batch,60000,784,16,2,50611691,-5621565102746882368
FLAT,fashion-control,batch,60000,784,16,3,50635307,-5621565102746882368
FLAT,fashion-control,batch,60000,784,16,4,55092428,-5621565102746882368
FLAT,fashion-control,batch,60000,784,16,5,50859105,-5621565102746882368
FLAT,fashion-control,batch,60000,784,16,6,44041540,-5621565102746882368
FLAT,fashion-control,single,60000,784,32,0,483114111,-3449808930485460012
FLAT,fashion-control,single,60000,784,32,1,497831299,-3449808930485460012
FLAT,fashion-control,single,60000,784,32,2,489160074,-3449808930485460012
FLAT,fashion-control,single,60000,784,32,3,490101771,-3449808930485460012
FLAT,fashion-control,single,60000,784,32,4,473369298,-3449808930485460012
FLAT,fashion-control,single,60000,784,32,5,484217782,-3449808930485460012
FLAT,fashion-control,single,60000,784,32,6,480801788,-3449808930485460012
FLAT,fashion-control,batch,60000,784,32,0,86706495,-3449808930485460012
FLAT,fashion-control,batch,60000,784,32,1,86058770,-3449808930485460012
FLAT,fashion-control,batch,60000,784,32,2,87061039,-3449808930485460012
FLAT,fashion-control,batch,60000,784,32,3,88333576,-3449808930485460012
FLAT,fashion-control,batch,60000,784,32,4,88774008,-3449808930485460012
FLAT,fashion-control,batch,60000,784,32,5,87640953,-3449808930485460012
FLAT,fashion-control,batch,60000,784,32,6,87127360,-3449808930485460012
FLAT,fashion-control,single,60000,784,64,0,971888928,-2611455073570894421
FLAT,fashion-control,single,60000,784,64,1,957876490,-2611455073570894421
FLAT,fashion-control,single,60000,784,64,2,973288415,-2611455073570894421
FLAT,fashion-control,single,60000,784,64,3,961546596,-2611455073570894421
FLAT,fashion-control,single,60000,784,64,4,947229790,-2611455073570894421
FLAT,fashion-control,single,60000,784,64,5,959350488,-2611455073570894421
FLAT,fashion-control,single,60000,784,64,6,959841156,-2611455073570894421
FLAT,fashion-control,batch,60000,784,64,0,177070236,-2611455073570894421
FLAT,fashion-control,batch,60000,784,64,1,177412212,-2611455073570894421
FLAT,fashion-control,batch,60000,784,64,2,180694293,-2611455073570894421
FLAT,fashion-control,batch,60000,784,64,3,183592325,-2611455073570894421
FLAT,fashion-control,batch,60000,784,64,4,185741281,-2611455073570894421
FLAT,fashion-control,batch,60000,784,64,5,175746664,-2611455073570894421
FLAT,fashion-control,batch,60000,784,64,6,181174285,-2611455073570894421
