WARNING: Using incubator modules: jdk.incubator.vector
Oct 04, 2026 2:42:59 AM com.integrallis.vectors.core.PanamaVectorUtilSupportProvider create
INFO: vectors-core: Using Panama Vector API SIMD provider (vector bits: 256)
Oct 04, 2026 2:42:59 AM com.integrallis.vectors.core.VectorizationProvider logActiveToggles
INFO: vectors-core: provider=PanamaVectorUtilSupport panama=true maxBits=256 preferredBits=256 fastVectorFMA=true fastScalarFMA=true sve=false ggufParallel=true ggufParallelThreshold=1048576 ggufExecutor=persistent ggufThreads=8 ggufChunksPerThread=2 mappedKQuantLongOffsets=auto(q4=true,q5=false,q6=false) q4ShortPairwiseSupported=true q4UnsignedPairwiseSupported=true toggles=[(defaults — no -Dvectors.* overrides)]
FLAT,collection,single,100000,512,1,0,15746559,-2561075354683905283
FLAT,collection,single,100000,512,1,1,16006140,-2561075354683905283
FLAT,collection,single,100000,512,1,2,15506909,-2561075354683905283
FLAT,collection,single,100000,512,1,3,16042624,-2561075354683905283
FLAT,collection,single,100000,512,1,4,15957917,-2561075354683905283
FLAT,collection,single,100000,512,1,5,15950997,-2561075354683905283
FLAT,collection,single,100000,512,1,6,15492255,-2561075354683905283
FLAT,collection,batch,100000,512,1,0,17401681,-2561075354683905283
FLAT,collection,batch,100000,512,1,1,15670273,-2561075354683905283
FLAT,collection,batch,100000,512,1,2,15444403,-2561075354683905283
FLAT,collection,batch,100000,512,1,3,15426868,-2561075354683905283
FLAT,collection,batch,100000,512,1,4,15876634,-2561075354683905283
FLAT,collection,batch,100000,512,1,5,16227743,-2561075354683905283
FLAT,collection,batch,100000,512,1,6,17482333,-2561075354683905283
FLAT,collection,single,100000,512,4,0,64939035,-8103726781922252096
FLAT,collection,single,100000,512,4,1,64482288,-8103726781922252096
FLAT,collection,single,100000,512,4,2,64916202,-8103726781922252096
FLAT,collection,single,100000,512,4,3,64596971,-8103726781922252096
FLAT,collection,single,100000,512,4,4,63107308,-8103726781922252096
FLAT,collection,single,100000,512,4,5,62766315,-8103726781922252096
FLAT,collection,single,100000,512,4,6,64798064,-8103726781922252096
FLAT,collection,batch,100000,512,4,0,15848943,-8103726781922252096
FLAT,collection,batch,100000,512,4,1,15800209,-8103726781922252096
FLAT,collection,batch,100000,512,4,2,15550143,-8103726781922252096
FLAT,collection,batch,100000,512,4,3,15595122,-8103726781922252096
FLAT,collection,batch,100000,512,4,4,15301479,-8103726781922252096
FLAT,collection,batch,100000,512,4,5,16047092,-8103726781922252096
FLAT,collection,batch,100000,512,4,6,17141029,-8103726781922252096
FLAT,collection,single,100000,512,16,0,246369217,2092469987807476287
FLAT,collection,single,100000,512,16,1,252574719,2092469987807476287
FLAT,collection,single,100000,512,16,2,249865941,2092469987807476287
FLAT,collection,single,100000,512,16,3,248383768,2092469987807476287
FLAT,collection,single,100000,512,16,4,252840841,2092469987807476287
FLAT,collection,single,100000,512,16,5,258415112,2092469987807476287
FLAT,collection,single,100000,512,16,6,250196298,2092469987807476287
FLAT,collection,batch,100000,512,16,0,42282422,2092469987807476287
FLAT,collection,batch,100000,512,16,1,40100737,2092469987807476287
FLAT,collection,batch,100000,512,16,2,59148036,2092469987807476287
FLAT,collection,batch,100000,512,16,3,40516844,2092469987807476287
FLAT,collection,batch,100000,512,16,4,59712596,2092469987807476287
FLAT,collection,batch,100000,512,16,5,50437592,2092469987807476287
FLAT,collection,batch,100000,512,16,6,46210106,2092469987807476287
FLAT,collection,single,100000,512,32,0,530619476,-3031150442577658303
FLAT,collection,single,100000,512,32,1,526172421,-3031150442577658303
FLAT,collection,single,100000,512,32,2,522513251,-3031150442577658303
FLAT,collection,single,100000,512,32,3,513853972,-3031150442577658303
FLAT,collection,single,100000,512,32,4,543126657,-3031150442577658303
FLAT,collection,single,100000,512,32,5,554482224,-3031150442577658303
FLAT,collection,single,100000,512,32,6,558896951,-3031150442577658303
FLAT,collection,batch,100000,512,32,0,50339974,-3031150442577658303
FLAT,collection,batch,100000,512,32,1,37183366,-3031150442577658303
FLAT,collection,batch,100000,512,32,2,48724452,-3031150442577658303
FLAT,collection,batch,100000,512,32,3,36636372,-3031150442577658303
FLAT,collection,batch,100000,512,32,4,49778990,-3031150442577658303
FLAT,collection,batch,100000,512,32,5,49656706,-3031150442577658303
FLAT,collection,batch,100000,512,32,6,50332283,-3031150442577658303
FLAT,collection,single,100000,512,64,0,993321954,4379747614244198658
FLAT,collection,single,100000,512,64,1,992157160,4379747614244198658
FLAT,collection,single,100000,512,64,2,1056939018,4379747614244198658
FLAT,collection,single,100000,512,64,3,1029518671,4379747614244198658
FLAT,collection,single,100000,512,64,4,1007818509,4379747614244198658
FLAT,collection,single,100000,512,64,5,1002314631,4379747614244198658
FLAT,collection,single,100000,512,64,6,1031742347,4379747614244198658
FLAT,collection,batch,100000,512,64,0,76247532,4379747614244198658
FLAT,collection,batch,100000,512,64,1,76674965,4379747614244198658
FLAT,collection,batch,100000,512,64,2,76644849,4379747614244198658
FLAT,collection,batch,100000,512,64,3,76100219,4379747614244198658
FLAT,collection,batch,100000,512,64,4,76265367,4379747614244198658
FLAT,collection,batch,100000,512,64,5,77865157,4379747614244198658
FLAT,collection,batch,100000,512,64,6,115240330,4379747614244198658
