WARNING: Using incubator modules: jdk.incubator.vector
Oct 04, 2026 2:40:53 AM com.integrallis.vectors.core.PanamaVectorUtilSupportProvider create
INFO: vectors-core: Using Panama Vector API SIMD provider (vector bits: 256)
Oct 04, 2026 2:40:53 AM com.integrallis.vectors.core.VectorizationProvider logActiveToggles
INFO: vectors-core: provider=PanamaVectorUtilSupport panama=true maxBits=256 preferredBits=256 fastVectorFMA=true fastScalarFMA=true sve=false ggufParallel=true ggufParallelThreshold=1048576 ggufExecutor=persistent ggufThreads=8 ggufChunksPerThread=2 mappedKQuantLongOffsets=auto(q4=true,q5=false,q6=false) q4ShortPairwiseSupported=true q4UnsignedPairwiseSupported=true toggles=[(defaults — no -Dvectors.* overrides)]
FLAT,fashion-control,single,60000,784,1,0,15101299,2916591807911878032
FLAT,fashion-control,single,60000,784,1,1,15079845,2916591807911878032
FLAT,fashion-control,single,60000,784,1,2,14958954,2916591807911878032
FLAT,fashion-control,single,60000,784,1,3,16089617,2916591807911878032
FLAT,fashion-control,single,60000,784,1,4,15078063,2916591807911878032
FLAT,fashion-control,single,60000,784,1,5,15310684,2916591807911878032
FLAT,fashion-control,single,60000,784,1,6,15106597,2916591807911878032
FLAT,fashion-control,batch,60000,784,1,0,17843367,2916591807911878032
FLAT,fashion-control,batch,60000,784,1,1,15958309,2916591807911878032
FLAT,fashion-control,batch,60000,784,1,2,15791358,2916591807911878032
FLAT,fashion-control,batch,60000,784,1,3,15668903,2916591807911878032
FLAT,fashion-control,batch,60000,784,1,4,15483644,2916591807911878032
FLAT,fashion-control,batch,60000,784,1,5,15446698,2916591807911878032
FLAT,fashion-control,batch,60000,784,1,6,15435100,2916591807911878032
FLAT,fashion-control,single,60000,784,4,0,62092445,3519200865979862387
FLAT,fashion-control,single,60000,784,4,1,61454644,3519200865979862387
FLAT,fashion-control,single,60000,784,4,2,61906804,3519200865979862387
FLAT,fashion-control,single,60000,784,4,3,61789278,3519200865979862387
FLAT,fashion-control,single,60000,784,4,4,61839494,3519200865979862387
FLAT,fashion-control,single,60000,784,4,5,61407082,3519200865979862387
FLAT,fashion-control,single,60000,784,4,6,61578981,3519200865979862387
FLAT,fashion-control,batch,60000,784,4,0,15764989,3519200865979862387
FLAT,fashion-control,batch,60000,784,4,1,15672218,3519200865979862387
FLAT,fashion-control,batch,60000,784,4,2,15619989,3519200865979862387
FLAT,fashion-control,batch,60000,784,4,3,15479509,3519200865979862387
FLAT,fashion-control,batch,60000,784,4,4,15524367,3519200865979862387
FLAT,fashion-control,batch,60000,784,4,5,16172522,3519200865979862387
FLAT,fashion-control,batch,60000,784,4,6,16234315,3519200865979862387
FLAT,fashion-control,single,60000,784,16,0,245038853,-5621565102746882368
FLAT,fashion-control,single,60000,784,16,1,247899040,-5621565102746882368
FLAT,fashion-control,single,60000,784,16,2,240057013,-5621565102746882368
FLAT,fashion-control,single,60000,784,16,3,258559021,-5621565102746882368
FLAT,fashion-control,single,60000,784,16,4,256133368,-5621565102746882368
FLAT,fashion-control,single,60000,784,16,5,257611314,-5621565102746882368
FLAT,fashion-control,single,60000,784,16,6,253495386,-5621565102746882368
FLAT,fashion-control,batch,60000,784,16,0,44647287,-5621565102746882368
FLAT,fashion-control,batch,60000,784,16,1,47148754,-5621565102746882368
FLAT,fashion-control,batch,60000,784,16,2,52861675,-5621565102746882368
FLAT,fashion-control,batch,60000,784,16,3,54014952,-5621565102746882368
FLAT,fashion-control,batch,60000,784,16,4,50378327,-5621565102746882368
FLAT,fashion-control,batch,60000,784,16,5,50365577,-5621565102746882368
FLAT,fashion-control,batch,60000,784,16,6,47319210,-5621565102746882368
FLAT,fashion-control,single,60000,784,32,0,485461974,-3449808930485460012
FLAT,fashion-control,single,60000,784,32,1,482838403,-3449808930485460012
FLAT,fashion-control,single,60000,784,32,2,510981880,-3449808930485460012
FLAT,fashion-control,single,60000,784,32,3,504757498,-3449808930485460012
FLAT,fashion-control,single,60000,784,32,4,496590260,-3449808930485460012
FLAT,fashion-control,single,60000,784,32,5,505014795,-3449808930485460012
FLAT,fashion-control,single,60000,784,32,6,496296628,-3449808930485460012
FLAT,fashion-control,batch,60000,784,32,0,89645421,-3449808930485460012
FLAT,fashion-control,batch,60000,784,32,1,91380754,-3449808930485460012
FLAT,fashion-control,batch,60000,784,32,2,89961448,-3449808930485460012
FLAT,fashion-control,batch,60000,784,32,3,90958809,-3449808930485460012
FLAT,fashion-control,batch,60000,784,32,4,90454560,-3449808930485460012
FLAT,fashion-control,batch,60000,784,32,5,90849594,-3449808930485460012
FLAT,fashion-control,batch,60000,784,32,6,92151015,-3449808930485460012
FLAT,fashion-control,single,60000,784,64,0,987910726,-2611455073570894421
FLAT,fashion-control,single,60000,784,64,1,991441302,-2611455073570894421
FLAT,fashion-control,single,60000,784,64,2,988935407,-2611455073570894421
FLAT,fashion-control,single,60000,784,64,3,980129748,-2611455073570894421
FLAT,fashion-control,single,60000,784,64,4,980207956,-2611455073570894421
FLAT,fashion-control,single,60000,784,64,5,973217379,-2611455073570894421
FLAT,fashion-control,single,60000,784,64,6,1000979110,-2611455073570894421
FLAT,fashion-control,batch,60000,784,64,0,184433613,-2611455073570894421
FLAT,fashion-control,batch,60000,784,64,1,184956752,-2611455073570894421
FLAT,fashion-control,batch,60000,784,64,2,182040421,-2611455073570894421
FLAT,fashion-control,batch,60000,784,64,3,192236594,-2611455073570894421
FLAT,fashion-control,batch,60000,784,64,4,176080376,-2611455073570894421
FLAT,fashion-control,batch,60000,784,64,5,180478659,-2611455073570894421
FLAT,fashion-control,batch,60000,784,64,6,182357818,-2611455073570894421
