WARNING: Using incubator modules: jdk.incubator.vector
Oct 04, 2026 2:38:45 AM com.integrallis.vectors.core.PanamaVectorUtilSupportProvider create
INFO: vectors-core: Using Panama Vector API SIMD provider (vector bits: 256)
Oct 04, 2026 2:38:45 AM com.integrallis.vectors.core.VectorizationProvider logActiveToggles
INFO: vectors-core: provider=PanamaVectorUtilSupport panama=true maxBits=256 preferredBits=256 fastVectorFMA=true fastScalarFMA=true sve=false ggufParallel=true ggufParallelThreshold=1048576 ggufExecutor=persistent ggufThreads=8 ggufChunksPerThread=2 mappedKQuantLongOffsets=auto(q4=true,q5=false,q6=false) q4ShortPairwiseSupported=true q4UnsignedPairwiseSupported=true toggles=[(defaults — no -Dvectors.* overrides)]
FLAT,fashion-control,single,60000,784,1,0,16071902,2916591807911878032
FLAT,fashion-control,single,60000,784,1,1,16075197,2916591807911878032
FLAT,fashion-control,single,60000,784,1,2,16221827,2916591807911878032
FLAT,fashion-control,single,60000,784,1,3,16605656,2916591807911878032
FLAT,fashion-control,single,60000,784,1,4,15763367,2916591807911878032
FLAT,fashion-control,single,60000,784,1,5,15964199,2916591807911878032
FLAT,fashion-control,single,60000,784,1,6,15945823,2916591807911878032
FLAT,fashion-control,batch,60000,784,1,0,17046980,2916591807911878032
FLAT,fashion-control,batch,60000,784,1,1,15630248,2916591807911878032
FLAT,fashion-control,batch,60000,784,1,2,15727072,2916591807911878032
FLAT,fashion-control,batch,60000,784,1,3,15913382,2916591807911878032
FLAT,fashion-control,batch,60000,784,1,4,16061175,2916591807911878032
FLAT,fashion-control,batch,60000,784,1,5,16154817,2916591807911878032
FLAT,fashion-control,batch,60000,784,1,6,17244928,2916591807911878032
FLAT,fashion-control,single,60000,784,4,0,69246635,3519200865979862387
FLAT,fashion-control,single,60000,784,4,1,69332835,3519200865979862387
FLAT,fashion-control,single,60000,784,4,2,70299390,3519200865979862387
FLAT,fashion-control,single,60000,784,4,3,69830283,3519200865979862387
FLAT,fashion-control,single,60000,784,4,4,72294143,3519200865979862387
FLAT,fashion-control,single,60000,784,4,5,73165366,3519200865979862387
FLAT,fashion-control,single,60000,784,4,6,73944099,3519200865979862387
FLAT,fashion-control,batch,60000,784,4,0,17784971,3519200865979862387
FLAT,fashion-control,batch,60000,784,4,1,17936940,3519200865979862387
FLAT,fashion-control,batch,60000,784,4,2,17339932,3519200865979862387
FLAT,fashion-control,batch,60000,784,4,3,18440968,3519200865979862387
FLAT,fashion-control,batch,60000,784,4,4,18654330,3519200865979862387
FLAT,fashion-control,batch,60000,784,4,5,19042355,3519200865979862387
FLAT,fashion-control,batch,60000,784,4,6,19964583,3519200865979862387
FLAT,fashion-control,single,60000,784,16,0,249178624,-5621565102746882368
FLAT,fashion-control,single,60000,784,16,1,248006300,-5621565102746882368
FLAT,fashion-control,single,60000,784,16,2,246952953,-5621565102746882368
FLAT,fashion-control,single,60000,784,16,3,244895916,-5621565102746882368
FLAT,fashion-control,single,60000,784,16,4,249542272,-5621565102746882368
FLAT,fashion-control,single,60000,784,16,5,245216147,-5621565102746882368
FLAT,fashion-control,single,60000,784,16,6,246801994,-5621565102746882368
FLAT,fashion-control,batch,60000,784,16,0,46723859,-5621565102746882368
FLAT,fashion-control,batch,60000,784,16,1,47546117,-5621565102746882368
FLAT,fashion-control,batch,60000,784,16,2,50520145,-5621565102746882368
FLAT,fashion-control,batch,60000,784,16,3,47097932,-5621565102746882368
FLAT,fashion-control,batch,60000,784,16,4,50380535,-5621565102746882368
FLAT,fashion-control,batch,60000,784,16,5,47961833,-5621565102746882368
FLAT,fashion-control,batch,60000,784,16,6,47185404,-5621565102746882368
FLAT,fashion-control,single,60000,784,32,0,498157213,-3449808930485460012
FLAT,fashion-control,single,60000,784,32,1,502656919,-3449808930485460012
FLAT,fashion-control,single,60000,784,32,2,502548146,-3449808930485460012
FLAT,fashion-control,single,60000,784,32,3,479422060,-3449808930485460012
FLAT,fashion-control,single,60000,784,32,4,486117593,-3449808930485460012
FLAT,fashion-control,single,60000,784,32,5,498727150,-3449808930485460012
FLAT,fashion-control,single,60000,784,32,6,523675920,-3449808930485460012
FLAT,fashion-control,batch,60000,784,32,0,98207964,-3449808930485460012
FLAT,fashion-control,batch,60000,784,32,1,97375001,-3449808930485460012
FLAT,fashion-control,batch,60000,784,32,2,97110092,-3449808930485460012
FLAT,fashion-control,batch,60000,784,32,3,95686037,-3449808930485460012
FLAT,fashion-control,batch,60000,784,32,4,97525076,-3449808930485460012
FLAT,fashion-control,batch,60000,784,32,5,97979821,-3449808930485460012
FLAT,fashion-control,batch,60000,784,32,6,96687986,-3449808930485460012
FLAT,fashion-control,single,60000,784,64,0,1007797285,-2611455073570894421
FLAT,fashion-control,single,60000,784,64,1,1001057966,-2611455073570894421
FLAT,fashion-control,single,60000,784,64,2,1002758415,-2611455073570894421
FLAT,fashion-control,single,60000,784,64,3,994053947,-2611455073570894421
FLAT,fashion-control,single,60000,784,64,4,992167856,-2611455073570894421
FLAT,fashion-control,single,60000,784,64,5,998199748,-2611455073570894421
FLAT,fashion-control,single,60000,784,64,6,974833241,-2611455073570894421
FLAT,fashion-control,batch,60000,784,64,0,196344549,-2611455073570894421
FLAT,fashion-control,batch,60000,784,64,1,194412799,-2611455073570894421
FLAT,fashion-control,batch,60000,784,64,2,193611723,-2611455073570894421
FLAT,fashion-control,batch,60000,784,64,3,182441784,-2611455073570894421
FLAT,fashion-control,batch,60000,784,64,4,193141626,-2611455073570894421
FLAT,fashion-control,batch,60000,784,64,5,195605977,-2611455073570894421
FLAT,fashion-control,batch,60000,784,64,6,195160757,-2611455073570894421
