WARNING: Using incubator modules: jdk.incubator.vector
Oct 04, 2026 2:42:14 AM com.integrallis.vectors.core.PanamaVectorUtilSupportProvider create
INFO: vectors-core: Using Panama Vector API SIMD provider (vector bits: 256)
Oct 04, 2026 2:42:14 AM com.integrallis.vectors.core.VectorizationProvider logActiveToggles
INFO: vectors-core: provider=PanamaVectorUtilSupport panama=true maxBits=256 preferredBits=256 fastVectorFMA=true fastScalarFMA=true sve=false ggufParallel=true ggufParallelThreshold=1048576 ggufExecutor=persistent ggufThreads=8 ggufChunksPerThread=2 mappedKQuantLongOffsets=auto(q4=true,q5=false,q6=false) q4ShortPairwiseSupported=true q4UnsignedPairwiseSupported=true toggles=[(defaults — no -Dvectors.* overrides)]
FLAT,glove,single,100000,100,1,0,2873246,7167697522366443656
FLAT,glove,single,100000,100,1,1,2974980,7167697522366443656
FLAT,glove,single,100000,100,1,2,2963823,7167697522366443656
FLAT,glove,single,100000,100,1,3,3917357,7167697522366443656
FLAT,glove,single,100000,100,1,4,2967318,7167697522366443656
FLAT,glove,single,100000,100,1,5,3039837,7167697522366443656
FLAT,glove,single,100000,100,1,6,2972745,7167697522366443656
FLAT,glove,batch,100000,100,1,0,4329108,7167697522366443656
FLAT,glove,batch,100000,100,1,1,2819586,7167697522366443656
FLAT,glove,batch,100000,100,1,2,2799706,7167697522366443656
FLAT,glove,batch,100000,100,1,3,2754527,7167697522366443656
FLAT,glove,batch,100000,100,1,4,2786866,7167697522366443656
FLAT,glove,batch,100000,100,1,5,2765825,7167697522366443656
FLAT,glove,batch,100000,100,1,6,2808188,7167697522366443656
FLAT,glove,single,100000,100,4,0,11460696,-5393426958338102730
FLAT,glove,single,100000,100,4,1,11593977,-5393426958338102730
FLAT,glove,single,100000,100,4,2,11648949,-5393426958338102730
FLAT,glove,single,100000,100,4,3,11629170,-5393426958338102730
FLAT,glove,single,100000,100,4,4,11637843,-5393426958338102730
FLAT,glove,single,100000,100,4,5,13584303,-5393426958338102730
FLAT,glove,single,100000,100,4,6,12390396,-5393426958338102730
FLAT,glove,batch,100000,100,4,0,4412765,-5393426958338102730
FLAT,glove,batch,100000,100,4,1,5853724,-5393426958338102730
FLAT,glove,batch,100000,100,4,2,4443320,-5393426958338102730
FLAT,glove,batch,100000,100,4,3,5012167,-5393426958338102730
FLAT,glove,batch,100000,100,4,4,4494467,-5393426958338102730
FLAT,glove,batch,100000,100,4,5,6162038,-5393426958338102730
FLAT,glove,batch,100000,100,4,6,4002937,-5393426958338102730
FLAT,glove,single,100000,100,16,0,45260208,-4616742646284636308
FLAT,glove,single,100000,100,16,1,46884843,-4616742646284636308
FLAT,glove,single,100000,100,16,2,47716576,-4616742646284636308
FLAT,glove,single,100000,100,16,3,45376422,-4616742646284636308
FLAT,glove,single,100000,100,16,4,45313938,-4616742646284636308
FLAT,glove,single,100000,100,16,5,45793651,-4616742646284636308
FLAT,glove,single,100000,100,16,6,46153642,-4616742646284636308
FLAT,glove,batch,100000,100,16,0,11540907,-4616742646284636308
FLAT,glove,batch,100000,100,16,1,10925591,-4616742646284636308
FLAT,glove,batch,100000,100,16,2,17575092,-4616742646284636308
FLAT,glove,batch,100000,100,16,3,13804405,-4616742646284636308
FLAT,glove,batch,100000,100,16,4,9357910,-4616742646284636308
FLAT,glove,batch,100000,100,16,5,9469549,-4616742646284636308
FLAT,glove,batch,100000,100,16,6,8964098,-4616742646284636308
FLAT,glove,single,100000,100,32,0,88672022,1177092119961519121
FLAT,glove,single,100000,100,32,1,88634755,1177092119961519121
FLAT,glove,single,100000,100,32,2,89021397,1177092119961519121
FLAT,glove,single,100000,100,32,3,88039680,1177092119961519121
FLAT,glove,single,100000,100,32,4,87631244,1177092119961519121
FLAT,glove,single,100000,100,32,5,87605797,1177092119961519121
FLAT,glove,single,100000,100,32,6,88846084,1177092119961519121
FLAT,glove,batch,100000,100,32,0,21881366,1177092119961519121
FLAT,glove,batch,100000,100,32,1,20750203,1177092119961519121
FLAT,glove,batch,100000,100,32,2,13747099,1177092119961519121
FLAT,glove,batch,100000,100,32,3,13712325,1177092119961519121
FLAT,glove,batch,100000,100,32,4,17653431,1177092119961519121
FLAT,glove,batch,100000,100,32,5,13668069,1177092119961519121
FLAT,glove,batch,100000,100,32,6,13701460,1177092119961519121
FLAT,glove,single,100000,100,64,0,177971709,7293109510488223649
FLAT,glove,single,100000,100,64,1,202675434,7293109510488223649
FLAT,glove,single,100000,100,64,2,176978573,7293109510488223649
FLAT,glove,single,100000,100,64,3,176505792,7293109510488223649
FLAT,glove,single,100000,100,64,4,176228814,7293109510488223649
FLAT,glove,single,100000,100,64,5,176258238,7293109510488223649
FLAT,glove,single,100000,100,64,6,175116028,7293109510488223649
FLAT,glove,batch,100000,100,64,0,26165147,7293109510488223649
FLAT,glove,batch,100000,100,64,1,24534131,7293109510488223649
FLAT,glove,batch,100000,100,64,2,25012020,7293109510488223649
FLAT,glove,batch,100000,100,64,3,25109126,7293109510488223649
FLAT,glove,batch,100000,100,64,4,24565419,7293109510488223649
FLAT,glove,batch,100000,100,64,5,26537407,7293109510488223649
FLAT,glove,batch,100000,100,64,6,61293738,7293109510488223649
