WARNING: A restricted method in java.lang.System has been called
WARNING: java.lang.System::load has been called by net.rubygrapefruit.platform.internal.NativeLibraryLoader in an unnamed module (file:/Users/briansam-bodden/.gradle/wrapper/dists/gradle-9.4.1-all/eckclv9s5vi9exbmnyvpg2a3h/gradle-9.4.1/lib/native-platform-0.22-milestone-29.jar)
WARNING: Use --enable-native-access=ALL-UNNAMED to avoid a warning for callers in this module
WARNING: Restricted methods will be blocked in a future release unless native access is enabled

> Task :vectors-hnsw:processResources NO-SOURCE
> Task :vectors-quantization:processResources NO-SOURCE
> Task :vectors-hnsw:processTestResources NO-SOURCE
> Task :vectors-storage:processResources NO-SOURCE
> Task :vectors-core:compileJava UP-TO-DATE
> Task :vectors-core:processResources UP-TO-DATE
> Task :vectors-core:classes UP-TO-DATE
> Task :vectors-core:jar UP-TO-DATE
> Task :vectors-storage:compileJava UP-TO-DATE
> Task :vectors-storage:classes UP-TO-DATE
> Task :vectors-storage:jar UP-TO-DATE
> Task :vectors-quantization:compileJava UP-TO-DATE
> Task :vectors-quantization:classes UP-TO-DATE
> Task :vectors-quantization:jar UP-TO-DATE
> Task :vectors-hnsw:compileJava UP-TO-DATE
> Task :vectors-hnsw:classes UP-TO-DATE

> Task :vectors-hnsw:compileTestJava FAILED
/Users/briansam-bodden/Code/java-ai/projects/vectors-perf-pr-20261003/vectors-hnsw/src/test/java/com/integrallis/vectors/hnsw/ExactScoreCacheTest.java:33: error: cannot find symbol
      ExactScoreCache cache = new ExactScoreCache();
      ^
  symbol:   class ExactScoreCache
  location: class ExactScoreCacheTest
/Users/briansam-bodden/Code/java-ai/projects/vectors-perf-pr-20261003/vectors-hnsw/src/test/java/com/integrallis/vectors/hnsw/ExactScoreCacheTest.java:33: error: cannot find symbol
      ExactScoreCache cache = new ExactScoreCache();
                                  ^
  symbol:   class ExactScoreCache
  location: class ExactScoreCacheTest
/Users/briansam-bodden/Code/java-ai/projects/vectors-perf-pr-20261003/vectors-hnsw/src/test/java/com/integrallis/vectors/hnsw/ExactScoreCacheTest.java:46: error: cannot find symbol
    ExactScoreCache cache = new ExactScoreCache();
    ^
  symbol:   class ExactScoreCache
  location: class ExactScoreCacheTest
/Users/briansam-bodden/Code/java-ai/projects/vectors-perf-pr-20261003/vectors-hnsw/src/test/java/com/integrallis/vectors/hnsw/ExactScoreCacheTest.java:46: error: cannot find symbol
    ExactScoreCache cache = new ExactScoreCache();
                                ^
  symbol:   class ExactScoreCache
  location: class ExactScoreCacheTest
/Users/briansam-bodden/Code/java-ai/projects/vectors-perf-pr-20261003/vectors-hnsw/src/test/java/com/integrallis/vectors/hnsw/ExactScoreCacheTest.java:48: error: cannot find symbol
      long key = ExactScoreCache.key(i, i + 1);
                 ^
  symbol:   variable ExactScoreCache
  location: class ExactScoreCacheTest
/Users/briansam-bodden/Code/java-ai/projects/vectors-perf-pr-20261003/vectors-hnsw/src/test/java/com/integrallis/vectors/hnsw/ExactScoreCacheTest.java:51: error: cannot find symbol
      assertEquals(key, ExactScoreCache.key(i + 1, i));
                        ^
  symbol:   variable ExactScoreCache
  location: class ExactScoreCacheTest
/Users/briansam-bodden/Code/java-ai/projects/vectors-perf-pr-20261003/vectors-hnsw/src/test/java/com/integrallis/vectors/hnsw/ExactScoreCacheTest.java:55: error: cannot find symbol
      float score = cache.get(ExactScoreCache.key(i, i + 1));
                              ^
  symbol:   variable ExactScoreCache
  location: class ExactScoreCacheTest
7 errors

[Incubating] Problems report is available at: file:///Users/briansam-bodden/Code/java-ai/projects/vectors-perf-pr-20261003/build/reports/problems/problems-report.html

FAILURE: Build failed with an exception.

* What went wrong:
Execution failed for task ':vectors-hnsw:compileTestJava'.
> Compilation failed; see the compiler output below.
  /Users/briansam-bodden/Code/java-ai/projects/vectors-perf-pr-20261003/vectors-hnsw/src/test/java/com/integrallis/vectors/hnsw/ExactScoreCacheTest.java:33: error: cannot find symbol
        ExactScoreCache cache = new ExactScoreCache();
        ^
    symbol:   class ExactScoreCache
    location: class ExactScoreCacheTest
  /Users/briansam-bodden/Code/java-ai/projects/vectors-perf-pr-20261003/vectors-hnsw/src/test/java/com/integrallis/vectors/hnsw/ExactScoreCacheTest.java:33: error: cannot find symbol
        ExactScoreCache cache = new ExactScoreCache();
                                    ^
    symbol:   class ExactScoreCache
    location: class ExactScoreCacheTest
  /Users/briansam-bodden/Code/java-ai/projects/vectors-perf-pr-20261003/vectors-hnsw/src/test/java/com/integrallis/vectors/hnsw/ExactScoreCacheTest.java:46: error: cannot find symbol
      ExactScoreCache cache = new ExactScoreCache();
      ^
    symbol:   class ExactScoreCache
    location: class ExactScoreCacheTest
  /Users/briansam-bodden/Code/java-ai/projects/vectors-perf-pr-20261003/vectors-hnsw/src/test/java/com/integrallis/vectors/hnsw/ExactScoreCacheTest.java:46: error: cannot find symbol
      ExactScoreCache cache = new ExactScoreCache();
                                  ^
    symbol:   class ExactScoreCache
    location: class ExactScoreCacheTest
  /Users/briansam-bodden/Code/java-ai/projects/vectors-perf-pr-20261003/vectors-hnsw/src/test/java/com/integrallis/vectors/hnsw/ExactScoreCacheTest.java:48: error: cannot find symbol
        long key = ExactScoreCache.key(i, i + 1);
                   ^
    symbol:   variable ExactScoreCache
    location: class ExactScoreCacheTest
  /Users/briansam-bodden/Code/java-ai/projects/vectors-perf-pr-20261003/vectors-hnsw/src/test/java/com/integrallis/vectors/hnsw/ExactScoreCacheTest.java:51: error: cannot find symbol
        assertEquals(key, ExactScoreCache.key(i + 1, i));
                          ^
    symbol:   variable ExactScoreCache
    location: class ExactScoreCacheTest
  /Users/briansam-bodden/Code/java-ai/projects/vectors-perf-pr-20261003/vectors-hnsw/src/test/java/com/integrallis/vectors/hnsw/ExactScoreCacheTest.java:55: error: cannot find symbol
        float score = cache.get(ExactScoreCache.key(i, i + 1));
                                ^
    symbol:   variable ExactScoreCache
    location: class ExactScoreCacheTest
  7 errors

* Try:
> Check your code and dependencies to fix the compilation error(s)
> Run with --scan to get full insights from a Build Scan (powered by Develocity).

BUILD FAILED in 2s
9 actionable tasks: 1 executed, 8 up-to-date
