WARNING: A restricted method in java.lang.System has been called
WARNING: java.lang.System::load has been called by net.rubygrapefruit.platform.internal.NativeLibraryLoader in an unnamed module (file:/Users/briansam-bodden/.gradle/wrapper/dists/gradle-9.4.1-all/eckclv9s5vi9exbmnyvpg2a3h/gradle-9.4.1/lib/native-platform-0.22-milestone-29.jar)
WARNING: Use --enable-native-access=ALL-UNNAMED to avoid a warning for callers in this module
WARNING: Restricted methods will be blocked in a future release unless native access is enabled

> Task :vectors-hnsw:processResources NO-SOURCE
> Task :vectors-quantization:processResources NO-SOURCE
> Task :vectors-storage:processResources NO-SOURCE
> Task :vectors-hnsw:processTestResources NO-SOURCE
> Task :vectors-core:compileJava UP-TO-DATE
> Task :vectors-core:processResources UP-TO-DATE
> Task :vectors-core:classes UP-TO-DATE
> Task :vectors-core:jar UP-TO-DATE
> Task :vectors-core:compileTestJava UP-TO-DATE
> Task :vectors-core:processTestResources UP-TO-DATE
> Task :vectors-core:testClasses UP-TO-DATE
> Task :vectors-storage:compileJava UP-TO-DATE
> Task :vectors-storage:classes UP-TO-DATE
> Task :vectors-storage:jar UP-TO-DATE
> Task :vectors-quantization:compileJava UP-TO-DATE
> Task :vectors-quantization:classes UP-TO-DATE
> Task :vectors-core:test UP-TO-DATE
> Task :vectors-quantization:jar UP-TO-DATE
> Task :vectors-hnsw:compileJava
> Task :vectors-hnsw:classes
> Task :vectors-hnsw:compileTestJava
> Task :vectors-hnsw:testClasses

> Task :vectors-hnsw:test
WARNING: Using incubator modules: jdk.incubator.vector
WARNING: Using incubator modules: jdk.incubator.vector
WARNING: Using incubator modules: jdk.incubator.vector

ExactScoreCacheTest > collisionsNeverReturnAnotherPairsScore() PASSED

BoundedConstructionTasksTest > appendSchedulesAtMostOneTaskPerWorkerAndRetainsCallerExecutor() PASSED

BoundedConstructionTasksTest > rejectsInvalidInPlaceInputsBeforeMutatingGraph() PASSED

ResultDrainTest > drainMatchesLegacyOrderAndRawScoresIncludingTies() PASSED

ExactScoreCacheTest > repeatPruningReusesExactScoresWithoutChangingSelectedEdges() PASSED

BUILD SUCCESSFUL in 6s
13 actionable tasks: 3 executed, 10 up-to-date
