F
======================================================================
FAIL: test_output_inside_checkout_is_rejected_without_creating_files (test_run.OutputIsolationTest.test_output_inside_checkout_is_rejected_without_creating_files)
----------------------------------------------------------------------
Traceback (most recent call last):
  File "/Users/briansam-bodden/Code/java-ai/projects/vectors-perf-pr-20261003/scripts/default-construction/test_run.py", line 22, in test_output_inside_checkout_is_rejected_without_creating_files
    self.assertEqual(2, result.returncode, result.stderr)
    ~~~~~~~~~~~~~~~~^^^^^^^^^^^^^^^^^^^^^^^^^^^^^^^^^^^^^
AssertionError: 2 != 1 : fatal: not a git repository (or any of the parent directories): .git
Traceback (most recent call last):
  File "/Users/briansam-bodden/Code/java-ai/projects/vectors-perf-pr-20261003/scripts/default-construction/run.py", line 116, in <module>
    main()
    ~~~~^^
  File "/Users/briansam-bodden/Code/java-ai/projects/vectors-perf-pr-20261003/scripts/default-construction/run.py", line 60, in main
    provenance[arm] = {"head": subprocess.check_output(["git", "rev-parse", "HEAD"], cwd=root, text=True).strip()}
                               ~~~~~~~~~~~~~~~~~~~~~~~^^^^^^^^^^^^^^^^^^^^^^^^^^^^^^^^^^^^^^^^^^^^^^^^^^^
  File "/usr/local/Cellar/python@3.14/3.14.7/Frameworks/Python.framework/Versions/3.14/lib/python3.14/subprocess.py", line 473, in check_output
    return run(*popenargs, stdout=PIPE, timeout=timeout, check=True,
           ~~~^^^^^^^^^^^^^^^^^^^^^^^^^^^^^^^^^^^^^^^^^^^^^^^^^^^^^^
               **kwargs).stdout
               ^^^^^^^^^
  File "/usr/local/Cellar/python@3.14/3.14.7/Frameworks/Python.framework/Versions/3.14/lib/python3.14/subprocess.py", line 578, in run
    raise CalledProcessError(retcode, process.args,
                             output=stdout, stderr=stderr)
subprocess.CalledProcessError: Command '['git', 'rev-parse', 'HEAD']' returned non-zero exit status 128.


----------------------------------------------------------------------
Ran 1 test in 0.471s

FAILED (failures=1)
