WARNING: Using incubator modules: jdk.incubator.vector
Oct 04, 2026 12:07:26 PM com.integrallis.vectors.core.PanamaVectorUtilSupportProvider create
INFO: vectors-core: Using Panama Vector API SIMD provider (vector bits: 256)
Oct 04, 2026 12:07:26 PM com.integrallis.vectors.core.VectorizationProvider logActiveToggles
INFO: vectors-core: provider=PanamaVectorUtilSupport panama=true maxBits=256 preferredBits=256 fastVectorFMA=true fastScalarFMA=true sve=false ggufParallel=true ggufParallelThreshold=1048576 ggufExecutor=persistent ggufThreads=8 ggufChunksPerThread=2 mappedKQuantLongOffsets=auto(q4=true,q5=false,q6=false) q4ShortPairwiseSupported=true q4UnsignedPairwiseSupported=true toggles=[(defaults — no -Dvectors.* overrides)]
WARMUP,dbpedia-hnsw-heap-ef32,51,3025227852
RESULT,dbpedia-hnsw-heap-ef32,0,150379406,2568531916850379253,1024
RESULT,dbpedia-hnsw-heap-ef32,1,151568653,2568531916850379253,1024
RESULT,dbpedia-hnsw-heap-ef32,2,148581467,2568531916850379253,1024
RESULT,dbpedia-hnsw-heap-ef32,3,148900396,2568531916850379253,1024
RESULT,dbpedia-hnsw-heap-ef32,4,148750174,2568531916850379253,1024
RESULT,dbpedia-hnsw-heap-ef32,5,149452971,2568531916850379253,1024
RESULT,dbpedia-hnsw-heap-ef32,6,149746490,2568531916850379253,1024
WARMUP,dbpedia-hnsw-heap-ef100,29,3057111323
RESULT,dbpedia-hnsw-heap-ef100,0,383325127,-1151034929600477385,1024
RESULT,dbpedia-hnsw-heap-ef100,1,383188973,-1151034929600477385,1024
RESULT,dbpedia-hnsw-heap-ef100,2,385910602,-1151034929600477385,1024
RESULT,dbpedia-hnsw-heap-ef100,3,383794940,-1151034929600477385,1024
RESULT,dbpedia-hnsw-heap-ef100,4,384560345,-1151034929600477385,1024
RESULT,dbpedia-hnsw-heap-ef100,5,384957060,-1151034929600477385,1024
RESULT,dbpedia-hnsw-heap-ef100,6,385123671,-1151034929600477385,1024
WARMUP,dbpedia-hnsw-heap-ef128,25,3085573603
RESULT,dbpedia-hnsw-heap-ef128,0,478754075,1214481890968209474,1024
RESULT,dbpedia-hnsw-heap-ef128,1,474896269,1214481890968209474,1024
RESULT,dbpedia-hnsw-heap-ef128,2,476267558,1214481890968209474,1024
RESULT,dbpedia-hnsw-heap-ef128,3,472692203,1214481890968209474,1024
RESULT,dbpedia-hnsw-heap-ef128,4,479184315,1214481890968209474,1024
RESULT,dbpedia-hnsw-heap-ef128,5,474896393,1214481890968209474,1024
RESULT,dbpedia-hnsw-heap-ef128,6,479332846,1214481890968209474,1024
WARMUP,dbpedia-hnsw-heap-ef512,12,4687131336
RESULT,dbpedia-hnsw-heap-ef512,0,1562477808,8024307117685650451,1024
RESULT,dbpedia-hnsw-heap-ef512,1,1557774622,8024307117685650451,1024
RESULT,dbpedia-hnsw-heap-ef512,2,1557811954,8024307117685650451,1024
RESULT,dbpedia-hnsw-heap-ef512,3,1559011172,8024307117685650451,1024
RESULT,dbpedia-hnsw-heap-ef512,4,1564062135,8024307117685650451,1024
RESULT,dbpedia-hnsw-heap-ef512,5,1562620577,8024307117685650451,1024
RESULT,dbpedia-hnsw-heap-ef512,6,1563217467,8024307117685650451,1024
WARMUP,dbpedia-hnsw-heap-filtered128,12,6670683436
RESULT,dbpedia-hnsw-heap-filtered128,0,2365195294,6837550417543234702,1024
RESULT,dbpedia-hnsw-heap-filtered128,1,2193869509,6837550417543234702,1024
RESULT,dbpedia-hnsw-heap-filtered128,2,2027428729,6837550417543234702,1024
RESULT,dbpedia-hnsw-heap-filtered128,3,2023555455,6837550417543234702,1024
RESULT,dbpedia-hnsw-heap-filtered128,4,2026143371,6837550417543234702,1024
RESULT,dbpedia-hnsw-heap-filtered128,5,2031874616,6837550417543234702,1024
RESULT,dbpedia-hnsw-heap-filtered128,6,2026200008,6837550417543234702,1024
