WARNING: Using incubator modules: jdk.incubator.vector
Oct 04, 2026 12:06:59 PM com.integrallis.vectors.core.PanamaVectorUtilSupportProvider create
INFO: vectors-core: Using Panama Vector API SIMD provider (vector bits: 256)
Oct 04, 2026 12:06:59 PM com.integrallis.vectors.core.VectorizationProvider logActiveToggles
INFO: vectors-core: provider=PanamaVectorUtilSupport panama=true maxBits=256 preferredBits=256 fastVectorFMA=true fastScalarFMA=true sve=false ggufParallel=true ggufParallelThreshold=1048576 ggufExecutor=persistent ggufThreads=8 ggufChunksPerThread=2 mappedKQuantLongOffsets=auto(q4=true,q5=false,q6=false) q4ShortPairwiseSupported=true q4UnsignedPairwiseSupported=true toggles=[(defaults — no -Dvectors.* overrides)]
WARMUP,glove-hnsw-heap-ef32,177,3005842789
RESULT,glove-hnsw-heap-ef32,0,41375236,968596850537911539,1024
RESULT,glove-hnsw-heap-ef32,1,41622789,968596850537911539,1024
RESULT,glove-hnsw-heap-ef32,2,41231517,968596850537911539,1024
RESULT,glove-hnsw-heap-ef32,3,39540781,968596850537911539,1024
RESULT,glove-hnsw-heap-ef32,4,39412540,968596850537911539,1024
RESULT,glove-hnsw-heap-ef32,5,39994179,968596850537911539,1024
RESULT,glove-hnsw-heap-ef32,6,39794033,968596850537911539,1024
WARMUP,glove-hnsw-heap-ef100,99,3021654264
RESULT,glove-hnsw-heap-ef100,0,106735602,8243387538707746299,1024
RESULT,glove-hnsw-heap-ef100,1,105941786,8243387538707746299,1024
RESULT,glove-hnsw-heap-ef100,2,107615169,8243387538707746299,1024
RESULT,glove-hnsw-heap-ef100,3,106523515,8243387538707746299,1024
RESULT,glove-hnsw-heap-ef100,4,107170416,8243387538707746299,1024
RESULT,glove-hnsw-heap-ef100,5,107209249,8243387538707746299,1024
RESULT,glove-hnsw-heap-ef100,6,106639170,8243387538707746299,1024
WARMUP,glove-hnsw-heap-ef128,89,3026090517
RESULT,glove-hnsw-heap-ef128,0,134883128,-2514401863691559910,1024
RESULT,glove-hnsw-heap-ef128,1,140079742,-2514401863691559910,1024
RESULT,glove-hnsw-heap-ef128,2,139799365,-2514401863691559910,1024
RESULT,glove-hnsw-heap-ef128,3,139513722,-2514401863691559910,1024
RESULT,glove-hnsw-heap-ef128,4,140140513,-2514401863691559910,1024
RESULT,glove-hnsw-heap-ef128,5,135330466,-2514401863691559910,1024
RESULT,glove-hnsw-heap-ef128,6,136316795,-2514401863691559910,1024
WARMUP,glove-hnsw-heap-ef512,26,3085058999
RESULT,glove-hnsw-heap-ef512,0,466998081,2109002028201814438,1024
RESULT,glove-hnsw-heap-ef512,1,470149745,2109002028201814438,1024
RESULT,glove-hnsw-heap-ef512,2,471093996,2109002028201814438,1024
RESULT,glove-hnsw-heap-ef512,3,468472537,2109002028201814438,1024
RESULT,glove-hnsw-heap-ef512,4,472978827,2109002028201814438,1024
RESULT,glove-hnsw-heap-ef512,5,466625268,2109002028201814438,1024
RESULT,glove-hnsw-heap-ef512,6,466894076,2109002028201814438,1024
WARMUP,glove-hnsw-heap-filtered128,15,3026824873
RESULT,glove-hnsw-heap-filtered128,0,824009578,4487054836497175703,1024
RESULT,glove-hnsw-heap-filtered128,1,834475332,4487054836497175703,1024
RESULT,glove-hnsw-heap-filtered128,2,823467582,4487054836497175703,1024
RESULT,glove-hnsw-heap-filtered128,3,808619866,4487054836497175703,1024
RESULT,glove-hnsw-heap-filtered128,4,657825292,4487054836497175703,1024
RESULT,glove-hnsw-heap-filtered128,5,658624600,4487054836497175703,1024
RESULT,glove-hnsw-heap-filtered128,6,659111434,4487054836497175703,1024
