WARNING: Using incubator modules: jdk.incubator.vector
Oct 04, 2026 12:06:32 PM com.integrallis.vectors.core.PanamaVectorUtilSupportProvider create
INFO: vectors-core: Using Panama Vector API SIMD provider (vector bits: 256)
Oct 04, 2026 12:06:32 PM com.integrallis.vectors.core.VectorizationProvider logActiveToggles
INFO: vectors-core: provider=PanamaVectorUtilSupport panama=true maxBits=256 preferredBits=256 fastVectorFMA=true fastScalarFMA=true sve=false ggufParallel=true ggufParallelThreshold=1048576 ggufExecutor=persistent ggufThreads=8 ggufChunksPerThread=2 mappedKQuantLongOffsets=auto(q4=true,q5=false,q6=false) q4ShortPairwiseSupported=true q4UnsignedPairwiseSupported=true toggles=[(defaults — no -Dvectors.* overrides)]
WARMUP,glove-hnsw-heap-ef32,177,3001463307
RESULT,glove-hnsw-heap-ef32,0,42025286,968596850537911539,1024
RESULT,glove-hnsw-heap-ef32,1,42242594,968596850537911539,1024
RESULT,glove-hnsw-heap-ef32,2,42211675,968596850537911539,1024
RESULT,glove-hnsw-heap-ef32,3,43275158,968596850537911539,1024
RESULT,glove-hnsw-heap-ef32,4,41810886,968596850537911539,1024
RESULT,glove-hnsw-heap-ef32,5,42898793,968596850537911539,1024
RESULT,glove-hnsw-heap-ef32,6,42200585,968596850537911539,1024
WARMUP,glove-hnsw-heap-ef100,101,3006202269
RESULT,glove-hnsw-heap-ef100,0,112443044,8243387538707746299,1024
RESULT,glove-hnsw-heap-ef100,1,109990029,8243387538707746299,1024
RESULT,glove-hnsw-heap-ef100,2,110265165,8243387538707746299,1024
RESULT,glove-hnsw-heap-ef100,3,110629366,8243387538707746299,1024
RESULT,glove-hnsw-heap-ef100,4,110842715,8243387538707746299,1024
RESULT,glove-hnsw-heap-ef100,5,109532173,8243387538707746299,1024
RESULT,glove-hnsw-heap-ef100,6,110652521,8243387538707746299,1024
WARMUP,glove-hnsw-heap-ef128,79,3007300341
RESULT,glove-hnsw-heap-ef128,0,144565380,-2514401863691559910,1024
RESULT,glove-hnsw-heap-ef128,1,138029179,-2514401863691559910,1024
RESULT,glove-hnsw-heap-ef128,2,137359876,-2514401863691559910,1024
RESULT,glove-hnsw-heap-ef128,3,142907364,-2514401863691559910,1024
RESULT,glove-hnsw-heap-ef128,4,143796138,-2514401863691559910,1024
RESULT,glove-hnsw-heap-ef128,5,145623672,-2514401863691559910,1024
RESULT,glove-hnsw-heap-ef128,6,145507123,-2514401863691559910,1024
WARMUP,glove-hnsw-heap-ef512,25,3098151435
RESULT,glove-hnsw-heap-ef512,0,488658836,2109002028201814438,1024
RESULT,glove-hnsw-heap-ef512,1,504174293,2109002028201814438,1024
RESULT,glove-hnsw-heap-ef512,2,502649368,2109002028201814438,1024
RESULT,glove-hnsw-heap-ef512,3,490729959,2109002028201814438,1024
RESULT,glove-hnsw-heap-ef512,4,481638574,2109002028201814438,1024
RESULT,glove-hnsw-heap-ef512,5,484234027,2109002028201814438,1024
RESULT,glove-hnsw-heap-ef512,6,490414882,2109002028201814438,1024
WARMUP,glove-hnsw-heap-filtered128,15,3028015558
RESULT,glove-hnsw-heap-filtered128,0,846468707,4487054836497175703,1024
RESULT,glove-hnsw-heap-filtered128,1,842617410,4487054836497175703,1024
RESULT,glove-hnsw-heap-filtered128,2,841299045,4487054836497175703,1024
RESULT,glove-hnsw-heap-filtered128,3,765176441,4487054836497175703,1024
RESULT,glove-hnsw-heap-filtered128,4,677921099,4487054836497175703,1024
RESULT,glove-hnsw-heap-filtered128,5,676356722,4487054836497175703,1024
RESULT,glove-hnsw-heap-filtered128,6,677738273,4487054836497175703,1024
