WARNING: Using incubator modules: jdk.incubator.vector
Oct 04, 2026 1:54:30 AM com.integrallis.vectors.core.PanamaVectorUtilSupportProvider create
INFO: vectors-core: Using Panama Vector API SIMD provider (vector bits: 256)
Oct 04, 2026 1:54:30 AM com.integrallis.vectors.core.VectorizationProvider logActiveToggles
INFO: vectors-core: provider=PanamaVectorUtilSupport panama=true maxBits=256 preferredBits=256 fastVectorFMA=true fastScalarFMA=true sve=false ggufParallel=true ggufParallelThreshold=1048576 ggufExecutor=persistent ggufThreads=8 ggufChunksPerThread=2 mappedKQuantLongOffsets=auto(q4=true,q5=false,q6=false) q4ShortPairwiseSupported=true q4UnsignedPairwiseSupported=true toggles=[(defaults — no -Dvectors.* overrides)]
BUILD,20000,8,91,EUCLIDEAN,2484100430,4f7388b84aae37bb64519c34369ae1999e5b4d3328ca4a02776ff0ba16cb2cb4
RECALL,32,2555,2560,0.99804688
SEARCH,32,0,20198538,324298707386447738
SEARCH,32,1,19934432,324298707386447738
SEARCH,32,2,19925538,324298707386447738
SEARCH,32,3,20177999,324298707386447738
SEARCH,32,4,20913956,324298707386447738
SEARCH,32,5,20802056,324298707386447738
SEARCH,32,6,30629943,324298707386447738
RECALL,128,2557,2560,0.99882813
SEARCH,128,0,53035773,9009019083437143038
SEARCH,128,1,54643722,9009019083437143038
SEARCH,128,2,53037706,9009019083437143038
SEARCH,128,3,52702491,9009019083437143038
SEARCH,128,4,52709031,9009019083437143038
SEARCH,128,5,52674450,9009019083437143038
SEARCH,128,6,53298147,9009019083437143038
RECALL,512,2557,2560,0.99882813
SEARCH,512,0,156677282,9009019083437143038
SEARCH,512,1,155077185,9009019083437143038
SEARCH,512,2,155311587,9009019083437143038
SEARCH,512,3,148858589,9009019083437143038
SEARCH,512,4,148950807,9009019083437143038
SEARCH,512,5,148487390,9009019083437143038
SEARCH,512,6,150289571,9009019083437143038
