WARNING: Using incubator modules: jdk.incubator.vector
Oct 04, 2026 1:54:20 AM com.integrallis.vectors.core.PanamaVectorUtilSupportProvider create
INFO: vectors-core: Using Panama Vector API SIMD provider (vector bits: 256)
Oct 04, 2026 1:54:20 AM com.integrallis.vectors.core.VectorizationProvider logActiveToggles
INFO: vectors-core: provider=PanamaVectorUtilSupport panama=true maxBits=256 preferredBits=256 fastVectorFMA=true fastScalarFMA=true sve=false ggufParallel=true ggufParallelThreshold=1048576 ggufExecutor=persistent ggufThreads=8 ggufChunksPerThread=2 mappedKQuantLongOffsets=auto(q4=true,q5=false,q6=false) q4ShortPairwiseSupported=true q4UnsignedPairwiseSupported=true toggles=[(defaults — no -Dvectors.* overrides)]
BUILD,20000,8,91,EUCLIDEAN,2671692163,2de6b0d70d64bfb0c8a82d6c1a7654601304fffe6d793372f66428059664918d
RECALL,32,2556,2560,0.99843750
SEARCH,32,0,20073461,-1303654397961543174
SEARCH,32,1,19430133,-1303654397961543174
SEARCH,32,2,20095243,-1303654397961543174
SEARCH,32,3,19960511,-1303654397961543174
SEARCH,32,4,20231879,-1303654397961543174
SEARCH,32,5,19963236,-1303654397961543174
SEARCH,32,6,30272485,-1303654397961543174
RECALL,128,2559,2560,0.99960938
SEARCH,128,0,51739523,-3259972503123915012
SEARCH,128,1,51833886,-3259972503123915012
SEARCH,128,2,53435504,-3259972503123915012
SEARCH,128,3,53157986,-3259972503123915012
SEARCH,128,4,51967936,-3259972503123915012
SEARCH,128,5,51584079,-3259972503123915012
SEARCH,128,6,54856011,-3259972503123915012
RECALL,512,2559,2560,0.99960938
SEARCH,512,0,154744456,-3259972503123915012
SEARCH,512,1,147682521,-3259972503123915012
SEARCH,512,2,149052542,-3259972503123915012
SEARCH,512,3,148750857,-3259972503123915012
SEARCH,512,4,149764072,-3259972503123915012
SEARCH,512,5,157267961,-3259972503123915012
SEARCH,512,6,152295170,-3259972503123915012
