WARNING: Using incubator modules: jdk.incubator.vector
Oct 04, 2026 1:54:10 AM com.integrallis.vectors.core.PanamaVectorUtilSupportProvider create
INFO: vectors-core: Using Panama Vector API SIMD provider (vector bits: 256)
Oct 04, 2026 1:54:10 AM com.integrallis.vectors.core.VectorizationProvider logActiveToggles
INFO: vectors-core: provider=PanamaVectorUtilSupport panama=true maxBits=256 preferredBits=256 fastVectorFMA=true fastScalarFMA=true sve=false ggufParallel=true ggufParallelThreshold=1048576 ggufExecutor=persistent ggufThreads=8 ggufChunksPerThread=2 mappedKQuantLongOffsets=auto(q4=true,q5=false,q6=false) q4ShortPairwiseSupported=true q4UnsignedPairwiseSupported=true toggles=[(defaults — no -Dvectors.* overrides)]
BUILD,20000,8,42,EUCLIDEAN,2559023650,de6616334411b45c8d1c52e6674988ef28757fb5ca3aa1d7b2f6ee6adb7baa4f
RECALL,32,2557,2560,0.99882813
SEARCH,32,0,19770926,7485865783781081837
SEARCH,32,1,19880200,7485865783781081837
SEARCH,32,2,29840366,7485865783781081837
SEARCH,32,3,19559397,7485865783781081837
SEARCH,32,4,19296973,7485865783781081837
SEARCH,32,5,19330083,7485865783781081837
SEARCH,32,6,19434259,7485865783781081837
RECALL,128,2559,2560,0.99960938
SEARCH,128,0,50479117,-2276157913877774479
SEARCH,128,1,50759439,-2276157913877774479
SEARCH,128,2,51004227,-2276157913877774479
SEARCH,128,3,51193752,-2276157913877774479
SEARCH,128,4,51648165,-2276157913877774479
SEARCH,128,5,52005163,-2276157913877774479
SEARCH,128,6,51814396,-2276157913877774479
RECALL,512,2559,2560,0.99960938
SEARCH,512,0,149058763,-2276157913877774479
SEARCH,512,1,149171182,-2276157913877774479
SEARCH,512,2,149432485,-2276157913877774479
SEARCH,512,3,149173124,-2276157913877774479
SEARCH,512,4,150025057,-2276157913877774479
SEARCH,512,5,151899167,-2276157913877774479
SEARCH,512,6,152652410,-2276157913877774479
