WARNING: Using incubator modules: jdk.incubator.vector
Oct 04, 2026 1:53:50 AM com.integrallis.vectors.core.PanamaVectorUtilSupportProvider create
INFO: vectors-core: Using Panama Vector API SIMD provider (vector bits: 256)
Oct 04, 2026 1:53:50 AM com.integrallis.vectors.core.VectorizationProvider logActiveToggles
INFO: vectors-core: provider=PanamaVectorUtilSupport panama=true maxBits=256 preferredBits=256 fastVectorFMA=true fastScalarFMA=true sve=false ggufParallel=true ggufParallelThreshold=1048576 ggufExecutor=persistent ggufThreads=8 ggufChunksPerThread=2 mappedKQuantLongOffsets=auto(q4=true,q5=false,q6=false) q4ShortPairwiseSupported=true q4UnsignedPairwiseSupported=true toggles=[(defaults — no -Dvectors.* overrides)]
BUILD,20000,8,17,EUCLIDEAN,2416648508,b0ed3ec08a8a3d446ff9e74732925c8940f328fa5e46d70c6f9367e82c61a352
RECALL,32,2551,2560,0.99648438
SEARCH,32,0,19456914,-237571531045193898
SEARCH,32,1,19845709,-237571531045193898
SEARCH,32,2,29411150,-237571531045193898
SEARCH,32,3,19453919,-237571531045193898
SEARCH,32,4,19225326,-237571531045193898
SEARCH,32,5,20026722,-237571531045193898
SEARCH,32,6,19666179,-237571531045193898
RECALL,128,2554,2560,0.99765625
SEARCH,128,0,52270224,-5776176739171975826
SEARCH,128,1,53446533,-5776176739171975826
SEARCH,128,2,51324159,-5776176739171975826
SEARCH,128,3,51291941,-5776176739171975826
SEARCH,128,4,51005060,-5776176739171975826
SEARCH,128,5,50690326,-5776176739171975826
SEARCH,128,6,51110287,-5776176739171975826
RECALL,512,2554,2560,0.99765625
SEARCH,512,0,154084868,-5776176739171975826
SEARCH,512,1,153975614,-5776176739171975826
SEARCH,512,2,150847538,-5776176739171975826
SEARCH,512,3,150083227,-5776176739171975826
SEARCH,512,4,151155070,-5776176739171975826
SEARCH,512,5,150217850,-5776176739171975826
SEARCH,512,6,147580091,-5776176739171975826
