WARNING: Using incubator modules: jdk.incubator.vector
Oct 04, 2026 1:52:44 AM com.integrallis.vectors.core.PanamaVectorUtilSupportProvider create
INFO: vectors-core: Using Panama Vector API SIMD provider (vector bits: 256)
Oct 04, 2026 1:52:44 AM com.integrallis.vectors.core.VectorizationProvider logActiveToggles
INFO: vectors-core: provider=PanamaVectorUtilSupport panama=true maxBits=256 preferredBits=256 fastVectorFMA=true fastScalarFMA=true sve=false ggufParallel=true ggufParallelThreshold=1048576 ggufExecutor=persistent ggufThreads=8 ggufChunksPerThread=2 mappedKQuantLongOffsets=auto(q4=true,q5=false,q6=false) q4ShortPairwiseSupported=true q4UnsignedPairwiseSupported=true toggles=[(defaults — no -Dvectors.* overrides)]
BUILD,20000,1,42,EUCLIDEAN,11458343929,8f54e45dd9fe150974fd354fcc93d1ea7bb134de57f5422f90746e0e3f91bd43
RECALL,32,2558,2560,0.99921875
SEARCH,32,0,20131551,6200385785143956348
SEARCH,32,1,20334395,6200385785143956348
SEARCH,32,2,30319880,6200385785143956348
SEARCH,32,3,20128676,6200385785143956348
SEARCH,32,4,20051731,6200385785143956348
SEARCH,32,5,19486480,6200385785143956348
SEARCH,32,6,19487891,6200385785143956348
RECALL,128,2560,2560,1.00000000
SEARCH,128,0,51559347,-3561637912514899968
SEARCH,128,1,52820495,-3561637912514899968
SEARCH,128,2,52471220,-3561637912514899968
SEARCH,128,3,52253152,-3561637912514899968
SEARCH,128,4,52862859,-3561637912514899968
SEARCH,128,5,53745938,-3561637912514899968
SEARCH,128,6,52576186,-3561637912514899968
RECALL,512,2560,2560,1.00000000
SEARCH,512,0,155403022,-3561637912514899968
SEARCH,512,1,151342173,-3561637912514899968
SEARCH,512,2,152479264,-3561637912514899968
SEARCH,512,3,157538065,-3561637912514899968
SEARCH,512,4,151668964,-3561637912514899968
SEARCH,512,5,153418176,-3561637912514899968
SEARCH,512,6,155804677,-3561637912514899968
