WARNING: Using incubator modules: jdk.incubator.vector
Oct 04, 2026 1:54:00 AM com.integrallis.vectors.core.PanamaVectorUtilSupportProvider create
INFO: vectors-core: Using Panama Vector API SIMD provider (vector bits: 256)
Oct 04, 2026 1:54:00 AM com.integrallis.vectors.core.VectorizationProvider logActiveToggles
INFO: vectors-core: provider=PanamaVectorUtilSupport panama=true maxBits=256 preferredBits=256 fastVectorFMA=true fastScalarFMA=true sve=false ggufParallel=true ggufParallelThreshold=1048576 ggufExecutor=persistent ggufThreads=8 ggufChunksPerThread=2 mappedKQuantLongOffsets=auto(q4=true,q5=false,q6=false) q4ShortPairwiseSupported=true q4UnsignedPairwiseSupported=true toggles=[(defaults — no -Dvectors.* overrides)]
BUILD,20000,8,42,EUCLIDEAN,2427428580,faa8993a891ab9de16265ade5af00da31c8475bfb37ba92f7a8c6a2f4b420956
RECALL,32,2558,2560,0.99921875
SEARCH,32,0,20209366,6200385785143956348
SEARCH,32,1,20371911,6200385785143956348
SEARCH,32,2,30435922,6200385785143956348
SEARCH,32,3,20864432,6200385785143956348
SEARCH,32,4,20434235,6200385785143956348
SEARCH,32,5,20025099,6200385785143956348
SEARCH,32,6,20503659,6200385785143956348
RECALL,128,2560,2560,1.00000000
SEARCH,128,0,50259056,-3561637912514899968
SEARCH,128,1,50759831,-3561637912514899968
SEARCH,128,2,50812490,-3561637912514899968
SEARCH,128,3,51302727,-3561637912514899968
SEARCH,128,4,54815313,-3561637912514899968
SEARCH,128,5,53756879,-3561637912514899968
SEARCH,128,6,51822189,-3561637912514899968
RECALL,512,2560,2560,1.00000000
SEARCH,512,0,147785368,-3561637912514899968
SEARCH,512,1,144312293,-3561637912514899968
SEARCH,512,2,153158101,-3561637912514899968
SEARCH,512,3,157585824,-3561637912514899968
SEARCH,512,4,156114901,-3561637912514899968
SEARCH,512,5,151741791,-3561637912514899968
SEARCH,512,6,150004348,-3561637912514899968
