WARNING: Using incubator modules: jdk.incubator.vector
Oct 04, 2026 1:52:25 AM com.integrallis.vectors.core.PanamaVectorUtilSupportProvider create
INFO: vectors-core: Using Panama Vector API SIMD provider (vector bits: 256)
Oct 04, 2026 1:52:25 AM com.integrallis.vectors.core.VectorizationProvider logActiveToggles
INFO: vectors-core: provider=PanamaVectorUtilSupport panama=true maxBits=256 preferredBits=256 fastVectorFMA=true fastScalarFMA=true sve=false ggufParallel=true ggufParallelThreshold=1048576 ggufExecutor=persistent ggufThreads=8 ggufChunksPerThread=2 mappedKQuantLongOffsets=auto(q4=true,q5=false,q6=false) q4ShortPairwiseSupported=true q4UnsignedPairwiseSupported=true toggles=[(defaults — no -Dvectors.* overrides)]
BUILD,20000,1,42,EUCLIDEAN,10998383624,8f54e45dd9fe150974fd354fcc93d1ea7bb134de57f5422f90746e0e3f91bd43
RECALL,32,2558,2560,0.99921875
SEARCH,32,0,20413716,6200385785143956348
SEARCH,32,1,20455749,6200385785143956348
SEARCH,32,2,32007190,6200385785143956348
SEARCH,32,3,21208523,6200385785143956348
SEARCH,32,4,21239509,6200385785143956348
SEARCH,32,5,20911184,6200385785143956348
SEARCH,32,6,20983403,6200385785143956348
RECALL,128,2560,2560,1.00000000
SEARCH,128,0,52111540,-3561637912514899968
SEARCH,128,1,51862494,-3561637912514899968
SEARCH,128,2,53272026,-3561637912514899968
SEARCH,128,3,57544975,-3561637912514899968
SEARCH,128,4,52779194,-3561637912514899968
SEARCH,128,5,53082330,-3561637912514899968
SEARCH,128,6,53040607,-3561637912514899968
RECALL,512,2560,2560,1.00000000
SEARCH,512,0,154466117,-3561637912514899968
SEARCH,512,1,156830473,-3561637912514899968
SEARCH,512,2,157154282,-3561637912514899968
SEARCH,512,3,152982825,-3561637912514899968
SEARCH,512,4,155414243,-3561637912514899968
SEARCH,512,5,161352188,-3561637912514899968
SEARCH,512,6,159183995,-3561637912514899968
