WARNING: Using incubator modules: jdk.incubator.vector
Oct 04, 2026 1:53:40 AM com.integrallis.vectors.core.PanamaVectorUtilSupportProvider create
INFO: vectors-core: Using Panama Vector API SIMD provider (vector bits: 256)
Oct 04, 2026 1:53:40 AM com.integrallis.vectors.core.VectorizationProvider logActiveToggles
INFO: vectors-core: provider=PanamaVectorUtilSupport panama=true maxBits=256 preferredBits=256 fastVectorFMA=true fastScalarFMA=true sve=false ggufParallel=true ggufParallelThreshold=1048576 ggufExecutor=persistent ggufThreads=8 ggufChunksPerThread=2 mappedKQuantLongOffsets=auto(q4=true,q5=false,q6=false) q4ShortPairwiseSupported=true q4UnsignedPairwiseSupported=true toggles=[(defaults — no -Dvectors.* overrides)]
BUILD,20000,8,17,EUCLIDEAN,2664995932,38806b6355106dcbad8913f50a52072104e1b45ba5dd2da6b0483b5929694824
RECALL,32,2554,2560,0.99765625
SEARCH,32,0,19584366,2977002519078787585
SEARCH,32,1,19975354,2977002519078787585
SEARCH,32,2,30225776,2977002519078787585
SEARCH,32,3,20649537,2977002519078787585
SEARCH,32,4,19926300,2977002519078787585
SEARCH,32,5,20088335,2977002519078787585
SEARCH,32,6,19987493,2977002519078787585
RECALL,128,2557,2560,0.99882813
SEARCH,128,0,53401766,-2561602689047994343
SEARCH,128,1,52236433,-2561602689047994343
SEARCH,128,2,55083997,-2561602689047994343
SEARCH,128,3,54112736,-2561602689047994343
SEARCH,128,4,52662714,-2561602689047994343
SEARCH,128,5,53332141,-2561602689047994343
SEARCH,128,6,52925029,-2561602689047994343
RECALL,512,2557,2560,0.99882813
SEARCH,512,0,151952122,-2561602689047994343
SEARCH,512,1,149656958,-2561602689047994343
SEARCH,512,2,150190401,-2561602689047994343
SEARCH,512,3,150876733,-2561602689047994343
SEARCH,512,4,151563647,-2561602689047994343
SEARCH,512,5,151160551,-2561602689047994343
SEARCH,512,6,151000889,-2561602689047994343
