WARNING: Using incubator modules: jdk.incubator.vector
Oct 04, 2026 1:53:21 AM com.integrallis.vectors.core.PanamaVectorUtilSupportProvider create
INFO: vectors-core: Using Panama Vector API SIMD provider (vector bits: 256)
Oct 04, 2026 1:53:22 AM com.integrallis.vectors.core.VectorizationProvider logActiveToggles
INFO: vectors-core: provider=PanamaVectorUtilSupport panama=true maxBits=256 preferredBits=256 fastVectorFMA=true fastScalarFMA=true sve=false ggufParallel=true ggufParallelThreshold=1048576 ggufExecutor=persistent ggufThreads=8 ggufChunksPerThread=2 mappedKQuantLongOffsets=auto(q4=true,q5=false,q6=false) q4ShortPairwiseSupported=true q4UnsignedPairwiseSupported=true toggles=[(defaults — no -Dvectors.* overrides)]
BUILD,20000,1,91,EUCLIDEAN,11069569348,df81a72b0da8841115fd214bc286465abdc88ddcc98adf8cfd849ca6614178eb
RECALL,32,2558,2560,0.99921875
SEARCH,32,0,19945280,6200385785143956348
SEARCH,32,1,20237448,6200385785143956348
SEARCH,32,2,20692904,6200385785143956348
SEARCH,32,3,20876610,6200385785143956348
SEARCH,32,4,20585492,6200385785143956348
SEARCH,32,5,20770070,6200385785143956348
SEARCH,32,6,30566250,6200385785143956348
RECALL,128,2560,2560,1.00000000
SEARCH,128,0,51717772,-3561637912514899968
SEARCH,128,1,51701720,-3561637912514899968
SEARCH,128,2,52816406,-3561637912514899968
SEARCH,128,3,52685690,-3561637912514899968
SEARCH,128,4,52798720,-3561637912514899968
SEARCH,128,5,52810548,-3561637912514899968
SEARCH,128,6,51888370,-3561637912514899968
RECALL,512,2560,2560,1.00000000
SEARCH,512,0,151982469,-3561637912514899968
SEARCH,512,1,151469477,-3561637912514899968
SEARCH,512,2,153827194,-3561637912514899968
SEARCH,512,3,152696121,-3561637912514899968
SEARCH,512,4,152550383,-3561637912514899968
SEARCH,512,5,152580398,-3561637912514899968
SEARCH,512,6,151794526,-3561637912514899968
