WARNING: Using incubator modules: jdk.incubator.vector
Oct 04, 2026 1:51:47 AM com.integrallis.vectors.core.PanamaVectorUtilSupportProvider create
INFO: vectors-core: Using Panama Vector API SIMD provider (vector bits: 256)
Oct 04, 2026 1:51:47 AM com.integrallis.vectors.core.VectorizationProvider logActiveToggles
INFO: vectors-core: provider=PanamaVectorUtilSupport panama=true maxBits=256 preferredBits=256 fastVectorFMA=true fastScalarFMA=true sve=false ggufParallel=true ggufParallelThreshold=1048576 ggufExecutor=persistent ggufThreads=8 ggufChunksPerThread=2 mappedKQuantLongOffsets=auto(q4=true,q5=false,q6=false) q4ShortPairwiseSupported=true q4UnsignedPairwiseSupported=true toggles=[(defaults — no -Dvectors.* overrides)]
BUILD,20000,1,17,EUCLIDEAN,11158203855,5e17bbac933c3014e23905260eff5113dbb6e82c6b9221d1d6a5df41195c4946
RECALL,32,2557,2560,0.99882813
SEARCH,32,0,21890108,1976967295611881960
SEARCH,32,1,20413787,1976967295611881960
SEARCH,32,2,30574896,1976967295611881960
SEARCH,32,3,20643582,1976967295611881960
SEARCH,32,4,21380862,1976967295611881960
SEARCH,32,5,20777413,1976967295611881960
SEARCH,32,6,20483592,1976967295611881960
RECALL,128,2560,2560,1.00000000
SEARCH,128,0,51672221,-3561637912514899968
SEARCH,128,1,51615607,-3561637912514899968
SEARCH,128,2,51426711,-3561637912514899968
SEARCH,128,3,51198189,-3561637912514899968
SEARCH,128,4,50632908,-3561637912514899968
SEARCH,128,5,49790120,-3561637912514899968
SEARCH,128,6,49209355,-3561637912514899968
RECALL,512,2560,2560,1.00000000
SEARCH,512,0,151832513,-3561637912514899968
SEARCH,512,1,149132550,-3561637912514899968
SEARCH,512,2,149325150,-3561637912514899968
SEARCH,512,3,148910366,-3561637912514899968
SEARCH,512,4,151393071,-3561637912514899968
SEARCH,512,5,153755044,-3561637912514899968
SEARCH,512,6,152999319,-3561637912514899968
