WARNING: Using incubator modules: jdk.incubator.vector
Oct 04, 2026 1:50:14 AM com.integrallis.vectors.core.PanamaVectorUtilSupportProvider create
INFO: vectors-core: Using Panama Vector API SIMD provider (vector bits: 256)
Oct 04, 2026 1:50:14 AM com.integrallis.vectors.core.VectorizationProvider logActiveToggles
INFO: vectors-core: provider=PanamaVectorUtilSupport panama=true maxBits=256 preferredBits=256 fastVectorFMA=true fastScalarFMA=true sve=false ggufParallel=true ggufParallelThreshold=1048576 ggufExecutor=persistent ggufThreads=8 ggufChunksPerThread=2 mappedKQuantLongOffsets=auto(q4=true,q5=false,q6=false) q4ShortPairwiseSupported=true q4UnsignedPairwiseSupported=true toggles=[(defaults — no -Dvectors.* overrides)]
BUILD,20000,1,91,COSINE,12324064945,5b42b82a4d3ce9e5b429e061f698becc292b08274f0389707b8bad90c2f4b837
RECALL,32,2150,2560,0.83984375
SEARCH,32,0,10478639,-325768441349220300
SEARCH,32,1,10486711,-325768441349220300
SEARCH,32,2,10516465,-325768441349220300
SEARCH,32,3,10556707,-325768441349220300
SEARCH,32,4,10491679,-325768441349220300
SEARCH,32,5,10613240,-325768441349220300
SEARCH,32,6,20359859,-325768441349220300
RECALL,128,2471,2560,0.96523438
SEARCH,128,0,35395726,-3515015949814356388
SEARCH,128,1,36128338,-3515015949814356388
SEARCH,128,2,36927229,-3515015949814356388
SEARCH,128,3,36107015,-3515015949814356388
SEARCH,128,4,35840494,-3515015949814356388
SEARCH,128,5,35660754,-3515015949814356388
SEARCH,128,6,36591475,-3515015949814356388
RECALL,512,2559,2560,0.99960938
SEARCH,512,0,128107994,-3393181892428397400
SEARCH,512,1,127818267,-3393181892428397400
SEARCH,512,2,125232616,-3393181892428397400
SEARCH,512,3,124351420,-3393181892428397400
SEARCH,512,4,125356683,-3393181892428397400
SEARCH,512,5,124972554,-3393181892428397400
SEARCH,512,6,125198495,-3393181892428397400
