WARNING: Using incubator modules: jdk.incubator.vector
Oct 04, 2026 1:51:38 AM com.integrallis.vectors.core.PanamaVectorUtilSupportProvider create
INFO: vectors-core: Using Panama Vector API SIMD provider (vector bits: 256)
Oct 04, 2026 1:51:38 AM com.integrallis.vectors.core.VectorizationProvider logActiveToggles
INFO: vectors-core: provider=PanamaVectorUtilSupport panama=true maxBits=256 preferredBits=256 fastVectorFMA=true fastScalarFMA=true sve=false ggufParallel=true ggufParallelThreshold=1048576 ggufExecutor=persistent ggufThreads=8 ggufChunksPerThread=2 mappedKQuantLongOffsets=auto(q4=true,q5=false,q6=false) q4ShortPairwiseSupported=true q4UnsignedPairwiseSupported=true toggles=[(defaults — no -Dvectors.* overrides)]
BUILD,20000,8,91,COSINE,2419635460,d7fa2ceeae6511426627282e0210680f31aafa72d74e2c2e7e8a00fd629462c6
RECALL,32,2143,2560,0.83710938
SEARCH,32,0,10307169,-2043414108281405014
SEARCH,32,1,10172486,-2043414108281405014
SEARCH,32,2,10161210,-2043414108281405014
SEARCH,32,3,10307690,-2043414108281405014
SEARCH,32,4,10061119,-2043414108281405014
SEARCH,32,5,10101740,-2043414108281405014
SEARCH,32,6,20063641,-2043414108281405014
RECALL,128,2466,2560,0.96328125
SEARCH,128,0,34446713,-139553644162625946
SEARCH,128,1,37690785,-139553644162625946
SEARCH,128,2,34623670,-139553644162625946
SEARCH,128,3,34908908,-139553644162625946
SEARCH,128,4,35885989,-139553644162625946
SEARCH,128,5,36702557,-139553644162625946
SEARCH,128,6,36205910,-139553644162625946
RECALL,512,2557,2560,0.99882813
SEARCH,512,0,119051079,-917981820667409363
SEARCH,512,1,117905436,-917981820667409363
SEARCH,512,2,118412038,-917981820667409363
SEARCH,512,3,117861138,-917981820667409363
SEARCH,512,4,119018681,-917981820667409363
SEARCH,512,5,118907934,-917981820667409363
SEARCH,512,6,122699229,-917981820667409363
