WARNING: Using incubator modules: jdk.incubator.vector
Oct 04, 2026 1:51:28 AM com.integrallis.vectors.core.PanamaVectorUtilSupportProvider create
INFO: vectors-core: Using Panama Vector API SIMD provider (vector bits: 256)
Oct 04, 2026 1:51:28 AM com.integrallis.vectors.core.VectorizationProvider logActiveToggles
INFO: vectors-core: provider=PanamaVectorUtilSupport panama=true maxBits=256 preferredBits=256 fastVectorFMA=true fastScalarFMA=true sve=false ggufParallel=true ggufParallelThreshold=1048576 ggufExecutor=persistent ggufThreads=8 ggufChunksPerThread=2 mappedKQuantLongOffsets=auto(q4=true,q5=false,q6=false) q4ShortPairwiseSupported=true q4UnsignedPairwiseSupported=true toggles=[(defaults — no -Dvectors.* overrides)]
BUILD,20000,8,91,COSINE,2576689270,d933c89d5a4d8f30696f8c511288961a16ada494cef90acffadc3b66eddbc2c9
RECALL,32,2144,2560,0.83750000
SEARCH,32,0,10099978,5138020120809091231
SEARCH,32,1,10091074,5138020120809091231
SEARCH,32,2,10084305,5138020120809091231
SEARCH,32,3,10084364,5138020120809091231
SEARCH,32,4,10106599,5138020120809091231
SEARCH,32,5,10098035,5138020120809091231
SEARCH,32,6,19756539,5138020120809091231
RECALL,128,2468,2560,0.96406250
SEARCH,128,0,35177924,-5444301283972553492
SEARCH,128,1,35258436,-5444301283972553492
SEARCH,128,2,35131554,-5444301283972553492
SEARCH,128,3,35514369,-5444301283972553492
SEARCH,128,4,36668628,-5444301283972553492
SEARCH,128,5,35768872,-5444301283972553492
SEARCH,128,6,34674146,-5444301283972553492
RECALL,512,2558,2560,0.99921875
SEARCH,512,0,125038160,-8182680175503602078
SEARCH,512,1,124380240,-8182680175503602078
SEARCH,512,2,126612269,-8182680175503602078
SEARCH,512,3,132420359,-8182680175503602078
SEARCH,512,4,131017408,-8182680175503602078
SEARCH,512,5,129494896,-8182680175503602078
SEARCH,512,6,125485833,-8182680175503602078
