WARNING: Using incubator modules: jdk.incubator.vector
Oct 04, 2026 1:49:55 AM com.integrallis.vectors.core.PanamaVectorUtilSupportProvider create
INFO: vectors-core: Using Panama Vector API SIMD provider (vector bits: 256)
Oct 04, 2026 1:49:55 AM com.integrallis.vectors.core.VectorizationProvider logActiveToggles
INFO: vectors-core: provider=PanamaVectorUtilSupport panama=true maxBits=256 preferredBits=256 fastVectorFMA=true fastScalarFMA=true sve=false ggufParallel=true ggufParallelThreshold=1048576 ggufExecutor=persistent ggufThreads=8 ggufChunksPerThread=2 mappedKQuantLongOffsets=auto(q4=true,q5=false,q6=false) q4ShortPairwiseSupported=true q4UnsignedPairwiseSupported=true toggles=[(defaults — no -Dvectors.* overrides)]
BUILD,20000,1,42,COSINE,12072395877,30b41c88f00a7cdcbb98b1299cf8f346e61714e1dd9d084cd4335baaf90e1a3a
RECALL,32,2132,2560,0.83281250
SEARCH,32,0,11125242,5450776964305403201
SEARCH,32,1,11191301,5450776964305403201
SEARCH,32,2,20270415,5450776964305403201
SEARCH,32,3,10543517,5450776964305403201
SEARCH,32,4,10306630,5450776964305403201
SEARCH,32,5,10189304,5450776964305403201
SEARCH,32,6,10135433,5450776964305403201
RECALL,128,2476,2560,0.96718750
SEARCH,128,0,33994498,-7506385398258259220
SEARCH,128,1,34074800,-7506385398258259220
SEARCH,128,2,35326072,-7506385398258259220
SEARCH,128,3,34776134,-7506385398258259220
SEARCH,128,4,34364685,-7506385398258259220
SEARCH,128,5,34234289,-7506385398258259220
SEARCH,128,6,34600750,-7506385398258259220
RECALL,512,2559,2560,0.99960938
SEARCH,512,0,121834647,3946214327104709544
SEARCH,512,1,123142865,3946214327104709544
SEARCH,512,2,123349336,3946214327104709544
SEARCH,512,3,124836705,3946214327104709544
SEARCH,512,4,127540885,3946214327104709544
SEARCH,512,5,121526413,3946214327104709544
SEARCH,512,6,123867065,3946214327104709544
