WARNING: Using incubator modules: jdk.incubator.vector
Oct 04, 2026 1:49:37 AM com.integrallis.vectors.core.PanamaVectorUtilSupportProvider create
INFO: vectors-core: Using Panama Vector API SIMD provider (vector bits: 256)
Oct 04, 2026 1:49:37 AM com.integrallis.vectors.core.VectorizationProvider logActiveToggles
INFO: vectors-core: provider=PanamaVectorUtilSupport panama=true maxBits=256 preferredBits=256 fastVectorFMA=true fastScalarFMA=true sve=false ggufParallel=true ggufParallelThreshold=1048576 ggufExecutor=persistent ggufThreads=8 ggufChunksPerThread=2 mappedKQuantLongOffsets=auto(q4=true,q5=false,q6=false) q4ShortPairwiseSupported=true q4UnsignedPairwiseSupported=true toggles=[(defaults — no -Dvectors.* overrides)]
BUILD,20000,1,42,COSINE,12018483324,30b41c88f00a7cdcbb98b1299cf8f346e61714e1dd9d084cd4335baaf90e1a3a
RECALL,32,2132,2560,0.83281250
SEARCH,32,0,10263506,5450776964305403201
SEARCH,32,1,10229024,5450776964305403201
SEARCH,32,2,20796868,5450776964305403201
SEARCH,32,3,10424569,5450776964305403201
SEARCH,32,4,11835702,5450776964305403201
SEARCH,32,5,10400491,5450776964305403201
SEARCH,32,6,10369525,5450776964305403201
RECALL,128,2476,2560,0.96718750
SEARCH,128,0,34612119,-7506385398258259220
SEARCH,128,1,34413250,-7506385398258259220
SEARCH,128,2,34628273,-7506385398258259220
SEARCH,128,3,34855295,-7506385398258259220
SEARCH,128,4,35196689,-7506385398258259220
SEARCH,128,5,35549139,-7506385398258259220
SEARCH,128,6,34655825,-7506385398258259220
RECALL,512,2559,2560,0.99960938
SEARCH,512,0,120887435,3946214327104709544
SEARCH,512,1,121169390,3946214327104709544
SEARCH,512,2,122890840,3946214327104709544
SEARCH,512,3,123532426,3946214327104709544
SEARCH,512,4,122908056,3946214327104709544
SEARCH,512,5,124394754,3946214327104709544
SEARCH,512,6,121800069,3946214327104709544
