WARNING: Using incubator modules: jdk.incubator.vector
Oct 04, 2026 1:51:19 AM com.integrallis.vectors.core.PanamaVectorUtilSupportProvider create
INFO: vectors-core: Using Panama Vector API SIMD provider (vector bits: 256)
Oct 04, 2026 1:51:19 AM com.integrallis.vectors.core.VectorizationProvider logActiveToggles
INFO: vectors-core: provider=PanamaVectorUtilSupport panama=true maxBits=256 preferredBits=256 fastVectorFMA=true fastScalarFMA=true sve=false ggufParallel=true ggufParallelThreshold=1048576 ggufExecutor=persistent ggufThreads=8 ggufChunksPerThread=2 mappedKQuantLongOffsets=auto(q4=true,q5=false,q6=false) q4ShortPairwiseSupported=true q4UnsignedPairwiseSupported=true toggles=[(defaults — no -Dvectors.* overrides)]
BUILD,20000,8,42,COSINE,2617940822,610a7c523336183d022f9ae368318ac4b67a4ded6910a8587b6310f856377ee0
RECALL,32,2132,2560,0.83281250
SEARCH,32,0,10322162,2572488638051141453
SEARCH,32,1,10123774,2572488638051141453
SEARCH,32,2,19967887,2572488638051141453
SEARCH,32,3,10707742,2572488638051141453
SEARCH,32,4,10389864,2572488638051141453
SEARCH,32,5,10097745,2572488638051141453
SEARCH,32,6,10107319,2572488638051141453
RECALL,128,2476,2560,0.96718750
SEARCH,128,0,33969075,1797116071233514775
SEARCH,128,1,34485502,1797116071233514775
SEARCH,128,2,34679124,1797116071233514775
SEARCH,128,3,34574727,1797116071233514775
SEARCH,128,4,34074544,1797116071233514775
SEARCH,128,5,34337069,1797116071233514775
SEARCH,128,6,34035185,1797116071233514775
RECALL,512,2558,2560,0.99921875
SEARCH,512,0,120307403,2547522157123300796
SEARCH,512,1,122523288,2547522157123300796
SEARCH,512,2,120108765,2547522157123300796
SEARCH,512,3,118537049,2547522157123300796
SEARCH,512,4,121129811,2547522157123300796
SEARCH,512,5,121797305,2547522157123300796
SEARCH,512,6,122837130,2547522157123300796
