WARNING: Using incubator modules: jdk.incubator.vector
Oct 04, 2026 1:48:59 AM com.integrallis.vectors.core.PanamaVectorUtilSupportProvider create
INFO: vectors-core: Using Panama Vector API SIMD provider (vector bits: 256)
Oct 04, 2026 1:48:59 AM com.integrallis.vectors.core.VectorizationProvider logActiveToggles
INFO: vectors-core: provider=PanamaVectorUtilSupport panama=true maxBits=256 preferredBits=256 fastVectorFMA=true fastScalarFMA=true sve=false ggufParallel=true ggufParallelThreshold=1048576 ggufExecutor=persistent ggufThreads=8 ggufChunksPerThread=2 mappedKQuantLongOffsets=auto(q4=true,q5=false,q6=false) q4ShortPairwiseSupported=true q4UnsignedPairwiseSupported=true toggles=[(defaults — no -Dvectors.* overrides)]
BUILD,20000,1,17,COSINE,12392185300,9cc3283087a3fcbc56526226fb7d9a6fb22d40bc2aa724c02d3982e97dcc684e
RECALL,32,2139,2560,0.83554688
SEARCH,32,0,10206610,968596850537911539
SEARCH,32,1,10269354,968596850537911539
SEARCH,32,2,20451839,968596850537911539
SEARCH,32,3,10788547,968596850537911539
SEARCH,32,4,10334464,968596850537911539
SEARCH,32,5,10220261,968596850537911539
SEARCH,32,6,10434935,968596850537911539
RECALL,128,2469,2560,0.96445313
SEARCH,128,0,35445906,-2514401863691559910
SEARCH,128,1,35312194,-2514401863691559910
SEARCH,128,2,36115804,-2514401863691559910
SEARCH,128,3,35765987,-2514401863691559910
SEARCH,128,4,36129675,-2514401863691559910
SEARCH,128,5,35293256,-2514401863691559910
SEARCH,128,6,35155269,-2514401863691559910
RECALL,512,2559,2560,0.99960938
SEARCH,512,0,127398434,2109002028201814438
SEARCH,512,1,128653493,2109002028201814438
SEARCH,512,2,127267306,2109002028201814438
SEARCH,512,3,126764740,2109002028201814438
SEARCH,512,4,124272208,2109002028201814438
SEARCH,512,5,126568885,2109002028201814438
SEARCH,512,6,123665395,2109002028201814438
