WARNING: Using incubator modules: jdk.incubator.vector
Oct 04, 2026 1:51:10 AM com.integrallis.vectors.core.PanamaVectorUtilSupportProvider create
INFO: vectors-core: Using Panama Vector API SIMD provider (vector bits: 256)
Oct 04, 2026 1:51:10 AM com.integrallis.vectors.core.VectorizationProvider logActiveToggles
INFO: vectors-core: provider=PanamaVectorUtilSupport panama=true maxBits=256 preferredBits=256 fastVectorFMA=true fastScalarFMA=true sve=false ggufParallel=true ggufParallelThreshold=1048576 ggufExecutor=persistent ggufThreads=8 ggufChunksPerThread=2 mappedKQuantLongOffsets=auto(q4=true,q5=false,q6=false) q4ShortPairwiseSupported=true q4UnsignedPairwiseSupported=true toggles=[(defaults — no -Dvectors.* overrides)]
BUILD,20000,8,42,COSINE,2374356002,5fd700b167d332fc3c1360e63b99619bd57a4b15c1c2b76cf63c93ac97696b3e
RECALL,32,2133,2560,0.83320313
SEARCH,32,0,10652790,-2625590902498707499
SEARCH,32,1,10365998,-2625590902498707499
SEARCH,32,2,20836965,-2625590902498707499
SEARCH,32,3,10411848,-2625590902498707499
SEARCH,32,4,10340139,-2625590902498707499
SEARCH,32,5,10508302,-2625590902498707499
SEARCH,32,6,10603597,-2625590902498707499
RECALL,128,2475,2560,0.96679688
SEARCH,128,0,35401832,-1714502667955530015
SEARCH,128,1,35139006,-1714502667955530015
SEARCH,128,2,34328567,-1714502667955530015
SEARCH,128,3,34778975,-1714502667955530015
SEARCH,128,4,34636390,-1714502667955530015
SEARCH,128,5,34424110,-1714502667955530015
SEARCH,128,6,34725754,-1714502667955530015
RECALL,512,2558,2560,0.99921875
SEARCH,512,0,119844999,2547522157123300796
SEARCH,512,1,121250424,2547522157123300796
SEARCH,512,2,121869035,2547522157123300796
SEARCH,512,3,123691879,2547522157123300796
SEARCH,512,4,122687307,2547522157123300796
SEARCH,512,5,121842755,2547522157123300796
SEARCH,512,6,122889340,2547522157123300796
