WARNING: Using incubator modules: jdk.incubator.vector
Oct 04, 2026 1:49:18 AM com.integrallis.vectors.core.PanamaVectorUtilSupportProvider create
INFO: vectors-core: Using Panama Vector API SIMD provider (vector bits: 256)
Oct 04, 2026 1:49:19 AM com.integrallis.vectors.core.VectorizationProvider logActiveToggles
INFO: vectors-core: provider=PanamaVectorUtilSupport panama=true maxBits=256 preferredBits=256 fastVectorFMA=true fastScalarFMA=true sve=false ggufParallel=true ggufParallelThreshold=1048576 ggufExecutor=persistent ggufThreads=8 ggufChunksPerThread=2 mappedKQuantLongOffsets=auto(q4=true,q5=false,q6=false) q4ShortPairwiseSupported=true q4UnsignedPairwiseSupported=true toggles=[(defaults — no -Dvectors.* overrides)]
BUILD,20000,1,17,COSINE,11890879793,9cc3283087a3fcbc56526226fb7d9a6fb22d40bc2aa724c02d3982e97dcc684e
RECALL,32,2139,2560,0.83554688
SEARCH,32,0,10371909,968596850537911539
SEARCH,32,1,10334023,968596850537911539
SEARCH,32,2,20264918,968596850537911539
SEARCH,32,3,11062038,968596850537911539
SEARCH,32,4,10841976,968596850537911539
SEARCH,32,5,10588705,968596850537911539
SEARCH,32,6,10569426,968596850537911539
RECALL,128,2469,2560,0.96445313
SEARCH,128,0,35373496,-2514401863691559910
SEARCH,128,1,34610697,-2514401863691559910
SEARCH,128,2,36122803,-2514401863691559910
SEARCH,128,3,34818580,-2514401863691559910
SEARCH,128,4,34537708,-2514401863691559910
SEARCH,128,5,34355404,-2514401863691559910
SEARCH,128,6,34313361,-2514401863691559910
RECALL,512,2559,2560,0.99960938
SEARCH,512,0,121858533,2109002028201814438
SEARCH,512,1,122681350,2109002028201814438
SEARCH,512,2,124039284,2109002028201814438
SEARCH,512,3,124195679,2109002028201814438
SEARCH,512,4,123485890,2109002028201814438
SEARCH,512,5,125308784,2109002028201814438
SEARCH,512,6,122733818,2109002028201814438
