WARNING: Using incubator modules: jdk.incubator.vector
Oct 04, 2026 1:50:33 AM com.integrallis.vectors.core.PanamaVectorUtilSupportProvider create
INFO: vectors-core: Using Panama Vector API SIMD provider (vector bits: 256)
Oct 04, 2026 1:50:33 AM com.integrallis.vectors.core.VectorizationProvider logActiveToggles
INFO: vectors-core: provider=PanamaVectorUtilSupport panama=true maxBits=256 preferredBits=256 fastVectorFMA=true fastScalarFMA=true sve=false ggufParallel=true ggufParallelThreshold=1048576 ggufExecutor=persistent ggufThreads=8 ggufChunksPerThread=2 mappedKQuantLongOffsets=auto(q4=true,q5=false,q6=false) q4ShortPairwiseSupported=true q4UnsignedPairwiseSupported=true toggles=[(defaults — no -Dvectors.* overrides)]
BUILD,20000,1,91,COSINE,12090407331,5b42b82a4d3ce9e5b429e061f698becc292b08274f0389707b8bad90c2f4b837
RECALL,32,2150,2560,0.83984375
SEARCH,32,0,10640232,-325768441349220300
SEARCH,32,1,10366930,-325768441349220300
SEARCH,32,2,10507932,-325768441349220300
SEARCH,32,3,10276764,-325768441349220300
SEARCH,32,4,10258287,-325768441349220300
SEARCH,32,5,10122252,-325768441349220300
SEARCH,32,6,19726044,-325768441349220300
RECALL,128,2471,2560,0.96523438
SEARCH,128,0,34593146,-3515015949814356388
SEARCH,128,1,34466736,-3515015949814356388
SEARCH,128,2,35007410,-3515015949814356388
SEARCH,128,3,35303806,-3515015949814356388
SEARCH,128,4,35415975,-3515015949814356388
SEARCH,128,5,35127520,-3515015949814356388
SEARCH,128,6,34972127,-3515015949814356388
RECALL,512,2559,2560,0.99960938
SEARCH,512,0,122600391,-3393181892428397400
SEARCH,512,1,124614081,-3393181892428397400
SEARCH,512,2,124044864,-3393181892428397400
SEARCH,512,3,123422499,-3393181892428397400
SEARCH,512,4,124500671,-3393181892428397400
SEARCH,512,5,125431572,-3393181892428397400
SEARCH,512,6,122739019,-3393181892428397400
