WARNING: Using incubator modules: jdk.incubator.vector
Oct 04, 2026 1:50:52 AM com.integrallis.vectors.core.PanamaVectorUtilSupportProvider create
INFO: vectors-core: Using Panama Vector API SIMD provider (vector bits: 256)
Oct 04, 2026 1:50:52 AM com.integrallis.vectors.core.VectorizationProvider logActiveToggles
INFO: vectors-core: provider=PanamaVectorUtilSupport panama=true maxBits=256 preferredBits=256 fastVectorFMA=true fastScalarFMA=true sve=false ggufParallel=true ggufParallelThreshold=1048576 ggufExecutor=persistent ggufThreads=8 ggufChunksPerThread=2 mappedKQuantLongOffsets=auto(q4=true,q5=false,q6=false) q4ShortPairwiseSupported=true q4UnsignedPairwiseSupported=true toggles=[(defaults — no -Dvectors.* overrides)]
BUILD,20000,8,17,COSINE,2624865469,98b736457927a8dca6f9bbce1466cba88965fa9a8938a3e290a23c06e44f9fe6
RECALL,32,2132,2560,0.83281250
SEARCH,32,0,9979017,1862736077574996884
SEARCH,32,1,10064054,1862736077574996884
SEARCH,32,2,19315606,1862736077574996884
SEARCH,32,3,10139137,1862736077574996884
SEARCH,32,4,10076384,1862736077574996884
SEARCH,32,5,10041691,1862736077574996884
SEARCH,32,6,9981450,1862736077574996884
RECALL,128,2469,2560,0.96445313
SEARCH,128,0,34334887,-221100070977440909
SEARCH,128,1,33918891,-221100070977440909
SEARCH,128,2,33871691,-221100070977440909
SEARCH,128,3,33883188,-221100070977440909
SEARCH,128,4,34073594,-221100070977440909
SEARCH,128,5,34242979,-221100070977440909
SEARCH,128,6,34215808,-221100070977440909
RECALL,512,2559,2560,0.99960938
SEARCH,512,0,118801793,2109002028201814438
SEARCH,512,1,119233913,2109002028201814438
SEARCH,512,2,120096922,2109002028201814438
SEARCH,512,3,120061560,2109002028201814438
SEARCH,512,4,121558501,2109002028201814438
SEARCH,512,5,120857827,2109002028201814438
SEARCH,512,6,120934422,2109002028201814438
