WARNING: Using incubator modules: jdk.incubator.vector
Oct 04, 2026 1:51:01 AM com.integrallis.vectors.core.PanamaVectorUtilSupportProvider create
INFO: vectors-core: Using Panama Vector API SIMD provider (vector bits: 256)
Oct 04, 2026 1:51:01 AM com.integrallis.vectors.core.VectorizationProvider logActiveToggles
INFO: vectors-core: provider=PanamaVectorUtilSupport panama=true maxBits=256 preferredBits=256 fastVectorFMA=true fastScalarFMA=true sve=false ggufParallel=true ggufParallelThreshold=1048576 ggufExecutor=persistent ggufThreads=8 ggufChunksPerThread=2 mappedKQuantLongOffsets=auto(q4=true,q5=false,q6=false) q4ShortPairwiseSupported=true q4UnsignedPairwiseSupported=true toggles=[(defaults — no -Dvectors.* overrides)]
BUILD,20000,8,17,COSINE,2401140720,7ed4d6aac2f900d1189b4b63e62c975f31ceeadba75e08e8d92c7b528c5aeb8f
RECALL,32,2131,2560,0.83242188
SEARCH,32,0,9911946,-4044742696197273257
SEARCH,32,1,9887247,-4044742696197273257
SEARCH,32,2,19616508,-4044742696197273257
SEARCH,32,3,9907108,-4044742696197273257
SEARCH,32,4,9824083,-4044742696197273257
SEARCH,32,5,9840228,-4044742696197273257
SEARCH,32,6,9820207,-4044742696197273257
RECALL,128,2464,2560,0.96250000
SEARCH,128,0,33859782,8569169723716039919
SEARCH,128,1,33582715,8569169723716039919
SEARCH,128,2,33672450,8569169723716039919
SEARCH,128,3,33579380,8569169723716039919
SEARCH,128,4,33647673,8569169723716039919
SEARCH,128,5,33628173,8569169723716039919
SEARCH,128,6,33696907,8569169723716039919
RECALL,512,2556,2560,0.99843750
SEARCH,512,0,118512095,4659257855647330052
SEARCH,512,1,120417432,4659257855647330052
SEARCH,512,2,118312405,4659257855647330052
SEARCH,512,3,118824706,4659257855647330052
SEARCH,512,4,118559717,4659257855647330052
SEARCH,512,5,119136385,4659257855647330052
SEARCH,512,6,118927681,4659257855647330052
