WARNING: Using incubator modules: jdk.incubator.vector
Oct 04, 2026 2:08:39 PM com.integrallis.vectors.core.PanamaVectorUtilSupportProvider create
INFO: vectors-core: Using Panama Vector API SIMD provider (vector bits: 256)
Oct 04, 2026 2:08:39 PM com.integrallis.vectors.core.VectorizationProvider logActiveToggles
INFO: vectors-core: provider=PanamaVectorUtilSupport panama=true maxBits=256 preferredBits=256 fastVectorFMA=true fastScalarFMA=true sve=false ggufParallel=true ggufParallelThreshold=1048576 ggufExecutor=persistent ggufThreads=8 ggufChunksPerThread=2 mappedKQuantLongOffsets=auto(q4=true,q5=false,q6=false) q4ShortPairwiseSupported=true q4UnsignedPairwiseSupported=true toggles=[(defaults — no -Dvectors.* overrides)]
WARMUP,dbpedia-hnsw-public-ef32,12,4103501904
ALLOCATION,dbpedia-hnsw-public-ef32,17339400,256
RESULT,dbpedia-hnsw-public-ef32,0,281806737,6909503931855174409,1024
RESULT,dbpedia-hnsw-public-ef32,1,281640867,6909503931855174409,1024
RESULT,dbpedia-hnsw-public-ef32,2,262749258,6909503931855174409,1024
RESULT,dbpedia-hnsw-public-ef32,3,233747865,6909503931855174409,1024
RESULT,dbpedia-hnsw-public-ef32,4,237203183,6909503931855174409,1024
RESULT,dbpedia-hnsw-public-ef32,5,241686925,6909503931855174409,1024
RESULT,dbpedia-hnsw-public-ef32,6,250230647,6909503931855174409,1024
WARMUP,dbpedia-hnsw-public-ef100,21,3083533914
ALLOCATION,dbpedia-hnsw-public-ef100,29836496,256
RESULT,dbpedia-hnsw-public-ef100,0,581887170,-4496289235990415218,1024
RESULT,dbpedia-hnsw-public-ef100,1,642131920,-4496289235990415218,1024
RESULT,dbpedia-hnsw-public-ef100,2,642851276,-4496289235990415218,1024
RESULT,dbpedia-hnsw-public-ef100,3,644378517,-4496289235990415218,1024
RESULT,dbpedia-hnsw-public-ef100,4,636372040,-4496289235990415218,1024
RESULT,dbpedia-hnsw-public-ef100,5,634408434,-4496289235990415218,1024
RESULT,dbpedia-hnsw-public-ef100,6,637662386,-4496289235990415218,1024
WARMUP,dbpedia-hnsw-public-ef128,17,3059892379
ALLOCATION,dbpedia-hnsw-public-ef128,34457360,256
RESULT,dbpedia-hnsw-public-ef128,0,711272604,-2135064989503782316,1024
RESULT,dbpedia-hnsw-public-ef128,1,716900919,-2135064989503782316,1024
RESULT,dbpedia-hnsw-public-ef128,2,707375911,-2135064989503782316,1024
RESULT,dbpedia-hnsw-public-ef128,3,719885366,-2135064989503782316,1024
RESULT,dbpedia-hnsw-public-ef128,4,721401785,-2135064989503782316,1024
RESULT,dbpedia-hnsw-public-ef128,5,720286507,-2135064989503782316,1024
RESULT,dbpedia-hnsw-public-ef128,6,711506755,-2135064989503782316,1024
WARMUP,dbpedia-hnsw-public-ef512,12,6699757502
ALLOCATION,dbpedia-hnsw-public-ef512,85549272,256
RESULT,dbpedia-hnsw-public-ef512,0,2202329566,4684603246583438606,1024
RESULT,dbpedia-hnsw-public-ef512,1,2171208399,4684603246583438606,1024
RESULT,dbpedia-hnsw-public-ef512,2,2215089896,4684603246583438606,1024
RESULT,dbpedia-hnsw-public-ef512,3,2208891036,4684603246583438606,1024
RESULT,dbpedia-hnsw-public-ef512,4,2192270040,4684603246583438606,1024
RESULT,dbpedia-hnsw-public-ef512,5,2212095361,4684603246583438606,1024
RESULT,dbpedia-hnsw-public-ef512,6,2182840005,4684603246583438606,1024
