WARNING: Using incubator modules: jdk.incubator.vector
Oct 04, 2026 1:48:28 PM com.integrallis.vectors.core.PanamaVectorUtilSupportProvider create
INFO: vectors-core: Using Panama Vector API SIMD provider (vector bits: 256)
Oct 04, 2026 1:48:28 PM com.integrallis.vectors.core.VectorizationProvider logActiveToggles
INFO: vectors-core: provider=PanamaVectorUtilSupport panama=true maxBits=256 preferredBits=256 fastVectorFMA=true fastScalarFMA=true sve=false ggufParallel=true ggufParallelThreshold=1048576 ggufExecutor=persistent ggufThreads=8 ggufChunksPerThread=2 mappedKQuantLongOffsets=auto(q4=true,q5=false,q6=false) q4ShortPairwiseSupported=true q4UnsignedPairwiseSupported=true toggles=[(defaults — no -Dvectors.* overrides)]
WARMUP,dbpedia-hnsw-public-ef32,12,4131429010
ALLOCATION,dbpedia-hnsw-public-ef32,17339400,256
RESULT,dbpedia-hnsw-public-ef32,0,276527495,6909503931855174409,1024
RESULT,dbpedia-hnsw-public-ef32,1,282776751,6909503931855174409,1024
RESULT,dbpedia-hnsw-public-ef32,2,236287081,6909503931855174409,1024
RESULT,dbpedia-hnsw-public-ef32,3,239057077,6909503931855174409,1024
RESULT,dbpedia-hnsw-public-ef32,4,238234079,6909503931855174409,1024
RESULT,dbpedia-hnsw-public-ef32,5,243256914,6909503931855174409,1024
RESULT,dbpedia-hnsw-public-ef32,6,251493584,6909503931855174409,1024
WARMUP,dbpedia-hnsw-public-ef100,21,3041922511
ALLOCATION,dbpedia-hnsw-public-ef100,29836496,256
RESULT,dbpedia-hnsw-public-ef100,0,609525221,-4496289235990415218,1024
RESULT,dbpedia-hnsw-public-ef100,1,648528620,-4496289235990415218,1024
RESULT,dbpedia-hnsw-public-ef100,2,649003720,-4496289235990415218,1024
RESULT,dbpedia-hnsw-public-ef100,3,646206464,-4496289235990415218,1024
RESULT,dbpedia-hnsw-public-ef100,4,644006699,-4496289235990415218,1024
RESULT,dbpedia-hnsw-public-ef100,5,649247624,-4496289235990415218,1024
RESULT,dbpedia-hnsw-public-ef100,6,651179536,-4496289235990415218,1024
WARMUP,dbpedia-hnsw-public-ef128,18,3126844084
ALLOCATION,dbpedia-hnsw-public-ef128,34457360,256
RESULT,dbpedia-hnsw-public-ef128,0,683137799,-2135064989503782316,1024
RESULT,dbpedia-hnsw-public-ef128,1,684495169,-2135064989503782316,1024
RESULT,dbpedia-hnsw-public-ef128,2,679405742,-2135064989503782316,1024
RESULT,dbpedia-hnsw-public-ef128,3,690519231,-2135064989503782316,1024
RESULT,dbpedia-hnsw-public-ef128,4,679390892,-2135064989503782316,1024
RESULT,dbpedia-hnsw-public-ef128,5,683685540,-2135064989503782316,1024
RESULT,dbpedia-hnsw-public-ef128,6,680897603,-2135064989503782316,1024
WARMUP,dbpedia-hnsw-public-ef512,12,6451848849
ALLOCATION,dbpedia-hnsw-public-ef512,85549272,256
RESULT,dbpedia-hnsw-public-ef512,0,2151155787,4684603246583438606,1024
RESULT,dbpedia-hnsw-public-ef512,1,2132497032,4684603246583438606,1024
RESULT,dbpedia-hnsw-public-ef512,2,2160056601,4684603246583438606,1024
RESULT,dbpedia-hnsw-public-ef512,3,2197589178,4684603246583438606,1024
RESULT,dbpedia-hnsw-public-ef512,4,2245565849,4684603246583438606,1024
RESULT,dbpedia-hnsw-public-ef512,5,2149744195,4684603246583438606,1024
RESULT,dbpedia-hnsw-public-ef512,6,2175871198,4684603246583438606,1024
