WARNING: Using incubator modules: jdk.incubator.vector
Oct 04, 2026 1:57:31 PM com.integrallis.vectors.core.PanamaVectorUtilSupportProvider create
INFO: vectors-core: Using Panama Vector API SIMD provider (vector bits: 256)
Oct 04, 2026 1:57:31 PM com.integrallis.vectors.core.VectorizationProvider logActiveToggles
INFO: vectors-core: provider=PanamaVectorUtilSupport panama=true maxBits=256 preferredBits=256 fastVectorFMA=true fastScalarFMA=true sve=false ggufParallel=true ggufParallelThreshold=1048576 ggufExecutor=persistent ggufThreads=8 ggufChunksPerThread=2 mappedKQuantLongOffsets=auto(q4=true,q5=false,q6=false) q4ShortPairwiseSupported=true q4UnsignedPairwiseSupported=true toggles=[(defaults — no -Dvectors.* overrides)]
WARMUP,dbpedia-hnsw-mapped-ef32,35,3001205658
ALLOCATION,dbpedia-hnsw-mapped-ef32,9118088,256
RESULT,dbpedia-hnsw-mapped-ef32,0,163287405,2568531916850379253,1024
RESULT,dbpedia-hnsw-mapped-ef32,1,164715197,2568531916850379253,1024
RESULT,dbpedia-hnsw-mapped-ef32,2,167112471,2568531916850379253,1024
RESULT,dbpedia-hnsw-mapped-ef32,3,175740893,2568531916850379253,1024
RESULT,dbpedia-hnsw-mapped-ef32,4,174611429,2568531916850379253,1024
RESULT,dbpedia-hnsw-mapped-ef32,5,173179129,2568531916850379253,1024
RESULT,dbpedia-hnsw-mapped-ef32,6,172873188,2568531916850379253,1024
WARMUP,dbpedia-hnsw-mapped-ef100,23,3055098713
ALLOCATION,dbpedia-hnsw-mapped-ef100,21623488,256
RESULT,dbpedia-hnsw-mapped-ef100,0,474845467,-1151034929600477385,1024
RESULT,dbpedia-hnsw-mapped-ef100,1,426126684,-1151034929600477385,1024
RESULT,dbpedia-hnsw-mapped-ef100,2,425076499,-1151034929600477385,1024
RESULT,dbpedia-hnsw-mapped-ef100,3,420083390,-1151034929600477385,1024
RESULT,dbpedia-hnsw-mapped-ef100,4,427217657,-1151034929600477385,1024
RESULT,dbpedia-hnsw-mapped-ef100,5,448494110,-1151034929600477385,1024
RESULT,dbpedia-hnsw-mapped-ef100,6,449201965,-1151034929600477385,1024
WARMUP,dbpedia-hnsw-mapped-ef128,21,3052196089
ALLOCATION,dbpedia-hnsw-mapped-ef128,26244528,256
RESULT,dbpedia-hnsw-mapped-ef128,0,609616373,1214481890968209474,1024
RESULT,dbpedia-hnsw-mapped-ef128,1,602834095,1214481890968209474,1024
RESULT,dbpedia-hnsw-mapped-ef128,2,585384702,1214481890968209474,1024
RESULT,dbpedia-hnsw-mapped-ef128,3,606670064,1214481890968209474,1024
RESULT,dbpedia-hnsw-mapped-ef128,4,611202223,1214481890968209474,1024
RESULT,dbpedia-hnsw-mapped-ef128,5,607852700,1214481890968209474,1024
RESULT,dbpedia-hnsw-mapped-ef128,6,611377082,1214481890968209474,1024
WARMUP,dbpedia-hnsw-mapped-ef512,12,5073110612
ALLOCATION,dbpedia-hnsw-mapped-ef512,77337488,256
RESULT,dbpedia-hnsw-mapped-ef512,0,1676179809,8024307117685650451,1024
RESULT,dbpedia-hnsw-mapped-ef512,1,1683767622,8024307117685650451,1024
RESULT,dbpedia-hnsw-mapped-ef512,2,1686465225,8024307117685650451,1024
RESULT,dbpedia-hnsw-mapped-ef512,3,1678957777,8024307117685650451,1024
RESULT,dbpedia-hnsw-mapped-ef512,4,1682904585,8024307117685650451,1024
RESULT,dbpedia-hnsw-mapped-ef512,5,1650884198,8024307117685650451,1024
RESULT,dbpedia-hnsw-mapped-ef512,6,1727675839,8024307117685650451,1024
WARMUP,dbpedia-hnsw-mapped-filtered128,12,6782833713
ALLOCATION,dbpedia-hnsw-mapped-filtered128,256502256,256
RESULT,dbpedia-hnsw-mapped-filtered128,0,2166483725,6837550417543234702,1024
RESULT,dbpedia-hnsw-mapped-filtered128,1,2217483900,6837550417543234702,1024
RESULT,dbpedia-hnsw-mapped-filtered128,2,2149673537,6837550417543234702,1024
RESULT,dbpedia-hnsw-mapped-filtered128,3,2148061281,6837550417543234702,1024
RESULT,dbpedia-hnsw-mapped-filtered128,4,2237985160,6837550417543234702,1024
RESULT,dbpedia-hnsw-mapped-filtered128,5,2168984426,6837550417543234702,1024
RESULT,dbpedia-hnsw-mapped-filtered128,6,2178166476,6837550417543234702,1024
