WARNING: Using incubator modules: jdk.incubator.vector
Oct 04, 2026 1:55:36 PM com.integrallis.vectors.core.PanamaVectorUtilSupportProvider create
INFO: vectors-core: Using Panama Vector API SIMD provider (vector bits: 256)
Oct 04, 2026 1:55:36 PM com.integrallis.vectors.core.VectorizationProvider logActiveToggles
INFO: vectors-core: provider=PanamaVectorUtilSupport panama=true maxBits=256 preferredBits=256 fastVectorFMA=true fastScalarFMA=true sve=false ggufParallel=true ggufParallelThreshold=1048576 ggufExecutor=persistent ggufThreads=8 ggufChunksPerThread=2 mappedKQuantLongOffsets=auto(q4=true,q5=false,q6=false) q4ShortPairwiseSupported=true q4UnsignedPairwiseSupported=true toggles=[(defaults — no -Dvectors.* overrides)]
WARMUP,dbpedia-hnsw-heap-ef32,53,3032328537
ALLOCATION,dbpedia-hnsw-heap-ef32,43040,256
RESULT,dbpedia-hnsw-heap-ef32,0,149178614,2568531916850379253,1024
RESULT,dbpedia-hnsw-heap-ef32,1,150651688,2568531916850379253,1024
RESULT,dbpedia-hnsw-heap-ef32,2,150205734,2568531916850379253,1024
RESULT,dbpedia-hnsw-heap-ef32,3,152101971,2568531916850379253,1024
RESULT,dbpedia-hnsw-heap-ef32,4,150598117,2568531916850379253,1024
RESULT,dbpedia-hnsw-heap-ef32,5,151568834,2568531916850379253,1024
RESULT,dbpedia-hnsw-heap-ef32,6,147038770,2568531916850379253,1024
WARMUP,dbpedia-hnsw-heap-ef100,29,3037170523
ALLOCATION,dbpedia-hnsw-heap-ef100,43040,256
RESULT,dbpedia-hnsw-heap-ef100,0,382086723,-1151034929600477385,1024
RESULT,dbpedia-hnsw-heap-ef100,1,379494856,-1151034929600477385,1024
RESULT,dbpedia-hnsw-heap-ef100,2,382103517,-1151034929600477385,1024
RESULT,dbpedia-hnsw-heap-ef100,3,380610294,-1151034929600477385,1024
RESULT,dbpedia-hnsw-heap-ef100,4,381388589,-1151034929600477385,1024
RESULT,dbpedia-hnsw-heap-ef100,5,394464148,-1151034929600477385,1024
RESULT,dbpedia-hnsw-heap-ef100,6,386009703,-1151034929600477385,1024
WARMUP,dbpedia-hnsw-heap-ef128,25,3110995987
ALLOCATION,dbpedia-hnsw-heap-ef128,43040,256
RESULT,dbpedia-hnsw-heap-ef128,0,483826665,1214481890968209474,1024
RESULT,dbpedia-hnsw-heap-ef128,1,485837136,1214481890968209474,1024
RESULT,dbpedia-hnsw-heap-ef128,2,472682481,1214481890968209474,1024
RESULT,dbpedia-hnsw-heap-ef128,3,477572759,1214481890968209474,1024
RESULT,dbpedia-hnsw-heap-ef128,4,469599444,1214481890968209474,1024
RESULT,dbpedia-hnsw-heap-ef128,5,481175159,1214481890968209474,1024
RESULT,dbpedia-hnsw-heap-ef128,6,484884566,1214481890968209474,1024
WARMUP,dbpedia-hnsw-heap-ef512,12,4764866498
ALLOCATION,dbpedia-hnsw-heap-ef512,43040,256
RESULT,dbpedia-hnsw-heap-ef512,0,1564997953,8024307117685650451,1024
RESULT,dbpedia-hnsw-heap-ef512,1,1582834824,8024307117685650451,1024
RESULT,dbpedia-hnsw-heap-ef512,2,1574377301,8024307117685650451,1024
RESULT,dbpedia-hnsw-heap-ef512,3,1556159300,8024307117685650451,1024
RESULT,dbpedia-hnsw-heap-ef512,4,1543395633,8024307117685650451,1024
RESULT,dbpedia-hnsw-heap-ef512,5,1572792778,8024307117685650451,1024
RESULT,dbpedia-hnsw-heap-ef512,6,1547863926,8024307117685650451,1024
WARMUP,dbpedia-hnsw-heap-filtered128,12,6611792220
ALLOCATION,dbpedia-hnsw-heap-filtered128,164805408,256
RESULT,dbpedia-hnsw-heap-filtered128,0,2338096990,6837550417543234702,1024
RESULT,dbpedia-hnsw-heap-filtered128,1,2150713007,6837550417543234702,1024
RESULT,dbpedia-hnsw-heap-filtered128,2,1999324675,6837550417543234702,1024
RESULT,dbpedia-hnsw-heap-filtered128,3,2031504591,6837550417543234702,1024
RESULT,dbpedia-hnsw-heap-filtered128,4,2004858470,6837550417543234702,1024
RESULT,dbpedia-hnsw-heap-filtered128,5,2027613005,6837550417543234702,1024
RESULT,dbpedia-hnsw-heap-filtered128,6,2026619999,6837550417543234702,1024
