WARNING: Using incubator modules: jdk.incubator.vector
Oct 04, 2026 2:07:39 PM com.integrallis.vectors.core.PanamaVectorUtilSupportProvider create
INFO: vectors-core: Using Panama Vector API SIMD provider (vector bits: 256)
Oct 04, 2026 2:07:40 PM com.integrallis.vectors.core.VectorizationProvider logActiveToggles
INFO: vectors-core: provider=PanamaVectorUtilSupport panama=true maxBits=256 preferredBits=256 fastVectorFMA=true fastScalarFMA=true sve=false ggufParallel=true ggufParallelThreshold=1048576 ggufExecutor=persistent ggufThreads=8 ggufChunksPerThread=2 mappedKQuantLongOffsets=auto(q4=true,q5=false,q6=false) q4ShortPairwiseSupported=true q4UnsignedPairwiseSupported=true toggles=[(defaults — no -Dvectors.* overrides)]
WARMUP,dbpedia-hnsw-mapped-ef32,37,3026144328
ALLOCATION,dbpedia-hnsw-mapped-ef32,94240,256
RESULT,dbpedia-hnsw-mapped-ef32,0,152442770,2568531916850379253,1024
RESULT,dbpedia-hnsw-mapped-ef32,1,153164992,2568531916850379253,1024
RESULT,dbpedia-hnsw-mapped-ef32,2,153467679,2568531916850379253,1024
RESULT,dbpedia-hnsw-mapped-ef32,3,156068786,2568531916850379253,1024
RESULT,dbpedia-hnsw-mapped-ef32,4,155661445,2568531916850379253,1024
RESULT,dbpedia-hnsw-mapped-ef32,5,156410938,2568531916850379253,1024
RESULT,dbpedia-hnsw-mapped-ef32,6,154209347,2568531916850379253,1024
WARMUP,dbpedia-hnsw-mapped-ef100,27,3018091466
ALLOCATION,dbpedia-hnsw-mapped-ef100,94240,256
RESULT,dbpedia-hnsw-mapped-ef100,0,411141907,-1151034929600477385,1024
RESULT,dbpedia-hnsw-mapped-ef100,1,409892588,-1151034929600477385,1024
RESULT,dbpedia-hnsw-mapped-ef100,2,398917097,-1151034929600477385,1024
RESULT,dbpedia-hnsw-mapped-ef100,3,395418118,-1151034929600477385,1024
RESULT,dbpedia-hnsw-mapped-ef100,4,405408588,-1151034929600477385,1024
RESULT,dbpedia-hnsw-mapped-ef100,5,401191064,-1151034929600477385,1024
RESULT,dbpedia-hnsw-mapped-ef100,6,407519017,-1151034929600477385,1024
WARMUP,dbpedia-hnsw-mapped-ef128,24,3041423018
ALLOCATION,dbpedia-hnsw-mapped-ef128,94240,256
RESULT,dbpedia-hnsw-mapped-ef128,0,497491477,1214481890968209474,1024
RESULT,dbpedia-hnsw-mapped-ef128,1,491299658,1214481890968209474,1024
RESULT,dbpedia-hnsw-mapped-ef128,2,483416534,1214481890968209474,1024
RESULT,dbpedia-hnsw-mapped-ef128,3,493401383,1214481890968209474,1024
RESULT,dbpedia-hnsw-mapped-ef128,4,487253386,1214481890968209474,1024
RESULT,dbpedia-hnsw-mapped-ef128,5,477224826,1214481890968209474,1024
RESULT,dbpedia-hnsw-mapped-ef128,6,478609417,1214481890968209474,1024
WARMUP,dbpedia-hnsw-mapped-ef512,12,4665673535
ALLOCATION,dbpedia-hnsw-mapped-ef512,94240,256
RESULT,dbpedia-hnsw-mapped-ef512,0,1554148023,8024307117685650451,1024
RESULT,dbpedia-hnsw-mapped-ef512,1,1562754734,8024307117685650451,1024
RESULT,dbpedia-hnsw-mapped-ef512,2,1572059171,8024307117685650451,1024
RESULT,dbpedia-hnsw-mapped-ef512,3,1552481821,8024307117685650451,1024
RESULT,dbpedia-hnsw-mapped-ef512,4,1579720985,8024307117685650451,1024
RESULT,dbpedia-hnsw-mapped-ef512,5,1556734485,8024307117685650451,1024
RESULT,dbpedia-hnsw-mapped-ef512,6,1570288484,8024307117685650451,1024
WARMUP,dbpedia-hnsw-mapped-filtered128,12,6795801190
ALLOCATION,dbpedia-hnsw-mapped-filtered128,165116704,256
RESULT,dbpedia-hnsw-mapped-filtered128,0,2387232686,6837550417543234702,1024
RESULT,dbpedia-hnsw-mapped-filtered128,1,2140886858,6837550417543234702,1024
RESULT,dbpedia-hnsw-mapped-filtered128,2,2057897872,6837550417543234702,1024
RESULT,dbpedia-hnsw-mapped-filtered128,3,2077036787,6837550417543234702,1024
RESULT,dbpedia-hnsw-mapped-filtered128,4,2048648245,6837550417543234702,1024
RESULT,dbpedia-hnsw-mapped-filtered128,5,2049771561,6837550417543234702,1024
RESULT,dbpedia-hnsw-mapped-filtered128,6,2060076191,6837550417543234702,1024
