WARNING: Using incubator modules: jdk.incubator.vector
Oct 04, 2026 2:11:40 PM com.integrallis.vectors.core.PanamaVectorUtilSupportProvider create
INFO: vectors-core: Using Panama Vector API SIMD provider (vector bits: 256)
Oct 04, 2026 2:11:40 PM com.integrallis.vectors.core.VectorizationProvider logActiveToggles
INFO: vectors-core: provider=PanamaVectorUtilSupport panama=true maxBits=256 preferredBits=256 fastVectorFMA=true fastScalarFMA=true sve=false ggufParallel=true ggufParallelThreshold=1048576 ggufExecutor=persistent ggufThreads=8 ggufChunksPerThread=2 mappedKQuantLongOffsets=auto(q4=true,q5=false,q6=false) q4ShortPairwiseSupported=true q4UnsignedPairwiseSupported=true toggles=[(defaults — no -Dvectors.* overrides)]
WARMUP,fashion-hnsw-mapped-ef32,61,3014246365
ALLOCATION,fashion-hnsw-mapped-ef32,4288408,256
RESULT,fashion-hnsw-mapped-ef32,0,93728110,1976967295611881960,1024
RESULT,fashion-hnsw-mapped-ef32,1,93021689,1976967295611881960,1024
RESULT,fashion-hnsw-mapped-ef32,2,93440542,1976967295611881960,1024
RESULT,fashion-hnsw-mapped-ef32,3,94274172,1976967295611881960,1024
RESULT,fashion-hnsw-mapped-ef32,4,94809835,1976967295611881960,1024
RESULT,fashion-hnsw-mapped-ef32,5,95595836,1976967295611881960,1024
RESULT,fashion-hnsw-mapped-ef32,6,95393327,1976967295611881960,1024
WARMUP,fashion-hnsw-mapped-ef100,58,3041685992
ALLOCATION,fashion-hnsw-mapped-ef100,7617328,256
RESULT,fashion-hnsw-mapped-ef100,0,219651705,-3561637912514899968,1024
RESULT,fashion-hnsw-mapped-ef100,1,223423906,-3561637912514899968,1024
RESULT,fashion-hnsw-mapped-ef100,2,219458452,-3561637912514899968,1024
RESULT,fashion-hnsw-mapped-ef100,3,221171529,-3561637912514899968,1024
RESULT,fashion-hnsw-mapped-ef100,4,218401685,-3561637912514899968,1024
RESULT,fashion-hnsw-mapped-ef100,5,217929711,-3561637912514899968,1024
RESULT,fashion-hnsw-mapped-ef100,6,218409780,-3561637912514899968,1024
WARMUP,fashion-hnsw-mapped-ef128,47,3062106401
ALLOCATION,fashion-hnsw-mapped-ef128,8705568,256
RESULT,fashion-hnsw-mapped-ef128,0,260058127,-3561637912514899968,1024
RESULT,fashion-hnsw-mapped-ef128,1,257533492,-3561637912514899968,1024
RESULT,fashion-hnsw-mapped-ef128,2,259782813,-3561637912514899968,1024
RESULT,fashion-hnsw-mapped-ef128,3,260998408,-3561637912514899968,1024
RESULT,fashion-hnsw-mapped-ef128,4,261145233,-3561637912514899968,1024
RESULT,fashion-hnsw-mapped-ef128,5,260732140,-3561637912514899968,1024
RESULT,fashion-hnsw-mapped-ef128,6,260102642,-3561637912514899968,1024
WARMUP,fashion-hnsw-mapped-ef512,19,3060349190
ALLOCATION,fashion-hnsw-mapped-ef512,19080608,256
RESULT,fashion-hnsw-mapped-ef512,0,637658864,-3561637912514899968,1024
RESULT,fashion-hnsw-mapped-ef512,1,642376406,-3561637912514899968,1024
RESULT,fashion-hnsw-mapped-ef512,2,640383113,-3561637912514899968,1024
RESULT,fashion-hnsw-mapped-ef512,3,648749324,-3561637912514899968,1024
RESULT,fashion-hnsw-mapped-ef512,4,643005803,-3561637912514899968,1024
RESULT,fashion-hnsw-mapped-ef512,5,641237013,-3561637912514899968,1024
RESULT,fashion-hnsw-mapped-ef512,6,642229210,-3561637912514899968,1024
WARMUP,fashion-hnsw-mapped-filtered128,14,3049254223
ALLOCATION,fashion-hnsw-mapped-filtered128,53225120,256
RESULT,fashion-hnsw-mapped-filtered128,0,866813099,3422701894504445291,1024
RESULT,fashion-hnsw-mapped-filtered128,1,809818618,3422701894504445291,1024
RESULT,fashion-hnsw-mapped-filtered128,2,761406810,3422701894504445291,1024
RESULT,fashion-hnsw-mapped-filtered128,3,759314894,3422701894504445291,1024
RESULT,fashion-hnsw-mapped-filtered128,4,760476388,3422701894504445291,1024
RESULT,fashion-hnsw-mapped-filtered128,5,761418201,3422701894504445291,1024
RESULT,fashion-hnsw-mapped-filtered128,6,779303701,3422701894504445291,1024
