WARNING: Using incubator modules: jdk.incubator.vector
Oct 04, 2026 1:50:58 PM com.integrallis.vectors.core.PanamaVectorUtilSupportProvider create
INFO: vectors-core: Using Panama Vector API SIMD provider (vector bits: 256)
Oct 04, 2026 1:50:58 PM com.integrallis.vectors.core.VectorizationProvider logActiveToggles
INFO: vectors-core: provider=PanamaVectorUtilSupport panama=true maxBits=256 preferredBits=256 fastVectorFMA=true fastScalarFMA=true sve=false ggufParallel=true ggufParallelThreshold=1048576 ggufExecutor=persistent ggufThreads=8 ggufChunksPerThread=2 mappedKQuantLongOffsets=auto(q4=true,q5=false,q6=false) q4ShortPairwiseSupported=true q4UnsignedPairwiseSupported=true toggles=[(defaults — no -Dvectors.* overrides)]
WARMUP,fashion-hnsw-mapped-ef32,61,3007681893
ALLOCATION,fashion-hnsw-mapped-ef32,4288408,256
RESULT,fashion-hnsw-mapped-ef32,0,94703190,1976967295611881960,1024
RESULT,fashion-hnsw-mapped-ef32,1,93184972,1976967295611881960,1024
RESULT,fashion-hnsw-mapped-ef32,2,94020003,1976967295611881960,1024
RESULT,fashion-hnsw-mapped-ef32,3,94980190,1976967295611881960,1024
RESULT,fashion-hnsw-mapped-ef32,4,95531630,1976967295611881960,1024
RESULT,fashion-hnsw-mapped-ef32,5,97202984,1976967295611881960,1024
RESULT,fashion-hnsw-mapped-ef32,6,97062111,1976967295611881960,1024
WARMUP,fashion-hnsw-mapped-ef100,55,3034881738
ALLOCATION,fashion-hnsw-mapped-ef100,7617328,256
RESULT,fashion-hnsw-mapped-ef100,0,225243248,-3561637912514899968,1024
RESULT,fashion-hnsw-mapped-ef100,1,224170200,-3561637912514899968,1024
RESULT,fashion-hnsw-mapped-ef100,2,228323265,-3561637912514899968,1024
RESULT,fashion-hnsw-mapped-ef100,3,226819163,-3561637912514899968,1024
RESULT,fashion-hnsw-mapped-ef100,4,225498926,-3561637912514899968,1024
RESULT,fashion-hnsw-mapped-ef100,5,222237779,-3561637912514899968,1024
RESULT,fashion-hnsw-mapped-ef100,6,225800270,-3561637912514899968,1024
WARMUP,fashion-hnsw-mapped-ef128,43,3014361314
ALLOCATION,fashion-hnsw-mapped-ef128,8705568,256
RESULT,fashion-hnsw-mapped-ef128,0,269374479,-3561637912514899968,1024
RESULT,fashion-hnsw-mapped-ef128,1,265467957,-3561637912514899968,1024
RESULT,fashion-hnsw-mapped-ef128,2,283439473,-3561637912514899968,1024
RESULT,fashion-hnsw-mapped-ef128,3,277271464,-3561637912514899968,1024
RESULT,fashion-hnsw-mapped-ef128,4,275202976,-3561637912514899968,1024
RESULT,fashion-hnsw-mapped-ef128,5,275420695,-3561637912514899968,1024
RESULT,fashion-hnsw-mapped-ef128,6,284287260,-3561637912514899968,1024
WARMUP,fashion-hnsw-mapped-ef512,18,3038873878
ALLOCATION,fashion-hnsw-mapped-ef512,19080608,256
RESULT,fashion-hnsw-mapped-ef512,0,647341207,-3561637912514899968,1024
RESULT,fashion-hnsw-mapped-ef512,1,642016155,-3561637912514899968,1024
RESULT,fashion-hnsw-mapped-ef512,2,647351802,-3561637912514899968,1024
RESULT,fashion-hnsw-mapped-ef512,3,645921449,-3561637912514899968,1024
RESULT,fashion-hnsw-mapped-ef512,4,639265158,-3561637912514899968,1024
RESULT,fashion-hnsw-mapped-ef512,5,655761108,-3561637912514899968,1024
RESULT,fashion-hnsw-mapped-ef512,6,644094371,-3561637912514899968,1024
WARMUP,fashion-hnsw-mapped-filtered128,15,3198082672
ALLOCATION,fashion-hnsw-mapped-filtered128,53239496,256
RESULT,fashion-hnsw-mapped-filtered128,0,945226256,3422701894504445291,1024
RESULT,fashion-hnsw-mapped-filtered128,1,808559027,3422701894504445291,1024
RESULT,fashion-hnsw-mapped-filtered128,2,795073659,3422701894504445291,1024
RESULT,fashion-hnsw-mapped-filtered128,3,789152482,3422701894504445291,1024
RESULT,fashion-hnsw-mapped-filtered128,4,802595716,3422701894504445291,1024
RESULT,fashion-hnsw-mapped-filtered128,5,794788837,3422701894504445291,1024
RESULT,fashion-hnsw-mapped-filtered128,6,747047128,3422701894504445291,1024
