WARNING: Using incubator modules: jdk.incubator.vector
Oct 04, 2026 1:51:30 PM com.integrallis.vectors.core.PanamaVectorUtilSupportProvider create
INFO: vectors-core: Using Panama Vector API SIMD provider (vector bits: 256)
Oct 04, 2026 1:51:30 PM com.integrallis.vectors.core.VectorizationProvider logActiveToggles
INFO: vectors-core: provider=PanamaVectorUtilSupport panama=true maxBits=256 preferredBits=256 fastVectorFMA=true fastScalarFMA=true sve=false ggufParallel=true ggufParallelThreshold=1048576 ggufExecutor=persistent ggufThreads=8 ggufChunksPerThread=2 mappedKQuantLongOffsets=auto(q4=true,q5=false,q6=false) q4ShortPairwiseSupported=true q4UnsignedPairwiseSupported=true toggles=[(defaults — no -Dvectors.* overrides)]
WARMUP,fashion-hnsw-mapped-ef32,62,3006182046
ALLOCATION,fashion-hnsw-mapped-ef32,4288408,256
RESULT,fashion-hnsw-mapped-ef32,0,95439684,1976967295611881960,1024
RESULT,fashion-hnsw-mapped-ef32,1,92312147,1976967295611881960,1024
RESULT,fashion-hnsw-mapped-ef32,2,93148118,1976967295611881960,1024
RESULT,fashion-hnsw-mapped-ef32,3,96646901,1976967295611881960,1024
RESULT,fashion-hnsw-mapped-ef32,4,96439222,1976967295611881960,1024
RESULT,fashion-hnsw-mapped-ef32,5,96474058,1976967295611881960,1024
RESULT,fashion-hnsw-mapped-ef32,6,96807050,1976967295611881960,1024
WARMUP,fashion-hnsw-mapped-ef100,58,3010219160
ALLOCATION,fashion-hnsw-mapped-ef100,7617328,256
RESULT,fashion-hnsw-mapped-ef100,0,211504349,-3561637912514899968,1024
RESULT,fashion-hnsw-mapped-ef100,1,210474733,-3561637912514899968,1024
RESULT,fashion-hnsw-mapped-ef100,2,215732474,-3561637912514899968,1024
RESULT,fashion-hnsw-mapped-ef100,3,216806002,-3561637912514899968,1024
RESULT,fashion-hnsw-mapped-ef100,4,208977145,-3561637912514899968,1024
RESULT,fashion-hnsw-mapped-ef100,5,211645014,-3561637912514899968,1024
RESULT,fashion-hnsw-mapped-ef100,6,209393072,-3561637912514899968,1024
WARMUP,fashion-hnsw-mapped-ef128,47,3064859158
ALLOCATION,fashion-hnsw-mapped-ef128,8705568,256
RESULT,fashion-hnsw-mapped-ef128,0,255426197,-3561637912514899968,1024
RESULT,fashion-hnsw-mapped-ef128,1,254787764,-3561637912514899968,1024
RESULT,fashion-hnsw-mapped-ef128,2,261617222,-3561637912514899968,1024
RESULT,fashion-hnsw-mapped-ef128,3,249206529,-3561637912514899968,1024
RESULT,fashion-hnsw-mapped-ef128,4,246250084,-3561637912514899968,1024
RESULT,fashion-hnsw-mapped-ef128,5,246801706,-3561637912514899968,1024
RESULT,fashion-hnsw-mapped-ef128,6,248647665,-3561637912514899968,1024
WARMUP,fashion-hnsw-mapped-ef512,19,3048805640
ALLOCATION,fashion-hnsw-mapped-ef512,19080608,256
RESULT,fashion-hnsw-mapped-ef512,0,639735260,-3561637912514899968,1024
RESULT,fashion-hnsw-mapped-ef512,1,636852864,-3561637912514899968,1024
RESULT,fashion-hnsw-mapped-ef512,2,641873653,-3561637912514899968,1024
RESULT,fashion-hnsw-mapped-ef512,3,646746946,-3561637912514899968,1024
RESULT,fashion-hnsw-mapped-ef512,4,640344088,-3561637912514899968,1024
RESULT,fashion-hnsw-mapped-ef512,5,637911702,-3561637912514899968,1024
RESULT,fashion-hnsw-mapped-ef512,6,637642400,-3561637912514899968,1024
WARMUP,fashion-hnsw-mapped-filtered128,15,3203389765
ALLOCATION,fashion-hnsw-mapped-filtered128,53241544,256
RESULT,fashion-hnsw-mapped-filtered128,0,849435992,3422701894504445291,1024
RESULT,fashion-hnsw-mapped-filtered128,1,781323652,3422701894504445291,1024
RESULT,fashion-hnsw-mapped-filtered128,2,802198103,3422701894504445291,1024
RESULT,fashion-hnsw-mapped-filtered128,3,763892278,3422701894504445291,1024
RESULT,fashion-hnsw-mapped-filtered128,4,757982111,3422701894504445291,1024
RESULT,fashion-hnsw-mapped-filtered128,5,754048821,3422701894504445291,1024
RESULT,fashion-hnsw-mapped-filtered128,6,764063247,3422701894504445291,1024
