WARNING: Using incubator modules: jdk.incubator.vector
Oct 04, 2026 2:02:32 PM com.integrallis.vectors.core.PanamaVectorUtilSupportProvider create
INFO: vectors-core: Using Panama Vector API SIMD provider (vector bits: 256)
Oct 04, 2026 2:02:33 PM com.integrallis.vectors.core.VectorizationProvider logActiveToggles
INFO: vectors-core: provider=PanamaVectorUtilSupport panama=true maxBits=256 preferredBits=256 fastVectorFMA=true fastScalarFMA=true sve=false ggufParallel=true ggufParallelThreshold=1048576 ggufExecutor=persistent ggufThreads=8 ggufChunksPerThread=2 mappedKQuantLongOffsets=auto(q4=true,q5=false,q6=false) q4ShortPairwiseSupported=true q4UnsignedPairwiseSupported=true toggles=[(defaults — no -Dvectors.* overrides)]
WARMUP,glove-hnsw-heap-ef32,178,3000923444
ALLOCATION,glove-hnsw-heap-ef32,43040,256
RESULT,glove-hnsw-heap-ef32,0,42468633,968596850537911539,1024
RESULT,glove-hnsw-heap-ef32,1,42165266,968596850537911539,1024
RESULT,glove-hnsw-heap-ef32,2,42281652,968596850537911539,1024
RESULT,glove-hnsw-heap-ef32,3,42549084,968596850537911539,1024
RESULT,glove-hnsw-heap-ef32,4,42238542,968596850537911539,1024
RESULT,glove-hnsw-heap-ef32,5,42554424,968596850537911539,1024
RESULT,glove-hnsw-heap-ef32,6,42483140,968596850537911539,1024
WARMUP,glove-hnsw-heap-ef100,94,3012821081
ALLOCATION,glove-hnsw-heap-ef100,36896,256
RESULT,glove-hnsw-heap-ef100,0,112879488,8243387538707746299,1024
RESULT,glove-hnsw-heap-ef100,1,112800509,8243387538707746299,1024
RESULT,glove-hnsw-heap-ef100,2,113259427,8243387538707746299,1024
RESULT,glove-hnsw-heap-ef100,3,112724146,8243387538707746299,1024
RESULT,glove-hnsw-heap-ef100,4,112743141,8243387538707746299,1024
RESULT,glove-hnsw-heap-ef100,5,112890617,8243387538707746299,1024
RESULT,glove-hnsw-heap-ef100,6,113204554,8243387538707746299,1024
WARMUP,glove-hnsw-heap-ef128,86,3019440376
ALLOCATION,glove-hnsw-heap-ef128,36896,256
RESULT,glove-hnsw-heap-ef128,0,138897957,-2514401863691559910,1024
RESULT,glove-hnsw-heap-ef128,1,139795016,-2514401863691559910,1024
RESULT,glove-hnsw-heap-ef128,2,139292727,-2514401863691559910,1024
RESULT,glove-hnsw-heap-ef128,3,139082502,-2514401863691559910,1024
RESULT,glove-hnsw-heap-ef128,4,139575505,-2514401863691559910,1024
RESULT,glove-hnsw-heap-ef128,5,139176097,-2514401863691559910,1024
RESULT,glove-hnsw-heap-ef128,6,134766215,-2514401863691559910,1024
WARMUP,glove-hnsw-heap-ef512,25,3004409003
ALLOCATION,glove-hnsw-heap-ef512,36896,256
RESULT,glove-hnsw-heap-ef512,0,480406181,2109002028201814438,1024
RESULT,glove-hnsw-heap-ef512,1,470624016,2109002028201814438,1024
RESULT,glove-hnsw-heap-ef512,2,470263170,2109002028201814438,1024
RESULT,glove-hnsw-heap-ef512,3,472644778,2109002028201814438,1024
RESULT,glove-hnsw-heap-ef512,4,464935440,2109002028201814438,1024
RESULT,glove-hnsw-heap-ef512,5,471580157,2109002028201814438,1024
RESULT,glove-hnsw-heap-ef512,6,464173527,2109002028201814438,1024
WARMUP,glove-hnsw-heap-filtered128,15,3019670708
ALLOCATION,glove-hnsw-heap-filtered128,80236808,256
RESULT,glove-hnsw-heap-filtered128,0,818870757,4487054836497175703,1024
RESULT,glove-hnsw-heap-filtered128,1,816399514,4487054836497175703,1024
RESULT,glove-hnsw-heap-filtered128,2,823146140,4487054836497175703,1024
RESULT,glove-hnsw-heap-filtered128,3,769262133,4487054836497175703,1024
RESULT,glove-hnsw-heap-filtered128,4,662447494,4487054836497175703,1024
RESULT,glove-hnsw-heap-filtered128,5,675509218,4487054836497175703,1024
RESULT,glove-hnsw-heap-filtered128,6,670745995,4487054836497175703,1024
