WARNING: Using incubator modules: jdk.incubator.vector
Oct 04, 2026 1:43:44 PM com.integrallis.vectors.core.PanamaVectorUtilSupportProvider create
INFO: vectors-core: Using Panama Vector API SIMD provider (vector bits: 256)
Oct 04, 2026 1:43:44 PM com.integrallis.vectors.core.VectorizationProvider logActiveToggles
INFO: vectors-core: provider=PanamaVectorUtilSupport panama=true maxBits=256 preferredBits=256 fastVectorFMA=true fastScalarFMA=true sve=false ggufParallel=true ggufParallelThreshold=1048576 ggufExecutor=persistent ggufThreads=8 ggufChunksPerThread=2 mappedKQuantLongOffsets=auto(q4=true,q5=false,q6=false) q4ShortPairwiseSupported=true q4UnsignedPairwiseSupported=true toggles=[(defaults — no -Dvectors.* overrides)]
WARMUP,glove-hnsw-public-ef32,12,8023752100
ALLOCATION,glove-hnsw-public-ef32,11149280,256
RESULT,glove-hnsw-public-ef32,0,75236312,-7890854972030333060,1024
RESULT,glove-hnsw-public-ef32,1,76655580,-7890854972030333060,1024
RESULT,glove-hnsw-public-ef32,2,72383680,-7890854972030333060,1024
RESULT,glove-hnsw-public-ef32,3,72083861,-7890854972030333060,1024
RESULT,glove-hnsw-public-ef32,4,71920757,-7890854972030333060,1024
RESULT,glove-hnsw-public-ef32,5,79102687,-7890854972030333060,1024
RESULT,glove-hnsw-public-ef32,6,82806447,-7890854972030333060,1024
WARMUP,glove-hnsw-public-ef100,60,3045418473
ALLOCATION,glove-hnsw-public-ef100,24630552,256
RESULT,glove-hnsw-public-ef100,0,184635053,-207749048675977002,1024
RESULT,glove-hnsw-public-ef100,1,183615991,-207749048675977002,1024
RESULT,glove-hnsw-public-ef100,2,183403222,-207749048675977002,1024
RESULT,glove-hnsw-public-ef100,3,183951517,-207749048675977002,1024
RESULT,glove-hnsw-public-ef100,4,184452634,-207749048675977002,1024
RESULT,glove-hnsw-public-ef100,5,184310217,-207749048675977002,1024
RESULT,glove-hnsw-public-ef100,6,183935690,-207749048675977002,1024
WARMUP,glove-hnsw-public-ef128,53,3041350948
ALLOCATION,glove-hnsw-public-ef128,29693992,256
RESULT,glove-hnsw-public-ef128,0,229529437,-7641701206466200959,1024
RESULT,glove-hnsw-public-ef128,1,229258855,-7641701206466200959,1024
RESULT,glove-hnsw-public-ef128,2,229158417,-7641701206466200959,1024
RESULT,glove-hnsw-public-ef128,3,238342103,-7641701206466200959,1024
RESULT,glove-hnsw-public-ef128,4,235676651,-7641701206466200959,1024
RESULT,glove-hnsw-public-ef128,5,238056873,-7641701206466200959,1024
RESULT,glove-hnsw-public-ef128,6,234071107,-7641701206466200959,1024
WARMUP,glove-hnsw-public-ef512,17,3080179474
ALLOCATION,glove-hnsw-public-ef512,79984232,256
RESULT,glove-hnsw-public-ef512,0,732445724,-8085175953013352498,1024
RESULT,glove-hnsw-public-ef512,1,737016719,-8085175953013352498,1024
RESULT,glove-hnsw-public-ef512,2,722952862,-8085175953013352498,1024
RESULT,glove-hnsw-public-ef512,3,721333498,-8085175953013352498,1024
RESULT,glove-hnsw-public-ef512,4,728532197,-8085175953013352498,1024
RESULT,glove-hnsw-public-ef512,5,726827782,-8085175953013352498,1024
RESULT,glove-hnsw-public-ef512,6,725614364,-8085175953013352498,1024
