WARNING: Using incubator modules: jdk.incubator.vector
Oct 04, 2026 1:42:19 PM com.integrallis.vectors.core.PanamaVectorUtilSupportProvider create
INFO: vectors-core: Using Panama Vector API SIMD provider (vector bits: 256)
Oct 04, 2026 1:42:19 PM com.integrallis.vectors.core.VectorizationProvider logActiveToggles
INFO: vectors-core: provider=PanamaVectorUtilSupport panama=true maxBits=256 preferredBits=256 fastVectorFMA=true fastScalarFMA=true sve=false ggufParallel=true ggufParallelThreshold=1048576 ggufExecutor=persistent ggufThreads=8 ggufChunksPerThread=2 mappedKQuantLongOffsets=auto(q4=true,q5=false,q6=false) q4ShortPairwiseSupported=true q4UnsignedPairwiseSupported=true toggles=[(defaults — no -Dvectors.* overrides)]
WARMUP,glove-hnsw-heap-ef32,189,3010066283
ALLOCATION,glove-hnsw-heap-ef32,43040,256
RESULT,glove-hnsw-heap-ef32,0,41041884,968596850537911539,1024
RESULT,glove-hnsw-heap-ef32,1,41074686,968596850537911539,1024
RESULT,glove-hnsw-heap-ef32,2,41136559,968596850537911539,1024
RESULT,glove-hnsw-heap-ef32,3,40955324,968596850537911539,1024
RESULT,glove-hnsw-heap-ef32,4,41158562,968596850537911539,1024
RESULT,glove-hnsw-heap-ef32,5,41038487,968596850537911539,1024
RESULT,glove-hnsw-heap-ef32,6,41072963,968596850537911539,1024
WARMUP,glove-hnsw-heap-ef100,97,3025579056
ALLOCATION,glove-hnsw-heap-ef100,36896,256
RESULT,glove-hnsw-heap-ef100,0,108899493,8243387538707746299,1024
RESULT,glove-hnsw-heap-ef100,1,109361394,8243387538707746299,1024
RESULT,glove-hnsw-heap-ef100,2,109171981,8243387538707746299,1024
RESULT,glove-hnsw-heap-ef100,3,109067556,8243387538707746299,1024
RESULT,glove-hnsw-heap-ef100,4,108563065,8243387538707746299,1024
RESULT,glove-hnsw-heap-ef100,5,109233676,8243387538707746299,1024
RESULT,glove-hnsw-heap-ef100,6,113511343,8243387538707746299,1024
WARMUP,glove-hnsw-heap-ef128,85,3023330874
ALLOCATION,glove-hnsw-heap-ef128,36896,256
RESULT,glove-hnsw-heap-ef128,0,142936976,-2514401863691559910,1024
RESULT,glove-hnsw-heap-ef128,1,139877893,-2514401863691559910,1024
RESULT,glove-hnsw-heap-ef128,2,143132962,-2514401863691559910,1024
RESULT,glove-hnsw-heap-ef128,3,137921304,-2514401863691559910,1024
RESULT,glove-hnsw-heap-ef128,4,137664766,-2514401863691559910,1024
RESULT,glove-hnsw-heap-ef128,5,136971676,-2514401863691559910,1024
RESULT,glove-hnsw-heap-ef128,6,138716089,-2514401863691559910,1024
WARMUP,glove-hnsw-heap-ef512,25,3050324567
ALLOCATION,glove-hnsw-heap-ef512,36896,256
RESULT,glove-hnsw-heap-ef512,0,480197795,2109002028201814438,1024
RESULT,glove-hnsw-heap-ef512,1,476682718,2109002028201814438,1024
RESULT,glove-hnsw-heap-ef512,2,476471073,2109002028201814438,1024
RESULT,glove-hnsw-heap-ef512,3,475897159,2109002028201814438,1024
RESULT,glove-hnsw-heap-ef512,4,480993523,2109002028201814438,1024
RESULT,glove-hnsw-heap-ef512,5,478627807,2109002028201814438,1024
RESULT,glove-hnsw-heap-ef512,6,482088070,2109002028201814438,1024
WARMUP,glove-hnsw-heap-filtered128,15,3066322740
ALLOCATION,glove-hnsw-heap-filtered128,80236808,256
RESULT,glove-hnsw-heap-filtered128,0,809037545,4487054836497175703,1024
RESULT,glove-hnsw-heap-filtered128,1,839903515,4487054836497175703,1024
RESULT,glove-hnsw-heap-filtered128,2,823874635,4487054836497175703,1024
RESULT,glove-hnsw-heap-filtered128,3,804910639,4487054836497175703,1024
RESULT,glove-hnsw-heap-filtered128,4,668339832,4487054836497175703,1024
RESULT,glove-hnsw-heap-filtered128,5,664534172,4487054836497175703,1024
RESULT,glove-hnsw-heap-filtered128,6,669910527,4487054836497175703,1024
