WARNING: Using incubator modules: jdk.incubator.vector
Oct 04, 2026 1:52:28 PM com.integrallis.vectors.core.PanamaVectorUtilSupportProvider create
INFO: vectors-core: Using Panama Vector API SIMD provider (vector bits: 256)
Oct 04, 2026 1:52:28 PM com.integrallis.vectors.core.VectorizationProvider logActiveToggles
INFO: vectors-core: provider=PanamaVectorUtilSupport panama=true maxBits=256 preferredBits=256 fastVectorFMA=true fastScalarFMA=true sve=false ggufParallel=true ggufParallelThreshold=1048576 ggufExecutor=persistent ggufThreads=8 ggufChunksPerThread=2 mappedKQuantLongOffsets=auto(q4=true,q5=false,q6=false) q4ShortPairwiseSupported=true q4UnsignedPairwiseSupported=true toggles=[(defaults — no -Dvectors.* overrides)]
WARMUP,glove-hnsw-heap-ef32,192,3005121968
ALLOCATION,glove-hnsw-heap-ef32,43040,256
RESULT,glove-hnsw-heap-ef32,0,40095138,968596850537911539,1024
RESULT,glove-hnsw-heap-ef32,1,39763177,968596850537911539,1024
RESULT,glove-hnsw-heap-ef32,2,39496839,968596850537911539,1024
RESULT,glove-hnsw-heap-ef32,3,39854188,968596850537911539,1024
RESULT,glove-hnsw-heap-ef32,4,39920812,968596850537911539,1024
RESULT,glove-hnsw-heap-ef32,5,39493824,968596850537911539,1024
RESULT,glove-hnsw-heap-ef32,6,39558865,968596850537911539,1024
WARMUP,glove-hnsw-heap-ef100,98,3013280626
ALLOCATION,glove-hnsw-heap-ef100,36896,256
RESULT,glove-hnsw-heap-ef100,0,111563007,8243387538707746299,1024
RESULT,glove-hnsw-heap-ef100,1,108278818,8243387538707746299,1024
RESULT,glove-hnsw-heap-ef100,2,106969069,8243387538707746299,1024
RESULT,glove-hnsw-heap-ef100,3,108269058,8243387538707746299,1024
RESULT,glove-hnsw-heap-ef100,4,108296139,8243387538707746299,1024
RESULT,glove-hnsw-heap-ef100,5,108649630,8243387538707746299,1024
RESULT,glove-hnsw-heap-ef100,6,108400786,8243387538707746299,1024
WARMUP,glove-hnsw-heap-ef128,87,3019778929
ALLOCATION,glove-hnsw-heap-ef128,36896,256
RESULT,glove-hnsw-heap-ef128,0,139939178,-2514401863691559910,1024
RESULT,glove-hnsw-heap-ef128,1,133992187,-2514401863691559910,1024
RESULT,glove-hnsw-heap-ef128,2,135263154,-2514401863691559910,1024
RESULT,glove-hnsw-heap-ef128,3,137659405,-2514401863691559910,1024
RESULT,glove-hnsw-heap-ef128,4,136795249,-2514401863691559910,1024
RESULT,glove-hnsw-heap-ef128,5,134184338,-2514401863691559910,1024
RESULT,glove-hnsw-heap-ef128,6,139433152,-2514401863691559910,1024
WARMUP,glove-hnsw-heap-ef512,26,3087895146
ALLOCATION,glove-hnsw-heap-ef512,36896,256
RESULT,glove-hnsw-heap-ef512,0,465949889,2109002028201814438,1024
RESULT,glove-hnsw-heap-ef512,1,466792033,2109002028201814438,1024
RESULT,glove-hnsw-heap-ef512,2,472823815,2109002028201814438,1024
RESULT,glove-hnsw-heap-ef512,3,471072539,2109002028201814438,1024
RESULT,glove-hnsw-heap-ef512,4,473229113,2109002028201814438,1024
RESULT,glove-hnsw-heap-ef512,5,471573248,2109002028201814438,1024
RESULT,glove-hnsw-heap-ef512,6,470805143,2109002028201814438,1024
WARMUP,glove-hnsw-heap-filtered128,15,3008905617
ALLOCATION,glove-hnsw-heap-filtered128,80234760,256
RESULT,glove-hnsw-heap-filtered128,0,798831267,4487054836497175703,1024
RESULT,glove-hnsw-heap-filtered128,1,802930596,4487054836497175703,1024
RESULT,glove-hnsw-heap-filtered128,2,801887088,4487054836497175703,1024
RESULT,glove-hnsw-heap-filtered128,3,772619505,4487054836497175703,1024
RESULT,glove-hnsw-heap-filtered128,4,650401096,4487054836497175703,1024
RESULT,glove-hnsw-heap-filtered128,5,666238242,4487054836497175703,1024
RESULT,glove-hnsw-heap-filtered128,6,653299939,4487054836497175703,1024
