WARNING: Using incubator modules: jdk.incubator.vector
Oct 04, 2026 1:53:24 PM com.integrallis.vectors.core.PanamaVectorUtilSupportProvider create
INFO: vectors-core: Using Panama Vector API SIMD provider (vector bits: 256)
Oct 04, 2026 1:53:24 PM com.integrallis.vectors.core.VectorizationProvider logActiveToggles
INFO: vectors-core: provider=PanamaVectorUtilSupport panama=true maxBits=256 preferredBits=256 fastVectorFMA=true fastScalarFMA=true sve=false ggufParallel=true ggufParallelThreshold=1048576 ggufExecutor=persistent ggufThreads=8 ggufChunksPerThread=2 mappedKQuantLongOffsets=auto(q4=true,q5=false,q6=false) q4ShortPairwiseSupported=true q4UnsignedPairwiseSupported=true toggles=[(defaults — no -Dvectors.* overrides)]
WARMUP,glove-hnsw-mapped-ef32,69,3012932858
ALLOCATION,glove-hnsw-mapped-ef32,9843288,256
RESULT,glove-hnsw-mapped-ef32,0,61090429,968596850537911539,1024
RESULT,glove-hnsw-mapped-ef32,1,59935460,968596850537911539,1024
RESULT,glove-hnsw-mapped-ef32,2,59205185,968596850537911539,1024
RESULT,glove-hnsw-mapped-ef32,3,58782854,968596850537911539,1024
RESULT,glove-hnsw-mapped-ef32,4,59217687,968596850537911539,1024
RESULT,glove-hnsw-mapped-ef32,5,58741005,968596850537911539,1024
RESULT,glove-hnsw-mapped-ef32,6,58675844,968596850537911539,1024
WARMUP,glove-hnsw-mapped-ef100,58,3037846540
ALLOCATION,glove-hnsw-mapped-ef100,23331368,256
RESULT,glove-hnsw-mapped-ef100,0,163253726,8243387538707746299,1024
RESULT,glove-hnsw-mapped-ef100,1,150081003,8243387538707746299,1024
RESULT,glove-hnsw-mapped-ef100,2,152235332,8243387538707746299,1024
RESULT,glove-hnsw-mapped-ef100,3,150173296,8243387538707746299,1024
RESULT,glove-hnsw-mapped-ef100,4,146849851,8243387538707746299,1024
RESULT,glove-hnsw-mapped-ef100,5,146367630,8243387538707746299,1024
RESULT,glove-hnsw-mapped-ef100,6,146225513,8243387538707746299,1024
WARMUP,glove-hnsw-mapped-ef128,65,3001839537
ALLOCATION,glove-hnsw-mapped-ef128,28385488,256
RESULT,glove-hnsw-mapped-ef128,0,183302841,-2514401863691559910,1024
RESULT,glove-hnsw-mapped-ef128,1,192314213,-2514401863691559910,1024
RESULT,glove-hnsw-mapped-ef128,2,182557378,-2514401863691559910,1024
RESULT,glove-hnsw-mapped-ef128,3,183133164,-2514401863691559910,1024
RESULT,glove-hnsw-mapped-ef128,4,182114179,-2514401863691559910,1024
RESULT,glove-hnsw-mapped-ef128,5,181513726,-2514401863691559910,1024
RESULT,glove-hnsw-mapped-ef128,6,182166136,-2514401863691559910,1024
WARMUP,glove-hnsw-mapped-ef512,20,3070660578
ALLOCATION,glove-hnsw-mapped-ef512,78671528,256
RESULT,glove-hnsw-mapped-ef512,0,606493530,2109002028201814438,1024
RESULT,glove-hnsw-mapped-ef512,1,611261968,2109002028201814438,1024
RESULT,glove-hnsw-mapped-ef512,2,612848066,2109002028201814438,1024
RESULT,glove-hnsw-mapped-ef512,3,613503072,2109002028201814438,1024
RESULT,glove-hnsw-mapped-ef512,4,608673393,2109002028201814438,1024
RESULT,glove-hnsw-mapped-ef512,5,605615244,2109002028201814438,1024
RESULT,glove-hnsw-mapped-ef512,6,612442674,2109002028201814438,1024
WARMUP,glove-hnsw-mapped-filtered128,14,3200595375
ALLOCATION,glove-hnsw-mapped-filtered128,171179968,256
RESULT,glove-hnsw-mapped-filtered128,0,841190781,4487054836497175703,1024
RESULT,glove-hnsw-mapped-filtered128,1,871935248,4487054836497175703,1024
RESULT,glove-hnsw-mapped-filtered128,2,844502901,4487054836497175703,1024
RESULT,glove-hnsw-mapped-filtered128,3,839405760,4487054836497175703,1024
RESULT,glove-hnsw-mapped-filtered128,4,840452120,4487054836497175703,1024
RESULT,glove-hnsw-mapped-filtered128,5,852939927,4487054836497175703,1024
RESULT,glove-hnsw-mapped-filtered128,6,833178193,4487054836497175703,1024
