WARNING: Using incubator modules: jdk.incubator.vector
Oct 04, 2026 1:54:15 PM com.integrallis.vectors.core.PanamaVectorUtilSupportProvider create
INFO: vectors-core: Using Panama Vector API SIMD provider (vector bits: 256)
Oct 04, 2026 1:54:15 PM com.integrallis.vectors.core.VectorizationProvider logActiveToggles
INFO: vectors-core: provider=PanamaVectorUtilSupport panama=true maxBits=256 preferredBits=256 fastVectorFMA=true fastScalarFMA=true sve=false ggufParallel=true ggufParallelThreshold=1048576 ggufExecutor=persistent ggufThreads=8 ggufChunksPerThread=2 mappedKQuantLongOffsets=auto(q4=true,q5=false,q6=false) q4ShortPairwiseSupported=true q4UnsignedPairwiseSupported=true toggles=[(defaults — no -Dvectors.* overrides)]
WARMUP,glove-hnsw-public-ef32,12,4733668206
ALLOCATION,glove-hnsw-public-ef32,11149280,256
RESULT,glove-hnsw-public-ef32,0,77831029,-7890854972030333060,1024
RESULT,glove-hnsw-public-ef32,1,78603364,-7890854972030333060,1024
RESULT,glove-hnsw-public-ef32,2,74999994,-7890854972030333060,1024
RESULT,glove-hnsw-public-ef32,3,75604847,-7890854972030333060,1024
RESULT,glove-hnsw-public-ef32,4,74508816,-7890854972030333060,1024
RESULT,glove-hnsw-public-ef32,5,82903637,-7890854972030333060,1024
RESULT,glove-hnsw-public-ef32,6,87500133,-7890854972030333060,1024
WARMUP,glove-hnsw-public-ef100,52,3006250641
ALLOCATION,glove-hnsw-public-ef100,24630552,256
RESULT,glove-hnsw-public-ef100,0,244270348,-207749048675977002,1024
RESULT,glove-hnsw-public-ef100,1,245279855,-207749048675977002,1024
RESULT,glove-hnsw-public-ef100,2,217083642,-207749048675977002,1024
RESULT,glove-hnsw-public-ef100,3,185897408,-207749048675977002,1024
RESULT,glove-hnsw-public-ef100,4,185326029,-207749048675977002,1024
RESULT,glove-hnsw-public-ef100,5,185141334,-207749048675977002,1024
RESULT,glove-hnsw-public-ef100,6,185847464,-207749048675977002,1024
WARMUP,glove-hnsw-public-ef128,51,3000979631
ALLOCATION,glove-hnsw-public-ef128,29693992,256
RESULT,glove-hnsw-public-ef128,0,229372760,-7641701206466200959,1024
RESULT,glove-hnsw-public-ef128,1,227722964,-7641701206466200959,1024
RESULT,glove-hnsw-public-ef128,2,230902980,-7641701206466200959,1024
RESULT,glove-hnsw-public-ef128,3,234223842,-7641701206466200959,1024
RESULT,glove-hnsw-public-ef128,4,236255002,-7641701206466200959,1024
RESULT,glove-hnsw-public-ef128,5,235839835,-7641701206466200959,1024
RESULT,glove-hnsw-public-ef128,6,233548559,-7641701206466200959,1024
WARMUP,glove-hnsw-public-ef512,17,3174005352
ALLOCATION,glove-hnsw-public-ef512,79984232,256
RESULT,glove-hnsw-public-ef512,0,753588176,-8085175953013352498,1024
RESULT,glove-hnsw-public-ef512,1,744797736,-8085175953013352498,1024
RESULT,glove-hnsw-public-ef512,2,748512777,-8085175953013352498,1024
RESULT,glove-hnsw-public-ef512,3,759000122,-8085175953013352498,1024
RESULT,glove-hnsw-public-ef512,4,770875355,-8085175953013352498,1024
RESULT,glove-hnsw-public-ef512,5,768892006,-8085175953013352498,1024
RESULT,glove-hnsw-public-ef512,6,766325979,-8085175953013352498,1024
