WARNING: Using incubator modules: jdk.incubator.vector
Oct 04, 2026 1:52:01 PM com.integrallis.vectors.core.PanamaVectorUtilSupportProvider create
INFO: vectors-core: Using Panama Vector API SIMD provider (vector bits: 256)
Oct 04, 2026 1:52:01 PM com.integrallis.vectors.core.VectorizationProvider logActiveToggles
INFO: vectors-core: provider=PanamaVectorUtilSupport panama=true maxBits=256 preferredBits=256 fastVectorFMA=true fastScalarFMA=true sve=false ggufParallel=true ggufParallelThreshold=1048576 ggufExecutor=persistent ggufThreads=8 ggufChunksPerThread=2 mappedKQuantLongOffsets=auto(q4=true,q5=false,q6=false) q4ShortPairwiseSupported=true q4UnsignedPairwiseSupported=true toggles=[(defaults — no -Dvectors.* overrides)]
WARMUP,glove-hnsw-heap-ef32,184,3006091758
ALLOCATION,glove-hnsw-heap-ef32,43040,256
RESULT,glove-hnsw-heap-ef32,0,39358556,968596850537911539,1024
RESULT,glove-hnsw-heap-ef32,1,39784652,968596850537911539,1024
RESULT,glove-hnsw-heap-ef32,2,39583236,968596850537911539,1024
RESULT,glove-hnsw-heap-ef32,3,39356161,968596850537911539,1024
RESULT,glove-hnsw-heap-ef32,4,39525418,968596850537911539,1024
RESULT,glove-hnsw-heap-ef32,5,40621558,968596850537911539,1024
RESULT,glove-hnsw-heap-ef32,6,41416124,968596850537911539,1024
WARMUP,glove-hnsw-heap-ef100,98,3019025546
ALLOCATION,glove-hnsw-heap-ef100,36896,256
RESULT,glove-hnsw-heap-ef100,0,106820938,8243387538707746299,1024
RESULT,glove-hnsw-heap-ef100,1,106512933,8243387538707746299,1024
RESULT,glove-hnsw-heap-ef100,2,106826348,8243387538707746299,1024
RESULT,glove-hnsw-heap-ef100,3,106439536,8243387538707746299,1024
RESULT,glove-hnsw-heap-ef100,4,106359274,8243387538707746299,1024
RESULT,glove-hnsw-heap-ef100,5,107589165,8243387538707746299,1024
RESULT,glove-hnsw-heap-ef100,6,108342493,8243387538707746299,1024
WARMUP,glove-hnsw-heap-ef128,88,3011498717
ALLOCATION,glove-hnsw-heap-ef128,36896,256
RESULT,glove-hnsw-heap-ef128,0,135912862,-2514401863691559910,1024
RESULT,glove-hnsw-heap-ef128,1,136042715,-2514401863691559910,1024
RESULT,glove-hnsw-heap-ef128,2,137309364,-2514401863691559910,1024
RESULT,glove-hnsw-heap-ef128,3,135858271,-2514401863691559910,1024
RESULT,glove-hnsw-heap-ef128,4,137506843,-2514401863691559910,1024
RESULT,glove-hnsw-heap-ef128,5,137425330,-2514401863691559910,1024
RESULT,glove-hnsw-heap-ef128,6,137945183,-2514401863691559910,1024
WARMUP,glove-hnsw-heap-ef512,26,3036174771
ALLOCATION,glove-hnsw-heap-ef512,36896,256
RESULT,glove-hnsw-heap-ef512,0,480800028,2109002028201814438,1024
RESULT,glove-hnsw-heap-ef512,1,468533724,2109002028201814438,1024
RESULT,glove-hnsw-heap-ef512,2,471855106,2109002028201814438,1024
RESULT,glove-hnsw-heap-ef512,3,472690277,2109002028201814438,1024
RESULT,glove-hnsw-heap-ef512,4,469322383,2109002028201814438,1024
RESULT,glove-hnsw-heap-ef512,5,463581067,2109002028201814438,1024
RESULT,glove-hnsw-heap-ef512,6,467380664,2109002028201814438,1024
WARMUP,glove-hnsw-heap-filtered128,15,3066889059
ALLOCATION,glove-hnsw-heap-filtered128,80236808,256
RESULT,glove-hnsw-heap-filtered128,0,832036578,4487054836497175703,1024
RESULT,glove-hnsw-heap-filtered128,1,834738832,4487054836497175703,1024
RESULT,glove-hnsw-heap-filtered128,2,817143036,4487054836497175703,1024
RESULT,glove-hnsw-heap-filtered128,3,745646762,4487054836497175703,1024
RESULT,glove-hnsw-heap-filtered128,4,660048869,4487054836497175703,1024
RESULT,glove-hnsw-heap-filtered128,5,672855817,4487054836497175703,1024
RESULT,glove-hnsw-heap-filtered128,6,676856718,4487054836497175703,1024
