WARNING: Using incubator modules: jdk.incubator.vector
Oct 04, 2026 1:53:54 PM com.integrallis.vectors.core.PanamaVectorUtilSupportProvider create
INFO: vectors-core: Using Panama Vector API SIMD provider (vector bits: 256)
Oct 04, 2026 1:53:54 PM com.integrallis.vectors.core.VectorizationProvider logActiveToggles
INFO: vectors-core: provider=PanamaVectorUtilSupport panama=true maxBits=256 preferredBits=256 fastVectorFMA=true fastScalarFMA=true sve=false ggufParallel=true ggufParallelThreshold=1048576 ggufExecutor=persistent ggufThreads=8 ggufChunksPerThread=2 mappedKQuantLongOffsets=auto(q4=true,q5=false,q6=false) q4ShortPairwiseSupported=true q4UnsignedPairwiseSupported=true toggles=[(defaults — no -Dvectors.* overrides)]
WARMUP,glove-hnsw-public-ef32,66,3000988975
ALLOCATION,glove-hnsw-public-ef32,1380384,256
RESULT,glove-hnsw-public-ef32,0,69802889,-7890854972030333060,1024
RESULT,glove-hnsw-public-ef32,1,69995238,-7890854972030333060,1024
RESULT,glove-hnsw-public-ef32,2,70747385,-7890854972030333060,1024
RESULT,glove-hnsw-public-ef32,3,70019554,-7890854972030333060,1024
RESULT,glove-hnsw-public-ef32,4,70194722,-7890854972030333060,1024
RESULT,glove-hnsw-public-ef32,5,70068425,-7890854972030333060,1024
RESULT,glove-hnsw-public-ef32,6,70602154,-7890854972030333060,1024
WARMUP,glove-hnsw-public-ef100,68,3030499634
ALLOCATION,glove-hnsw-public-ef100,1380384,256
RESULT,glove-hnsw-public-ef100,0,161002634,-207749048675977002,1024
RESULT,glove-hnsw-public-ef100,1,162186148,-207749048675977002,1024
RESULT,glove-hnsw-public-ef100,2,163585806,-207749048675977002,1024
RESULT,glove-hnsw-public-ef100,3,163498113,-207749048675977002,1024
RESULT,glove-hnsw-public-ef100,4,164802913,-207749048675977002,1024
RESULT,glove-hnsw-public-ef100,5,166472957,-207749048675977002,1024
RESULT,glove-hnsw-public-ef100,6,166982859,-207749048675977002,1024
WARMUP,glove-hnsw-public-ef128,57,3026589189
ALLOCATION,glove-hnsw-public-ef128,1380384,256
RESULT,glove-hnsw-public-ef128,0,215572873,-7641701206466200959,1024
RESULT,glove-hnsw-public-ef128,1,216826496,-7641701206466200959,1024
RESULT,glove-hnsw-public-ef128,2,214871200,-7641701206466200959,1024
RESULT,glove-hnsw-public-ef128,3,213540862,-7641701206466200959,1024
RESULT,glove-hnsw-public-ef128,4,213903280,-7641701206466200959,1024
RESULT,glove-hnsw-public-ef128,5,215404597,-7641701206466200959,1024
RESULT,glove-hnsw-public-ef128,6,218615132,-7641701206466200959,1024
WARMUP,glove-hnsw-public-ef512,18,3087549988
ALLOCATION,glove-hnsw-public-ef512,1380384,256
RESULT,glove-hnsw-public-ef512,0,676813450,-8085175953013352498,1024
RESULT,glove-hnsw-public-ef512,1,689704520,-8085175953013352498,1024
RESULT,glove-hnsw-public-ef512,2,683506299,-8085175953013352498,1024
RESULT,glove-hnsw-public-ef512,3,691685419,-8085175953013352498,1024
RESULT,glove-hnsw-public-ef512,4,690342478,-8085175953013352498,1024
RESULT,glove-hnsw-public-ef512,5,667872637,-8085175953013352498,1024
RESULT,glove-hnsw-public-ef512,6,678477371,-8085175953013352498,1024
