WARNING: Using incubator modules: jdk.incubator.vector
Oct 04, 2026 1:03:09 AM com.integrallis.vectors.core.PanamaVectorUtilSupportProvider create
INFO: vectors-core: Using Panama Vector API SIMD provider (vector bits: 256)
Oct 04, 2026 1:03:09 AM com.integrallis.vectors.core.VectorizationProvider logActiveToggles
INFO: vectors-core: provider=PanamaVectorUtilSupport panama=true maxBits=256 preferredBits=256 fastVectorFMA=true fastScalarFMA=true sve=false ggufParallel=true ggufParallelThreshold=1048576 ggufExecutor=persistent ggufThreads=8 ggufChunksPerThread=2 mappedKQuantLongOffsets=auto(q4=true,q5=false,q6=false) q4ShortPairwiseSupported=true q4UnsignedPairwiseSupported=true toggles=[(defaults — no -Dvectors.* overrides)]
FLAT,fashion-control,single,60000,784,1,0,17109390,-5889716151259767543
FLAT,fashion-control,single,60000,784,1,1,17364354,-5889716151259767543
FLAT,fashion-control,single,60000,784,1,2,17163282,-5889716151259767543
FLAT,fashion-control,single,60000,784,1,3,17461361,-5889716151259767543
FLAT,fashion-control,single,60000,784,1,4,17222781,-5889716151259767543
FLAT,fashion-control,single,60000,784,1,5,17372977,-5889716151259767543
FLAT,fashion-control,single,60000,784,1,6,17284505,-5889716151259767543
FLAT,fashion-control,batch,60000,784,1,0,18552812,-5889716151259767543
FLAT,fashion-control,batch,60000,784,1,1,18002034,-5889716151259767543
FLAT,fashion-control,batch,60000,784,1,2,17946800,-5889716151259767543
FLAT,fashion-control,batch,60000,784,1,3,17500368,-5889716151259767543
FLAT,fashion-control,batch,60000,784,1,4,17267078,-5889716151259767543
FLAT,fashion-control,batch,60000,784,1,5,17373638,-5889716151259767543
FLAT,fashion-control,batch,60000,784,1,6,17125515,-5889716151259767543
FLAT,fashion-control,single,60000,784,2,0,34635848,-3658882809325304494
FLAT,fashion-control,single,60000,784,2,1,34275668,-3658882809325304494
FLAT,fashion-control,single,60000,784,2,2,34112663,-3658882809325304494
FLAT,fashion-control,single,60000,784,2,3,33775595,-3658882809325304494
FLAT,fashion-control,single,60000,784,2,4,34821157,-3658882809325304494
FLAT,fashion-control,single,60000,784,2,5,36400944,-3658882809325304494
FLAT,fashion-control,single,60000,784,2,6,36751501,-3658882809325304494
FLAT,fashion-control,batch,60000,784,2,0,23218047,-3658882809325304494
FLAT,fashion-control,batch,60000,784,2,1,22564474,-3658882809325304494
FLAT,fashion-control,batch,60000,784,2,2,22521440,-3658882809325304494
FLAT,fashion-control,batch,60000,784,2,3,22393307,-3658882809325304494
FLAT,fashion-control,batch,60000,784,2,4,22640549,-3658882809325304494
FLAT,fashion-control,batch,60000,784,2,5,24047706,-3658882809325304494
FLAT,fashion-control,batch,60000,784,2,6,22599127,-3658882809325304494
FLAT,fashion-control,single,60000,784,4,0,72321865,7347236782066100300
FLAT,fashion-control,single,60000,784,4,1,67740866,7347236782066100300
FLAT,fashion-control,single,60000,784,4,2,69661304,7347236782066100300
FLAT,fashion-control,single,60000,784,4,3,68692907,7347236782066100300
FLAT,fashion-control,single,60000,784,4,4,68631175,7347236782066100300
FLAT,fashion-control,single,60000,784,4,5,68702591,7347236782066100300
FLAT,fashion-control,single,60000,784,4,6,67709217,7347236782066100300
FLAT,fashion-control,batch,60000,784,4,0,32656783,7347236782066100300
FLAT,fashion-control,batch,60000,784,4,1,33706821,7347236782066100300
FLAT,fashion-control,batch,60000,784,4,2,33409735,7347236782066100300
FLAT,fashion-control,batch,60000,784,4,3,33188422,7347236782066100300
FLAT,fashion-control,batch,60000,784,4,4,31591911,7347236782066100300
FLAT,fashion-control,batch,60000,784,4,5,31576178,7347236782066100300
FLAT,fashion-control,batch,60000,784,4,6,31194423,7347236782066100300
FLAT,fashion-control,single,60000,784,16,0,270784783,-7145532576525031642
FLAT,fashion-control,single,60000,784,16,1,273033564,-7145532576525031642
FLAT,fashion-control,single,60000,784,16,2,270148586,-7145532576525031642
FLAT,fashion-control,single,60000,784,16,3,277023926,-7145532576525031642
FLAT,fashion-control,single,60000,784,16,4,295390837,-7145532576525031642
FLAT,fashion-control,single,60000,784,16,5,277821485,-7145532576525031642
FLAT,fashion-control,single,60000,784,16,6,275481496,-7145532576525031642
FLAT,fashion-control,batch,60000,784,16,0,77738742,-7145532576525031642
FLAT,fashion-control,batch,60000,784,16,1,76739598,-7145532576525031642
FLAT,fashion-control,batch,60000,784,16,2,76811956,-7145532576525031642
FLAT,fashion-control,batch,60000,784,16,3,76678636,-7145532576525031642
FLAT,fashion-control,batch,60000,784,16,4,76688731,-7145532576525031642
FLAT,fashion-control,batch,60000,784,16,5,76942604,-7145532576525031642
FLAT,fashion-control,batch,60000,784,16,6,76689494,-7145532576525031642
FLAT,fashion-control,single,60000,784,64,0,1096622293,-176892425030124251
FLAT,fashion-control,single,60000,784,64,1,1081523797,-176892425030124251
FLAT,fashion-control,single,60000,784,64,2,1096458795,-176892425030124251
FLAT,fashion-control,single,60000,784,64,3,1103173703,-176892425030124251
FLAT,fashion-control,single,60000,784,64,4,1088176096,-176892425030124251
FLAT,fashion-control,single,60000,784,64,5,1082784689,-176892425030124251
FLAT,fashion-control,single,60000,784,64,6,1098556075,-176892425030124251
FLAT,fashion-control,batch,60000,784,64,0,256159742,-176892425030124251
FLAT,fashion-control,batch,60000,784,64,1,256325592,-176892425030124251
FLAT,fashion-control,batch,60000,784,64,2,256004950,-176892425030124251
FLAT,fashion-control,batch,60000,784,64,3,256204720,-176892425030124251
FLAT,fashion-control,batch,60000,784,64,4,255831488,-176892425030124251
FLAT,fashion-control,batch,60000,784,64,5,256038530,-176892425030124251
FLAT,fashion-control,batch,60000,784,64,6,255229654,-176892425030124251
