WARNING: Using incubator modules: jdk.incubator.vector
Oct 04, 2026 1:01:51 AM com.integrallis.vectors.core.PanamaVectorUtilSupportProvider create
INFO: vectors-core: Using Panama Vector API SIMD provider (vector bits: 256)
Oct 04, 2026 1:01:51 AM com.integrallis.vectors.core.VectorizationProvider logActiveToggles
INFO: vectors-core: provider=PanamaVectorUtilSupport panama=true maxBits=256 preferredBits=256 fastVectorFMA=true fastScalarFMA=true sve=false ggufParallel=true ggufParallelThreshold=1048576 ggufExecutor=persistent ggufThreads=8 ggufChunksPerThread=2 mappedKQuantLongOffsets=auto(q4=true,q5=false,q6=false) q4ShortPairwiseSupported=true q4UnsignedPairwiseSupported=true toggles=[(defaults — no -Dvectors.* overrides)]
FLAT,collection,single,100000,512,1,0,21605355,5295670917787159230
FLAT,collection,single,100000,512,1,1,21755850,5295670917787159230
FLAT,collection,single,100000,512,1,2,21882230,5295670917787159230
FLAT,collection,single,100000,512,1,3,21803853,5295670917787159230
FLAT,collection,single,100000,512,1,4,20993263,5295670917787159230
FLAT,collection,single,100000,512,1,5,21815179,5295670917787159230
FLAT,collection,single,100000,512,1,6,20998693,5295670917787159230
FLAT,collection,batch,100000,512,1,0,23359103,5295670917787159230
FLAT,collection,batch,100000,512,1,1,22993272,5295670917787159230
FLAT,collection,batch,100000,512,1,2,23384460,5295670917787159230
FLAT,collection,batch,100000,512,1,3,22650276,5295670917787159230
FLAT,collection,batch,100000,512,1,4,23199662,5295670917787159230
FLAT,collection,batch,100000,512,1,5,22975115,5295670917787159230
FLAT,collection,batch,100000,512,1,6,22246939,5295670917787159230
FLAT,collection,single,100000,512,2,0,43143908,7357427968086772174
FLAT,collection,single,100000,512,2,1,44233267,7357427968086772174
FLAT,collection,single,100000,512,2,2,44054247,7357427968086772174
FLAT,collection,single,100000,512,2,3,44760660,7357427968086772174
FLAT,collection,single,100000,512,2,4,45436776,7357427968086772174
FLAT,collection,single,100000,512,2,5,43840746,7357427968086772174
FLAT,collection,single,100000,512,2,6,43508726,7357427968086772174
FLAT,collection,batch,100000,512,2,0,31457162,7357427968086772174
FLAT,collection,batch,100000,512,2,1,31448740,7357427968086772174
FLAT,collection,batch,100000,512,2,2,32000688,7357427968086772174
FLAT,collection,batch,100000,512,2,3,31176620,7357427968086772174
FLAT,collection,batch,100000,512,2,4,32029002,7357427968086772174
FLAT,collection,batch,100000,512,2,5,32498417,7357427968086772174
FLAT,collection,batch,100000,512,2,6,31477472,7357427968086772174
FLAT,collection,single,100000,512,4,0,85399920,-7941854946009114996
FLAT,collection,single,100000,512,4,1,84689001,-7941854946009114996
FLAT,collection,single,100000,512,4,2,86115837,-7941854946009114996
FLAT,collection,single,100000,512,4,3,84931256,-7941854946009114996
FLAT,collection,single,100000,512,4,4,84997615,-7941854946009114996
FLAT,collection,single,100000,512,4,5,84716683,-7941854946009114996
FLAT,collection,single,100000,512,4,6,84274819,-7941854946009114996
FLAT,collection,batch,100000,512,4,0,41545945,-7941854946009114996
FLAT,collection,batch,100000,512,4,1,41785575,-7941854946009114996
FLAT,collection,batch,100000,512,4,2,42299598,-7941854946009114996
FLAT,collection,batch,100000,512,4,3,42159058,-7941854946009114996
FLAT,collection,batch,100000,512,4,4,42391126,-7941854946009114996
FLAT,collection,batch,100000,512,4,5,42461712,-7941854946009114996
FLAT,collection,batch,100000,512,4,6,42315923,-7941854946009114996
FLAT,collection,single,100000,512,16,0,332540698,-6059471343997055021
FLAT,collection,single,100000,512,16,1,329046623,-6059471343997055021
FLAT,collection,single,100000,512,16,2,336151458,-6059471343997055021
FLAT,collection,single,100000,512,16,3,341707734,-6059471343997055021
FLAT,collection,single,100000,512,16,4,346720073,-6059471343997055021
FLAT,collection,single,100000,512,16,5,350721440,-6059471343997055021
FLAT,collection,single,100000,512,16,6,346712050,-6059471343997055021
FLAT,collection,batch,100000,512,16,0,99356922,-6059471343997055021
FLAT,collection,batch,100000,512,16,1,98949668,-6059471343997055021
FLAT,collection,batch,100000,512,16,2,97959870,-6059471343997055021
FLAT,collection,batch,100000,512,16,3,98021994,-6059471343997055021
FLAT,collection,batch,100000,512,16,4,98636798,-6059471343997055021
FLAT,collection,batch,100000,512,16,5,99043379,-6059471343997055021
FLAT,collection,batch,100000,512,16,6,97658627,-6059471343997055021
FLAT,collection,single,100000,512,64,0,1377755409,4383894143533102471
FLAT,collection,single,100000,512,64,1,1342497309,4383894143533102471
FLAT,collection,single,100000,512,64,2,1351656692,4383894143533102471
FLAT,collection,single,100000,512,64,3,1350866441,4383894143533102471
FLAT,collection,single,100000,512,64,4,1341418330,4383894143533102471
FLAT,collection,single,100000,512,64,5,1361866851,4383894143533102471
FLAT,collection,single,100000,512,64,6,1337946133,4383894143533102471
FLAT,collection,batch,100000,512,64,0,345286915,4383894143533102471
FLAT,collection,batch,100000,512,64,1,352762588,4383894143533102471
FLAT,collection,batch,100000,512,64,2,344894765,4383894143533102471
FLAT,collection,batch,100000,512,64,3,343712035,4383894143533102471
FLAT,collection,batch,100000,512,64,4,345075968,4383894143533102471
FLAT,collection,batch,100000,512,64,5,343769382,4383894143533102471
FLAT,collection,batch,100000,512,64,6,342970371,4383894143533102471
