WARNING: Using incubator modules: jdk.incubator.vector
Oct 04, 2026 1:01:28 AM com.integrallis.vectors.core.PanamaVectorUtilSupportProvider create
INFO: vectors-core: Using Panama Vector API SIMD provider (vector bits: 256)
Oct 04, 2026 1:01:28 AM com.integrallis.vectors.core.VectorizationProvider logActiveToggles
INFO: vectors-core: provider=PanamaVectorUtilSupport panama=true maxBits=256 preferredBits=256 fastVectorFMA=true fastScalarFMA=true sve=false ggufParallel=true ggufParallelThreshold=1048576 ggufExecutor=persistent ggufThreads=8 ggufChunksPerThread=2 mappedKQuantLongOffsets=auto(q4=true,q5=false,q6=false) q4ShortPairwiseSupported=true q4UnsignedPairwiseSupported=true toggles=[(defaults — no -Dvectors.* overrides)]
FLAT,glove,single,100000,100,1,0,6490451,9123688640271969882
FLAT,glove,single,100000,100,1,1,6111501,9123688640271969882
FLAT,glove,single,100000,100,1,2,6000334,9123688640271969882
FLAT,glove,single,100000,100,1,3,6104411,9123688640271969882
FLAT,glove,single,100000,100,1,4,5982066,9123688640271969882
FLAT,glove,single,100000,100,1,5,6203721,9123688640271969882
FLAT,glove,single,100000,100,1,6,6156870,9123688640271969882
FLAT,glove,batch,100000,100,1,0,5256656,9123688640271969882
FLAT,glove,batch,100000,100,1,1,4720230,9123688640271969882
FLAT,glove,batch,100000,100,1,2,4741630,9123688640271969882
FLAT,glove,batch,100000,100,1,3,4605246,9123688640271969882
FLAT,glove,batch,100000,100,1,4,4704445,9123688640271969882
FLAT,glove,batch,100000,100,1,5,4680771,9123688640271969882
FLAT,glove,batch,100000,100,1,6,6004692,9123688640271969882
FLAT,glove,single,100000,100,2,0,12411828,-8839688515274822432
FLAT,glove,single,100000,100,2,1,13312452,-8839688515274822432
FLAT,glove,single,100000,100,2,2,12315193,-8839688515274822432
FLAT,glove,single,100000,100,2,3,11886487,-8839688515274822432
FLAT,glove,single,100000,100,2,4,11599126,-8839688515274822432
FLAT,glove,single,100000,100,2,5,11984806,-8839688515274822432
FLAT,glove,single,100000,100,2,6,12121921,-8839688515274822432
FLAT,glove,batch,100000,100,2,0,6667599,-8839688515274822432
FLAT,glove,batch,100000,100,2,1,6693306,-8839688515274822432
FLAT,glove,batch,100000,100,2,2,6895400,-8839688515274822432
FLAT,glove,batch,100000,100,2,3,7015432,-8839688515274822432
FLAT,glove,batch,100000,100,2,4,7093598,-8839688515274822432
FLAT,glove,batch,100000,100,2,5,7125676,-8839688515274822432
FLAT,glove,batch,100000,100,2,6,7051926,-8839688515274822432
FLAT,glove,single,100000,100,4,0,23108747,-8035847026677169637
FLAT,glove,single,100000,100,4,1,23821589,-8035847026677169637
FLAT,glove,single,100000,100,4,2,23614707,-8035847026677169637
FLAT,glove,single,100000,100,4,3,22737277,-8035847026677169637
FLAT,glove,single,100000,100,4,4,24271596,-8035847026677169637
FLAT,glove,single,100000,100,4,5,22420541,-8035847026677169637
FLAT,glove,single,100000,100,4,6,23917223,-8035847026677169637
FLAT,glove,batch,100000,100,4,0,12176253,-8035847026677169637
FLAT,glove,batch,100000,100,4,1,10211518,-8035847026677169637
FLAT,glove,batch,100000,100,4,2,9949876,-8035847026677169637
FLAT,glove,batch,100000,100,4,3,10050266,-8035847026677169637
FLAT,glove,batch,100000,100,4,4,9862964,-8035847026677169637
FLAT,glove,batch,100000,100,4,5,9771317,-8035847026677169637
FLAT,glove,batch,100000,100,4,6,9802593,-8035847026677169637
FLAT,glove,single,100000,100,16,0,89881895,4439317876800093591
FLAT,glove,single,100000,100,16,1,92868257,4439317876800093591
FLAT,glove,single,100000,100,16,2,95444381,4439317876800093591
FLAT,glove,single,100000,100,16,3,93036830,4439317876800093591
FLAT,glove,single,100000,100,16,4,94224466,4439317876800093591
FLAT,glove,single,100000,100,16,5,92870390,4439317876800093591
FLAT,glove,single,100000,100,16,6,88815611,4439317876800093591
FLAT,glove,batch,100000,100,16,0,35577850,4439317876800093591
FLAT,glove,batch,100000,100,16,1,32654243,4439317876800093591
FLAT,glove,batch,100000,100,16,2,32461803,4439317876800093591
FLAT,glove,batch,100000,100,16,3,32558620,4439317876800093591
FLAT,glove,batch,100000,100,16,4,32612850,4439317876800093591
FLAT,glove,batch,100000,100,16,5,32638459,4439317876800093591
FLAT,glove,batch,100000,100,16,6,33328547,4439317876800093591
FLAT,glove,single,100000,100,64,0,363768777,-6504456432332121007
FLAT,glove,single,100000,100,64,1,372545716,-6504456432332121007
FLAT,glove,single,100000,100,64,2,383020491,-6504456432332121007
FLAT,glove,single,100000,100,64,3,390262904,-6504456432332121007
FLAT,glove,single,100000,100,64,4,380819180,-6504456432332121007
FLAT,glove,single,100000,100,64,5,362553288,-6504456432332121007
FLAT,glove,single,100000,100,64,6,368116365,-6504456432332121007
FLAT,glove,batch,100000,100,64,0,126361200,-6504456432332121007
FLAT,glove,batch,100000,100,64,1,127818792,-6504456432332121007
FLAT,glove,batch,100000,100,64,2,127410928,-6504456432332121007
FLAT,glove,batch,100000,100,64,3,126923755,-6504456432332121007
FLAT,glove,batch,100000,100,64,4,127072440,-6504456432332121007
FLAT,glove,batch,100000,100,64,5,125646786,-6504456432332121007
FLAT,glove,batch,100000,100,64,6,126555812,-6504456432332121007
