WARNING: Using incubator modules: jdk.incubator.vector
Oct 04, 2026 1:01:40 AM com.integrallis.vectors.core.PanamaVectorUtilSupportProvider create
INFO: vectors-core: Using Panama Vector API SIMD provider (vector bits: 256)
Oct 04, 2026 1:01:40 AM com.integrallis.vectors.core.VectorizationProvider logActiveToggles
INFO: vectors-core: provider=PanamaVectorUtilSupport panama=true maxBits=256 preferredBits=256 fastVectorFMA=true fastScalarFMA=true sve=false ggufParallel=true ggufParallelThreshold=1048576 ggufExecutor=persistent ggufThreads=8 ggufChunksPerThread=2 mappedKQuantLongOffsets=auto(q4=true,q5=false,q6=false) q4ShortPairwiseSupported=true q4UnsignedPairwiseSupported=true toggles=[(defaults — no -Dvectors.* overrides)]
FLAT,glove,single,100000,100,1,0,5905512,9123688640271969882
FLAT,glove,single,100000,100,1,1,6023659,9123688640271969882
FLAT,glove,single,100000,100,1,2,5988056,9123688640271969882
FLAT,glove,single,100000,100,1,3,6039564,9123688640271969882
FLAT,glove,single,100000,100,1,4,5949027,9123688640271969882
FLAT,glove,single,100000,100,1,5,6132003,9123688640271969882
FLAT,glove,single,100000,100,1,6,6204511,9123688640271969882
FLAT,glove,batch,100000,100,1,0,5277496,9123688640271969882
FLAT,glove,batch,100000,100,1,1,4982554,9123688640271969882
FLAT,glove,batch,100000,100,1,2,4987701,9123688640271969882
FLAT,glove,batch,100000,100,1,3,4937867,9123688640271969882
FLAT,glove,batch,100000,100,1,4,4819198,9123688640271969882
FLAT,glove,batch,100000,100,1,5,4737345,9123688640271969882
FLAT,glove,batch,100000,100,1,6,6027766,9123688640271969882
FLAT,glove,single,100000,100,2,0,11167625,-8839688515274822432
FLAT,glove,single,100000,100,2,1,11849862,-8839688515274822432
FLAT,glove,single,100000,100,2,2,11307737,-8839688515274822432
FLAT,glove,single,100000,100,2,3,11414797,-8839688515274822432
FLAT,glove,single,100000,100,2,4,11640147,-8839688515274822432
FLAT,glove,single,100000,100,2,5,11303570,-8839688515274822432
FLAT,glove,single,100000,100,2,6,11363330,-8839688515274822432
FLAT,glove,batch,100000,100,2,0,6706407,-8839688515274822432
FLAT,glove,batch,100000,100,2,1,6538223,-8839688515274822432
FLAT,glove,batch,100000,100,2,2,7129693,-8839688515274822432
FLAT,glove,batch,100000,100,2,3,6990975,-8839688515274822432
FLAT,glove,batch,100000,100,2,4,7031014,-8839688515274822432
FLAT,glove,batch,100000,100,2,5,6851174,-8839688515274822432
FLAT,glove,batch,100000,100,2,6,6830194,-8839688515274822432
FLAT,glove,single,100000,100,4,0,22578890,-8035847026677169637
FLAT,glove,single,100000,100,4,1,22852400,-8035847026677169637
FLAT,glove,single,100000,100,4,2,22151617,-8035847026677169637
FLAT,glove,single,100000,100,4,3,22196624,-8035847026677169637
FLAT,glove,single,100000,100,4,4,21880559,-8035847026677169637
FLAT,glove,single,100000,100,4,5,22521031,-8035847026677169637
FLAT,glove,single,100000,100,4,6,21876573,-8035847026677169637
FLAT,glove,batch,100000,100,4,0,8803681,-8035847026677169637
FLAT,glove,batch,100000,100,4,1,8930111,-8035847026677169637
FLAT,glove,batch,100000,100,4,2,8831673,-8035847026677169637
FLAT,glove,batch,100000,100,4,3,8779083,-8035847026677169637
FLAT,glove,batch,100000,100,4,4,8852074,-8035847026677169637
FLAT,glove,batch,100000,100,4,5,8981579,-8035847026677169637
FLAT,glove,batch,100000,100,4,6,8932314,-8035847026677169637
FLAT,glove,single,100000,100,16,0,91362280,4439317876800093591
FLAT,glove,single,100000,100,16,1,94786431,4439317876800093591
FLAT,glove,single,100000,100,16,2,95608026,4439317876800093591
FLAT,glove,single,100000,100,16,3,95943380,4439317876800093591
FLAT,glove,single,100000,100,16,4,99823155,4439317876800093591
FLAT,glove,single,100000,100,16,5,100192420,4439317876800093591
FLAT,glove,single,100000,100,16,6,95685743,4439317876800093591
FLAT,glove,batch,100000,100,16,0,27358207,4439317876800093591
FLAT,glove,batch,100000,100,16,1,27945069,4439317876800093591
FLAT,glove,batch,100000,100,16,2,28413303,4439317876800093591
FLAT,glove,batch,100000,100,16,3,28256348,4439317876800093591
FLAT,glove,batch,100000,100,16,4,27615183,4439317876800093591
FLAT,glove,batch,100000,100,16,5,28260464,4439317876800093591
FLAT,glove,batch,100000,100,16,6,27356014,4439317876800093591
FLAT,glove,single,100000,100,64,0,374895584,-6504456432332121007
FLAT,glove,single,100000,100,64,1,376913310,-6504456432332121007
FLAT,glove,single,100000,100,64,2,358621328,-6504456432332121007
FLAT,glove,single,100000,100,64,3,357962097,-6504456432332121007
FLAT,glove,single,100000,100,64,4,362548154,-6504456432332121007
FLAT,glove,single,100000,100,64,5,375393473,-6504456432332121007
FLAT,glove,single,100000,100,64,6,374835765,-6504456432332121007
FLAT,glove,batch,100000,100,64,0,99326478,-6504456432332121007
FLAT,glove,batch,100000,100,64,1,102927553,-6504456432332121007
FLAT,glove,batch,100000,100,64,2,99262041,-6504456432332121007
FLAT,glove,batch,100000,100,64,3,99324114,-6504456432332121007
FLAT,glove,batch,100000,100,64,4,98788568,-6504456432332121007
FLAT,glove,batch,100000,100,64,5,104260267,-6504456432332121007
FLAT,glove,batch,100000,100,64,6,99100447,-6504456432332121007
