WARNING: Using incubator modules: jdk.incubator.vector
Oct 04, 2026 1:02:31 AM com.integrallis.vectors.core.PanamaVectorUtilSupportProvider create
INFO: vectors-core: Using Panama Vector API SIMD provider (vector bits: 256)
Oct 04, 2026 1:02:31 AM com.integrallis.vectors.core.VectorizationProvider logActiveToggles
INFO: vectors-core: provider=PanamaVectorUtilSupport panama=true maxBits=256 preferredBits=256 fastVectorFMA=true fastScalarFMA=true sve=false ggufParallel=true ggufParallelThreshold=1048576 ggufExecutor=persistent ggufThreads=8 ggufChunksPerThread=2 mappedKQuantLongOffsets=auto(q4=true,q5=false,q6=false) q4ShortPairwiseSupported=true q4UnsignedPairwiseSupported=true toggles=[(defaults — no -Dvectors.* overrides)]
FLAT,collection,single,100000,512,1,0,20986052,5295670917787159230
FLAT,collection,single,100000,512,1,1,20335154,5295670917787159230
FLAT,collection,single,100000,512,1,2,20699080,5295670917787159230
FLAT,collection,single,100000,512,1,3,20454282,5295670917787159230
FLAT,collection,single,100000,512,1,4,20427482,5295670917787159230
FLAT,collection,single,100000,512,1,5,20567593,5295670917787159230
FLAT,collection,single,100000,512,1,6,20559230,5295670917787159230
FLAT,collection,batch,100000,512,1,0,21817182,5295670917787159230
FLAT,collection,batch,100000,512,1,1,21781308,5295670917787159230
FLAT,collection,batch,100000,512,1,2,21976812,5295670917787159230
FLAT,collection,batch,100000,512,1,3,21372183,5295670917787159230
FLAT,collection,batch,100000,512,1,4,21517181,5295670917787159230
FLAT,collection,batch,100000,512,1,5,21227244,5295670917787159230
FLAT,collection,batch,100000,512,1,6,21744913,5295670917787159230
FLAT,collection,single,100000,512,2,0,40863356,7357427968086772174
FLAT,collection,single,100000,512,2,1,41939454,7357427968086772174
FLAT,collection,single,100000,512,2,2,40871417,7357427968086772174
FLAT,collection,single,100000,512,2,3,41439833,7357427968086772174
FLAT,collection,single,100000,512,2,4,41503048,7357427968086772174
FLAT,collection,single,100000,512,2,5,41230438,7357427968086772174
FLAT,collection,single,100000,512,2,6,41725543,7357427968086772174
FLAT,collection,batch,100000,512,2,0,29593216,7357427968086772174
FLAT,collection,batch,100000,512,2,1,29866557,7357427968086772174
FLAT,collection,batch,100000,512,2,2,30079808,7357427968086772174
FLAT,collection,batch,100000,512,2,3,29929753,7357427968086772174
FLAT,collection,batch,100000,512,2,4,30034069,7357427968086772174
FLAT,collection,batch,100000,512,2,5,30513159,7357427968086772174
FLAT,collection,batch,100000,512,2,6,30458068,7357427968086772174
FLAT,collection,single,100000,512,4,0,84803970,-7941854946009114996
FLAT,collection,single,100000,512,4,1,84449738,-7941854946009114996
FLAT,collection,single,100000,512,4,2,83460951,-7941854946009114996
FLAT,collection,single,100000,512,4,3,85874752,-7941854946009114996
FLAT,collection,single,100000,512,4,4,83511157,-7941854946009114996
FLAT,collection,single,100000,512,4,5,82689260,-7941854946009114996
FLAT,collection,single,100000,512,4,6,82791223,-7941854946009114996
FLAT,collection,batch,100000,512,4,0,38345169,-7941854946009114996
FLAT,collection,batch,100000,512,4,1,38962678,-7941854946009114996
FLAT,collection,batch,100000,512,4,2,39019793,-7941854946009114996
FLAT,collection,batch,100000,512,4,3,38622977,-7941854946009114996
FLAT,collection,batch,100000,512,4,4,39006925,-7941854946009114996
FLAT,collection,batch,100000,512,4,5,38371769,-7941854946009114996
FLAT,collection,batch,100000,512,4,6,38921075,-7941854946009114996
FLAT,collection,single,100000,512,16,0,337512448,-6059471343997055021
FLAT,collection,single,100000,512,16,1,329608932,-6059471343997055021
FLAT,collection,single,100000,512,16,2,329429482,-6059471343997055021
FLAT,collection,single,100000,512,16,3,335750649,-6059471343997055021
FLAT,collection,single,100000,512,16,4,344643322,-6059471343997055021
FLAT,collection,single,100000,512,16,5,344186374,-6059471343997055021
FLAT,collection,single,100000,512,16,6,337252336,-6059471343997055021
FLAT,collection,batch,100000,512,16,0,82876281,-6059471343997055021
FLAT,collection,batch,100000,512,16,1,83564365,-6059471343997055021
FLAT,collection,batch,100000,512,16,2,81928515,-6059471343997055021
FLAT,collection,batch,100000,512,16,3,81392990,-6059471343997055021
FLAT,collection,batch,100000,512,16,4,81145387,-6059471343997055021
FLAT,collection,batch,100000,512,16,5,81747133,-6059471343997055021
FLAT,collection,batch,100000,512,16,6,81276666,-6059471343997055021
FLAT,collection,single,100000,512,64,0,1375921466,4383894143533102471
FLAT,collection,single,100000,512,64,1,1404323277,4383894143533102471
FLAT,collection,single,100000,512,64,2,1388290484,4383894143533102471
FLAT,collection,single,100000,512,64,3,1369028754,4383894143533102471
FLAT,collection,single,100000,512,64,4,1360467055,4383894143533102471
FLAT,collection,single,100000,512,64,5,1375876638,4383894143533102471
FLAT,collection,single,100000,512,64,6,1375230484,4383894143533102471
FLAT,collection,batch,100000,512,64,0,273456484,4383894143533102471
FLAT,collection,batch,100000,512,64,1,273446568,4383894143533102471
FLAT,collection,batch,100000,512,64,2,281968334,4383894143533102471
FLAT,collection,batch,100000,512,64,3,275740147,4383894143533102471
FLAT,collection,batch,100000,512,64,4,273668191,4383894143533102471
FLAT,collection,batch,100000,512,64,5,272472323,4383894143533102471
FLAT,collection,batch,100000,512,64,6,272694227,4383894143533102471
