WARNING: Using incubator modules: jdk.incubator.vector
Oct 04, 2026 1:03:40 AM com.integrallis.vectors.core.PanamaVectorUtilSupportProvider create
INFO: vectors-core: Using Panama Vector API SIMD provider (vector bits: 256)
Oct 04, 2026 1:03:40 AM com.integrallis.vectors.core.VectorizationProvider logActiveToggles
INFO: vectors-core: provider=PanamaVectorUtilSupport panama=true maxBits=256 preferredBits=256 fastVectorFMA=true fastScalarFMA=true sve=false ggufParallel=true ggufParallelThreshold=1048576 ggufExecutor=persistent ggufThreads=8 ggufChunksPerThread=2 mappedKQuantLongOffsets=auto(q4=true,q5=false,q6=false) q4ShortPairwiseSupported=true q4UnsignedPairwiseSupported=true toggles=[(defaults — no -Dvectors.* overrides)]
FLAT,fashion-control,single,60000,784,1,0,17252004,-5889716151259767543
FLAT,fashion-control,single,60000,784,1,1,17652296,-5889716151259767543
FLAT,fashion-control,single,60000,784,1,2,17225785,-5889716151259767543
FLAT,fashion-control,single,60000,784,1,3,17429963,-5889716151259767543
FLAT,fashion-control,single,60000,784,1,4,17168028,-5889716151259767543
FLAT,fashion-control,single,60000,784,1,5,17112064,-5889716151259767543
FLAT,fashion-control,single,60000,784,1,6,17453278,-5889716151259767543
FLAT,fashion-control,batch,60000,784,1,0,18406660,-5889716151259767543
FLAT,fashion-control,batch,60000,784,1,1,18065228,-5889716151259767543
FLAT,fashion-control,batch,60000,784,1,2,17703984,-5889716151259767543
FLAT,fashion-control,batch,60000,784,1,3,17848431,-5889716151259767543
FLAT,fashion-control,batch,60000,784,1,4,18088613,-5889716151259767543
FLAT,fashion-control,batch,60000,784,1,5,17808552,-5889716151259767543
FLAT,fashion-control,batch,60000,784,1,6,17546408,-5889716151259767543
FLAT,fashion-control,single,60000,784,2,0,35313477,-3658882809325304494
FLAT,fashion-control,single,60000,784,2,1,35822804,-3658882809325304494
FLAT,fashion-control,single,60000,784,2,2,35331484,-3658882809325304494
FLAT,fashion-control,single,60000,784,2,3,33445777,-3658882809325304494
FLAT,fashion-control,single,60000,784,2,4,33681522,-3658882809325304494
FLAT,fashion-control,single,60000,784,2,5,34052480,-3658882809325304494
FLAT,fashion-control,single,60000,784,2,6,33890026,-3658882809325304494
FLAT,fashion-control,batch,60000,784,2,0,23171717,-3658882809325304494
FLAT,fashion-control,batch,60000,784,2,1,23310655,-3658882809325304494
FLAT,fashion-control,batch,60000,784,2,2,23305277,-3658882809325304494
FLAT,fashion-control,batch,60000,784,2,3,23441162,-3658882809325304494
FLAT,fashion-control,batch,60000,784,2,4,23314352,-3658882809325304494
FLAT,fashion-control,batch,60000,784,2,5,23156604,-3658882809325304494
FLAT,fashion-control,batch,60000,784,2,6,23050936,-3658882809325304494
FLAT,fashion-control,single,60000,784,4,0,67198688,7347236782066100300
FLAT,fashion-control,single,60000,784,4,1,67427372,7347236782066100300
FLAT,fashion-control,single,60000,784,4,2,67876918,7347236782066100300
FLAT,fashion-control,single,60000,784,4,3,67674753,7347236782066100300
FLAT,fashion-control,single,60000,784,4,4,67600001,7347236782066100300
FLAT,fashion-control,single,60000,784,4,5,67465800,7347236782066100300
FLAT,fashion-control,single,60000,784,4,6,66185865,7347236782066100300
FLAT,fashion-control,batch,60000,784,4,0,32049378,7347236782066100300
FLAT,fashion-control,batch,60000,784,4,1,32439383,7347236782066100300
FLAT,fashion-control,batch,60000,784,4,2,32025914,7347236782066100300
FLAT,fashion-control,batch,60000,784,4,3,33095242,7347236782066100300
FLAT,fashion-control,batch,60000,784,4,4,37370520,7347236782066100300
FLAT,fashion-control,batch,60000,784,4,5,36558218,7347236782066100300
FLAT,fashion-control,batch,60000,784,4,6,32833027,7347236782066100300
FLAT,fashion-control,single,60000,784,16,0,264482988,-7145532576525031642
FLAT,fashion-control,single,60000,784,16,1,269702036,-7145532576525031642
FLAT,fashion-control,single,60000,784,16,2,272528566,-7145532576525031642
FLAT,fashion-control,single,60000,784,16,3,271012678,-7145532576525031642
FLAT,fashion-control,single,60000,784,16,4,268424956,-7145532576525031642
FLAT,fashion-control,single,60000,784,16,5,265267587,-7145532576525031642
FLAT,fashion-control,single,60000,784,16,6,269996428,-7145532576525031642
FLAT,fashion-control,batch,60000,784,16,0,79511034,-7145532576525031642
FLAT,fashion-control,batch,60000,784,16,1,79748270,-7145532576525031642
FLAT,fashion-control,batch,60000,784,16,2,78592874,-7145532576525031642
FLAT,fashion-control,batch,60000,784,16,3,78064268,-7145532576525031642
FLAT,fashion-control,batch,60000,784,16,4,78924922,-7145532576525031642
FLAT,fashion-control,batch,60000,784,16,5,78697581,-7145532576525031642
FLAT,fashion-control,batch,60000,784,16,6,78213533,-7145532576525031642
FLAT,fashion-control,single,60000,784,64,0,1104327779,-176892425030124251
FLAT,fashion-control,single,60000,784,64,1,1111400235,-176892425030124251
FLAT,fashion-control,single,60000,784,64,2,1125172035,-176892425030124251
FLAT,fashion-control,single,60000,784,64,3,1120037261,-176892425030124251
FLAT,fashion-control,single,60000,784,64,4,1099650091,-176892425030124251
FLAT,fashion-control,single,60000,784,64,5,1091925012,-176892425030124251
FLAT,fashion-control,single,60000,784,64,6,1096968286,-176892425030124251
FLAT,fashion-control,batch,60000,784,64,0,256458354,-176892425030124251
FLAT,fashion-control,batch,60000,784,64,1,255583399,-176892425030124251
FLAT,fashion-control,batch,60000,784,64,2,256923364,-176892425030124251
FLAT,fashion-control,batch,60000,784,64,3,256280937,-176892425030124251
FLAT,fashion-control,batch,60000,784,64,4,256510902,-176892425030124251
FLAT,fashion-control,batch,60000,784,64,5,256705455,-176892425030124251
FLAT,fashion-control,batch,60000,784,64,6,256649752,-176892425030124251
