WARNING: Using incubator modules: jdk.incubator.vector
Oct 04, 2026 1:35:48 PM com.integrallis.vectors.core.PanamaVectorUtilSupportProvider create
INFO: vectors-core: Using Panama Vector API SIMD provider (vector bits: 256)
Oct 04, 2026 1:35:48 PM com.integrallis.vectors.core.VectorizationProvider logActiveToggles
INFO: vectors-core: provider=PanamaVectorUtilSupport panama=true maxBits=256 preferredBits=256 fastVectorFMA=true fastScalarFMA=true sve=false ggufParallel=true ggufParallelThreshold=1048576 ggufExecutor=persistent ggufThreads=8 ggufChunksPerThread=2 mappedKQuantLongOffsets=auto(q4=true,q5=false,q6=false) q4ShortPairwiseSupported=true q4UnsignedPairwiseSupported=true toggles=[(defaults — no -Dvectors.* overrides)]
WARMUP,dbpedia-flat-public-single,16,3053001109
ALLOCATION,dbpedia-flat-public-single,12844064,32
RESULT,dbpedia-flat-public-single,0,193165793,6760023043858905683,32
RESULT,dbpedia-flat-public-single,1,175864582,6760023043858905683,32
RESULT,dbpedia-flat-public-single,2,173117786,6760023043858905683,32
RESULT,dbpedia-flat-public-single,3,182441873,6760023043858905683,32
RESULT,dbpedia-flat-public-single,4,179903449,6760023043858905683,32
RESULT,dbpedia-flat-public-single,5,187249291,6760023043858905683,32
RESULT,dbpedia-flat-public-single,6,181938901,6760023043858905683,32
WARMUP,dbpedia-flat-public-batch4,139,3004078086
ALLOCATION,dbpedia-flat-public-batch4,2504,4
RESULT,dbpedia-flat-public-batch4,0,21468337,-6968471258392160042,4
RESULT,dbpedia-flat-public-batch4,1,21183313,-6968471258392160042,4
RESULT,dbpedia-flat-public-batch4,2,21202490,-6968471258392160042,4
RESULT,dbpedia-flat-public-batch4,3,21298450,-6968471258392160042,4
RESULT,dbpedia-flat-public-batch4,4,21239538,-6968471258392160042,4
RESULT,dbpedia-flat-public-batch4,5,21715640,-6968471258392160042,4
RESULT,dbpedia-flat-public-batch4,6,21150493,-6968471258392160042,4
WARMUP,dbpedia-flat-public-batch16,53,3044256371
ALLOCATION,dbpedia-flat-public-batch16,8080,16
RESULT,dbpedia-flat-public-batch16,0,71589600,145663199600368411,16
RESULT,dbpedia-flat-public-batch16,1,57343903,145663199600368411,16
RESULT,dbpedia-flat-public-batch16,2,57554900,145663199600368411,16
RESULT,dbpedia-flat-public-batch16,3,56570755,145663199600368411,16
RESULT,dbpedia-flat-public-batch16,4,57214080,145663199600368411,16
RESULT,dbpedia-flat-public-batch16,5,56877210,145663199600368411,16
RESULT,dbpedia-flat-public-batch16,6,57530002,145663199600368411,16
WARMUP,dbpedia-flat-public-batch32,61,3029169387
ALLOCATION,dbpedia-flat-public-batch32,5672,32
RESULT,dbpedia-flat-public-batch32,0,45204743,6760023043858905683,32
RESULT,dbpedia-flat-public-batch32,1,45687627,6760023043858905683,32
RESULT,dbpedia-flat-public-batch32,2,45048070,6760023043858905683,32
RESULT,dbpedia-flat-public-batch32,3,45522067,6760023043858905683,32
RESULT,dbpedia-flat-public-batch32,4,45253122,6760023043858905683,32
RESULT,dbpedia-flat-public-batch32,5,44780419,6760023043858905683,32
RESULT,dbpedia-flat-public-batch32,6,45849962,6760023043858905683,32
WARMUP,dbpedia-flat-independent4,137,3008264202
ALLOCATION,dbpedia-flat-independent4,728,4
RESULT,dbpedia-flat-independent4,0,21992558,-6968471258392160042,4
RESULT,dbpedia-flat-independent4,1,21297176,-6968471258392160042,4
RESULT,dbpedia-flat-independent4,2,21191910,-6968471258392160042,4
RESULT,dbpedia-flat-independent4,3,21296605,-6968471258392160042,4
RESULT,dbpedia-flat-independent4,4,21182982,-6968471258392160042,4
RESULT,dbpedia-flat-independent4,5,21767128,-6968471258392160042,4
RESULT,dbpedia-flat-independent4,6,21394378,-6968471258392160042,4
WARMUP,dbpedia-flat-independent16,43,3023686040
ALLOCATION,dbpedia-flat-independent16,2376,16
RESULT,dbpedia-flat-independent16,0,66118692,145663199600368411,16
RESULT,dbpedia-flat-independent16,1,70619954,145663199600368411,16
RESULT,dbpedia-flat-independent16,2,68561879,145663199600368411,16
RESULT,dbpedia-flat-independent16,3,67136048,145663199600368411,16
RESULT,dbpedia-flat-independent16,4,67672954,145663199600368411,16
RESULT,dbpedia-flat-independent16,5,73655440,145663199600368411,16
RESULT,dbpedia-flat-independent16,6,69371727,145663199600368411,16
