WARNING: Using incubator modules: jdk.incubator.vector
Oct 04, 2026 1:37:40 PM com.integrallis.vectors.core.PanamaVectorUtilSupportProvider create
INFO: vectors-core: Using Panama Vector API SIMD provider (vector bits: 256)
Oct 04, 2026 1:37:40 PM com.integrallis.vectors.core.VectorizationProvider logActiveToggles
INFO: vectors-core: provider=PanamaVectorUtilSupport panama=true maxBits=256 preferredBits=256 fastVectorFMA=true fastScalarFMA=true sve=false ggufParallel=true ggufParallelThreshold=1048576 ggufExecutor=persistent ggufThreads=8 ggufChunksPerThread=2 mappedKQuantLongOffsets=auto(q4=true,q5=false,q6=false) q4ShortPairwiseSupported=true q4UnsignedPairwiseSupported=true toggles=[(defaults — no -Dvectors.* overrides)]
WARMUP,dbpedia-flat-public-single,16,3124893489
ALLOCATION,dbpedia-flat-public-single,12844328,32
RESULT,dbpedia-flat-public-single,0,186951278,6760023043858905683,32
RESULT,dbpedia-flat-public-single,1,184259856,6760023043858905683,32
RESULT,dbpedia-flat-public-single,2,184916035,6760023043858905683,32
RESULT,dbpedia-flat-public-single,3,186097338,6760023043858905683,32
RESULT,dbpedia-flat-public-single,4,182565863,6760023043858905683,32
RESULT,dbpedia-flat-public-single,5,183840722,6760023043858905683,32
RESULT,dbpedia-flat-public-single,6,183668407,6760023043858905683,32
WARMUP,dbpedia-flat-public-batch4,142,3012910058
ALLOCATION,dbpedia-flat-public-batch4,2504,4
RESULT,dbpedia-flat-public-batch4,0,21115447,-6968471258392160042,4
RESULT,dbpedia-flat-public-batch4,1,21258735,-6968471258392160042,4
RESULT,dbpedia-flat-public-batch4,2,21187100,-6968471258392160042,4
RESULT,dbpedia-flat-public-batch4,3,21431057,-6968471258392160042,4
RESULT,dbpedia-flat-public-batch4,4,21734134,-6968471258392160042,4
RESULT,dbpedia-flat-public-batch4,5,21099195,-6968471258392160042,4
RESULT,dbpedia-flat-public-batch4,6,21202940,-6968471258392160042,4
WARMUP,dbpedia-flat-public-batch16,54,3026191045
ALLOCATION,dbpedia-flat-public-batch16,8128,16
RESULT,dbpedia-flat-public-batch16,0,55724588,145663199600368411,16
RESULT,dbpedia-flat-public-batch16,1,55403588,145663199600368411,16
RESULT,dbpedia-flat-public-batch16,2,55527691,145663199600368411,16
RESULT,dbpedia-flat-public-batch16,3,79519865,145663199600368411,16
RESULT,dbpedia-flat-public-batch16,4,58440307,145663199600368411,16
RESULT,dbpedia-flat-public-batch16,5,55410481,145663199600368411,16
RESULT,dbpedia-flat-public-batch16,6,54978321,145663199600368411,16
WARMUP,dbpedia-flat-public-batch32,63,3010932569
ALLOCATION,dbpedia-flat-public-batch32,5672,32
RESULT,dbpedia-flat-public-batch32,0,44917424,6760023043858905683,32
RESULT,dbpedia-flat-public-batch32,1,44416496,6760023043858905683,32
RESULT,dbpedia-flat-public-batch32,2,44375838,6760023043858905683,32
RESULT,dbpedia-flat-public-batch32,3,44639474,6760023043858905683,32
RESULT,dbpedia-flat-public-batch32,4,44446252,6760023043858905683,32
RESULT,dbpedia-flat-public-batch32,5,44935068,6760023043858905683,32
RESULT,dbpedia-flat-public-batch32,6,44446061,6760023043858905683,32
WARMUP,dbpedia-flat-independent4,141,3015867383
ALLOCATION,dbpedia-flat-independent4,728,4
RESULT,dbpedia-flat-independent4,0,20877110,-6968471258392160042,4
RESULT,dbpedia-flat-independent4,1,21067235,-6968471258392160042,4
RESULT,dbpedia-flat-independent4,2,21407883,-6968471258392160042,4
RESULT,dbpedia-flat-independent4,3,21080821,-6968471258392160042,4
RESULT,dbpedia-flat-independent4,4,20991333,-6968471258392160042,4
RESULT,dbpedia-flat-independent4,5,20837666,-6968471258392160042,4
RESULT,dbpedia-flat-independent4,6,20683135,-6968471258392160042,4
WARMUP,dbpedia-flat-independent16,44,3017274027
ALLOCATION,dbpedia-flat-independent16,2376,16
RESULT,dbpedia-flat-independent16,0,70756618,145663199600368411,16
RESULT,dbpedia-flat-independent16,1,66794918,145663199600368411,16
RESULT,dbpedia-flat-independent16,2,74970582,145663199600368411,16
RESULT,dbpedia-flat-independent16,3,65217533,145663199600368411,16
RESULT,dbpedia-flat-independent16,4,64383460,145663199600368411,16
RESULT,dbpedia-flat-independent16,5,69236512,145663199600368411,16
RESULT,dbpedia-flat-independent16,6,67893785,145663199600368411,16
