WARNING: Using incubator modules: jdk.incubator.vector
Oct 04, 2026 1:40:03 PM com.integrallis.vectors.core.PanamaVectorUtilSupportProvider create
INFO: vectors-core: Using Panama Vector API SIMD provider (vector bits: 256)
Oct 04, 2026 1:40:03 PM com.integrallis.vectors.core.VectorizationProvider logActiveToggles
INFO: vectors-core: provider=PanamaVectorUtilSupport panama=true maxBits=256 preferredBits=256 fastVectorFMA=true fastScalarFMA=true sve=false ggufParallel=true ggufParallelThreshold=1048576 ggufExecutor=persistent ggufThreads=8 ggufChunksPerThread=2 mappedKQuantLongOffsets=auto(q4=true,q5=false,q6=false) q4ShortPairwiseSupported=true q4UnsignedPairwiseSupported=true toggles=[(defaults — no -Dvectors.* overrides)]
WARMUP,dbpedia-flat-public-single,12,7244067376
ALLOCATION,dbpedia-flat-public-single,34624,32
RESULT,dbpedia-flat-public-single,0,581323245,6760023043858905683,32
RESULT,dbpedia-flat-public-single,1,587701513,6760023043858905683,32
RESULT,dbpedia-flat-public-single,2,586093841,6760023043858905683,32
RESULT,dbpedia-flat-public-single,3,592778172,6760023043858905683,32
RESULT,dbpedia-flat-public-single,4,598835400,6760023043858905683,32
RESULT,dbpedia-flat-public-single,5,579818065,6760023043858905683,32
RESULT,dbpedia-flat-public-single,6,583406306,6760023043858905683,32
WARMUP,dbpedia-flat-public-batch4,139,3017534854
ALLOCATION,dbpedia-flat-public-batch4,2480,4
RESULT,dbpedia-flat-public-batch4,0,22237297,-6968471258392160042,4
RESULT,dbpedia-flat-public-batch4,1,21840945,-6968471258392160042,4
RESULT,dbpedia-flat-public-batch4,2,21832468,-6968471258392160042,4
RESULT,dbpedia-flat-public-batch4,3,21866953,-6968471258392160042,4
RESULT,dbpedia-flat-public-batch4,4,22146547,-6968471258392160042,4
RESULT,dbpedia-flat-public-batch4,5,21652261,-6968471258392160042,4
RESULT,dbpedia-flat-public-batch4,6,21658673,-6968471258392160042,4
WARMUP,dbpedia-flat-public-batch16,53,3043947051
ALLOCATION,dbpedia-flat-public-batch16,8120,16
RESULT,dbpedia-flat-public-batch16,0,57548395,145663199600368411,16
RESULT,dbpedia-flat-public-batch16,1,57679851,145663199600368411,16
RESULT,dbpedia-flat-public-batch16,2,57492539,145663199600368411,16
RESULT,dbpedia-flat-public-batch16,3,56869373,145663199600368411,16
RESULT,dbpedia-flat-public-batch16,4,57005356,145663199600368411,16
RESULT,dbpedia-flat-public-batch16,5,57372985,145663199600368411,16
RESULT,dbpedia-flat-public-batch16,6,57898840,145663199600368411,16
WARMUP,dbpedia-flat-public-batch32,60,3034726499
ALLOCATION,dbpedia-flat-public-batch32,5712,32
RESULT,dbpedia-flat-public-batch32,0,45785422,6760023043858905683,32
RESULT,dbpedia-flat-public-batch32,1,45493607,6760023043858905683,32
RESULT,dbpedia-flat-public-batch32,2,45723797,6760023043858905683,32
RESULT,dbpedia-flat-public-batch32,3,44974031,6760023043858905683,32
RESULT,dbpedia-flat-public-batch32,4,45608452,6760023043858905683,32
RESULT,dbpedia-flat-public-batch32,5,45134870,6760023043858905683,32
RESULT,dbpedia-flat-public-batch32,6,45286281,6760023043858905683,32
WARMUP,dbpedia-flat-independent4,138,3002025889
ALLOCATION,dbpedia-flat-independent4,728,4
RESULT,dbpedia-flat-independent4,0,21280468,-6968471258392160042,4
RESULT,dbpedia-flat-independent4,1,21178419,-6968471258392160042,4
RESULT,dbpedia-flat-independent4,2,21289285,-6968471258392160042,4
RESULT,dbpedia-flat-independent4,3,21498565,-6968471258392160042,4
RESULT,dbpedia-flat-independent4,4,21276691,-6968471258392160042,4
RESULT,dbpedia-flat-independent4,5,21413486,-6968471258392160042,4
RESULT,dbpedia-flat-independent4,6,21372982,-6968471258392160042,4
WARMUP,dbpedia-flat-independent16,43,3013709157
ALLOCATION,dbpedia-flat-independent16,2424,16
RESULT,dbpedia-flat-independent16,0,67556752,145663199600368411,16
RESULT,dbpedia-flat-independent16,1,65132798,145663199600368411,16
RESULT,dbpedia-flat-independent16,2,73113263,145663199600368411,16
RESULT,dbpedia-flat-independent16,3,72068196,145663199600368411,16
RESULT,dbpedia-flat-independent16,4,67654794,145663199600368411,16
RESULT,dbpedia-flat-independent16,5,65024355,145663199600368411,16
RESULT,dbpedia-flat-independent16,6,67638825,145663199600368411,16
