WARNING: Using incubator modules: jdk.incubator.vector
workload,dimensions,rows,k,round,nanos,result_digest
Oct 03, 2026 11:34:00 PM com.integrallis.vectors.core.PanamaVectorUtilSupportProvider create
INFO: vectors-core: Using Panama Vector API SIMD provider (vector bits: 256)
Oct 03, 2026 11:34:00 PM com.integrallis.vectors.core.VectorizationProvider logActiveToggles
INFO: vectors-core: provider=PanamaVectorUtilSupport panama=true maxBits=256 preferredBits=256 fastVectorFMA=true fastScalarFMA=true sve=false ggufParallel=true ggufParallelThreshold=1048576 ggufExecutor=persistent ggufThreads=2 ggufChunksPerThread=2 mappedKQuantLongOffsets=auto(q4=true,q5=false,q6=false) q4ShortPairwiseSupported=true q4UnsignedPairwiseSupported=true toggles=[(defaults — no -Dvectors.* overrides)]
flat-real-heap,512,100000,10,0,582299932,-6807500762551226425
flat-real-heap,512,100000,10,1,582184486,-6807500762551226425
flat-real-heap,512,100000,10,2,582573649,-6807500762551226425
flat-real-heap,512,100000,10,3,583934676,-6807500762551226425
flat-real-heap,512,100000,10,4,585394857,-6807500762551226425
flat-real-heap,512,100000,10,5,584219976,-6807500762551226425
flat-real-heap,512,100000,10,6,583922601,-6807500762551226425
flat-real-heap-batch,512,100000,10,0,260259967,-6807500762551226425
flat-real-heap-batch,512,100000,10,1,259003121,-6807500762551226425
flat-real-heap-batch,512,100000,10,2,259775227,-6807500762551226425
flat-real-heap-batch,512,100000,10,3,260039783,-6807500762551226425
flat-real-heap-batch,512,100000,10,4,259909864,-6807500762551226425
flat-real-heap-batch,512,100000,10,5,259128899,-6807500762551226425
flat-real-heap-batch,512,100000,10,6,260076886,-6807500762551226425
flat-real-mapped,512,100000,10,0,677556955,-6807500762551226425
flat-real-mapped,512,100000,10,1,686782843,-6807500762551226425
flat-real-mapped,512,100000,10,2,677426476,-6807500762551226425
flat-real-mapped,512,100000,10,3,692652880,-6807500762551226425
flat-real-mapped,512,100000,10,4,677017643,-6807500762551226425
flat-real-mapped,512,100000,10,5,679809189,-6807500762551226425
flat-real-mapped,512,100000,10,6,677612174,-6807500762551226425
hnsw-real-32,512,100000,10,0,72864225,2952065053868461191
hnsw-real-32,512,100000,10,1,74251695,2952065053868461191
hnsw-real-32,512,100000,10,2,73238687,2952065053868461191
hnsw-real-32,512,100000,10,3,71825058,2952065053868461191
hnsw-real-32,512,100000,10,4,71453413,2952065053868461191
hnsw-real-32,512,100000,10,5,71833585,2952065053868461191
hnsw-real-32,512,100000,10,6,71353324,2952065053868461191
hnsw-real-128,512,100000,10,0,231782455,2952065053868461191
hnsw-real-128,512,100000,10,1,225002674,2952065053868461191
hnsw-real-128,512,100000,10,2,222246070,2952065053868461191
hnsw-real-128,512,100000,10,3,224857390,2952065053868461191
hnsw-real-128,512,100000,10,4,224049554,2952065053868461191
hnsw-real-128,512,100000,10,5,224994935,2952065053868461191
hnsw-real-128,512,100000,10,6,224109866,2952065053868461191
hnsw-real-512,512,100000,10,0,700884274,2952065053868461191
hnsw-real-512,512,100000,10,1,705741786,2952065053868461191
hnsw-real-512,512,100000,10,2,706684806,2952065053868461191
hnsw-real-512,512,100000,10,3,726527574,2952065053868461191
hnsw-real-512,512,100000,10,4,711956873,2952065053868461191
hnsw-real-512,512,100000,10,5,716334095,2952065053868461191
hnsw-real-512,512,100000,10,6,711433927,2952065053868461191
flat-control-EUCLIDEAN,512,10000,10,0,50382764,8438614693119028115
flat-control-EUCLIDEAN,512,10000,10,1,50056863,8438614693119028115
flat-control-EUCLIDEAN,512,10000,10,2,48813484,8438614693119028115
flat-control-EUCLIDEAN,512,10000,10,3,47295541,8438614693119028115
flat-control-EUCLIDEAN,512,10000,10,4,44279210,8438614693119028115
flat-control-EUCLIDEAN,512,10000,10,5,50191295,8438614693119028115
flat-control-EUCLIDEAN,512,10000,10,6,48651831,8438614693119028115
flat-control-EUCLIDEAN-batch,512,10000,10,0,32911768,8438614693119028115
flat-control-EUCLIDEAN-batch,512,10000,10,1,49867206,8438614693119028115
flat-control-EUCLIDEAN-batch,512,10000,10,2,32944378,8438614693119028115
flat-control-EUCLIDEAN-batch,512,10000,10,3,33248738,8438614693119028115
flat-control-EUCLIDEAN-batch,512,10000,10,4,31397611,8438614693119028115
flat-control-EUCLIDEAN-batch,512,10000,10,5,31278247,8438614693119028115
flat-control-EUCLIDEAN-batch,512,10000,10,6,31476609,8438614693119028115
flat-control-DOT_PRODUCT,512,10000,10,0,45124072,2066457185799548133
flat-control-DOT_PRODUCT,512,10000,10,1,47793372,2066457185799548133
flat-control-DOT_PRODUCT,512,10000,10,2,43745570,2066457185799548133
flat-control-DOT_PRODUCT,512,10000,10,3,43565464,2066457185799548133
flat-control-DOT_PRODUCT,512,10000,10,4,46011214,2066457185799548133
flat-control-DOT_PRODUCT,512,10000,10,5,46019790,2066457185799548133
flat-control-DOT_PRODUCT,512,10000,10,6,44494302,2066457185799548133
flat-control-DOT_PRODUCT-batch,512,10000,10,0,47465557,2066457185799548133
flat-control-DOT_PRODUCT-batch,512,10000,10,1,32109634,2066457185799548133
flat-control-DOT_PRODUCT-batch,512,10000,10,2,30586311,2066457185799548133
flat-control-DOT_PRODUCT-batch,512,10000,10,3,30529394,2066457185799548133
flat-control-DOT_PRODUCT-batch,512,10000,10,4,30553950,2066457185799548133
flat-control-DOT_PRODUCT-batch,512,10000,10,5,30689784,2066457185799548133
flat-control-DOT_PRODUCT-batch,512,10000,10,6,30785113,2066457185799548133
