WARNING: Using incubator modules: jdk.incubator.vector
workload,dimensions,rows,k,round,nanos,result_digest
Oct 03, 2026 11:30:00 PM com.integrallis.vectors.core.PanamaVectorUtilSupportProvider create
INFO: vectors-core: Using Panama Vector API SIMD provider (vector bits: 256)
Oct 03, 2026 11:30:00 PM com.integrallis.vectors.core.VectorizationProvider logActiveToggles
INFO: vectors-core: provider=PanamaVectorUtilSupport panama=true maxBits=256 preferredBits=256 fastVectorFMA=true fastScalarFMA=true sve=false ggufParallel=true ggufParallelThreshold=1048576 ggufExecutor=persistent ggufThreads=2 ggufChunksPerThread=2 mappedKQuantLongOffsets=auto(q4=true,q5=false,q6=false) q4ShortPairwiseSupported=true q4UnsignedPairwiseSupported=true toggles=[(defaults — no -Dvectors.* overrides)]
flat-real-heap,512,100000,10,0,583412845,-6807500762551226425
flat-real-heap,512,100000,10,1,584830080,-6807500762551226425
flat-real-heap,512,100000,10,2,583040859,-6807500762551226425
flat-real-heap,512,100000,10,3,604000171,-6807500762551226425
flat-real-heap,512,100000,10,4,590559745,-6807500762551226425
flat-real-heap,512,100000,10,5,589053206,-6807500762551226425
flat-real-heap,512,100000,10,6,588945218,-6807500762551226425
flat-real-heap-batch,512,100000,10,0,259757034,-6807500762551226425
flat-real-heap-batch,512,100000,10,1,259233647,-6807500762551226425
flat-real-heap-batch,512,100000,10,2,259186249,-6807500762551226425
flat-real-heap-batch,512,100000,10,3,259829975,-6807500762551226425
flat-real-heap-batch,512,100000,10,4,259237640,-6807500762551226425
flat-real-heap-batch,512,100000,10,5,258944764,-6807500762551226425
flat-real-heap-batch,512,100000,10,6,259322962,-6807500762551226425
flat-real-mapped,512,100000,10,0,680807204,-6807500762551226425
flat-real-mapped,512,100000,10,1,672750449,-6807500762551226425
flat-real-mapped,512,100000,10,2,678570564,-6807500762551226425
flat-real-mapped,512,100000,10,3,680775497,-6807500762551226425
flat-real-mapped,512,100000,10,4,681811942,-6807500762551226425
flat-real-mapped,512,100000,10,5,675420202,-6807500762551226425
flat-real-mapped,512,100000,10,6,672022956,-6807500762551226425
hnsw-real-32,512,100000,10,0,74072803,2952065053868461191
hnsw-real-32,512,100000,10,1,72019027,2952065053868461191
hnsw-real-32,512,100000,10,2,72429495,2952065053868461191
hnsw-real-32,512,100000,10,3,69859525,2952065053868461191
hnsw-real-32,512,100000,10,4,69828477,2952065053868461191
hnsw-real-32,512,100000,10,5,70936678,2952065053868461191
hnsw-real-32,512,100000,10,6,73986474,2952065053868461191
hnsw-real-128,512,100000,10,0,228216203,2952065053868461191
hnsw-real-128,512,100000,10,1,224609703,2952065053868461191
hnsw-real-128,512,100000,10,2,227537765,2952065053868461191
hnsw-real-128,512,100000,10,3,230042042,2952065053868461191
hnsw-real-128,512,100000,10,4,229375978,2952065053868461191
hnsw-real-128,512,100000,10,5,225413460,2952065053868461191
hnsw-real-128,512,100000,10,6,238936314,2952065053868461191
hnsw-real-512,512,100000,10,0,716167052,2952065053868461191
hnsw-real-512,512,100000,10,1,706720168,2952065053868461191
hnsw-real-512,512,100000,10,2,706503331,2952065053868461191
hnsw-real-512,512,100000,10,3,707463286,2952065053868461191
hnsw-real-512,512,100000,10,4,707399848,2952065053868461191
hnsw-real-512,512,100000,10,5,727151787,2952065053868461191
hnsw-real-512,512,100000,10,6,705648998,2952065053868461191
flat-control-EUCLIDEAN,512,10000,10,0,46372329,8438614693119028115
flat-control-EUCLIDEAN,512,10000,10,1,46185009,8438614693119028115
flat-control-EUCLIDEAN,512,10000,10,2,47525844,8438614693119028115
flat-control-EUCLIDEAN,512,10000,10,3,47704438,8438614693119028115
flat-control-EUCLIDEAN,512,10000,10,4,46723486,8438614693119028115
flat-control-EUCLIDEAN,512,10000,10,5,46938837,8438614693119028115
flat-control-EUCLIDEAN,512,10000,10,6,46344056,8438614693119028115
flat-control-EUCLIDEAN-batch,512,10000,10,0,33511812,8438614693119028115
flat-control-EUCLIDEAN-batch,512,10000,10,1,49941078,8438614693119028115
flat-control-EUCLIDEAN-batch,512,10000,10,2,33634580,8438614693119028115
flat-control-EUCLIDEAN-batch,512,10000,10,3,33454144,8438614693119028115
flat-control-EUCLIDEAN-batch,512,10000,10,4,31669560,8438614693119028115
flat-control-EUCLIDEAN-batch,512,10000,10,5,31608836,8438614693119028115
flat-control-EUCLIDEAN-batch,512,10000,10,6,31977013,8438614693119028115
flat-control-DOT_PRODUCT,512,10000,10,0,48466812,2066457185799548133
flat-control-DOT_PRODUCT,512,10000,10,1,48631442,2066457185799548133
flat-control-DOT_PRODUCT,512,10000,10,2,48780149,2066457185799548133
flat-control-DOT_PRODUCT,512,10000,10,3,47118304,2066457185799548133
flat-control-DOT_PRODUCT,512,10000,10,4,46381879,2066457185799548133
flat-control-DOT_PRODUCT,512,10000,10,5,46607018,2066457185799548133
flat-control-DOT_PRODUCT,512,10000,10,6,47961609,2066457185799548133
flat-control-DOT_PRODUCT-batch,512,10000,10,0,47801110,2066457185799548133
flat-control-DOT_PRODUCT-batch,512,10000,10,1,32563861,2066457185799548133
flat-control-DOT_PRODUCT-batch,512,10000,10,2,31090138,2066457185799548133
flat-control-DOT_PRODUCT-batch,512,10000,10,3,30829220,2066457185799548133
flat-control-DOT_PRODUCT-batch,512,10000,10,4,30841883,2066457185799548133
flat-control-DOT_PRODUCT-batch,512,10000,10,5,31145101,2066457185799548133
flat-control-DOT_PRODUCT-batch,512,10000,10,6,30884093,2066457185799548133
