WARNING: Using incubator modules: jdk.incubator.vector
workload,dimensions,rows,k,round,nanos,result_digest
Oct 03, 2026 11:32:59 PM com.integrallis.vectors.core.PanamaVectorUtilSupportProvider create
INFO: vectors-core: Using Panama Vector API SIMD provider (vector bits: 256)
Oct 03, 2026 11:32:59 PM com.integrallis.vectors.core.VectorizationProvider logActiveToggles
INFO: vectors-core: provider=PanamaVectorUtilSupport panama=true maxBits=256 preferredBits=256 fastVectorFMA=true fastScalarFMA=true sve=false ggufParallel=true ggufParallelThreshold=1048576 ggufExecutor=persistent ggufThreads=2 ggufChunksPerThread=2 mappedKQuantLongOffsets=auto(q4=true,q5=false,q6=false) q4ShortPairwiseSupported=true q4UnsignedPairwiseSupported=true toggles=[(defaults — no -Dvectors.* overrides)]
flat-real-heap,512,100000,10,0,590316968,-6807500762551226425
flat-real-heap,512,100000,10,1,589254710,-6807500762551226425
flat-real-heap,512,100000,10,2,581803714,-6807500762551226425
flat-real-heap,512,100000,10,3,588003058,-6807500762551226425
flat-real-heap,512,100000,10,4,584557049,-6807500762551226425
flat-real-heap,512,100000,10,5,588381658,-6807500762551226425
flat-real-heap,512,100000,10,6,591903378,-6807500762551226425
flat-real-heap-batch,512,100000,10,0,259471139,-6807500762551226425
flat-real-heap-batch,512,100000,10,1,259988107,-6807500762551226425
flat-real-heap-batch,512,100000,10,2,260408431,-6807500762551226425
flat-real-heap-batch,512,100000,10,3,259509801,-6807500762551226425
flat-real-heap-batch,512,100000,10,4,259107586,-6807500762551226425
flat-real-heap-batch,512,100000,10,5,259894162,-6807500762551226425
flat-real-heap-batch,512,100000,10,6,259623127,-6807500762551226425
flat-real-mapped,512,100000,10,0,662520846,-6807500762551226425
flat-real-mapped,512,100000,10,1,676488665,-6807500762551226425
flat-real-mapped,512,100000,10,2,667484249,-6807500762551226425
flat-real-mapped,512,100000,10,3,672140882,-6807500762551226425
flat-real-mapped,512,100000,10,4,659101462,-6807500762551226425
flat-real-mapped,512,100000,10,5,663581490,-6807500762551226425
flat-real-mapped,512,100000,10,6,659390128,-6807500762551226425
hnsw-real-32,512,100000,10,0,74858255,2952065053868461191
hnsw-real-32,512,100000,10,1,75868769,2952065053868461191
hnsw-real-32,512,100000,10,2,74818007,2952065053868461191
hnsw-real-32,512,100000,10,3,74458192,2952065053868461191
hnsw-real-32,512,100000,10,4,70857028,2952065053868461191
hnsw-real-32,512,100000,10,5,71390430,2952065053868461191
hnsw-real-32,512,100000,10,6,72588557,2952065053868461191
hnsw-real-128,512,100000,10,0,216190303,2952065053868461191
hnsw-real-128,512,100000,10,1,226284122,2952065053868461191
hnsw-real-128,512,100000,10,2,229642385,2952065053868461191
hnsw-real-128,512,100000,10,3,223888517,2952065053868461191
hnsw-real-128,512,100000,10,4,217806666,2952065053868461191
hnsw-real-128,512,100000,10,5,220065430,2952065053868461191
hnsw-real-128,512,100000,10,6,227908999,2952065053868461191
hnsw-real-512,512,100000,10,0,690612886,2952065053868461191
hnsw-real-512,512,100000,10,1,696028441,2952065053868461191
hnsw-real-512,512,100000,10,2,713115317,2952065053868461191
hnsw-real-512,512,100000,10,3,704559578,2952065053868461191
hnsw-real-512,512,100000,10,4,687673340,2952065053868461191
hnsw-real-512,512,100000,10,5,690970527,2952065053868461191
hnsw-real-512,512,100000,10,6,691856225,2952065053868461191
flat-control-EUCLIDEAN,512,10000,10,0,61343755,8438614693119028115
flat-control-EUCLIDEAN,512,10000,10,1,61247405,8438614693119028115
flat-control-EUCLIDEAN,512,10000,10,2,58694570,8438614693119028115
flat-control-EUCLIDEAN,512,10000,10,3,60851732,8438614693119028115
flat-control-EUCLIDEAN,512,10000,10,4,57063823,8438614693119028115
flat-control-EUCLIDEAN,512,10000,10,5,57475804,8438614693119028115
flat-control-EUCLIDEAN,512,10000,10,6,57640383,8438614693119028115
flat-control-EUCLIDEAN-batch,512,10000,10,0,33130560,8438614693119028115
flat-control-EUCLIDEAN-batch,512,10000,10,1,49740925,8438614693119028115
flat-control-EUCLIDEAN-batch,512,10000,10,2,33457523,8438614693119028115
flat-control-EUCLIDEAN-batch,512,10000,10,3,33316328,8438614693119028115
flat-control-EUCLIDEAN-batch,512,10000,10,4,31411277,8438614693119028115
flat-control-EUCLIDEAN-batch,512,10000,10,5,31550579,8438614693119028115
flat-control-EUCLIDEAN-batch,512,10000,10,6,31465539,8438614693119028115
flat-control-DOT_PRODUCT,512,10000,10,0,62765359,2066457185799548133
flat-control-DOT_PRODUCT,512,10000,10,1,57392547,2066457185799548133
flat-control-DOT_PRODUCT,512,10000,10,2,58648289,2066457185799548133
flat-control-DOT_PRODUCT,512,10000,10,3,57756508,2066457185799548133
flat-control-DOT_PRODUCT,512,10000,10,4,56960306,2066457185799548133
flat-control-DOT_PRODUCT,512,10000,10,5,55956284,2066457185799548133
flat-control-DOT_PRODUCT,512,10000,10,6,59335158,2066457185799548133
flat-control-DOT_PRODUCT-batch,512,10000,10,0,48264066,2066457185799548133
flat-control-DOT_PRODUCT-batch,512,10000,10,1,32414598,2066457185799548133
flat-control-DOT_PRODUCT-batch,512,10000,10,2,30836269,2066457185799548133
flat-control-DOT_PRODUCT-batch,512,10000,10,3,30959801,2066457185799548133
flat-control-DOT_PRODUCT-batch,512,10000,10,4,31014934,2066457185799548133
flat-control-DOT_PRODUCT-batch,512,10000,10,5,30830728,2066457185799548133
flat-control-DOT_PRODUCT-batch,512,10000,10,6,30943360,2066457185799548133
