WARNING: Using incubator modules: jdk.incubator.vector
workload,dimensions,rows,k,round,nanos,result_digest
Oct 03, 2026 11:32:04 PM com.integrallis.vectors.core.PanamaVectorUtilSupportProvider create
INFO: vectors-core: Using Panama Vector API SIMD provider (vector bits: 256)
Oct 03, 2026 11:32:04 PM com.integrallis.vectors.core.VectorizationProvider logActiveToggles
INFO: vectors-core: provider=PanamaVectorUtilSupport panama=true maxBits=256 preferredBits=256 fastVectorFMA=true fastScalarFMA=true sve=false ggufParallel=true ggufParallelThreshold=1048576 ggufExecutor=persistent ggufThreads=2 ggufChunksPerThread=2 mappedKQuantLongOffsets=auto(q4=true,q5=false,q6=false) q4ShortPairwiseSupported=true q4UnsignedPairwiseSupported=true toggles=[(defaults — no -Dvectors.* overrides)]
flat-real-heap,512,100000,10,0,577228794,-6807500762551226425
flat-real-heap,512,100000,10,1,580056156,-6807500762551226425
flat-real-heap,512,100000,10,2,579222754,-6807500762551226425
flat-real-heap,512,100000,10,3,576446097,-6807500762551226425
flat-real-heap,512,100000,10,4,577395804,-6807500762551226425
flat-real-heap,512,100000,10,5,577376450,-6807500762551226425
flat-real-heap,512,100000,10,6,579097678,-6807500762551226425
flat-real-heap-batch,512,100000,10,0,210430104,-6807500762551226425
flat-real-heap-batch,512,100000,10,1,211883265,-6807500762551226425
flat-real-heap-batch,512,100000,10,2,210634880,-6807500762551226425
flat-real-heap-batch,512,100000,10,3,211178827,-6807500762551226425
flat-real-heap-batch,512,100000,10,4,210925672,-6807500762551226425
flat-real-heap-batch,512,100000,10,5,211493238,-6807500762551226425
flat-real-heap-batch,512,100000,10,6,211433327,-6807500762551226425
flat-real-mapped,512,100000,10,0,603935715,-6807500762551226425
flat-real-mapped,512,100000,10,1,606069920,-6807500762551226425
flat-real-mapped,512,100000,10,2,626383841,-6807500762551226425
flat-real-mapped,512,100000,10,3,640222639,-6807500762551226425
flat-real-mapped,512,100000,10,4,603991247,-6807500762551226425
flat-real-mapped,512,100000,10,5,604901660,-6807500762551226425
flat-real-mapped,512,100000,10,6,605957837,-6807500762551226425
hnsw-real-32,512,100000,10,0,68515529,2952065053868461191
hnsw-real-32,512,100000,10,1,72820301,2952065053868461191
hnsw-real-32,512,100000,10,2,70348560,2952065053868461191
hnsw-real-32,512,100000,10,3,68741974,2952065053868461191
hnsw-real-32,512,100000,10,4,69844404,2952065053868461191
hnsw-real-32,512,100000,10,5,69174175,2952065053868461191
hnsw-real-32,512,100000,10,6,69798286,2952065053868461191
hnsw-real-128,512,100000,10,0,224736351,2952065053868461191
hnsw-real-128,512,100000,10,1,228788553,2952065053868461191
hnsw-real-128,512,100000,10,2,225666013,2952065053868461191
hnsw-real-128,512,100000,10,3,226327464,2952065053868461191
hnsw-real-128,512,100000,10,4,225014086,2952065053868461191
hnsw-real-128,512,100000,10,5,224104341,2952065053868461191
hnsw-real-128,512,100000,10,6,221639844,2952065053868461191
hnsw-real-512,512,100000,10,0,668313429,2952065053868461191
hnsw-real-512,512,100000,10,1,690074921,2952065053868461191
hnsw-real-512,512,100000,10,2,678595209,2952065053868461191
hnsw-real-512,512,100000,10,3,674156794,2952065053868461191
hnsw-real-512,512,100000,10,4,660694173,2952065053868461191
hnsw-real-512,512,100000,10,5,669029910,2952065053868461191
hnsw-real-512,512,100000,10,6,714600549,2952065053868461191
flat-control-EUCLIDEAN,512,10000,10,0,36855338,8438614693119028115
flat-control-EUCLIDEAN,512,10000,10,1,37256461,8438614693119028115
flat-control-EUCLIDEAN,512,10000,10,2,36304073,8438614693119028115
flat-control-EUCLIDEAN,512,10000,10,3,36184990,8438614693119028115
flat-control-EUCLIDEAN,512,10000,10,4,36444829,8438614693119028115
flat-control-EUCLIDEAN,512,10000,10,5,36871159,8438614693119028115
flat-control-EUCLIDEAN,512,10000,10,6,33430382,8438614693119028115
flat-control-EUCLIDEAN-batch,512,10000,10,0,32517156,8438614693119028115
flat-control-EUCLIDEAN-batch,512,10000,10,1,32453568,8438614693119028115
flat-control-EUCLIDEAN-batch,512,10000,10,2,32220310,8438614693119028115
flat-control-EUCLIDEAN-batch,512,10000,10,3,33941119,8438614693119028115
flat-control-EUCLIDEAN-batch,512,10000,10,4,32283368,8438614693119028115
flat-control-EUCLIDEAN-batch,512,10000,10,5,32190133,8438614693119028115
flat-control-EUCLIDEAN-batch,512,10000,10,6,32182409,8438614693119028115
flat-control-DOT_PRODUCT,512,10000,10,0,33664560,2066457185799548133
flat-control-DOT_PRODUCT,512,10000,10,1,33971075,2066457185799548133
flat-control-DOT_PRODUCT,512,10000,10,2,33562758,2066457185799548133
flat-control-DOT_PRODUCT,512,10000,10,3,33909520,2066457185799548133
flat-control-DOT_PRODUCT,512,10000,10,4,33907926,2066457185799548133
flat-control-DOT_PRODUCT,512,10000,10,5,33617540,2066457185799548133
flat-control-DOT_PRODUCT,512,10000,10,6,34356830,2066457185799548133
flat-control-DOT_PRODUCT-batch,512,10000,10,0,31947387,2066457185799548133
flat-control-DOT_PRODUCT-batch,512,10000,10,1,47855378,2066457185799548133
flat-control-DOT_PRODUCT-batch,512,10000,10,2,35942723,2066457185799548133
flat-control-DOT_PRODUCT-batch,512,10000,10,3,31559448,2066457185799548133
flat-control-DOT_PRODUCT-batch,512,10000,10,4,31596017,2066457185799548133
flat-control-DOT_PRODUCT-batch,512,10000,10,5,31858960,2066457185799548133
flat-control-DOT_PRODUCT-batch,512,10000,10,6,31320129,2066457185799548133
