WARNING: Using incubator modules: jdk.incubator.vector
workload,dimensions,rows,k,round,nanos,result_digest
Oct 03, 2026 11:35:01 PM com.integrallis.vectors.core.PanamaVectorUtilSupportProvider create
INFO: vectors-core: Using Panama Vector API SIMD provider (vector bits: 256)
Oct 03, 2026 11:35:01 PM com.integrallis.vectors.core.VectorizationProvider logActiveToggles
INFO: vectors-core: provider=PanamaVectorUtilSupport panama=true maxBits=256 preferredBits=256 fastVectorFMA=true fastScalarFMA=true sve=false ggufParallel=true ggufParallelThreshold=1048576 ggufExecutor=persistent ggufThreads=2 ggufChunksPerThread=2 mappedKQuantLongOffsets=auto(q4=true,q5=false,q6=false) q4ShortPairwiseSupported=true q4UnsignedPairwiseSupported=true toggles=[(defaults — no -Dvectors.* overrides)]
flat-real-heap,512,100000,10,0,579271380,-6807500762551226425
flat-real-heap,512,100000,10,1,580222435,-6807500762551226425
flat-real-heap,512,100000,10,2,578730627,-6807500762551226425
flat-real-heap,512,100000,10,3,579188981,-6807500762551226425
flat-real-heap,512,100000,10,4,580773592,-6807500762551226425
flat-real-heap,512,100000,10,5,579262056,-6807500762551226425
flat-real-heap,512,100000,10,6,582288960,-6807500762551226425
flat-real-heap-batch,512,100000,10,0,219086927,-6807500762551226425
flat-real-heap-batch,512,100000,10,1,218756919,-6807500762551226425
flat-real-heap-batch,512,100000,10,2,218290996,-6807500762551226425
flat-real-heap-batch,512,100000,10,3,219711656,-6807500762551226425
flat-real-heap-batch,512,100000,10,4,219162825,-6807500762551226425
flat-real-heap-batch,512,100000,10,5,218970054,-6807500762551226425
flat-real-heap-batch,512,100000,10,6,217685188,-6807500762551226425
flat-real-mapped,512,100000,10,0,611053431,-6807500762551226425
flat-real-mapped,512,100000,10,1,612147476,-6807500762551226425
flat-real-mapped,512,100000,10,2,610159709,-6807500762551226425
flat-real-mapped,512,100000,10,3,610565241,-6807500762551226425
flat-real-mapped,512,100000,10,4,610982499,-6807500762551226425
flat-real-mapped,512,100000,10,5,609241822,-6807500762551226425
flat-real-mapped,512,100000,10,6,608557857,-6807500762551226425
hnsw-real-32,512,100000,10,0,71738201,2952065053868461191
hnsw-real-32,512,100000,10,1,74115814,2952065053868461191
hnsw-real-32,512,100000,10,2,71414786,2952065053868461191
hnsw-real-32,512,100000,10,3,69002910,2952065053868461191
hnsw-real-32,512,100000,10,4,69459825,2952065053868461191
hnsw-real-32,512,100000,10,5,66285391,2952065053868461191
hnsw-real-32,512,100000,10,6,70193879,2952065053868461191
hnsw-real-128,512,100000,10,0,225386230,2952065053868461191
hnsw-real-128,512,100000,10,1,224258178,2952065053868461191
hnsw-real-128,512,100000,10,2,224884292,2952065053868461191
hnsw-real-128,512,100000,10,3,226877844,2952065053868461191
hnsw-real-128,512,100000,10,4,226555658,2952065053868461191
hnsw-real-128,512,100000,10,5,226098062,2952065053868461191
hnsw-real-128,512,100000,10,6,219467817,2952065053868461191
hnsw-real-512,512,100000,10,0,720446942,2952065053868461191
hnsw-real-512,512,100000,10,1,705716135,2952065053868461191
hnsw-real-512,512,100000,10,2,700958674,2952065053868461191
hnsw-real-512,512,100000,10,3,704033213,2952065053868461191
hnsw-real-512,512,100000,10,4,705898090,2952065053868461191
hnsw-real-512,512,100000,10,5,711831975,2952065053868461191
hnsw-real-512,512,100000,10,6,708295700,2952065053868461191
flat-control-EUCLIDEAN,512,10000,10,0,52038494,8438614693119028115
flat-control-EUCLIDEAN,512,10000,10,1,50230538,8438614693119028115
flat-control-EUCLIDEAN,512,10000,10,2,50500062,8438614693119028115
flat-control-EUCLIDEAN,512,10000,10,3,49807255,8438614693119028115
flat-control-EUCLIDEAN,512,10000,10,4,50072322,8438614693119028115
flat-control-EUCLIDEAN,512,10000,10,5,49864964,8438614693119028115
flat-control-EUCLIDEAN,512,10000,10,6,50247951,8438614693119028115
flat-control-EUCLIDEAN-batch,512,10000,10,0,32357624,8438614693119028115
flat-control-EUCLIDEAN-batch,512,10000,10,1,32654209,8438614693119028115
flat-control-EUCLIDEAN-batch,512,10000,10,2,32544864,8438614693119028115
flat-control-EUCLIDEAN-batch,512,10000,10,3,34073907,8438614693119028115
flat-control-EUCLIDEAN-batch,512,10000,10,4,32287073,8438614693119028115
flat-control-EUCLIDEAN-batch,512,10000,10,5,32573307,8438614693119028115
flat-control-EUCLIDEAN-batch,512,10000,10,6,32339641,8438614693119028115
flat-control-DOT_PRODUCT,512,10000,10,0,51814884,2066457185799548133
flat-control-DOT_PRODUCT,512,10000,10,1,52587360,2066457185799548133
flat-control-DOT_PRODUCT,512,10000,10,2,51309828,2066457185799548133
flat-control-DOT_PRODUCT,512,10000,10,3,53242487,2066457185799548133
flat-control-DOT_PRODUCT,512,10000,10,4,51713594,2066457185799548133
flat-control-DOT_PRODUCT,512,10000,10,5,53370366,2066457185799548133
flat-control-DOT_PRODUCT,512,10000,10,6,51434493,2066457185799548133
flat-control-DOT_PRODUCT-batch,512,10000,10,0,31660318,2066457185799548133
flat-control-DOT_PRODUCT-batch,512,10000,10,1,47511585,2066457185799548133
flat-control-DOT_PRODUCT-batch,512,10000,10,2,35672049,2066457185799548133
flat-control-DOT_PRODUCT-batch,512,10000,10,3,31437050,2066457185799548133
flat-control-DOT_PRODUCT-batch,512,10000,10,4,31295064,2066457185799548133
flat-control-DOT_PRODUCT-batch,512,10000,10,5,31312076,2066457185799548133
flat-control-DOT_PRODUCT-batch,512,10000,10,6,31567674,2066457185799548133
