WARNING: Using incubator modules: jdk.incubator.vector
workload,dimensions,rows,k,round,nanos,result_digest
Oct 03, 2026 11:31:03 PM com.integrallis.vectors.core.PanamaVectorUtilSupportProvider create
INFO: vectors-core: Using Panama Vector API SIMD provider (vector bits: 256)
Oct 03, 2026 11:31:03 PM com.integrallis.vectors.core.VectorizationProvider logActiveToggles
INFO: vectors-core: provider=PanamaVectorUtilSupport panama=true maxBits=256 preferredBits=256 fastVectorFMA=true fastScalarFMA=true sve=false ggufParallel=true ggufParallelThreshold=1048576 ggufExecutor=persistent ggufThreads=2 ggufChunksPerThread=2 mappedKQuantLongOffsets=auto(q4=true,q5=false,q6=false) q4ShortPairwiseSupported=true q4UnsignedPairwiseSupported=true toggles=[(defaults — no -Dvectors.* overrides)]
flat-real-heap,512,100000,10,0,580239600,-6807500762551226425
flat-real-heap,512,100000,10,1,583187919,-6807500762551226425
flat-real-heap,512,100000,10,2,586571846,-6807500762551226425
flat-real-heap,512,100000,10,3,582714901,-6807500762551226425
flat-real-heap,512,100000,10,4,581822108,-6807500762551226425
flat-real-heap,512,100000,10,5,581762447,-6807500762551226425
flat-real-heap,512,100000,10,6,604625714,-6807500762551226425
flat-real-heap-batch,512,100000,10,0,212312579,-6807500762551226425
flat-real-heap-batch,512,100000,10,1,212656862,-6807500762551226425
flat-real-heap-batch,512,100000,10,2,212309235,-6807500762551226425
flat-real-heap-batch,512,100000,10,3,212382945,-6807500762551226425
flat-real-heap-batch,512,100000,10,4,212144469,-6807500762551226425
flat-real-heap-batch,512,100000,10,5,212815201,-6807500762551226425
flat-real-heap-batch,512,100000,10,6,211492060,-6807500762551226425
flat-real-mapped,512,100000,10,0,612249980,-6807500762551226425
flat-real-mapped,512,100000,10,1,603937035,-6807500762551226425
flat-real-mapped,512,100000,10,2,608089100,-6807500762551226425
flat-real-mapped,512,100000,10,3,603665609,-6807500762551226425
flat-real-mapped,512,100000,10,4,612085805,-6807500762551226425
flat-real-mapped,512,100000,10,5,609329448,-6807500762551226425
flat-real-mapped,512,100000,10,6,612291423,-6807500762551226425
hnsw-real-32,512,100000,10,0,72370311,2952065053868461191
hnsw-real-32,512,100000,10,1,74023540,2952065053868461191
hnsw-real-32,512,100000,10,2,70241061,2952065053868461191
hnsw-real-32,512,100000,10,3,73374770,2952065053868461191
hnsw-real-32,512,100000,10,4,71593851,2952065053868461191
hnsw-real-32,512,100000,10,5,69911586,2952065053868461191
hnsw-real-32,512,100000,10,6,72947049,2952065053868461191
hnsw-real-128,512,100000,10,0,229352944,2952065053868461191
hnsw-real-128,512,100000,10,1,229628791,2952065053868461191
hnsw-real-128,512,100000,10,2,227780518,2952065053868461191
hnsw-real-128,512,100000,10,3,225442158,2952065053868461191
hnsw-real-128,512,100000,10,4,224033124,2952065053868461191
hnsw-real-128,512,100000,10,5,230633932,2952065053868461191
hnsw-real-128,512,100000,10,6,231695760,2952065053868461191
hnsw-real-512,512,100000,10,0,699963360,2952065053868461191
hnsw-real-512,512,100000,10,1,691812119,2952065053868461191
hnsw-real-512,512,100000,10,2,698943625,2952065053868461191
hnsw-real-512,512,100000,10,3,695920067,2952065053868461191
hnsw-real-512,512,100000,10,4,690842172,2952065053868461191
hnsw-real-512,512,100000,10,5,692493953,2952065053868461191
hnsw-real-512,512,100000,10,6,708629150,2952065053868461191
flat-control-EUCLIDEAN,512,10000,10,0,45917556,8438614693119028115
flat-control-EUCLIDEAN,512,10000,10,1,46321181,8438614693119028115
flat-control-EUCLIDEAN,512,10000,10,2,44989401,8438614693119028115
flat-control-EUCLIDEAN,512,10000,10,3,44906056,8438614693119028115
flat-control-EUCLIDEAN,512,10000,10,4,44496730,8438614693119028115
flat-control-EUCLIDEAN,512,10000,10,5,47679469,8438614693119028115
flat-control-EUCLIDEAN,512,10000,10,6,43501860,8438614693119028115
flat-control-EUCLIDEAN-batch,512,10000,10,0,32389136,8438614693119028115
flat-control-EUCLIDEAN-batch,512,10000,10,1,32781240,8438614693119028115
flat-control-EUCLIDEAN-batch,512,10000,10,2,32325578,8438614693119028115
flat-control-EUCLIDEAN-batch,512,10000,10,3,34084126,8438614693119028115
flat-control-EUCLIDEAN-batch,512,10000,10,4,32521474,8438614693119028115
flat-control-EUCLIDEAN-batch,512,10000,10,5,32265327,8438614693119028115
flat-control-EUCLIDEAN-batch,512,10000,10,6,32192430,8438614693119028115
flat-control-DOT_PRODUCT,512,10000,10,0,46562732,2066457185799548133
flat-control-DOT_PRODUCT,512,10000,10,1,46469818,2066457185799548133
flat-control-DOT_PRODUCT,512,10000,10,2,46195677,2066457185799548133
flat-control-DOT_PRODUCT,512,10000,10,3,46507549,2066457185799548133
flat-control-DOT_PRODUCT,512,10000,10,4,46213249,2066457185799548133
flat-control-DOT_PRODUCT,512,10000,10,5,44703707,2066457185799548133
flat-control-DOT_PRODUCT,512,10000,10,6,43884737,2066457185799548133
flat-control-DOT_PRODUCT-batch,512,10000,10,0,31780059,2066457185799548133
flat-control-DOT_PRODUCT-batch,512,10000,10,1,47626011,2066457185799548133
flat-control-DOT_PRODUCT-batch,512,10000,10,2,35696931,2066457185799548133
flat-control-DOT_PRODUCT-batch,512,10000,10,3,31295772,2066457185799548133
flat-control-DOT_PRODUCT-batch,512,10000,10,4,31472174,2066457185799548133
flat-control-DOT_PRODUCT-batch,512,10000,10,5,31314789,2066457185799548133
flat-control-DOT_PRODUCT-batch,512,10000,10,6,31246011,2066457185799548133
