WARNING: Using incubator modules: jdk.incubator.vector
Oct 04, 2026 12:12:57 PM com.integrallis.vectors.core.PanamaVectorUtilSupportProvider create
INFO: vectors-core: Using Panama Vector API SIMD provider (vector bits: 256)
Oct 04, 2026 12:12:57 PM com.integrallis.vectors.core.VectorizationProvider logActiveToggles
INFO: vectors-core: provider=PanamaVectorUtilSupport panama=true maxBits=256 preferredBits=256 fastVectorFMA=true fastScalarFMA=true sve=false ggufParallel=true ggufParallelThreshold=1048576 ggufExecutor=persistent ggufThreads=8 ggufChunksPerThread=2 mappedKQuantLongOffsets=auto(q4=true,q5=false,q6=false) q4ShortPairwiseSupported=true q4UnsignedPairwiseSupported=true toggles=[(defaults — no -Dvectors.* overrides)]
WARMUP,dbpedia-flat-public-single,16,3156880050
RESULT,dbpedia-flat-public-single,0,179537165,6760023043858905683,32
RESULT,dbpedia-flat-public-single,1,179637252,6760023043858905683,32
RESULT,dbpedia-flat-public-single,2,180730662,6760023043858905683,32
RESULT,dbpedia-flat-public-single,3,194188725,6760023043858905683,32
RESULT,dbpedia-flat-public-single,4,206043843,6760023043858905683,32
RESULT,dbpedia-flat-public-single,5,220762309,6760023043858905683,32
RESULT,dbpedia-flat-public-single,6,204444578,6760023043858905683,32
WARMUP,dbpedia-flat-public-batch4,148,3007442316
RESULT,dbpedia-flat-public-batch4,0,20953060,-6968471258392160042,4
RESULT,dbpedia-flat-public-batch4,1,18806557,-6968471258392160042,4
RESULT,dbpedia-flat-public-batch4,2,21590776,-6968471258392160042,4
RESULT,dbpedia-flat-public-batch4,3,19992590,-6968471258392160042,4
RESULT,dbpedia-flat-public-batch4,4,19057427,-6968471258392160042,4
RESULT,dbpedia-flat-public-batch4,5,17403158,-6968471258392160042,4
RESULT,dbpedia-flat-public-batch4,6,19909725,-6968471258392160042,4
