WARNING: Using incubator modules: jdk.incubator.vector
Oct 04, 2026 1:15:57 PM com.integrallis.vectors.core.PanamaVectorUtilSupportProvider create
INFO: vectors-core: Using Panama Vector API SIMD provider (vector bits: 256)
Oct 04, 2026 1:15:57 PM com.integrallis.vectors.core.VectorizationProvider logActiveToggles
INFO: vectors-core: provider=PanamaVectorUtilSupport panama=true maxBits=256 preferredBits=256 fastVectorFMA=true fastScalarFMA=true sve=false ggufParallel=true ggufParallelThreshold=1048576 ggufExecutor=persistent ggufThreads=8 ggufChunksPerThread=2 mappedKQuantLongOffsets=auto(q4=true,q5=false,q6=false) q4ShortPairwiseSupported=true q4UnsignedPairwiseSupported=true toggles=[(defaults — no -Dvectors.* overrides)]
WARMUP,glove-flat-public-single,14,3027043821
ALLOCATION,glove-flat-public-single,34624,32
RESULT,glove-flat-public-single,0,200046374,1177092119961519121,32
RESULT,glove-flat-public-single,1,207773156,1177092119961519121,32
RESULT,glove-flat-public-single,2,202221000,1177092119961519121,32
RESULT,glove-flat-public-single,3,200335005,1177092119961519121,32
RESULT,glove-flat-public-single,4,208312768,1177092119961519121,32
RESULT,glove-flat-public-single,5,201082856,1177092119961519121,32
RESULT,glove-flat-public-single,6,205227866,1177092119961519121,32
WARMUP,glove-flat-public-batch4,604,3001066109
ALLOCATION,glove-flat-public-batch4,2480,4
RESULT,glove-flat-public-batch4,0,4923638,-5393426958338102730,4
RESULT,glove-flat-public-batch4,1,4941743,-5393426958338102730,4
RESULT,glove-flat-public-batch4,2,4947664,-5393426958338102730,4
RESULT,glove-flat-public-batch4,3,4969044,-5393426958338102730,4
RESULT,glove-flat-public-batch4,4,4934559,-5393426958338102730,4
RESULT,glove-flat-public-batch4,5,4923638,-5393426958338102730,4
RESULT,glove-flat-public-batch4,6,4989812,-5393426958338102730,4
WARMUP,glove-flat-public-batch16,148,3000633540
ALLOCATION,glove-flat-public-batch16,8152,16
RESULT,glove-flat-public-batch16,0,20363337,-4616742646284636308,16
RESULT,glove-flat-public-batch16,1,20139039,-4616742646284636308,16
RESULT,glove-flat-public-batch16,2,19668866,-4616742646284636308,16
RESULT,glove-flat-public-batch16,3,19008218,-4616742646284636308,16
RESULT,glove-flat-public-batch16,4,18173412,-4616742646284636308,16
RESULT,glove-flat-public-batch16,5,16819685,-4616742646284636308,16
RESULT,glove-flat-public-batch16,6,17579160,-4616742646284636308,16
WARMUP,glove-flat-public-batch32,164,3014284694
ALLOCATION,glove-flat-public-batch32,4616,32
RESULT,glove-flat-public-batch32,0,16928478,1177092119961519121,32
RESULT,glove-flat-public-batch32,1,16762007,1177092119961519121,32
RESULT,glove-flat-public-batch32,2,16773278,1177092119961519121,32
RESULT,glove-flat-public-batch32,3,16726891,1177092119961519121,32
RESULT,glove-flat-public-batch32,4,16836035,1177092119961519121,32
RESULT,glove-flat-public-batch32,5,18433370,1177092119961519121,32
RESULT,glove-flat-public-batch32,6,16818764,1177092119961519121,32
