WARNING: Using incubator modules: jdk.incubator.vector
Oct 04, 2026 1:28:39 AM com.integrallis.vectors.core.PanamaVectorUtilSupportProvider create
INFO: vectors-core: Using Panama Vector API SIMD provider (vector bits: 256)
Oct 04, 2026 1:28:40 AM com.integrallis.vectors.core.VectorizationProvider logActiveToggles
INFO: vectors-core: provider=PanamaVectorUtilSupport panama=true maxBits=256 preferredBits=256 fastVectorFMA=true fastScalarFMA=true sve=false ggufParallel=true ggufParallelThreshold=1048576 ggufExecutor=persistent ggufThreads=8 ggufChunksPerThread=2 mappedKQuantLongOffsets=auto(q4=true,q5=false,q6=false) q4ShortPairwiseSupported=true q4UnsignedPairwiseSupported=true toggles=[(defaults — no -Dvectors.* overrides)]
FLAT,collection,single,100000,512,1,0,21861141,5295670917787159230
FLAT,collection,single,100000,512,1,1,22783177,5295670917787159230
FLAT,collection,single,100000,512,1,2,20992995,5295670917787159230
FLAT,collection,single,100000,512,1,3,21749612,5295670917787159230
FLAT,collection,single,100000,512,1,4,22107230,5295670917787159230
FLAT,collection,single,100000,512,1,5,25590838,5295670917787159230
FLAT,collection,single,100000,512,1,6,21697655,5295670917787159230
FLAT,collection,batch,100000,512,1,0,21787500,5295670917787159230
FLAT,collection,batch,100000,512,1,1,21807349,5295670917787159230
FLAT,collection,batch,100000,512,1,2,21494578,5295670917787159230
FLAT,collection,batch,100000,512,1,3,22031837,5295670917787159230
FLAT,collection,batch,100000,512,1,4,21816553,5295670917787159230
FLAT,collection,batch,100000,512,1,5,22063644,5295670917787159230
FLAT,collection,batch,100000,512,1,6,21772868,5295670917787159230
FLAT,collection,single,100000,512,2,0,43100666,7357427968086772174
FLAT,collection,single,100000,512,2,1,41660721,7357427968086772174
FLAT,collection,single,100000,512,2,2,44371627,7357427968086772174
FLAT,collection,single,100000,512,2,3,42232390,7357427968086772174
FLAT,collection,single,100000,512,2,4,41747832,7357427968086772174
FLAT,collection,single,100000,512,2,5,41987542,7357427968086772174
FLAT,collection,single,100000,512,2,6,43124581,7357427968086772174
FLAT,collection,batch,100000,512,2,0,30711587,7357427968086772174
FLAT,collection,batch,100000,512,2,1,30317405,7357427968086772174
FLAT,collection,batch,100000,512,2,2,30719248,7357427968086772174
FLAT,collection,batch,100000,512,2,3,30436815,7357427968086772174
FLAT,collection,batch,100000,512,2,4,30643677,7357427968086772174
FLAT,collection,batch,100000,512,2,5,30485218,7357427968086772174
FLAT,collection,batch,100000,512,2,6,30270004,7357427968086772174
FLAT,collection,single,100000,512,4,0,87760266,-7941854946009114996
FLAT,collection,single,100000,512,4,1,84016066,-7941854946009114996
FLAT,collection,single,100000,512,4,2,82344333,-7941854946009114996
FLAT,collection,single,100000,512,4,3,82051632,-7941854946009114996
FLAT,collection,single,100000,512,4,4,81060051,-7941854946009114996
FLAT,collection,single,100000,512,4,5,81342156,-7941854946009114996
FLAT,collection,single,100000,512,4,6,82644253,-7941854946009114996
FLAT,collection,batch,100000,512,4,0,41970196,-7941854946009114996
FLAT,collection,batch,100000,512,4,1,42072079,-7941854946009114996
FLAT,collection,batch,100000,512,4,2,41595713,-7941854946009114996
FLAT,collection,batch,100000,512,4,3,41812950,-7941854946009114996
FLAT,collection,batch,100000,512,4,4,41811578,-7941854946009114996
FLAT,collection,batch,100000,512,4,5,41583034,-7941854946009114996
FLAT,collection,batch,100000,512,4,6,40977624,-7941854946009114996
FLAT,collection,single,100000,512,16,0,328841965,-6059471343997055021
FLAT,collection,single,100000,512,16,1,334419762,-6059471343997055021
FLAT,collection,single,100000,512,16,2,339259138,-6059471343997055021
FLAT,collection,single,100000,512,16,3,333540750,-6059471343997055021
FLAT,collection,single,100000,512,16,4,333648823,-6059471343997055021
FLAT,collection,single,100000,512,16,5,334685892,-6059471343997055021
FLAT,collection,single,100000,512,16,6,334378300,-6059471343997055021
FLAT,collection,batch,100000,512,16,0,98719504,-6059471343997055021
FLAT,collection,batch,100000,512,16,1,98092352,-6059471343997055021
FLAT,collection,batch,100000,512,16,2,98314054,-6059471343997055021
FLAT,collection,batch,100000,512,16,3,98050518,-6059471343997055021
FLAT,collection,batch,100000,512,16,4,98933506,-6059471343997055021
FLAT,collection,batch,100000,512,16,5,99382602,-6059471343997055021
FLAT,collection,batch,100000,512,16,6,99392495,-6059471343997055021
FLAT,collection,single,100000,512,64,0,1344708417,4383894143533102471
FLAT,collection,single,100000,512,64,1,1333603260,4383894143533102471
FLAT,collection,single,100000,512,64,2,1371415174,4383894143533102471
FLAT,collection,single,100000,512,64,3,1339985978,4383894143533102471
FLAT,collection,single,100000,512,64,4,1345345455,4383894143533102471
FLAT,collection,single,100000,512,64,5,1337270554,4383894143533102471
FLAT,collection,single,100000,512,64,6,1352475507,4383894143533102471
FLAT,collection,batch,100000,512,64,0,348439432,4383894143533102471
FLAT,collection,batch,100000,512,64,1,362393744,4383894143533102471
FLAT,collection,batch,100000,512,64,2,346811464,4383894143533102471
FLAT,collection,batch,100000,512,64,3,346511685,4383894143533102471
FLAT,collection,batch,100000,512,64,4,348029876,4383894143533102471
FLAT,collection,batch,100000,512,64,5,355350804,4383894143533102471
FLAT,collection,batch,100000,512,64,6,346897744,4383894143533102471
