WARNING: Using incubator modules: jdk.incubator.vector
Oct 04, 2026 1:24:30 AM com.integrallis.vectors.core.PanamaVectorUtilSupportProvider create
INFO: vectors-core: Using Panama Vector API SIMD provider (vector bits: 256)
Oct 04, 2026 1:24:30 AM com.integrallis.vectors.core.VectorizationProvider logActiveToggles
INFO: vectors-core: provider=PanamaVectorUtilSupport panama=true maxBits=256 preferredBits=256 fastVectorFMA=true fastScalarFMA=true sve=false ggufParallel=true ggufParallelThreshold=1048576 ggufExecutor=persistent ggufThreads=8 ggufChunksPerThread=2 mappedKQuantLongOffsets=auto(q4=true,q5=false,q6=false) q4ShortPairwiseSupported=true q4UnsignedPairwiseSupported=true toggles=[(defaults — no -Dvectors.* overrides)]
FLAT,fashion-control,single,60000,784,1,0,16810647,-5889716151259767543
FLAT,fashion-control,single,60000,784,1,1,16835654,-5889716151259767543
FLAT,fashion-control,single,60000,784,1,2,16803775,-5889716151259767543
FLAT,fashion-control,single,60000,784,1,3,16958740,-5889716151259767543
FLAT,fashion-control,single,60000,784,1,4,16930357,-5889716151259767543
FLAT,fashion-control,single,60000,784,1,5,16917627,-5889716151259767543
FLAT,fashion-control,single,60000,784,1,6,16975274,-5889716151259767543
FLAT,fashion-control,batch,60000,784,1,0,17628346,-5889716151259767543
FLAT,fashion-control,batch,60000,784,1,1,17236226,-5889716151259767543
FLAT,fashion-control,batch,60000,784,1,2,17274143,-5889716151259767543
FLAT,fashion-control,batch,60000,784,1,3,17027211,-5889716151259767543
FLAT,fashion-control,batch,60000,784,1,4,16806220,-5889716151259767543
FLAT,fashion-control,batch,60000,784,1,5,17032108,-5889716151259767543
FLAT,fashion-control,batch,60000,784,1,6,17415907,-5889716151259767543
FLAT,fashion-control,single,60000,784,2,0,33603345,-3658882809325304494
FLAT,fashion-control,single,60000,784,2,1,33558409,-3658882809325304494
FLAT,fashion-control,single,60000,784,2,2,33970057,-3658882809325304494
FLAT,fashion-control,single,60000,784,2,3,33478287,-3658882809325304494
FLAT,fashion-control,single,60000,784,2,4,33329474,-3658882809325304494
FLAT,fashion-control,single,60000,784,2,5,33643426,-3658882809325304494
FLAT,fashion-control,single,60000,784,2,6,34309536,-3658882809325304494
FLAT,fashion-control,batch,60000,784,2,0,22805961,-3658882809325304494
FLAT,fashion-control,batch,60000,784,2,1,23227204,-3658882809325304494
FLAT,fashion-control,batch,60000,784,2,2,23428216,-3658882809325304494
FLAT,fashion-control,batch,60000,784,2,3,23440515,-3658882809325304494
FLAT,fashion-control,batch,60000,784,2,4,23502397,-3658882809325304494
FLAT,fashion-control,batch,60000,784,2,5,22795886,-3658882809325304494
FLAT,fashion-control,batch,60000,784,2,6,22863398,-3658882809325304494
FLAT,fashion-control,single,60000,784,4,0,68208147,7347236782066100300
FLAT,fashion-control,single,60000,784,4,1,67397037,7347236782066100300
FLAT,fashion-control,single,60000,784,4,2,67690808,7347236782066100300
FLAT,fashion-control,single,60000,784,4,3,67268824,7347236782066100300
FLAT,fashion-control,single,60000,784,4,4,68896131,7347236782066100300
FLAT,fashion-control,single,60000,784,4,5,67002934,7347236782066100300
FLAT,fashion-control,single,60000,784,4,6,68071310,7347236782066100300
FLAT,fashion-control,batch,60000,784,4,0,31977380,7347236782066100300
FLAT,fashion-control,batch,60000,784,4,1,31751381,7347236782066100300
FLAT,fashion-control,batch,60000,784,4,2,31281033,7347236782066100300
FLAT,fashion-control,batch,60000,784,4,3,31682377,7347236782066100300
FLAT,fashion-control,batch,60000,784,4,4,31931512,7347236782066100300
FLAT,fashion-control,batch,60000,784,4,5,32287597,7347236782066100300
FLAT,fashion-control,batch,60000,784,4,6,31980506,7347236782066100300
FLAT,fashion-control,single,60000,784,16,0,269007836,-7145532576525031642
FLAT,fashion-control,single,60000,784,16,1,271717681,-7145532576525031642
FLAT,fashion-control,single,60000,784,16,2,271188635,-7145532576525031642
FLAT,fashion-control,single,60000,784,16,3,266302048,-7145532576525031642
FLAT,fashion-control,single,60000,784,16,4,265526671,-7145532576525031642
FLAT,fashion-control,single,60000,784,16,5,268668355,-7145532576525031642
FLAT,fashion-control,single,60000,784,16,6,270062652,-7145532576525031642
FLAT,fashion-control,batch,60000,784,16,0,78856999,-7145532576525031642
FLAT,fashion-control,batch,60000,784,16,1,78003735,-7145532576525031642
FLAT,fashion-control,batch,60000,784,16,2,77718185,-7145532576525031642
FLAT,fashion-control,batch,60000,784,16,3,79984674,-7145532576525031642
FLAT,fashion-control,batch,60000,784,16,4,79137660,-7145532576525031642
FLAT,fashion-control,batch,60000,784,16,5,77519967,-7145532576525031642
FLAT,fashion-control,batch,60000,784,16,6,78322425,-7145532576525031642
FLAT,fashion-control,single,60000,784,64,0,1081155560,-176892425030124251
FLAT,fashion-control,single,60000,784,64,1,1080408096,-176892425030124251
FLAT,fashion-control,single,60000,784,64,2,1075168568,-176892425030124251
FLAT,fashion-control,single,60000,784,64,3,1071836829,-176892425030124251
FLAT,fashion-control,single,60000,784,64,4,1082902767,-176892425030124251
FLAT,fashion-control,single,60000,784,64,5,1085998762,-176892425030124251
FLAT,fashion-control,single,60000,784,64,6,1073921543,-176892425030124251
FLAT,fashion-control,batch,60000,784,64,0,258954069,-176892425030124251
FLAT,fashion-control,batch,60000,784,64,1,259859792,-176892425030124251
FLAT,fashion-control,batch,60000,784,64,2,258000836,-176892425030124251
FLAT,fashion-control,batch,60000,784,64,3,258399456,-176892425030124251
FLAT,fashion-control,batch,60000,784,64,4,259296104,-176892425030124251
FLAT,fashion-control,batch,60000,784,64,5,258901561,-176892425030124251
FLAT,fashion-control,batch,60000,784,64,6,258980660,-176892425030124251
