WARNING: Using incubator modules: jdk.incubator.vector
Oct 04, 2026 1:27:45 AM com.integrallis.vectors.core.PanamaVectorUtilSupportProvider create
INFO: vectors-core: Using Panama Vector API SIMD provider (vector bits: 256)
Oct 04, 2026 1:27:45 AM com.integrallis.vectors.core.VectorizationProvider logActiveToggles
INFO: vectors-core: provider=PanamaVectorUtilSupport panama=true maxBits=256 preferredBits=256 fastVectorFMA=true fastScalarFMA=true sve=false ggufParallel=true ggufParallelThreshold=1048576 ggufExecutor=persistent ggufThreads=8 ggufChunksPerThread=2 mappedKQuantLongOffsets=auto(q4=true,q5=false,q6=false) q4ShortPairwiseSupported=true q4UnsignedPairwiseSupported=true toggles=[(defaults — no -Dvectors.* overrides)]
FLAT,fashion-control,single,60000,784,1,0,17110237,-5889716151259767543
FLAT,fashion-control,single,60000,784,1,1,16953812,-5889716151259767543
FLAT,fashion-control,single,60000,784,1,2,17014664,-5889716151259767543
FLAT,fashion-control,single,60000,784,1,3,17095855,-5889716151259767543
FLAT,fashion-control,single,60000,784,1,4,17294574,-5889716151259767543
FLAT,fashion-control,single,60000,784,1,5,18070211,-5889716151259767543
FLAT,fashion-control,single,60000,784,1,6,18352664,-5889716151259767543
FLAT,fashion-control,batch,60000,784,1,0,19676796,-5889716151259767543
FLAT,fashion-control,batch,60000,784,1,1,19114820,-5889716151259767543
FLAT,fashion-control,batch,60000,784,1,2,19139258,-5889716151259767543
FLAT,fashion-control,batch,60000,784,1,3,18944846,-5889716151259767543
FLAT,fashion-control,batch,60000,784,1,4,18993658,-5889716151259767543
FLAT,fashion-control,batch,60000,784,1,5,19106057,-5889716151259767543
FLAT,fashion-control,batch,60000,784,1,6,18264412,-5889716151259767543
FLAT,fashion-control,single,60000,784,2,0,34493254,-3658882809325304494
FLAT,fashion-control,single,60000,784,2,1,34032771,-3658882809325304494
FLAT,fashion-control,single,60000,784,2,2,33888606,-3658882809325304494
FLAT,fashion-control,single,60000,784,2,3,33873172,-3658882809325304494
FLAT,fashion-control,single,60000,784,2,4,33924378,-3658882809325304494
FLAT,fashion-control,single,60000,784,2,5,34712323,-3658882809325304494
FLAT,fashion-control,single,60000,784,2,6,35037302,-3658882809325304494
FLAT,fashion-control,batch,60000,784,2,0,23778723,-3658882809325304494
FLAT,fashion-control,batch,60000,784,2,1,23632885,-3658882809325304494
FLAT,fashion-control,batch,60000,784,2,2,23812224,-3658882809325304494
FLAT,fashion-control,batch,60000,784,2,3,23786125,-3658882809325304494
FLAT,fashion-control,batch,60000,784,2,4,23846836,-3658882809325304494
FLAT,fashion-control,batch,60000,784,2,5,23727176,-3658882809325304494
FLAT,fashion-control,batch,60000,784,2,6,23587646,-3658882809325304494
FLAT,fashion-control,single,60000,784,4,0,71580999,7347236782066100300
FLAT,fashion-control,single,60000,784,4,1,72070505,7347236782066100300
FLAT,fashion-control,single,60000,784,4,2,68820558,7347236782066100300
FLAT,fashion-control,single,60000,784,4,3,67515236,7347236782066100300
FLAT,fashion-control,single,60000,784,4,4,66800070,7347236782066100300
FLAT,fashion-control,single,60000,784,4,5,66848985,7347236782066100300
FLAT,fashion-control,single,60000,784,4,6,70052551,7347236782066100300
FLAT,fashion-control,batch,60000,784,4,0,30845389,7347236782066100300
FLAT,fashion-control,batch,60000,784,4,1,30505348,7347236782066100300
FLAT,fashion-control,batch,60000,784,4,2,31448265,7347236782066100300
FLAT,fashion-control,batch,60000,784,4,3,30492879,7347236782066100300
FLAT,fashion-control,batch,60000,784,4,4,30517345,7347236782066100300
FLAT,fashion-control,batch,60000,784,4,5,30606741,7347236782066100300
FLAT,fashion-control,batch,60000,784,4,6,30579019,7347236782066100300
FLAT,fashion-control,single,60000,784,16,0,277830674,-7145532576525031642
FLAT,fashion-control,single,60000,784,16,1,274269650,-7145532576525031642
FLAT,fashion-control,single,60000,784,16,2,271353234,-7145532576525031642
FLAT,fashion-control,single,60000,784,16,3,272577075,-7145532576525031642
FLAT,fashion-control,single,60000,784,16,4,269751336,-7145532576525031642
FLAT,fashion-control,single,60000,784,16,5,285783613,-7145532576525031642
FLAT,fashion-control,single,60000,784,16,6,269614862,-7145532576525031642
FLAT,fashion-control,batch,60000,784,16,0,78645400,-7145532576525031642
FLAT,fashion-control,batch,60000,784,16,1,79256270,-7145532576525031642
FLAT,fashion-control,batch,60000,784,16,2,78965291,-7145532576525031642
FLAT,fashion-control,batch,60000,784,16,3,79967108,-7145532576525031642
FLAT,fashion-control,batch,60000,784,16,4,78874496,-7145532576525031642
FLAT,fashion-control,batch,60000,784,16,5,77948383,-7145532576525031642
FLAT,fashion-control,batch,60000,784,16,6,77803495,-7145532576525031642
FLAT,fashion-control,single,60000,784,64,0,1128379744,-176892425030124251
FLAT,fashion-control,single,60000,784,64,1,1120722631,-176892425030124251
FLAT,fashion-control,single,60000,784,64,2,1104247359,-176892425030124251
FLAT,fashion-control,single,60000,784,64,3,1098111143,-176892425030124251
FLAT,fashion-control,single,60000,784,64,4,1097054845,-176892425030124251
FLAT,fashion-control,single,60000,784,64,5,1107008701,-176892425030124251
FLAT,fashion-control,single,60000,784,64,6,1098111593,-176892425030124251
FLAT,fashion-control,batch,60000,784,64,0,264630788,-176892425030124251
FLAT,fashion-control,batch,60000,784,64,1,255785778,-176892425030124251
FLAT,fashion-control,batch,60000,784,64,2,260789381,-176892425030124251
FLAT,fashion-control,batch,60000,784,64,3,256774755,-176892425030124251
FLAT,fashion-control,batch,60000,784,64,4,258082521,-176892425030124251
FLAT,fashion-control,batch,60000,784,64,5,256401974,-176892425030124251
FLAT,fashion-control,batch,60000,784,64,6,257124680,-176892425030124251
