WARNING: Using incubator modules: jdk.incubator.vector
Oct 04, 2026 1:28:17 AM com.integrallis.vectors.core.PanamaVectorUtilSupportProvider create
INFO: vectors-core: Using Panama Vector API SIMD provider (vector bits: 256)
Oct 04, 2026 1:28:17 AM com.integrallis.vectors.core.VectorizationProvider logActiveToggles
INFO: vectors-core: provider=PanamaVectorUtilSupport panama=true maxBits=256 preferredBits=256 fastVectorFMA=true fastScalarFMA=true sve=false ggufParallel=true ggufParallelThreshold=1048576 ggufExecutor=persistent ggufThreads=8 ggufChunksPerThread=2 mappedKQuantLongOffsets=auto(q4=true,q5=false,q6=false) q4ShortPairwiseSupported=true q4UnsignedPairwiseSupported=true toggles=[(defaults — no -Dvectors.* overrides)]
FLAT,glove,single,100000,100,1,0,5972921,9123688640271969882
FLAT,glove,single,100000,100,1,1,5793080,9123688640271969882
FLAT,glove,single,100000,100,1,2,5560341,9123688640271969882
FLAT,glove,single,100000,100,1,3,5690777,9123688640271969882
FLAT,glove,single,100000,100,1,4,5428122,9123688640271969882
FLAT,glove,single,100000,100,1,5,5462093,9123688640271969882
FLAT,glove,single,100000,100,1,6,5461642,9123688640271969882
FLAT,glove,batch,100000,100,1,0,4670172,9123688640271969882
FLAT,glove,batch,100000,100,1,1,4602631,9123688640271969882
FLAT,glove,batch,100000,100,1,2,4580347,9123688640271969882
FLAT,glove,batch,100000,100,1,3,4483801,9123688640271969882
FLAT,glove,batch,100000,100,1,4,4440577,9123688640271969882
FLAT,glove,batch,100000,100,1,5,4457562,9123688640271969882
FLAT,glove,batch,100000,100,1,6,5760211,9123688640271969882
FLAT,glove,single,100000,100,2,0,10841561,-8839688515274822432
FLAT,glove,single,100000,100,2,1,11499321,-8839688515274822432
FLAT,glove,single,100000,100,2,2,11128733,-8839688515274822432
FLAT,glove,single,100000,100,2,3,10878446,-8839688515274822432
FLAT,glove,single,100000,100,2,4,11759201,-8839688515274822432
FLAT,glove,single,100000,100,2,5,11902006,-8839688515274822432
FLAT,glove,single,100000,100,2,6,11929107,-8839688515274822432
FLAT,glove,batch,100000,100,2,0,6229526,-8839688515274822432
FLAT,glove,batch,100000,100,2,1,6460044,-8839688515274822432
FLAT,glove,batch,100000,100,2,2,6520984,-8839688515274822432
FLAT,glove,batch,100000,100,2,3,6453914,-8839688515274822432
FLAT,glove,batch,100000,100,2,4,6381866,-8839688515274822432
FLAT,glove,batch,100000,100,2,5,6335426,-8839688515274822432
FLAT,glove,batch,100000,100,2,6,6533073,-8839688515274822432
FLAT,glove,single,100000,100,4,0,21264223,-8035847026677169637
FLAT,glove,single,100000,100,4,1,21205975,-8035847026677169637
FLAT,glove,single,100000,100,4,2,23160273,-8035847026677169637
FLAT,glove,single,100000,100,4,3,22556126,-8035847026677169637
FLAT,glove,single,100000,100,4,4,21616692,-8035847026677169637
FLAT,glove,single,100000,100,4,5,21009200,-8035847026677169637
FLAT,glove,single,100000,100,4,6,20728296,-8035847026677169637
FLAT,glove,batch,100000,100,4,0,9746714,-8035847026677169637
FLAT,glove,batch,100000,100,4,1,9671792,-8035847026677169637
FLAT,glove,batch,100000,100,4,2,9674287,-8035847026677169637
FLAT,glove,batch,100000,100,4,3,9668757,-8035847026677169637
FLAT,glove,batch,100000,100,4,4,9555768,-8035847026677169637
FLAT,glove,batch,100000,100,4,5,9542829,-8035847026677169637
FLAT,glove,batch,100000,100,4,6,9730891,-8035847026677169637
FLAT,glove,single,100000,100,16,0,90194316,4439317876800093591
FLAT,glove,single,100000,100,16,1,94918638,4439317876800093591
FLAT,glove,single,100000,100,16,2,90913497,4439317876800093591
FLAT,glove,single,100000,100,16,3,93704633,4439317876800093591
FLAT,glove,single,100000,100,16,4,90807117,4439317876800093591
FLAT,glove,single,100000,100,16,5,90724903,4439317876800093591
FLAT,glove,single,100000,100,16,6,91300299,4439317876800093591
FLAT,glove,batch,100000,100,16,0,36384158,4439317876800093591
FLAT,glove,batch,100000,100,16,1,34161726,4439317876800093591
FLAT,glove,batch,100000,100,16,2,33310555,4439317876800093591
FLAT,glove,batch,100000,100,16,3,34161416,4439317876800093591
FLAT,glove,batch,100000,100,16,4,34061795,4439317876800093591
FLAT,glove,batch,100000,100,16,5,32784023,4439317876800093591
FLAT,glove,batch,100000,100,16,6,33720694,4439317876800093591
FLAT,glove,single,100000,100,64,0,360932386,-6504456432332121007
FLAT,glove,single,100000,100,64,1,367317827,-6504456432332121007
FLAT,glove,single,100000,100,64,2,353679060,-6504456432332121007
FLAT,glove,single,100000,100,64,3,355665216,-6504456432332121007
FLAT,glove,single,100000,100,64,4,365562387,-6504456432332121007
FLAT,glove,single,100000,100,64,5,361084694,-6504456432332121007
FLAT,glove,single,100000,100,64,6,389996927,-6504456432332121007
FLAT,glove,batch,100000,100,64,0,127401921,-6504456432332121007
FLAT,glove,batch,100000,100,64,1,127870535,-6504456432332121007
FLAT,glove,batch,100000,100,64,2,128272369,-6504456432332121007
FLAT,glove,batch,100000,100,64,3,127151784,-6504456432332121007
FLAT,glove,batch,100000,100,64,4,128898190,-6504456432332121007
FLAT,glove,batch,100000,100,64,5,129699526,-6504456432332121007
FLAT,glove,batch,100000,100,64,6,128109484,-6504456432332121007
