WARNING: Using incubator modules: jdk.incubator.vector
Oct 04, 2026 1:23:12 AM com.integrallis.vectors.core.PanamaVectorUtilSupportProvider create
INFO: vectors-core: Using Panama Vector API SIMD provider (vector bits: 256)
Oct 04, 2026 1:23:12 AM com.integrallis.vectors.core.VectorizationProvider logActiveToggles
INFO: vectors-core: provider=PanamaVectorUtilSupport panama=true maxBits=256 preferredBits=256 fastVectorFMA=true fastScalarFMA=true sve=false ggufParallel=true ggufParallelThreshold=1048576 ggufExecutor=persistent ggufThreads=8 ggufChunksPerThread=2 mappedKQuantLongOffsets=auto(q4=true,q5=false,q6=false) q4ShortPairwiseSupported=true q4UnsignedPairwiseSupported=true toggles=[(defaults — no -Dvectors.* overrides)]
FLAT,collection,single,100000,512,1,0,22004125,5295670917787159230
FLAT,collection,single,100000,512,1,1,22173950,5295670917787159230
FLAT,collection,single,100000,512,1,2,22318378,5295670917787159230
FLAT,collection,single,100000,512,1,3,22151367,5295670917787159230
FLAT,collection,single,100000,512,1,4,21577744,5295670917787159230
FLAT,collection,single,100000,512,1,5,21890755,5295670917787159230
FLAT,collection,single,100000,512,1,6,21541621,5295670917787159230
FLAT,collection,batch,100000,512,1,0,22503004,5295670917787159230
FLAT,collection,batch,100000,512,1,1,22165067,5295670917787159230
FLAT,collection,batch,100000,512,1,2,21820108,5295670917787159230
FLAT,collection,batch,100000,512,1,3,22157336,5295670917787159230
FLAT,collection,batch,100000,512,1,4,22412078,5295670917787159230
FLAT,collection,batch,100000,512,1,5,22077565,5295670917787159230
FLAT,collection,batch,100000,512,1,6,22073189,5295670917787159230
FLAT,collection,single,100000,512,2,0,43379485,7357427968086772174
FLAT,collection,single,100000,512,2,1,43502799,7357427968086772174
FLAT,collection,single,100000,512,2,2,43141827,7357427968086772174
FLAT,collection,single,100000,512,2,3,42183396,7357427968086772174
FLAT,collection,single,100000,512,2,4,42364579,7357427968086772174
FLAT,collection,single,100000,512,2,5,42438741,7357427968086772174
FLAT,collection,single,100000,512,2,6,42402506,7357427968086772174
FLAT,collection,batch,100000,512,2,0,31238549,7357427968086772174
FLAT,collection,batch,100000,512,2,1,31335887,7357427968086772174
FLAT,collection,batch,100000,512,2,2,31052480,7357427968086772174
FLAT,collection,batch,100000,512,2,3,31121413,7357427968086772174
FLAT,collection,batch,100000,512,2,4,31045169,7357427968086772174
FLAT,collection,batch,100000,512,2,5,30543595,7357427968086772174
FLAT,collection,batch,100000,512,2,6,31105491,7357427968086772174
FLAT,collection,single,100000,512,4,0,83571085,-7941854946009114996
FLAT,collection,single,100000,512,4,1,84059370,-7941854946009114996
FLAT,collection,single,100000,512,4,2,83617575,-7941854946009114996
FLAT,collection,single,100000,512,4,3,85060144,-7941854946009114996
FLAT,collection,single,100000,512,4,4,86881804,-7941854946009114996
FLAT,collection,single,100000,512,4,5,87759815,-7941854946009114996
FLAT,collection,single,100000,512,4,6,86277976,-7941854946009114996
FLAT,collection,batch,100000,512,4,0,42901665,-7941854946009114996
FLAT,collection,batch,100000,512,4,1,42909457,-7941854946009114996
FLAT,collection,batch,100000,512,4,2,42706742,-7941854946009114996
FLAT,collection,batch,100000,512,4,3,42610709,-7941854946009114996
FLAT,collection,batch,100000,512,4,4,42829227,-7941854946009114996
FLAT,collection,batch,100000,512,4,5,42888457,-7941854946009114996
FLAT,collection,batch,100000,512,4,6,43248797,-7941854946009114996
FLAT,collection,single,100000,512,16,0,345910504,-6059471343997055021
FLAT,collection,single,100000,512,16,1,342831695,-6059471343997055021
FLAT,collection,single,100000,512,16,2,346563797,-6059471343997055021
FLAT,collection,single,100000,512,16,3,344239731,-6059471343997055021
FLAT,collection,single,100000,512,16,4,334879659,-6059471343997055021
FLAT,collection,single,100000,512,16,5,339711563,-6059471343997055021
FLAT,collection,single,100000,512,16,6,340777877,-6059471343997055021
FLAT,collection,batch,100000,512,16,0,104909590,-6059471343997055021
FLAT,collection,batch,100000,512,16,1,103759902,-6059471343997055021
FLAT,collection,batch,100000,512,16,2,105098684,-6059471343997055021
FLAT,collection,batch,100000,512,16,3,104427796,-6059471343997055021
FLAT,collection,batch,100000,512,16,4,105195150,-6059471343997055021
FLAT,collection,batch,100000,512,16,5,104948469,-6059471343997055021
FLAT,collection,batch,100000,512,16,6,104160824,-6059471343997055021
FLAT,collection,single,100000,512,64,0,1344498062,4383894143533102471
FLAT,collection,single,100000,512,64,1,1362608694,4383894143533102471
FLAT,collection,single,100000,512,64,2,1335269658,4383894143533102471
FLAT,collection,single,100000,512,64,3,1331055681,4383894143533102471
FLAT,collection,single,100000,512,64,4,1351797198,4383894143533102471
FLAT,collection,single,100000,512,64,5,1341635770,4383894143533102471
FLAT,collection,single,100000,512,64,6,1367846790,4383894143533102471
FLAT,collection,batch,100000,512,64,0,361914367,4383894143533102471
FLAT,collection,batch,100000,512,64,1,371340811,4383894143533102471
FLAT,collection,batch,100000,512,64,2,360811229,4383894143533102471
FLAT,collection,batch,100000,512,64,3,356712006,4383894143533102471
FLAT,collection,batch,100000,512,64,4,357608424,4383894143533102471
FLAT,collection,batch,100000,512,64,5,356790604,4383894143533102471
FLAT,collection,batch,100000,512,64,6,360545951,4383894143533102471
