WARNING: Using incubator modules: jdk.incubator.vector
Oct 04, 2026 1:25:44 AM com.integrallis.vectors.core.PanamaVectorUtilSupportProvider create
INFO: vectors-core: Using Panama Vector API SIMD provider (vector bits: 256)
Oct 04, 2026 1:25:44 AM com.integrallis.vectors.core.VectorizationProvider logActiveToggles
INFO: vectors-core: provider=PanamaVectorUtilSupport panama=true maxBits=256 preferredBits=256 fastVectorFMA=true fastScalarFMA=true sve=false ggufParallel=true ggufParallelThreshold=1048576 ggufExecutor=persistent ggufThreads=8 ggufChunksPerThread=2 mappedKQuantLongOffsets=auto(q4=true,q5=false,q6=false) q4ShortPairwiseSupported=true q4UnsignedPairwiseSupported=true toggles=[(defaults — no -Dvectors.* overrides)]
FLAT,glove,single,100000,100,1,0,5599299,9123688640271969882
FLAT,glove,single,100000,100,1,1,5755464,9123688640271969882
FLAT,glove,single,100000,100,1,2,5505158,9123688640271969882
FLAT,glove,single,100000,100,1,3,5541762,9123688640271969882
FLAT,glove,single,100000,100,1,4,5592388,9123688640271969882
FLAT,glove,single,100000,100,1,5,6073913,9123688640271969882
FLAT,glove,single,100000,100,1,6,5877578,9123688640271969882
FLAT,glove,batch,100000,100,1,0,4902312,9123688640271969882
FLAT,glove,batch,100000,100,1,1,4570283,9123688640271969882
FLAT,glove,batch,100000,100,1,2,4518293,9123688640271969882
FLAT,glove,batch,100000,100,1,3,4499806,9123688640271969882
FLAT,glove,batch,100000,100,1,4,4570082,9123688640271969882
FLAT,glove,batch,100000,100,1,5,4565504,9123688640271969882
FLAT,glove,batch,100000,100,1,6,5849876,9123688640271969882
FLAT,glove,single,100000,100,2,0,10450424,-8839688515274822432
FLAT,glove,single,100000,100,2,1,11210166,-8839688515274822432
FLAT,glove,single,100000,100,2,2,11243516,-8839688515274822432
FLAT,glove,single,100000,100,2,3,11123425,-8839688515274822432
FLAT,glove,single,100000,100,2,4,10856724,-8839688515274822432
FLAT,glove,single,100000,100,2,5,10700058,-8839688515274822432
FLAT,glove,single,100000,100,2,6,10927099,-8839688515274822432
FLAT,glove,batch,100000,100,2,0,6183288,-8839688515274822432
FLAT,glove,batch,100000,100,2,1,6360372,-8839688515274822432
FLAT,glove,batch,100000,100,2,2,7449021,-8839688515274822432
FLAT,glove,batch,100000,100,2,3,6727035,-8839688515274822432
FLAT,glove,batch,100000,100,2,4,6551240,-8839688515274822432
FLAT,glove,batch,100000,100,2,5,6574015,-8839688515274822432
FLAT,glove,batch,100000,100,2,6,6496388,-8839688515274822432
FLAT,glove,single,100000,100,4,0,21950555,-8035847026677169637
FLAT,glove,single,100000,100,4,1,22247380,-8035847026677169637
FLAT,glove,single,100000,100,4,2,21961461,-8035847026677169637
FLAT,glove,single,100000,100,4,3,22405829,-8035847026677169637
FLAT,glove,single,100000,100,4,4,23589409,-8035847026677169637
FLAT,glove,single,100000,100,4,5,23352221,-8035847026677169637
FLAT,glove,single,100000,100,4,6,22705359,-8035847026677169637
FLAT,glove,batch,100000,100,4,0,9787235,-8035847026677169637
FLAT,glove,batch,100000,100,4,1,9777601,-8035847026677169637
FLAT,glove,batch,100000,100,4,2,9858973,-8035847026677169637
FLAT,glove,batch,100000,100,4,3,9779234,-8035847026677169637
FLAT,glove,batch,100000,100,4,4,9817472,-8035847026677169637
FLAT,glove,batch,100000,100,4,5,9813915,-8035847026677169637
FLAT,glove,batch,100000,100,4,6,9985645,-8035847026677169637
FLAT,glove,single,100000,100,16,0,89961014,4439317876800093591
FLAT,glove,single,100000,100,16,1,87815188,4439317876800093591
FLAT,glove,single,100000,100,16,2,90065963,4439317876800093591
FLAT,glove,single,100000,100,16,3,85196460,4439317876800093591
FLAT,glove,single,100000,100,16,4,85012292,4439317876800093591
FLAT,glove,single,100000,100,16,5,87284950,4439317876800093591
FLAT,glove,single,100000,100,16,6,86624768,4439317876800093591
FLAT,glove,batch,100000,100,16,0,35774650,4439317876800093591
FLAT,glove,batch,100000,100,16,1,33033940,4439317876800093591
FLAT,glove,batch,100000,100,16,2,33273019,4439317876800093591
FLAT,glove,batch,100000,100,16,3,33077405,4439317876800093591
FLAT,glove,batch,100000,100,16,4,33891678,4439317876800093591
FLAT,glove,batch,100000,100,16,5,33384596,4439317876800093591
FLAT,glove,batch,100000,100,16,6,33002171,4439317876800093591
FLAT,glove,single,100000,100,64,0,357731180,-6504456432332121007
FLAT,glove,single,100000,100,64,1,349229278,-6504456432332121007
FLAT,glove,single,100000,100,64,2,358055879,-6504456432332121007
FLAT,glove,single,100000,100,64,3,353686298,-6504456432332121007
FLAT,glove,single,100000,100,64,4,366632585,-6504456432332121007
FLAT,glove,single,100000,100,64,5,356772349,-6504456432332121007
FLAT,glove,single,100000,100,64,6,353777907,-6504456432332121007
FLAT,glove,batch,100000,100,64,0,125954754,-6504456432332121007
FLAT,glove,batch,100000,100,64,1,125346469,-6504456432332121007
FLAT,glove,batch,100000,100,64,2,125848905,-6504456432332121007
FLAT,glove,batch,100000,100,64,3,125367501,-6504456432332121007
FLAT,glove,batch,100000,100,64,4,124918226,-6504456432332121007
FLAT,glove,batch,100000,100,64,5,125020219,-6504456432332121007
FLAT,glove,batch,100000,100,64,6,125608053,-6504456432332121007
