WARNING: Using incubator modules: jdk.incubator.vector
Oct 04, 2026 1:22:48 AM com.integrallis.vectors.core.PanamaVectorUtilSupportProvider create
INFO: vectors-core: Using Panama Vector API SIMD provider (vector bits: 256)
Oct 04, 2026 1:22:48 AM com.integrallis.vectors.core.VectorizationProvider logActiveToggles
INFO: vectors-core: provider=PanamaVectorUtilSupport panama=true maxBits=256 preferredBits=256 fastVectorFMA=true fastScalarFMA=true sve=false ggufParallel=true ggufParallelThreshold=1048576 ggufExecutor=persistent ggufThreads=8 ggufChunksPerThread=2 mappedKQuantLongOffsets=auto(q4=true,q5=false,q6=false) q4ShortPairwiseSupported=true q4UnsignedPairwiseSupported=true toggles=[(defaults — no -Dvectors.* overrides)]
FLAT,glove,single,100000,100,1,0,5804047,9123688640271969882
FLAT,glove,single,100000,100,1,1,5997738,9123688640271969882
FLAT,glove,single,100000,100,1,2,5971489,9123688640271969882
FLAT,glove,single,100000,100,1,3,5970786,9123688640271969882
FLAT,glove,single,100000,100,1,4,5884878,9123688640271969882
FLAT,glove,single,100000,100,1,5,5873311,9123688640271969882
FLAT,glove,single,100000,100,1,6,6105201,9123688640271969882
FLAT,glove,batch,100000,100,1,0,5031915,9123688640271969882
FLAT,glove,batch,100000,100,1,1,4739375,9123688640271969882
FLAT,glove,batch,100000,100,1,2,4797013,9123688640271969882
FLAT,glove,batch,100000,100,1,3,4709260,9123688640271969882
FLAT,glove,batch,100000,100,1,4,4707507,9123688640271969882
FLAT,glove,batch,100000,100,1,5,4784234,9123688640271969882
FLAT,glove,batch,100000,100,1,6,6114874,9123688640271969882
FLAT,glove,single,100000,100,2,0,11067852,-8839688515274822432
FLAT,glove,single,100000,100,2,1,11751049,-8839688515274822432
FLAT,glove,single,100000,100,2,2,11526110,-8839688515274822432
FLAT,glove,single,100000,100,2,3,11135723,-8839688515274822432
FLAT,glove,single,100000,100,2,4,11145458,-8839688515274822432
FLAT,glove,single,100000,100,2,5,11014711,-8839688515274822432
FLAT,glove,single,100000,100,2,6,11261652,-8839688515274822432
FLAT,glove,batch,100000,100,2,0,6404329,-8839688515274822432
FLAT,glove,batch,100000,100,2,1,6346873,-8839688515274822432
FLAT,glove,batch,100000,100,2,2,6805212,-8839688515274822432
FLAT,glove,batch,100000,100,2,3,6588095,-8839688515274822432
FLAT,glove,batch,100000,100,2,4,6487495,-8839688515274822432
FLAT,glove,batch,100000,100,2,5,6695517,-8839688515274822432
FLAT,glove,batch,100000,100,2,6,6641336,-8839688515274822432
FLAT,glove,single,100000,100,4,0,24362711,-8035847026677169637
FLAT,glove,single,100000,100,4,1,24114008,-8035847026677169637
FLAT,glove,single,100000,100,4,2,23988809,-8035847026677169637
FLAT,glove,single,100000,100,4,3,24484895,-8035847026677169637
FLAT,glove,single,100000,100,4,4,24947210,-8035847026677169637
FLAT,glove,single,100000,100,4,5,24536373,-8035847026677169637
FLAT,glove,single,100000,100,4,6,24036612,-8035847026677169637
FLAT,glove,batch,100000,100,4,0,10597525,-8035847026677169637
FLAT,glove,batch,100000,100,4,1,10491555,-8035847026677169637
FLAT,glove,batch,100000,100,4,2,10502121,-8035847026677169637
FLAT,glove,batch,100000,100,4,3,10250222,-8035847026677169637
FLAT,glove,batch,100000,100,4,4,10494840,-8035847026677169637
FLAT,glove,batch,100000,100,4,5,10320878,-8035847026677169637
FLAT,glove,batch,100000,100,4,6,10348209,-8035847026677169637
FLAT,glove,single,100000,100,16,0,98522075,4439317876800093591
FLAT,glove,single,100000,100,16,1,94351485,4439317876800093591
FLAT,glove,single,100000,100,16,2,94090303,4439317876800093591
FLAT,glove,single,100000,100,16,3,91259837,4439317876800093591
FLAT,glove,single,100000,100,16,4,97015400,4439317876800093591
FLAT,glove,single,100000,100,16,5,96411263,4439317876800093591
FLAT,glove,single,100000,100,16,6,96873557,4439317876800093591
FLAT,glove,batch,100000,100,16,0,36324716,4439317876800093591
FLAT,glove,batch,100000,100,16,1,33118187,4439317876800093591
FLAT,glove,batch,100000,100,16,2,33655694,4439317876800093591
FLAT,glove,batch,100000,100,16,3,33213049,4439317876800093591
FLAT,glove,batch,100000,100,16,4,33645258,4439317876800093591
FLAT,glove,batch,100000,100,16,5,33049693,4439317876800093591
FLAT,glove,batch,100000,100,16,6,33270024,4439317876800093591
FLAT,glove,single,100000,100,64,0,366921976,-6504456432332121007
FLAT,glove,single,100000,100,64,1,369808166,-6504456432332121007
FLAT,glove,single,100000,100,64,2,359052784,-6504456432332121007
FLAT,glove,single,100000,100,64,3,366477578,-6504456432332121007
FLAT,glove,single,100000,100,64,4,370691795,-6504456432332121007
FLAT,glove,single,100000,100,64,5,375339624,-6504456432332121007
FLAT,glove,single,100000,100,64,6,372491531,-6504456432332121007
FLAT,glove,batch,100000,100,64,0,125225166,-6504456432332121007
FLAT,glove,batch,100000,100,64,1,125862595,-6504456432332121007
FLAT,glove,batch,100000,100,64,2,126987986,-6504456432332121007
FLAT,glove,batch,100000,100,64,3,127023360,-6504456432332121007
FLAT,glove,batch,100000,100,64,4,128442814,-6504456432332121007
FLAT,glove,batch,100000,100,64,5,125530545,-6504456432332121007
FLAT,glove,batch,100000,100,64,6,125820251,-6504456432332121007
