WARNING: Using incubator modules: jdk.incubator.vector
Oct 04, 2026 1:29:57 AM com.integrallis.vectors.core.PanamaVectorUtilSupportProvider create
INFO: vectors-core: Using Panama Vector API SIMD provider (vector bits: 256)
Oct 04, 2026 1:29:57 AM com.integrallis.vectors.core.VectorizationProvider logActiveToggles
INFO: vectors-core: provider=PanamaVectorUtilSupport panama=true maxBits=256 preferredBits=256 fastVectorFMA=true fastScalarFMA=true sve=false ggufParallel=true ggufParallelThreshold=1048576 ggufExecutor=persistent ggufThreads=8 ggufChunksPerThread=2 mappedKQuantLongOffsets=auto(q4=true,q5=false,q6=false) q4ShortPairwiseSupported=true q4UnsignedPairwiseSupported=true toggles=[(defaults — no -Dvectors.* overrides)]
FLAT,fashion-control,single,60000,784,1,0,17928989,-5889716151259767543
FLAT,fashion-control,single,60000,784,1,1,17679072,-5889716151259767543
FLAT,fashion-control,single,60000,784,1,2,17804992,-5889716151259767543
FLAT,fashion-control,single,60000,784,1,3,17918843,-5889716151259767543
FLAT,fashion-control,single,60000,784,1,4,18144702,-5889716151259767543
FLAT,fashion-control,single,60000,784,1,5,17734486,-5889716151259767543
FLAT,fashion-control,single,60000,784,1,6,19223505,-5889716151259767543
FLAT,fashion-control,batch,60000,784,1,0,18763122,-5889716151259767543
FLAT,fashion-control,batch,60000,784,1,1,18021928,-5889716151259767543
FLAT,fashion-control,batch,60000,784,1,2,18084191,-5889716151259767543
FLAT,fashion-control,batch,60000,784,1,3,17944051,-5889716151259767543
FLAT,fashion-control,batch,60000,784,1,4,17965883,-5889716151259767543
FLAT,fashion-control,batch,60000,784,1,5,18083310,-5889716151259767543
FLAT,fashion-control,batch,60000,784,1,6,18030040,-5889716151259767543
FLAT,fashion-control,single,60000,784,2,0,35655982,-3658882809325304494
FLAT,fashion-control,single,60000,784,2,1,34982810,-3658882809325304494
FLAT,fashion-control,single,60000,784,2,2,35554851,-3658882809325304494
FLAT,fashion-control,single,60000,784,2,3,35690815,-3658882809325304494
FLAT,fashion-control,single,60000,784,2,4,36124647,-3658882809325304494
FLAT,fashion-control,single,60000,784,2,5,36533972,-3658882809325304494
FLAT,fashion-control,single,60000,784,2,6,35699367,-3658882809325304494
FLAT,fashion-control,batch,60000,784,2,0,24157723,-3658882809325304494
FLAT,fashion-control,batch,60000,784,2,1,23381186,-3658882809325304494
FLAT,fashion-control,batch,60000,784,2,2,23597702,-3658882809325304494
FLAT,fashion-control,batch,60000,784,2,3,23573605,-3658882809325304494
FLAT,fashion-control,batch,60000,784,2,4,23586314,-3658882809325304494
FLAT,fashion-control,batch,60000,784,2,5,23606885,-3658882809325304494
FLAT,fashion-control,batch,60000,784,2,6,23451591,-3658882809325304494
FLAT,fashion-control,single,60000,784,4,0,70294714,7347236782066100300
FLAT,fashion-control,single,60000,784,4,1,70766014,7347236782066100300
FLAT,fashion-control,single,60000,784,4,2,72128112,7347236782066100300
FLAT,fashion-control,single,60000,784,4,3,73263979,7347236782066100300
FLAT,fashion-control,single,60000,784,4,4,72161291,7347236782066100300
FLAT,fashion-control,single,60000,784,4,5,71836733,7347236782066100300
FLAT,fashion-control,single,60000,784,4,6,71760349,7347236782066100300
FLAT,fashion-control,batch,60000,784,4,0,31006021,7347236782066100300
FLAT,fashion-control,batch,60000,784,4,1,30889224,7347236782066100300
FLAT,fashion-control,batch,60000,784,4,2,30581011,7347236782066100300
FLAT,fashion-control,batch,60000,784,4,3,30825509,7347236782066100300
FLAT,fashion-control,batch,60000,784,4,4,30951448,7347236782066100300
FLAT,fashion-control,batch,60000,784,4,5,30918158,7347236782066100300
FLAT,fashion-control,batch,60000,784,4,6,30672248,7347236782066100300
FLAT,fashion-control,single,60000,784,16,0,285670653,-7145532576525031642
FLAT,fashion-control,single,60000,784,16,1,290805686,-7145532576525031642
FLAT,fashion-control,single,60000,784,16,2,285271813,-7145532576525031642
FLAT,fashion-control,single,60000,784,16,3,291233498,-7145532576525031642
FLAT,fashion-control,single,60000,784,16,4,285992898,-7145532576525031642
FLAT,fashion-control,single,60000,784,16,5,284285260,-7145532576525031642
FLAT,fashion-control,single,60000,784,16,6,285371143,-7145532576525031642
FLAT,fashion-control,batch,60000,784,16,0,76965476,-7145532576525031642
FLAT,fashion-control,batch,60000,784,16,1,76236569,-7145532576525031642
FLAT,fashion-control,batch,60000,784,16,2,76883852,-7145532576525031642
FLAT,fashion-control,batch,60000,784,16,3,76570280,-7145532576525031642
FLAT,fashion-control,batch,60000,784,16,4,76555679,-7145532576525031642
FLAT,fashion-control,batch,60000,784,16,5,79359494,-7145532576525031642
FLAT,fashion-control,batch,60000,784,16,6,76283599,-7145532576525031642
FLAT,fashion-control,single,60000,784,64,0,1118733095,-176892425030124251
FLAT,fashion-control,single,60000,784,64,1,1123289245,-176892425030124251
FLAT,fashion-control,single,60000,784,64,2,1152661299,-176892425030124251
FLAT,fashion-control,single,60000,784,64,3,1120905301,-176892425030124251
FLAT,fashion-control,single,60000,784,64,4,1133063071,-176892425030124251
FLAT,fashion-control,single,60000,784,64,5,1145798819,-176892425030124251
FLAT,fashion-control,single,60000,784,64,6,1124828099,-176892425030124251
FLAT,fashion-control,batch,60000,784,64,0,256825061,-176892425030124251
FLAT,fashion-control,batch,60000,784,64,1,255306028,-176892425030124251
FLAT,fashion-control,batch,60000,784,64,2,255020118,-176892425030124251
FLAT,fashion-control,batch,60000,784,64,3,257141107,-176892425030124251
FLAT,fashion-control,batch,60000,784,64,4,255312327,-176892425030124251
FLAT,fashion-control,batch,60000,784,64,5,255530886,-176892425030124251
FLAT,fashion-control,batch,60000,784,64,6,255774361,-176892425030124251
