WARNING: Using incubator modules: jdk.incubator.vector
Oct 04, 2026 1:26:33 AM com.integrallis.vectors.core.PanamaVectorUtilSupportProvider create
INFO: vectors-core: Using Panama Vector API SIMD provider (vector bits: 256)
Oct 04, 2026 1:26:33 AM com.integrallis.vectors.core.VectorizationProvider logActiveToggles
INFO: vectors-core: provider=PanamaVectorUtilSupport panama=true maxBits=256 preferredBits=256 fastVectorFMA=true fastScalarFMA=true sve=false ggufParallel=true ggufParallelThreshold=1048576 ggufExecutor=persistent ggufThreads=8 ggufChunksPerThread=2 mappedKQuantLongOffsets=auto(q4=true,q5=false,q6=false) q4ShortPairwiseSupported=true q4UnsignedPairwiseSupported=true toggles=[(defaults — no -Dvectors.* overrides)]
FLAT,collection,single,100000,512,1,0,20697461,5295670917787159230
FLAT,collection,single,100000,512,1,1,20632933,5295670917787159230
FLAT,collection,single,100000,512,1,2,20451110,5295670917787159230
FLAT,collection,single,100000,512,1,3,20454626,5295670917787159230
FLAT,collection,single,100000,512,1,4,20207955,5295670917787159230
FLAT,collection,single,100000,512,1,5,20501916,5295670917787159230
FLAT,collection,single,100000,512,1,6,20600064,5295670917787159230
FLAT,collection,batch,100000,512,1,0,22410906,5295670917787159230
FLAT,collection,batch,100000,512,1,1,22534283,5295670917787159230
FLAT,collection,batch,100000,512,1,2,22504708,5295670917787159230
FLAT,collection,batch,100000,512,1,3,21906789,5295670917787159230
FLAT,collection,batch,100000,512,1,4,21864315,5295670917787159230
FLAT,collection,batch,100000,512,1,5,21644134,5295670917787159230
FLAT,collection,batch,100000,512,1,6,22386201,5295670917787159230
FLAT,collection,single,100000,512,2,0,42142504,7357427968086772174
FLAT,collection,single,100000,512,2,1,41994352,7357427968086772174
FLAT,collection,single,100000,512,2,2,43047456,7357427968086772174
FLAT,collection,single,100000,512,2,3,42763358,7357427968086772174
FLAT,collection,single,100000,512,2,4,42033842,7357427968086772174
FLAT,collection,single,100000,512,2,5,42541696,7357427968086772174
FLAT,collection,single,100000,512,2,6,42757149,7357427968086772174
FLAT,collection,batch,100000,512,2,0,30671958,7357427968086772174
FLAT,collection,batch,100000,512,2,1,31195215,7357427968086772174
FLAT,collection,batch,100000,512,2,2,30437074,7357427968086772174
FLAT,collection,batch,100000,512,2,3,30067699,7357427968086772174
FLAT,collection,batch,100000,512,2,4,30020258,7357427968086772174
FLAT,collection,batch,100000,512,2,5,31345671,7357427968086772174
FLAT,collection,batch,100000,512,2,6,29829682,7357427968086772174
FLAT,collection,single,100000,512,4,0,88393457,-7941854946009114996
FLAT,collection,single,100000,512,4,1,87791221,-7941854946009114996
FLAT,collection,single,100000,512,4,2,84662207,-7941854946009114996
FLAT,collection,single,100000,512,4,3,84740505,-7941854946009114996
FLAT,collection,single,100000,512,4,4,87044620,-7941854946009114996
FLAT,collection,single,100000,512,4,5,92790428,-7941854946009114996
FLAT,collection,single,100000,512,4,6,84113442,-7941854946009114996
FLAT,collection,batch,100000,512,4,0,43999987,-7941854946009114996
FLAT,collection,batch,100000,512,4,1,43306876,-7941854946009114996
FLAT,collection,batch,100000,512,4,2,42107912,-7941854946009114996
FLAT,collection,batch,100000,512,4,3,41604166,-7941854946009114996
FLAT,collection,batch,100000,512,4,4,43242760,-7941854946009114996
FLAT,collection,batch,100000,512,4,5,42574174,-7941854946009114996
FLAT,collection,batch,100000,512,4,6,43710021,-7941854946009114996
FLAT,collection,single,100000,512,16,0,329787996,-6059471343997055021
FLAT,collection,single,100000,512,16,1,340537018,-6059471343997055021
FLAT,collection,single,100000,512,16,2,342793141,-6059471343997055021
FLAT,collection,single,100000,512,16,3,341935140,-6059471343997055021
FLAT,collection,single,100000,512,16,4,355085894,-6059471343997055021
FLAT,collection,single,100000,512,16,5,329444789,-6059471343997055021
FLAT,collection,single,100000,512,16,6,333687829,-6059471343997055021
FLAT,collection,batch,100000,512,16,0,101191601,-6059471343997055021
FLAT,collection,batch,100000,512,16,1,101438652,-6059471343997055021
FLAT,collection,batch,100000,512,16,2,101015918,-6059471343997055021
FLAT,collection,batch,100000,512,16,3,101111831,-6059471343997055021
FLAT,collection,batch,100000,512,16,4,101578212,-6059471343997055021
FLAT,collection,batch,100000,512,16,5,101435387,-6059471343997055021
FLAT,collection,batch,100000,512,16,6,101396178,-6059471343997055021
FLAT,collection,single,100000,512,64,0,1336331265,4383894143533102471
FLAT,collection,single,100000,512,64,1,1324706368,4383894143533102471
FLAT,collection,single,100000,512,64,2,1367547612,4383894143533102471
FLAT,collection,single,100000,512,64,3,1342814643,4383894143533102471
FLAT,collection,single,100000,512,64,4,1349438364,4383894143533102471
FLAT,collection,single,100000,512,64,5,1354565864,4383894143533102471
FLAT,collection,single,100000,512,64,6,1440648617,4383894143533102471
FLAT,collection,batch,100000,512,64,0,359928866,4383894143533102471
FLAT,collection,batch,100000,512,64,1,368145810,4383894143533102471
FLAT,collection,batch,100000,512,64,2,356341553,4383894143533102471
FLAT,collection,batch,100000,512,64,3,356189713,4383894143533102471
FLAT,collection,batch,100000,512,64,4,355865586,4383894143533102471
FLAT,collection,batch,100000,512,64,5,357952023,4383894143533102471
FLAT,collection,batch,100000,512,64,6,359446480,4383894143533102471
