WARNING: Using incubator modules: jdk.incubator.vector
Oct 04, 2026 1:25:55 AM com.integrallis.vectors.core.PanamaVectorUtilSupportProvider create
INFO: vectors-core: Using Panama Vector API SIMD provider (vector bits: 256)
Oct 04, 2026 1:25:55 AM com.integrallis.vectors.core.VectorizationProvider logActiveToggles
INFO: vectors-core: provider=PanamaVectorUtilSupport panama=true maxBits=256 preferredBits=256 fastVectorFMA=true fastScalarFMA=true sve=false ggufParallel=true ggufParallelThreshold=1048576 ggufExecutor=persistent ggufThreads=8 ggufChunksPerThread=2 mappedKQuantLongOffsets=auto(q4=true,q5=false,q6=false) q4ShortPairwiseSupported=true q4UnsignedPairwiseSupported=true toggles=[(defaults — no -Dvectors.* overrides)]
FLAT,collection,single,100000,512,1,0,21211824,5295670917787159230
FLAT,collection,single,100000,512,1,1,21084662,5295670917787159230
FLAT,collection,single,100000,512,1,2,20401806,5295670917787159230
FLAT,collection,single,100000,512,1,3,20837000,5295670917787159230
FLAT,collection,single,100000,512,1,4,20812184,5295670917787159230
FLAT,collection,single,100000,512,1,5,21377593,5295670917787159230
FLAT,collection,single,100000,512,1,6,20959114,5295670917787159230
FLAT,collection,batch,100000,512,1,0,22022993,5295670917787159230
FLAT,collection,batch,100000,512,1,1,22019267,5295670917787159230
FLAT,collection,batch,100000,512,1,2,22177186,5295670917787159230
FLAT,collection,batch,100000,512,1,3,22280000,5295670917787159230
FLAT,collection,batch,100000,512,1,4,21509431,5295670917787159230
FLAT,collection,batch,100000,512,1,5,22045567,5295670917787159230
FLAT,collection,batch,100000,512,1,6,21984245,5295670917787159230
FLAT,collection,single,100000,512,2,0,41322433,7357427968086772174
FLAT,collection,single,100000,512,2,1,41185978,7357427968086772174
FLAT,collection,single,100000,512,2,2,41072306,7357427968086772174
FLAT,collection,single,100000,512,2,3,41440069,7357427968086772174
FLAT,collection,single,100000,512,2,4,41602804,7357427968086772174
FLAT,collection,single,100000,512,2,5,42496357,7357427968086772174
FLAT,collection,single,100000,512,2,6,42294684,7357427968086772174
FLAT,collection,batch,100000,512,2,0,29993097,7357427968086772174
FLAT,collection,batch,100000,512,2,1,30076864,7357427968086772174
FLAT,collection,batch,100000,512,2,2,30145947,7357427968086772174
FLAT,collection,batch,100000,512,2,3,30462974,7357427968086772174
FLAT,collection,batch,100000,512,2,4,29949472,7357427968086772174
FLAT,collection,batch,100000,512,2,5,30261541,7357427968086772174
FLAT,collection,batch,100000,512,2,6,30112247,7357427968086772174
FLAT,collection,single,100000,512,4,0,84198099,-7941854946009114996
FLAT,collection,single,100000,512,4,1,82847919,-7941854946009114996
FLAT,collection,single,100000,512,4,2,83531417,-7941854946009114996
FLAT,collection,single,100000,512,4,3,83623765,-7941854946009114996
FLAT,collection,single,100000,512,4,4,82848570,-7941854946009114996
FLAT,collection,single,100000,512,4,5,83013960,-7941854946009114996
FLAT,collection,single,100000,512,4,6,84595937,-7941854946009114996
FLAT,collection,batch,100000,512,4,0,37243519,-7941854946009114996
FLAT,collection,batch,100000,512,4,1,37388557,-7941854946009114996
FLAT,collection,batch,100000,512,4,2,38061559,-7941854946009114996
FLAT,collection,batch,100000,512,4,3,38445255,-7941854946009114996
FLAT,collection,batch,100000,512,4,4,39344177,-7941854946009114996
FLAT,collection,batch,100000,512,4,5,39054182,-7941854946009114996
FLAT,collection,batch,100000,512,4,6,39085118,-7941854946009114996
FLAT,collection,single,100000,512,16,0,334369184,-6059471343997055021
FLAT,collection,single,100000,512,16,1,330610813,-6059471343997055021
FLAT,collection,single,100000,512,16,2,332540423,-6059471343997055021
FLAT,collection,single,100000,512,16,3,334157395,-6059471343997055021
FLAT,collection,single,100000,512,16,4,332356016,-6059471343997055021
FLAT,collection,single,100000,512,16,5,332290308,-6059471343997055021
FLAT,collection,single,100000,512,16,6,333658825,-6059471343997055021
FLAT,collection,batch,100000,512,16,0,84565091,-6059471343997055021
FLAT,collection,batch,100000,512,16,1,85688049,-6059471343997055021
FLAT,collection,batch,100000,512,16,2,86677928,-6059471343997055021
FLAT,collection,batch,100000,512,16,3,84648367,-6059471343997055021
FLAT,collection,batch,100000,512,16,4,84768416,-6059471343997055021
FLAT,collection,batch,100000,512,16,5,83952039,-6059471343997055021
FLAT,collection,batch,100000,512,16,6,84245200,-6059471343997055021
FLAT,collection,single,100000,512,64,0,1327528568,4383894143533102471
FLAT,collection,single,100000,512,64,1,1354958651,4383894143533102471
FLAT,collection,single,100000,512,64,2,1326747884,4383894143533102471
FLAT,collection,single,100000,512,64,3,1340699993,4383894143533102471
FLAT,collection,single,100000,512,64,4,1336481711,4383894143533102471
FLAT,collection,single,100000,512,64,5,1311311904,4383894143533102471
FLAT,collection,single,100000,512,64,6,1339383964,4383894143533102471
FLAT,collection,batch,100000,512,64,0,296940356,4383894143533102471
FLAT,collection,batch,100000,512,64,1,297865707,4383894143533102471
FLAT,collection,batch,100000,512,64,2,303748603,4383894143533102471
FLAT,collection,batch,100000,512,64,3,300881603,4383894143533102471
FLAT,collection,batch,100000,512,64,4,296439714,4383894143533102471
FLAT,collection,batch,100000,512,64,5,294737123,4383894143533102471
FLAT,collection,batch,100000,512,64,6,294896804,4383894143533102471
