WARNING: Using incubator modules: jdk.incubator.vector
Oct 04, 2026 1:30:30 AM com.integrallis.vectors.core.PanamaVectorUtilSupportProvider create
INFO: vectors-core: Using Panama Vector API SIMD provider (vector bits: 256)
Oct 04, 2026 1:30:30 AM com.integrallis.vectors.core.VectorizationProvider logActiveToggles
INFO: vectors-core: provider=PanamaVectorUtilSupport panama=true maxBits=256 preferredBits=256 fastVectorFMA=true fastScalarFMA=true sve=false ggufParallel=true ggufParallelThreshold=1048576 ggufExecutor=persistent ggufThreads=8 ggufChunksPerThread=2 mappedKQuantLongOffsets=auto(q4=true,q5=false,q6=false) q4ShortPairwiseSupported=true q4UnsignedPairwiseSupported=true toggles=[(defaults — no -Dvectors.* overrides)]
FLAT,fashion-control,single,60000,784,1,0,17579623,-5889716151259767543
FLAT,fashion-control,single,60000,784,1,1,18123271,-5889716151259767543
FLAT,fashion-control,single,60000,784,1,2,18245164,-5889716151259767543
FLAT,fashion-control,single,60000,784,1,3,18940049,-5889716151259767543
FLAT,fashion-control,single,60000,784,1,4,17618340,-5889716151259767543
FLAT,fashion-control,single,60000,784,1,5,17712012,-5889716151259767543
FLAT,fashion-control,single,60000,784,1,6,18526136,-5889716151259767543
FLAT,fashion-control,batch,60000,784,1,0,18059273,-5889716151259767543
FLAT,fashion-control,batch,60000,784,1,1,17827535,-5889716151259767543
FLAT,fashion-control,batch,60000,784,1,2,19234271,-5889716151259767543
FLAT,fashion-control,batch,60000,784,1,3,19209985,-5889716151259767543
FLAT,fashion-control,batch,60000,784,1,4,19028050,-5889716151259767543
FLAT,fashion-control,batch,60000,784,1,5,18440357,-5889716151259767543
FLAT,fashion-control,batch,60000,784,1,6,18523622,-5889716151259767543
FLAT,fashion-control,single,60000,784,2,0,35092856,-3658882809325304494
FLAT,fashion-control,single,60000,784,2,1,34293724,-3658882809325304494
FLAT,fashion-control,single,60000,784,2,2,34926856,-3658882809325304494
FLAT,fashion-control,single,60000,784,2,3,35098254,-3658882809325304494
FLAT,fashion-control,single,60000,784,2,4,34704581,-3658882809325304494
FLAT,fashion-control,single,60000,784,2,5,34827747,-3658882809325304494
FLAT,fashion-control,single,60000,784,2,6,33748994,-3658882809325304494
FLAT,fashion-control,batch,60000,784,2,0,23938915,-3658882809325304494
FLAT,fashion-control,batch,60000,784,2,1,24006667,-3658882809325304494
FLAT,fashion-control,batch,60000,784,2,2,23820898,-3658882809325304494
FLAT,fashion-control,batch,60000,784,2,3,23932324,-3658882809325304494
FLAT,fashion-control,batch,60000,784,2,4,24327538,-3658882809325304494
FLAT,fashion-control,batch,60000,784,2,5,25446041,-3658882809325304494
FLAT,fashion-control,batch,60000,784,2,6,23972666,-3658882809325304494
FLAT,fashion-control,single,60000,784,4,0,68769703,7347236782066100300
FLAT,fashion-control,single,60000,784,4,1,69625600,7347236782066100300
FLAT,fashion-control,single,60000,784,4,2,70053713,7347236782066100300
FLAT,fashion-control,single,60000,784,4,3,69778418,7347236782066100300
FLAT,fashion-control,single,60000,784,4,4,70398261,7347236782066100300
FLAT,fashion-control,single,60000,784,4,5,69259568,7347236782066100300
FLAT,fashion-control,single,60000,784,4,6,68069599,7347236782066100300
FLAT,fashion-control,batch,60000,784,4,0,30556925,7347236782066100300
FLAT,fashion-control,batch,60000,784,4,1,31324368,7347236782066100300
FLAT,fashion-control,batch,60000,784,4,2,30574271,7347236782066100300
FLAT,fashion-control,batch,60000,784,4,3,30632087,7347236782066100300
FLAT,fashion-control,batch,60000,784,4,4,30446760,7347236782066100300
FLAT,fashion-control,batch,60000,784,4,5,30590976,7347236782066100300
FLAT,fashion-control,batch,60000,784,4,6,30577987,7347236782066100300
FLAT,fashion-control,single,60000,784,16,0,281919905,-7145532576525031642
FLAT,fashion-control,single,60000,784,16,1,280713380,-7145532576525031642
FLAT,fashion-control,single,60000,784,16,2,279685415,-7145532576525031642
FLAT,fashion-control,single,60000,784,16,3,281405471,-7145532576525031642
FLAT,fashion-control,single,60000,784,16,4,279250541,-7145532576525031642
FLAT,fashion-control,single,60000,784,16,5,274966469,-7145532576525031642
FLAT,fashion-control,single,60000,784,16,6,277355571,-7145532576525031642
FLAT,fashion-control,batch,60000,784,16,0,77323213,-7145532576525031642
FLAT,fashion-control,batch,60000,784,16,1,78418059,-7145532576525031642
FLAT,fashion-control,batch,60000,784,16,2,80179258,-7145532576525031642
FLAT,fashion-control,batch,60000,784,16,3,76357502,-7145532576525031642
FLAT,fashion-control,batch,60000,784,16,4,76013914,-7145532576525031642
FLAT,fashion-control,batch,60000,784,16,5,75812541,-7145532576525031642
FLAT,fashion-control,batch,60000,784,16,6,79596892,-7145532576525031642
FLAT,fashion-control,single,60000,784,64,0,1121927998,-176892425030124251
FLAT,fashion-control,single,60000,784,64,1,1116118193,-176892425030124251
FLAT,fashion-control,single,60000,784,64,2,1133724577,-176892425030124251
FLAT,fashion-control,single,60000,784,64,3,1121906127,-176892425030124251
FLAT,fashion-control,single,60000,784,64,4,1123228634,-176892425030124251
FLAT,fashion-control,single,60000,784,64,5,1133133307,-176892425030124251
FLAT,fashion-control,single,60000,784,64,6,1148477168,-176892425030124251
FLAT,fashion-control,batch,60000,784,64,0,267094292,-176892425030124251
FLAT,fashion-control,batch,60000,784,64,1,260667650,-176892425030124251
FLAT,fashion-control,batch,60000,784,64,2,260460768,-176892425030124251
FLAT,fashion-control,batch,60000,784,64,3,261464647,-176892425030124251
FLAT,fashion-control,batch,60000,784,64,4,259442897,-176892425030124251
FLAT,fashion-control,batch,60000,784,64,5,261400211,-176892425030124251
FLAT,fashion-control,batch,60000,784,64,6,270991823,-176892425030124251
