WARNING: Using incubator modules: jdk.incubator.vector
Oct 04, 2026 1:25:01 AM com.integrallis.vectors.core.PanamaVectorUtilSupportProvider create
INFO: vectors-core: Using Panama Vector API SIMD provider (vector bits: 256)
Oct 04, 2026 1:25:01 AM com.integrallis.vectors.core.VectorizationProvider logActiveToggles
INFO: vectors-core: provider=PanamaVectorUtilSupport panama=true maxBits=256 preferredBits=256 fastVectorFMA=true fastScalarFMA=true sve=false ggufParallel=true ggufParallelThreshold=1048576 ggufExecutor=persistent ggufThreads=8 ggufChunksPerThread=2 mappedKQuantLongOffsets=auto(q4=true,q5=false,q6=false) q4ShortPairwiseSupported=true q4UnsignedPairwiseSupported=true toggles=[(defaults — no -Dvectors.* overrides)]
FLAT,fashion-control,single,60000,784,1,0,17466964,-5889716151259767543
FLAT,fashion-control,single,60000,784,1,1,17488626,-5889716151259767543
FLAT,fashion-control,single,60000,784,1,2,17380443,-5889716151259767543
FLAT,fashion-control,single,60000,784,1,3,17520815,-5889716151259767543
FLAT,fashion-control,single,60000,784,1,4,17554624,-5889716151259767543
FLAT,fashion-control,single,60000,784,1,5,17311829,-5889716151259767543
FLAT,fashion-control,single,60000,784,1,6,17775006,-5889716151259767543
FLAT,fashion-control,batch,60000,784,1,0,18245393,-5889716151259767543
FLAT,fashion-control,batch,60000,784,1,1,17774536,-5889716151259767543
FLAT,fashion-control,batch,60000,784,1,2,17827675,-5889716151259767543
FLAT,fashion-control,batch,60000,784,1,3,17645352,-5889716151259767543
FLAT,fashion-control,batch,60000,784,1,4,17630610,-5889716151259767543
FLAT,fashion-control,batch,60000,784,1,5,17875277,-5889716151259767543
FLAT,fashion-control,batch,60000,784,1,6,17712773,-5889716151259767543
FLAT,fashion-control,single,60000,784,2,0,33925530,-3658882809325304494
FLAT,fashion-control,single,60000,784,2,1,34234144,-3658882809325304494
FLAT,fashion-control,single,60000,784,2,2,33994965,-3658882809325304494
FLAT,fashion-control,single,60000,784,2,3,33685259,-3658882809325304494
FLAT,fashion-control,single,60000,784,2,4,34668978,-3658882809325304494
FLAT,fashion-control,single,60000,784,2,5,34354576,-3658882809325304494
FLAT,fashion-control,single,60000,784,2,6,34270257,-3658882809325304494
FLAT,fashion-control,batch,60000,784,2,0,23214524,-3658882809325304494
FLAT,fashion-control,batch,60000,784,2,1,23352684,-3658882809325304494
FLAT,fashion-control,batch,60000,784,2,2,23482397,-3658882809325304494
FLAT,fashion-control,batch,60000,784,2,3,23166292,-3658882809325304494
FLAT,fashion-control,batch,60000,784,2,4,23339503,-3658882809325304494
FLAT,fashion-control,batch,60000,784,2,5,23263850,-3658882809325304494
FLAT,fashion-control,batch,60000,784,2,6,23016848,-3658882809325304494
FLAT,fashion-control,single,60000,784,4,0,68478623,7347236782066100300
FLAT,fashion-control,single,60000,784,4,1,68785315,7347236782066100300
FLAT,fashion-control,single,60000,784,4,2,69860421,7347236782066100300
FLAT,fashion-control,single,60000,784,4,3,68764643,7347236782066100300
FLAT,fashion-control,single,60000,784,4,4,68324461,7347236782066100300
FLAT,fashion-control,single,60000,784,4,5,67848666,7347236782066100300
FLAT,fashion-control,single,60000,784,4,6,67507023,7347236782066100300
FLAT,fashion-control,batch,60000,784,4,0,31813774,7347236782066100300
FLAT,fashion-control,batch,60000,784,4,1,31649778,7347236782066100300
FLAT,fashion-control,batch,60000,784,4,2,31637880,7347236782066100300
FLAT,fashion-control,batch,60000,784,4,3,31564580,7347236782066100300
FLAT,fashion-control,batch,60000,784,4,4,31623378,7347236782066100300
FLAT,fashion-control,batch,60000,784,4,5,31691661,7347236782066100300
FLAT,fashion-control,batch,60000,784,4,6,31868117,7347236782066100300
FLAT,fashion-control,single,60000,784,16,0,279651991,-7145532576525031642
FLAT,fashion-control,single,60000,784,16,1,277957793,-7145532576525031642
FLAT,fashion-control,single,60000,784,16,2,285854677,-7145532576525031642
FLAT,fashion-control,single,60000,784,16,3,284537186,-7145532576525031642
FLAT,fashion-control,single,60000,784,16,4,284950999,-7145532576525031642
FLAT,fashion-control,single,60000,784,16,5,289278546,-7145532576525031642
FLAT,fashion-control,single,60000,784,16,6,273846443,-7145532576525031642
FLAT,fashion-control,batch,60000,784,16,0,79584422,-7145532576525031642
FLAT,fashion-control,batch,60000,784,16,1,78082744,-7145532576525031642
FLAT,fashion-control,batch,60000,784,16,2,77634650,-7145532576525031642
FLAT,fashion-control,batch,60000,784,16,3,77229320,-7145532576525031642
FLAT,fashion-control,batch,60000,784,16,4,78485109,-7145532576525031642
FLAT,fashion-control,batch,60000,784,16,5,80702413,-7145532576525031642
FLAT,fashion-control,batch,60000,784,16,6,77943275,-7145532576525031642
FLAT,fashion-control,single,60000,784,64,0,1086963554,-176892425030124251
FLAT,fashion-control,single,60000,784,64,1,1100487750,-176892425030124251
FLAT,fashion-control,single,60000,784,64,2,1111924004,-176892425030124251
FLAT,fashion-control,single,60000,784,64,3,1090275324,-176892425030124251
FLAT,fashion-control,single,60000,784,64,4,1083140897,-176892425030124251
FLAT,fashion-control,single,60000,784,64,5,1092022931,-176892425030124251
FLAT,fashion-control,single,60000,784,64,6,1075396732,-176892425030124251
FLAT,fashion-control,batch,60000,784,64,0,259002293,-176892425030124251
FLAT,fashion-control,batch,60000,784,64,1,258223652,-176892425030124251
FLAT,fashion-control,batch,60000,784,64,2,259385950,-176892425030124251
FLAT,fashion-control,batch,60000,784,64,3,266368628,-176892425030124251
FLAT,fashion-control,batch,60000,784,64,4,260666575,-176892425030124251
FLAT,fashion-control,batch,60000,784,64,5,260026232,-176892425030124251
FLAT,fashion-control,batch,60000,784,64,6,259525731,-176892425030124251
