WARNING: Using incubator modules: jdk.incubator.vector
Oct 04, 2026 1:25:32 AM com.integrallis.vectors.core.PanamaVectorUtilSupportProvider create
INFO: vectors-core: Using Panama Vector API SIMD provider (vector bits: 256)
Oct 04, 2026 1:25:32 AM com.integrallis.vectors.core.VectorizationProvider logActiveToggles
INFO: vectors-core: provider=PanamaVectorUtilSupport panama=true maxBits=256 preferredBits=256 fastVectorFMA=true fastScalarFMA=true sve=false ggufParallel=true ggufParallelThreshold=1048576 ggufExecutor=persistent ggufThreads=8 ggufChunksPerThread=2 mappedKQuantLongOffsets=auto(q4=true,q5=false,q6=false) q4ShortPairwiseSupported=true q4UnsignedPairwiseSupported=true toggles=[(defaults — no -Dvectors.* overrides)]
FLAT,glove,single,100000,100,1,0,6501715,9123688640271969882
FLAT,glove,single,100000,100,1,1,6717600,9123688640271969882
FLAT,glove,single,100000,100,1,2,6424820,9123688640271969882
FLAT,glove,single,100000,100,1,3,6453294,9123688640271969882
FLAT,glove,single,100000,100,1,4,6540786,9123688640271969882
FLAT,glove,single,100000,100,1,5,6448706,9123688640271969882
FLAT,glove,single,100000,100,1,6,6835908,9123688640271969882
FLAT,glove,batch,100000,100,1,0,5542585,9123688640271969882
FLAT,glove,batch,100000,100,1,1,4906137,9123688640271969882
FLAT,glove,batch,100000,100,1,2,4877353,9123688640271969882
FLAT,glove,batch,100000,100,1,3,5006849,9123688640271969882
FLAT,glove,batch,100000,100,1,4,4959998,9123688640271969882
FLAT,glove,batch,100000,100,1,5,5050704,9123688640271969882
FLAT,glove,batch,100000,100,1,6,6261284,9123688640271969882
FLAT,glove,single,100000,100,2,0,12111851,-8839688515274822432
FLAT,glove,single,100000,100,2,1,12470250,-8839688515274822432
FLAT,glove,single,100000,100,2,2,12411682,-8839688515274822432
FLAT,glove,single,100000,100,2,3,12131371,-8839688515274822432
FLAT,glove,single,100000,100,2,4,12428327,-8839688515274822432
FLAT,glove,single,100000,100,2,5,12185391,-8839688515274822432
FLAT,glove,single,100000,100,2,6,12334216,-8839688515274822432
FLAT,glove,batch,100000,100,2,0,6878894,-8839688515274822432
FLAT,glove,batch,100000,100,2,1,6715247,-8839688515274822432
FLAT,glove,batch,100000,100,2,2,6997340,-8839688515274822432
FLAT,glove,batch,100000,100,2,3,7216852,-8839688515274822432
FLAT,glove,batch,100000,100,2,4,7049339,-8839688515274822432
FLAT,glove,batch,100000,100,2,5,6922529,-8839688515274822432
FLAT,glove,batch,100000,100,2,6,7612155,-8839688515274822432
FLAT,glove,single,100000,100,4,0,22939392,-8035847026677169637
FLAT,glove,single,100000,100,4,1,25376466,-8035847026677169637
FLAT,glove,single,100000,100,4,2,25003905,-8035847026677169637
FLAT,glove,single,100000,100,4,3,25204838,-8035847026677169637
FLAT,glove,single,100000,100,4,4,24727881,-8035847026677169637
FLAT,glove,single,100000,100,4,5,24662913,-8035847026677169637
FLAT,glove,single,100000,100,4,6,23840186,-8035847026677169637
FLAT,glove,batch,100000,100,4,0,9386893,-8035847026677169637
FLAT,glove,batch,100000,100,4,1,9273644,-8035847026677169637
FLAT,glove,batch,100000,100,4,2,9501585,-8035847026677169637
FLAT,glove,batch,100000,100,4,3,9253784,-8035847026677169637
FLAT,glove,batch,100000,100,4,4,9166533,-8035847026677169637
FLAT,glove,batch,100000,100,4,5,9084820,-8035847026677169637
FLAT,glove,batch,100000,100,4,6,9094034,-8035847026677169637
FLAT,glove,single,100000,100,16,0,88867960,4439317876800093591
FLAT,glove,single,100000,100,16,1,97804367,4439317876800093591
FLAT,glove,single,100000,100,16,2,90464451,4439317876800093591
FLAT,glove,single,100000,100,16,3,94007769,4439317876800093591
FLAT,glove,single,100000,100,16,4,90701388,4439317876800093591
FLAT,glove,single,100000,100,16,5,99597523,4439317876800093591
FLAT,glove,single,100000,100,16,6,93700898,4439317876800093591
FLAT,glove,batch,100000,100,16,0,26476380,4439317876800093591
FLAT,glove,batch,100000,100,16,1,26455959,4439317876800093591
FLAT,glove,batch,100000,100,16,2,26421517,4439317876800093591
FLAT,glove,batch,100000,100,16,3,26287815,4439317876800093591
FLAT,glove,batch,100000,100,16,4,26320334,4439317876800093591
FLAT,glove,batch,100000,100,16,5,26074996,4439317876800093591
FLAT,glove,batch,100000,100,16,6,26116088,4439317876800093591
FLAT,glove,single,100000,100,64,0,361972117,-6504456432332121007
FLAT,glove,single,100000,100,64,1,364479106,-6504456432332121007
FLAT,glove,single,100000,100,64,2,372155288,-6504456432332121007
FLAT,glove,single,100000,100,64,3,372450292,-6504456432332121007
FLAT,glove,single,100000,100,64,4,372269820,-6504456432332121007
FLAT,glove,single,100000,100,64,5,386536582,-6504456432332121007
FLAT,glove,single,100000,100,64,6,375969413,-6504456432332121007
FLAT,glove,batch,100000,100,64,0,98237549,-6504456432332121007
FLAT,glove,batch,100000,100,64,1,98023418,-6504456432332121007
FLAT,glove,batch,100000,100,64,2,97977267,-6504456432332121007
FLAT,glove,batch,100000,100,64,3,98261936,-6504456432332121007
FLAT,glove,batch,100000,100,64,4,98148224,-6504456432332121007
FLAT,glove,batch,100000,100,64,5,98558401,-6504456432332121007
FLAT,glove,batch,100000,100,64,6,98602497,-6504456432332121007
