WARNING: Using incubator modules: jdk.incubator.vector
Oct 04, 2026 1:23:00 AM com.integrallis.vectors.core.PanamaVectorUtilSupportProvider create
INFO: vectors-core: Using Panama Vector API SIMD provider (vector bits: 256)
Oct 04, 2026 1:23:00 AM com.integrallis.vectors.core.VectorizationProvider logActiveToggles
INFO: vectors-core: provider=PanamaVectorUtilSupport panama=true maxBits=256 preferredBits=256 fastVectorFMA=true fastScalarFMA=true sve=false ggufParallel=true ggufParallelThreshold=1048576 ggufExecutor=persistent ggufThreads=8 ggufChunksPerThread=2 mappedKQuantLongOffsets=auto(q4=true,q5=false,q6=false) q4ShortPairwiseSupported=true q4UnsignedPairwiseSupported=true toggles=[(defaults — no -Dvectors.* overrides)]
FLAT,glove,single,100000,100,1,0,5630867,9123688640271969882
FLAT,glove,single,100000,100,1,1,5920702,9123688640271969882
FLAT,glove,single,100000,100,1,2,5803175,9123688640271969882
FLAT,glove,single,100000,100,1,3,5849276,9123688640271969882
FLAT,glove,single,100000,100,1,4,5769044,9123688640271969882
FLAT,glove,single,100000,100,1,5,5708103,9123688640271969882
FLAT,glove,single,100000,100,1,6,5957777,9123688640271969882
FLAT,glove,batch,100000,100,1,0,5201250,9123688640271969882
FLAT,glove,batch,100000,100,1,1,4883052,9123688640271969882
FLAT,glove,batch,100000,100,1,2,4680356,9123688640271969882
FLAT,glove,batch,100000,100,1,3,4600457,9123688640271969882
FLAT,glove,batch,100000,100,1,4,4781920,9123688640271969882
FLAT,glove,batch,100000,100,1,5,4657963,9123688640271969882
FLAT,glove,batch,100000,100,1,6,5998529,9123688640271969882
FLAT,glove,single,100000,100,2,0,11959722,-8839688515274822432
FLAT,glove,single,100000,100,2,1,12823892,-8839688515274822432
FLAT,glove,single,100000,100,2,2,12852744,-8839688515274822432
FLAT,glove,single,100000,100,2,3,12606714,-8839688515274822432
FLAT,glove,single,100000,100,2,4,12933946,-8839688515274822432
FLAT,glove,single,100000,100,2,5,12484812,-8839688515274822432
FLAT,glove,single,100000,100,2,6,12106273,-8839688515274822432
FLAT,glove,batch,100000,100,2,0,7647829,-8839688515274822432
FLAT,glove,batch,100000,100,2,1,7494970,-8839688515274822432
FLAT,glove,batch,100000,100,2,2,8112318,-8839688515274822432
FLAT,glove,batch,100000,100,2,3,7584004,-8839688515274822432
FLAT,glove,batch,100000,100,2,4,7007096,-8839688515274822432
FLAT,glove,batch,100000,100,2,5,7222771,-8839688515274822432
FLAT,glove,batch,100000,100,2,6,6840226,-8839688515274822432
FLAT,glove,single,100000,100,4,0,24253217,-8035847026677169637
FLAT,glove,single,100000,100,4,1,24520978,-8035847026677169637
FLAT,glove,single,100000,100,4,2,24723414,-8035847026677169637
FLAT,glove,single,100000,100,4,3,25752370,-8035847026677169637
FLAT,glove,single,100000,100,4,4,25249465,-8035847026677169637
FLAT,glove,single,100000,100,4,5,24990575,-8035847026677169637
FLAT,glove,single,100000,100,4,6,24462942,-8035847026677169637
FLAT,glove,batch,100000,100,4,0,9246894,-8035847026677169637
FLAT,glove,batch,100000,100,4,1,9180313,-8035847026677169637
FLAT,glove,batch,100000,100,4,2,9151840,-8035847026677169637
FLAT,glove,batch,100000,100,4,3,9186962,-8035847026677169637
FLAT,glove,batch,100000,100,4,4,9232492,-8035847026677169637
FLAT,glove,batch,100000,100,4,5,9231210,-8035847026677169637
FLAT,glove,batch,100000,100,4,6,9428797,-8035847026677169637
FLAT,glove,single,100000,100,16,0,93993547,4439317876800093591
FLAT,glove,single,100000,100,16,1,94645438,4439317876800093591
FLAT,glove,single,100000,100,16,2,94207899,4439317876800093591
FLAT,glove,single,100000,100,16,3,93685914,4439317876800093591
FLAT,glove,single,100000,100,16,4,96362319,4439317876800093591
FLAT,glove,single,100000,100,16,5,96988450,4439317876800093591
FLAT,glove,single,100000,100,16,6,96155367,4439317876800093591
FLAT,glove,batch,100000,100,16,0,25886733,4439317876800093591
FLAT,glove,batch,100000,100,16,1,25955906,4439317876800093591
FLAT,glove,batch,100000,100,16,2,26026974,4439317876800093591
FLAT,glove,batch,100000,100,16,3,25939293,4439317876800093591
FLAT,glove,batch,100000,100,16,4,26318202,4439317876800093591
FLAT,glove,batch,100000,100,16,5,26113655,4439317876800093591
FLAT,glove,batch,100000,100,16,6,26011761,4439317876800093591
FLAT,glove,single,100000,100,64,0,367911964,-6504456432332121007
FLAT,glove,single,100000,100,64,1,385464467,-6504456432332121007
FLAT,glove,single,100000,100,64,2,377823358,-6504456432332121007
FLAT,glove,single,100000,100,64,3,379347910,-6504456432332121007
FLAT,glove,single,100000,100,64,4,381850943,-6504456432332121007
FLAT,glove,single,100000,100,64,5,379638636,-6504456432332121007
FLAT,glove,single,100000,100,64,6,381313746,-6504456432332121007
FLAT,glove,batch,100000,100,64,0,97632818,-6504456432332121007
FLAT,glove,batch,100000,100,64,1,97071635,-6504456432332121007
FLAT,glove,batch,100000,100,64,2,98180954,-6504456432332121007
FLAT,glove,batch,100000,100,64,3,97521221,-6504456432332121007
FLAT,glove,batch,100000,100,64,4,97400429,-6504456432332121007
FLAT,glove,batch,100000,100,64,5,97345807,-6504456432332121007
FLAT,glove,batch,100000,100,64,6,96849812,-6504456432332121007
