WARNING: Using incubator modules: jdk.incubator.vector
Oct 04, 2026 1:27:13 AM com.integrallis.vectors.core.PanamaVectorUtilSupportProvider create
INFO: vectors-core: Using Panama Vector API SIMD provider (vector bits: 256)
Oct 04, 2026 1:27:13 AM com.integrallis.vectors.core.VectorizationProvider logActiveToggles
INFO: vectors-core: provider=PanamaVectorUtilSupport panama=true maxBits=256 preferredBits=256 fastVectorFMA=true fastScalarFMA=true sve=false ggufParallel=true ggufParallelThreshold=1048576 ggufExecutor=persistent ggufThreads=8 ggufChunksPerThread=2 mappedKQuantLongOffsets=auto(q4=true,q5=false,q6=false) q4ShortPairwiseSupported=true q4UnsignedPairwiseSupported=true toggles=[(defaults — no -Dvectors.* overrides)]
FLAT,fashion-control,single,60000,784,1,0,17563308,-5889716151259767543
FLAT,fashion-control,single,60000,784,1,1,17327835,-5889716151259767543
FLAT,fashion-control,single,60000,784,1,2,17190277,-5889716151259767543
FLAT,fashion-control,single,60000,784,1,3,17403849,-5889716151259767543
FLAT,fashion-control,single,60000,784,1,4,17163907,-5889716151259767543
FLAT,fashion-control,single,60000,784,1,5,17246272,-5889716151259767543
FLAT,fashion-control,single,60000,784,1,6,17219921,-5889716151259767543
FLAT,fashion-control,batch,60000,784,1,0,19015722,-5889716151259767543
FLAT,fashion-control,batch,60000,784,1,1,17773473,-5889716151259767543
FLAT,fashion-control,batch,60000,784,1,2,18646267,-5889716151259767543
FLAT,fashion-control,batch,60000,784,1,3,17722797,-5889716151259767543
FLAT,fashion-control,batch,60000,784,1,4,17796018,-5889716151259767543
FLAT,fashion-control,batch,60000,784,1,5,17756919,-5889716151259767543
FLAT,fashion-control,batch,60000,784,1,6,17657601,-5889716151259767543
FLAT,fashion-control,single,60000,784,2,0,34579254,-3658882809325304494
FLAT,fashion-control,single,60000,784,2,1,34682799,-3658882809325304494
FLAT,fashion-control,single,60000,784,2,2,33815836,-3658882809325304494
FLAT,fashion-control,single,60000,784,2,3,33966982,-3658882809325304494
FLAT,fashion-control,single,60000,784,2,4,34288156,-3658882809325304494
FLAT,fashion-control,single,60000,784,2,5,34409157,-3658882809325304494
FLAT,fashion-control,single,60000,784,2,6,35106094,-3658882809325304494
FLAT,fashion-control,batch,60000,784,2,0,23646836,-3658882809325304494
FLAT,fashion-control,batch,60000,784,2,1,23076748,-3658882809325304494
FLAT,fashion-control,batch,60000,784,2,2,23214434,-3658882809325304494
FLAT,fashion-control,batch,60000,784,2,3,23109347,-3658882809325304494
FLAT,fashion-control,batch,60000,784,2,4,24154970,-3658882809325304494
FLAT,fashion-control,batch,60000,784,2,5,23433484,-3658882809325304494
FLAT,fashion-control,batch,60000,784,2,6,23134866,-3658882809325304494
FLAT,fashion-control,single,60000,784,4,0,73033342,7347236782066100300
FLAT,fashion-control,single,60000,784,4,1,72609185,7347236782066100300
FLAT,fashion-control,single,60000,784,4,2,66821733,7347236782066100300
FLAT,fashion-control,single,60000,784,4,3,73418190,7347236782066100300
FLAT,fashion-control,single,60000,784,4,4,71625045,7347236782066100300
FLAT,fashion-control,single,60000,784,4,5,67069966,7347236782066100300
FLAT,fashion-control,single,60000,784,4,6,67034402,7347236782066100300
FLAT,fashion-control,batch,60000,784,4,0,31552232,7347236782066100300
FLAT,fashion-control,batch,60000,784,4,1,31656988,7347236782066100300
FLAT,fashion-control,batch,60000,784,4,2,31346022,7347236782066100300
FLAT,fashion-control,batch,60000,784,4,3,31458661,7347236782066100300
FLAT,fashion-control,batch,60000,784,4,4,32642581,7347236782066100300
FLAT,fashion-control,batch,60000,784,4,5,32820258,7347236782066100300
FLAT,fashion-control,batch,60000,784,4,6,33117776,7347236782066100300
FLAT,fashion-control,single,60000,784,16,0,276773575,-7145532576525031642
FLAT,fashion-control,single,60000,784,16,1,269561260,-7145532576525031642
FLAT,fashion-control,single,60000,784,16,2,271677632,-7145532576525031642
FLAT,fashion-control,single,60000,784,16,3,273168153,-7145532576525031642
FLAT,fashion-control,single,60000,784,16,4,279948308,-7145532576525031642
FLAT,fashion-control,single,60000,784,16,5,273994826,-7145532576525031642
FLAT,fashion-control,single,60000,784,16,6,273890880,-7145532576525031642
FLAT,fashion-control,batch,60000,784,16,0,78122825,-7145532576525031642
FLAT,fashion-control,batch,60000,784,16,1,77004364,-7145532576525031642
FLAT,fashion-control,batch,60000,784,16,2,79733917,-7145532576525031642
FLAT,fashion-control,batch,60000,784,16,3,80198145,-7145532576525031642
FLAT,fashion-control,batch,60000,784,16,4,76966075,-7145532576525031642
FLAT,fashion-control,batch,60000,784,16,5,77022841,-7145532576525031642
FLAT,fashion-control,batch,60000,784,16,6,77247529,-7145532576525031642
FLAT,fashion-control,single,60000,784,64,0,1152694603,-176892425030124251
FLAT,fashion-control,single,60000,784,64,1,1124578167,-176892425030124251
FLAT,fashion-control,single,60000,784,64,2,1126611554,-176892425030124251
FLAT,fashion-control,single,60000,784,64,3,1128487566,-176892425030124251
FLAT,fashion-control,single,60000,784,64,4,1101625125,-176892425030124251
FLAT,fashion-control,single,60000,784,64,5,1114328316,-176892425030124251
FLAT,fashion-control,single,60000,784,64,6,1125754937,-176892425030124251
FLAT,fashion-control,batch,60000,784,64,0,255169591,-176892425030124251
FLAT,fashion-control,batch,60000,784,64,1,255416433,-176892425030124251
FLAT,fashion-control,batch,60000,784,64,2,258792719,-176892425030124251
FLAT,fashion-control,batch,60000,784,64,3,265326083,-176892425030124251
FLAT,fashion-control,batch,60000,784,64,4,261241922,-176892425030124251
FLAT,fashion-control,batch,60000,784,64,5,274669762,-176892425030124251
FLAT,fashion-control,batch,60000,784,64,6,271373175,-176892425030124251
