WARNING: Using incubator modules: jdk.incubator.vector
Oct 04, 2026 1:28:28 AM com.integrallis.vectors.core.PanamaVectorUtilSupportProvider create
INFO: vectors-core: Using Panama Vector API SIMD provider (vector bits: 256)
Oct 04, 2026 1:28:28 AM com.integrallis.vectors.core.VectorizationProvider logActiveToggles
INFO: vectors-core: provider=PanamaVectorUtilSupport panama=true maxBits=256 preferredBits=256 fastVectorFMA=true fastScalarFMA=true sve=false ggufParallel=true ggufParallelThreshold=1048576 ggufExecutor=persistent ggufThreads=8 ggufChunksPerThread=2 mappedKQuantLongOffsets=auto(q4=true,q5=false,q6=false) q4ShortPairwiseSupported=true q4UnsignedPairwiseSupported=true toggles=[(defaults — no -Dvectors.* overrides)]
FLAT,glove,single,100000,100,1,0,5952660,9123688640271969882
FLAT,glove,single,100000,100,1,1,5911389,9123688640271969882
FLAT,glove,single,100000,100,1,2,5912791,9123688640271969882
FLAT,glove,single,100000,100,1,3,5931789,9123688640271969882
FLAT,glove,single,100000,100,1,4,5904157,9123688640271969882
FLAT,glove,single,100000,100,1,5,6003697,9123688640271969882
FLAT,glove,single,100000,100,1,6,6018359,9123688640271969882
FLAT,glove,batch,100000,100,1,0,4922362,9123688640271969882
FLAT,glove,batch,100000,100,1,1,4817203,9123688640271969882
FLAT,glove,batch,100000,100,1,2,4577584,9123688640271969882
FLAT,glove,batch,100000,100,1,3,4628389,9123688640271969882
FLAT,glove,batch,100000,100,1,4,4641950,9123688640271969882
FLAT,glove,batch,100000,100,1,5,4660788,9123688640271969882
FLAT,glove,batch,100000,100,1,6,5812110,9123688640271969882
FLAT,glove,single,100000,100,2,0,11235694,-8839688515274822432
FLAT,glove,single,100000,100,2,1,12296528,-8839688515274822432
FLAT,glove,single,100000,100,2,2,12157321,-8839688515274822432
FLAT,glove,single,100000,100,2,3,11879964,-8839688515274822432
FLAT,glove,single,100000,100,2,4,11707153,-8839688515274822432
FLAT,glove,single,100000,100,2,5,11373171,-8839688515274822432
FLAT,glove,single,100000,100,2,6,11524568,-8839688515274822432
FLAT,glove,batch,100000,100,2,0,6388666,-8839688515274822432
FLAT,glove,batch,100000,100,2,1,6502207,-8839688515274822432
FLAT,glove,batch,100000,100,2,2,6549718,-8839688515274822432
FLAT,glove,batch,100000,100,2,3,6580214,-8839688515274822432
FLAT,glove,batch,100000,100,2,4,6597230,-8839688515274822432
FLAT,glove,batch,100000,100,2,5,6601535,-8839688515274822432
FLAT,glove,batch,100000,100,2,6,6704070,-8839688515274822432
FLAT,glove,single,100000,100,4,0,23415648,-8035847026677169637
FLAT,glove,single,100000,100,4,1,23367504,-8035847026677169637
FLAT,glove,single,100000,100,4,2,23327265,-8035847026677169637
FLAT,glove,single,100000,100,4,3,23585323,-8035847026677169637
FLAT,glove,single,100000,100,4,4,23184731,-8035847026677169637
FLAT,glove,single,100000,100,4,5,23432463,-8035847026677169637
FLAT,glove,single,100000,100,4,6,24013958,-8035847026677169637
FLAT,glove,batch,100000,100,4,0,8980973,-8035847026677169637
FLAT,glove,batch,100000,100,4,1,8975065,-8035847026677169637
FLAT,glove,batch,100000,100,4,2,8872410,-8035847026677169637
FLAT,glove,batch,100000,100,4,3,8858270,-8035847026677169637
FLAT,glove,batch,100000,100,4,4,8861404,-8035847026677169637
FLAT,glove,batch,100000,100,4,5,8857076,-8035847026677169637
FLAT,glove,batch,100000,100,4,6,8903387,-8035847026677169637
FLAT,glove,single,100000,100,16,0,93766346,4439317876800093591
FLAT,glove,single,100000,100,16,1,89162554,4439317876800093591
FLAT,glove,single,100000,100,16,2,90837923,4439317876800093591
FLAT,glove,single,100000,100,16,3,93842622,4439317876800093591
FLAT,glove,single,100000,100,16,4,95695627,4439317876800093591
FLAT,glove,single,100000,100,16,5,96687979,4439317876800093591
FLAT,glove,single,100000,100,16,6,97144996,4439317876800093591
FLAT,glove,batch,100000,100,16,0,26272763,4439317876800093591
FLAT,glove,batch,100000,100,16,1,26111932,4439317876800093591
FLAT,glove,batch,100000,100,16,2,26064241,4439317876800093591
FLAT,glove,batch,100000,100,16,3,26170190,4439317876800093591
FLAT,glove,batch,100000,100,16,4,26124971,4439317876800093591
FLAT,glove,batch,100000,100,16,5,26197510,4439317876800093591
FLAT,glove,batch,100000,100,16,6,26256199,4439317876800093591
FLAT,glove,single,100000,100,64,0,362483037,-6504456432332121007
FLAT,glove,single,100000,100,64,1,340440365,-6504456432332121007
FLAT,glove,single,100000,100,64,2,354610840,-6504456432332121007
FLAT,glove,single,100000,100,64,3,352300047,-6504456432332121007
FLAT,glove,single,100000,100,64,4,349861811,-6504456432332121007
FLAT,glove,single,100000,100,64,5,355441060,-6504456432332121007
FLAT,glove,single,100000,100,64,6,372282322,-6504456432332121007
FLAT,glove,batch,100000,100,64,0,103589467,-6504456432332121007
FLAT,glove,batch,100000,100,64,1,100599922,-6504456432332121007
FLAT,glove,batch,100000,100,64,2,100981786,-6504456432332121007
FLAT,glove,batch,100000,100,64,3,101224931,-6504456432332121007
FLAT,glove,batch,100000,100,64,4,100929658,-6504456432332121007
FLAT,glove,batch,100000,100,64,5,106699223,-6504456432332121007
FLAT,glove,batch,100000,100,64,6,100221652,-6504456432332121007
