WARNING: Using incubator modules: jdk.incubator.vector
Oct 04, 2026 1:23:51 AM com.integrallis.vectors.core.PanamaVectorUtilSupportProvider create
INFO: vectors-core: Using Panama Vector API SIMD provider (vector bits: 256)
Oct 04, 2026 1:23:51 AM com.integrallis.vectors.core.VectorizationProvider logActiveToggles
INFO: vectors-core: provider=PanamaVectorUtilSupport panama=true maxBits=256 preferredBits=256 fastVectorFMA=true fastScalarFMA=true sve=false ggufParallel=true ggufParallelThreshold=1048576 ggufExecutor=persistent ggufThreads=8 ggufChunksPerThread=2 mappedKQuantLongOffsets=auto(q4=true,q5=false,q6=false) q4ShortPairwiseSupported=true q4UnsignedPairwiseSupported=true toggles=[(defaults — no -Dvectors.* overrides)]
FLAT,collection,single,100000,512,1,0,23704823,5295670917787159230
FLAT,collection,single,100000,512,1,1,22753541,5295670917787159230
FLAT,collection,single,100000,512,1,2,22369705,5295670917787159230
FLAT,collection,single,100000,512,1,3,23282498,5295670917787159230
FLAT,collection,single,100000,512,1,4,22373601,5295670917787159230
FLAT,collection,single,100000,512,1,5,22700302,5295670917787159230
FLAT,collection,single,100000,512,1,6,22820102,5295670917787159230
FLAT,collection,batch,100000,512,1,0,22833342,5295670917787159230
FLAT,collection,batch,100000,512,1,1,21939728,5295670917787159230
FLAT,collection,batch,100000,512,1,2,21998757,5295670917787159230
FLAT,collection,batch,100000,512,1,3,21858687,5295670917787159230
FLAT,collection,batch,100000,512,1,4,22664758,5295670917787159230
FLAT,collection,batch,100000,512,1,5,22192388,5295670917787159230
FLAT,collection,batch,100000,512,1,6,22168672,5295670917787159230
FLAT,collection,single,100000,512,2,0,42488054,7357427968086772174
FLAT,collection,single,100000,512,2,1,45611701,7357427968086772174
FLAT,collection,single,100000,512,2,2,42217998,7357427968086772174
FLAT,collection,single,100000,512,2,3,45525011,7357427968086772174
FLAT,collection,single,100000,512,2,4,44885118,7357427968086772174
FLAT,collection,single,100000,512,2,5,43815550,7357427968086772174
FLAT,collection,single,100000,512,2,6,46189370,7357427968086772174
FLAT,collection,batch,100000,512,2,0,29545495,7357427968086772174
FLAT,collection,batch,100000,512,2,1,29672705,7357427968086772174
FLAT,collection,batch,100000,512,2,2,29857734,7357427968086772174
FLAT,collection,batch,100000,512,2,3,29419405,7357427968086772174
FLAT,collection,batch,100000,512,2,4,30165237,7357427968086772174
FLAT,collection,batch,100000,512,2,5,29889581,7357427968086772174
FLAT,collection,batch,100000,512,2,6,30045966,7357427968086772174
FLAT,collection,single,100000,512,4,0,81639232,-7941854946009114996
FLAT,collection,single,100000,512,4,1,83018055,-7941854946009114996
FLAT,collection,single,100000,512,4,2,84010698,-7941854946009114996
FLAT,collection,single,100000,512,4,3,84872293,-7941854946009114996
FLAT,collection,single,100000,512,4,4,90772514,-7941854946009114996
FLAT,collection,single,100000,512,4,5,92820404,-7941854946009114996
FLAT,collection,single,100000,512,4,6,92413952,-7941854946009114996
FLAT,collection,batch,100000,512,4,0,40789410,-7941854946009114996
FLAT,collection,batch,100000,512,4,1,40217090,-7941854946009114996
FLAT,collection,batch,100000,512,4,2,40071221,-7941854946009114996
FLAT,collection,batch,100000,512,4,3,40750122,-7941854946009114996
FLAT,collection,batch,100000,512,4,4,40860086,-7941854946009114996
FLAT,collection,batch,100000,512,4,5,41119536,-7941854946009114996
FLAT,collection,batch,100000,512,4,6,40752705,-7941854946009114996
FLAT,collection,single,100000,512,16,0,353920719,-6059471343997055021
FLAT,collection,single,100000,512,16,1,355142896,-6059471343997055021
FLAT,collection,single,100000,512,16,2,358086232,-6059471343997055021
FLAT,collection,single,100000,512,16,3,335803118,-6059471343997055021
FLAT,collection,single,100000,512,16,4,335537269,-6059471343997055021
FLAT,collection,single,100000,512,16,5,330700205,-6059471343997055021
FLAT,collection,single,100000,512,16,6,340128982,-6059471343997055021
FLAT,collection,batch,100000,512,16,0,85689612,-6059471343997055021
FLAT,collection,batch,100000,512,16,1,84972975,-6059471343997055021
FLAT,collection,batch,100000,512,16,2,84510589,-6059471343997055021
FLAT,collection,batch,100000,512,16,3,86721953,-6059471343997055021
FLAT,collection,batch,100000,512,16,4,85629451,-6059471343997055021
FLAT,collection,batch,100000,512,16,5,85350261,-6059471343997055021
FLAT,collection,batch,100000,512,16,6,85076140,-6059471343997055021
FLAT,collection,single,100000,512,64,0,1313944155,4383894143533102471
FLAT,collection,single,100000,512,64,1,1334080562,4383894143533102471
FLAT,collection,single,100000,512,64,2,1338779978,4383894143533102471
FLAT,collection,single,100000,512,64,3,1321732036,4383894143533102471
FLAT,collection,single,100000,512,64,4,1338059094,4383894143533102471
FLAT,collection,single,100000,512,64,5,1340639454,4383894143533102471
FLAT,collection,single,100000,512,64,6,1329499215,4383894143533102471
FLAT,collection,batch,100000,512,64,0,297010791,4383894143533102471
FLAT,collection,batch,100000,512,64,1,296786894,4383894143533102471
FLAT,collection,batch,100000,512,64,2,301148722,4383894143533102471
FLAT,collection,batch,100000,512,64,3,297623492,4383894143533102471
FLAT,collection,batch,100000,512,64,4,298288291,4383894143533102471
FLAT,collection,batch,100000,512,64,5,298691247,4383894143533102471
FLAT,collection,batch,100000,512,64,6,297290442,4383894143533102471
