WARNING: Using incubator modules: jdk.incubator.vector
Oct 04, 2026 1:29:19 AM com.integrallis.vectors.core.PanamaVectorUtilSupportProvider create
INFO: vectors-core: Using Panama Vector API SIMD provider (vector bits: 256)
Oct 04, 2026 1:29:19 AM com.integrallis.vectors.core.VectorizationProvider logActiveToggles
INFO: vectors-core: provider=PanamaVectorUtilSupport panama=true maxBits=256 preferredBits=256 fastVectorFMA=true fastScalarFMA=true sve=false ggufParallel=true ggufParallelThreshold=1048576 ggufExecutor=persistent ggufThreads=8 ggufChunksPerThread=2 mappedKQuantLongOffsets=auto(q4=true,q5=false,q6=false) q4ShortPairwiseSupported=true q4UnsignedPairwiseSupported=true toggles=[(defaults — no -Dvectors.* overrides)]
FLAT,collection,single,100000,512,1,0,20959856,5295670917787159230
FLAT,collection,single,100000,512,1,1,21551535,5295670917787159230
FLAT,collection,single,100000,512,1,2,20891272,5295670917787159230
FLAT,collection,single,100000,512,1,3,21625747,5295670917787159230
FLAT,collection,single,100000,512,1,4,21573678,5295670917787159230
FLAT,collection,single,100000,512,1,5,20980666,5295670917787159230
FLAT,collection,single,100000,512,1,6,20890541,5295670917787159230
FLAT,collection,batch,100000,512,1,0,22077937,5295670917787159230
FLAT,collection,batch,100000,512,1,1,22183625,5295670917787159230
FLAT,collection,batch,100000,512,1,2,22603406,5295670917787159230
FLAT,collection,batch,100000,512,1,3,22364448,5295670917787159230
FLAT,collection,batch,100000,512,1,4,22272890,5295670917787159230
FLAT,collection,batch,100000,512,1,5,21873549,5295670917787159230
FLAT,collection,batch,100000,512,1,6,22441903,5295670917787159230
FLAT,collection,single,100000,512,2,0,42955687,7357427968086772174
FLAT,collection,single,100000,512,2,1,42498761,7357427968086772174
FLAT,collection,single,100000,512,2,2,42742267,7357427968086772174
FLAT,collection,single,100000,512,2,3,43163831,7357427968086772174
FLAT,collection,single,100000,512,2,4,42708025,7357427968086772174
FLAT,collection,single,100000,512,2,5,42871621,7357427968086772174
FLAT,collection,single,100000,512,2,6,42777700,7357427968086772174
FLAT,collection,batch,100000,512,2,0,30828584,7357427968086772174
FLAT,collection,batch,100000,512,2,1,30606469,7357427968086772174
FLAT,collection,batch,100000,512,2,2,30970457,7357427968086772174
FLAT,collection,batch,100000,512,2,3,30309052,7357427968086772174
FLAT,collection,batch,100000,512,2,4,30542394,7357427968086772174
FLAT,collection,batch,100000,512,2,5,30100890,7357427968086772174
FLAT,collection,batch,100000,512,2,6,30682764,7357427968086772174
FLAT,collection,single,100000,512,4,0,87138171,-7941854946009114996
FLAT,collection,single,100000,512,4,1,84116316,-7941854946009114996
FLAT,collection,single,100000,512,4,2,84295946,-7941854946009114996
FLAT,collection,single,100000,512,4,3,84591732,-7941854946009114996
FLAT,collection,single,100000,512,4,4,83756927,-7941854946009114996
FLAT,collection,single,100000,512,4,5,83313700,-7941854946009114996
FLAT,collection,single,100000,512,4,6,83597247,-7941854946009114996
FLAT,collection,batch,100000,512,4,0,40597342,-7941854946009114996
FLAT,collection,batch,100000,512,4,1,40631522,-7941854946009114996
FLAT,collection,batch,100000,512,4,2,39809327,-7941854946009114996
FLAT,collection,batch,100000,512,4,3,39704349,-7941854946009114996
FLAT,collection,batch,100000,512,4,4,39948727,-7941854946009114996
FLAT,collection,batch,100000,512,4,5,39868776,-7941854946009114996
FLAT,collection,batch,100000,512,4,6,39743808,-7941854946009114996
FLAT,collection,single,100000,512,16,0,337337190,-6059471343997055021
FLAT,collection,single,100000,512,16,1,371239595,-6059471343997055021
FLAT,collection,single,100000,512,16,2,360255950,-6059471343997055021
FLAT,collection,single,100000,512,16,3,365701317,-6059471343997055021
FLAT,collection,single,100000,512,16,4,344830235,-6059471343997055021
FLAT,collection,single,100000,512,16,5,344690186,-6059471343997055021
FLAT,collection,single,100000,512,16,6,347255843,-6059471343997055021
FLAT,collection,batch,100000,512,16,0,83842656,-6059471343997055021
FLAT,collection,batch,100000,512,16,1,83746912,-6059471343997055021
FLAT,collection,batch,100000,512,16,2,83355192,-6059471343997055021
FLAT,collection,batch,100000,512,16,3,84216478,-6059471343997055021
FLAT,collection,batch,100000,512,16,4,85212996,-6059471343997055021
FLAT,collection,batch,100000,512,16,5,85734240,-6059471343997055021
FLAT,collection,batch,100000,512,16,6,84548587,-6059471343997055021
FLAT,collection,single,100000,512,64,0,1369709471,4383894143533102471
FLAT,collection,single,100000,512,64,1,1338144750,4383894143533102471
FLAT,collection,single,100000,512,64,2,1361969493,4383894143533102471
FLAT,collection,single,100000,512,64,3,1348405758,4383894143533102471
FLAT,collection,single,100000,512,64,4,1346248484,4383894143533102471
FLAT,collection,single,100000,512,64,5,1360232652,4383894143533102471
FLAT,collection,single,100000,512,64,6,1390650138,4383894143533102471
FLAT,collection,batch,100000,512,64,0,297013158,4383894143533102471
FLAT,collection,batch,100000,512,64,1,296859988,4383894143533102471
FLAT,collection,batch,100000,512,64,2,297055332,4383894143533102471
FLAT,collection,batch,100000,512,64,3,296768380,4383894143533102471
FLAT,collection,batch,100000,512,64,4,297870196,4383894143533102471
FLAT,collection,batch,100000,512,64,5,296870503,4383894143533102471
FLAT,collection,batch,100000,512,64,6,297959400,4383894143533102471
