WARNING: Using incubator modules: jdk.incubator.vector
Oct 04, 2026 12:03:03 PM com.integrallis.vectors.core.PanamaVectorUtilSupportProvider create
INFO: vectors-core: Using Panama Vector API SIMD provider (vector bits: 256)
Oct 04, 2026 12:03:03 PM com.integrallis.vectors.core.VectorizationProvider logActiveToggles
INFO: vectors-core: provider=PanamaVectorUtilSupport panama=true maxBits=256 preferredBits=256 fastVectorFMA=true fastScalarFMA=true sve=false ggufParallel=true ggufParallelThreshold=1048576 ggufExecutor=persistent ggufThreads=8 ggufChunksPerThread=2 mappedKQuantLongOffsets=auto(q4=true,q5=false,q6=false) q4ShortPairwiseSupported=true q4UnsignedPairwiseSupported=true toggles=[(defaults — no -Dvectors.* overrides)]
WARMUP,dbpedia-flat-public-single,12,7221879633
RESULT,dbpedia-flat-public-single,0,588444719,6760023043858905683,32
RESULT,dbpedia-flat-public-single,1,587788564,6760023043858905683,32
RESULT,dbpedia-flat-public-single,2,586470612,6760023043858905683,32
RESULT,dbpedia-flat-public-single,3,588725542,6760023043858905683,32
RESULT,dbpedia-flat-public-single,4,587257922,6760023043858905683,32
RESULT,dbpedia-flat-public-single,5,585862772,6760023043858905683,32
RESULT,dbpedia-flat-public-single,6,585161434,6760023043858905683,32
WARMUP,dbpedia-flat-public-batch4,140,3019750327
RESULT,dbpedia-flat-public-batch4,0,21432865,-6968471258392160042,4
RESULT,dbpedia-flat-public-batch4,1,21306218,-6968471258392160042,4
RESULT,dbpedia-flat-public-batch4,2,21592805,-6968471258392160042,4
RESULT,dbpedia-flat-public-batch4,3,21768062,-6968471258392160042,4
RESULT,dbpedia-flat-public-batch4,4,21377472,-6968471258392160042,4
RESULT,dbpedia-flat-public-batch4,5,21414220,-6968471258392160042,4
RESULT,dbpedia-flat-public-batch4,6,21720523,-6968471258392160042,4
WARMUP,dbpedia-flat-public-batch16,53,3027023248
RESULT,dbpedia-flat-public-batch16,0,56394459,145663199600368411,16
RESULT,dbpedia-flat-public-batch16,1,56714978,145663199600368411,16
RESULT,dbpedia-flat-public-batch16,2,57418123,145663199600368411,16
RESULT,dbpedia-flat-public-batch16,3,56928227,145663199600368411,16
RESULT,dbpedia-flat-public-batch16,4,56371444,145663199600368411,16
RESULT,dbpedia-flat-public-batch16,5,56761855,145663199600368411,16
RESULT,dbpedia-flat-public-batch16,6,56445593,145663199600368411,16
WARMUP,dbpedia-flat-public-batch32,63,3044851910
RESULT,dbpedia-flat-public-batch32,0,61454087,6760023043858905683,32
RESULT,dbpedia-flat-public-batch32,1,69283718,6760023043858905683,32
RESULT,dbpedia-flat-public-batch32,2,61436044,6760023043858905683,32
RESULT,dbpedia-flat-public-batch32,3,61644393,6760023043858905683,32
RESULT,dbpedia-flat-public-batch32,4,69068707,6760023043858905683,32
RESULT,dbpedia-flat-public-batch32,5,55642742,6760023043858905683,32
RESULT,dbpedia-flat-public-batch32,6,50093628,6760023043858905683,32
