WARNING: Using incubator modules: jdk.incubator.vector
Oct 04, 2026 1:09:40 AM com.integrallis.vectors.core.PanamaVectorUtilSupportProvider create
INFO: vectors-core: Using Panama Vector API SIMD provider (vector bits: 256)
Oct 04, 2026 1:09:40 AM com.integrallis.vectors.core.VectorizationProvider logActiveToggles
INFO: vectors-core: provider=PanamaVectorUtilSupport panama=true maxBits=256 preferredBits=256 fastVectorFMA=true fastScalarFMA=true sve=false ggufParallel=true ggufParallelThreshold=1048576 ggufExecutor=persistent ggufThreads=8 ggufChunksPerThread=2 mappedKQuantLongOffsets=auto(q4=true,q5=false,q6=false) q4ShortPairwiseSupported=true q4UnsignedPairwiseSupported=true toggles=[(defaults — no -Dvectors.* overrides)]
BUILD,20000,8,91,EUCLIDEAN,2638622472,6de1e081046dc8e179d9f804df193b263424678b483a83ffdee9d66c614ddd08
RECALL,32,2557,2560,0.99882813
SEARCH,32,0,20080590,6502051194534941304
SEARCH,32,1,20019749,6502051194534941304
SEARCH,32,2,19932998,6502051194534941304
SEARCH,32,3,20321022,6502051194534941304
SEARCH,32,4,20231347,6502051194534941304
SEARCH,32,5,20127051,6502051194534941304
SEARCH,32,6,31060900,6502051194534941304
RECALL,128,2559,2560,0.99960938
SEARCH,128,0,50478242,-3259972503123915012
SEARCH,128,1,50591873,-3259972503123915012
SEARCH,128,2,50601988,-3259972503123915012
SEARCH,128,3,50148136,-3259972503123915012
SEARCH,128,4,50155297,-3259972503123915012
SEARCH,128,5,51441881,-3259972503123915012
SEARCH,128,6,51946059,-3259972503123915012
RECALL,512,2559,2560,0.99960938
SEARCH,512,0,149865168,-3259972503123915012
SEARCH,512,1,147949467,-3259972503123915012
SEARCH,512,2,147933032,-3259972503123915012
SEARCH,512,3,147093170,-3259972503123915012
SEARCH,512,4,148454326,-3259972503123915012
SEARCH,512,5,145748868,-3259972503123915012
SEARCH,512,6,147246651,-3259972503123915012
