WARNING: Using incubator modules: jdk.incubator.vector
Oct 04, 2026 1:08:04 AM com.integrallis.vectors.core.PanamaVectorUtilSupportProvider create
INFO: vectors-core: Using Panama Vector API SIMD provider (vector bits: 256)
Oct 04, 2026 1:08:04 AM com.integrallis.vectors.core.VectorizationProvider logActiveToggles
INFO: vectors-core: provider=PanamaVectorUtilSupport panama=true maxBits=256 preferredBits=256 fastVectorFMA=true fastScalarFMA=true sve=false ggufParallel=true ggufParallelThreshold=1048576 ggufExecutor=persistent ggufThreads=8 ggufChunksPerThread=2 mappedKQuantLongOffsets=auto(q4=true,q5=false,q6=false) q4ShortPairwiseSupported=true q4UnsignedPairwiseSupported=true toggles=[(defaults — no -Dvectors.* overrides)]
BUILD,20000,1,42,EUCLIDEAN,10897362673,8f54e45dd9fe150974fd354fcc93d1ea7bb134de57f5422f90746e0e3f91bd43
RECALL,32,2558,2560,0.99921875
SEARCH,32,0,19618886,6200385785143956348
SEARCH,32,1,19755151,6200385785143956348
SEARCH,32,2,29731749,6200385785143956348
SEARCH,32,3,19849994,6200385785143956348
SEARCH,32,4,19532846,6200385785143956348
SEARCH,32,5,19605566,6200385785143956348
SEARCH,32,6,20152277,6200385785143956348
RECALL,128,2560,2560,1.00000000
SEARCH,128,0,50936489,-3561637912514899968
SEARCH,128,1,51627698,-3561637912514899968
SEARCH,128,2,51054527,-3561637912514899968
SEARCH,128,3,52219539,-3561637912514899968
SEARCH,128,4,51908931,-3561637912514899968
SEARCH,128,5,50992835,-3561637912514899968
SEARCH,128,6,51301889,-3561637912514899968
RECALL,512,2560,2560,1.00000000
SEARCH,512,0,147818505,-3561637912514899968
SEARCH,512,1,149285051,-3561637912514899968
SEARCH,512,2,149878754,-3561637912514899968
SEARCH,512,3,149265461,-3561637912514899968
SEARCH,512,4,151490346,-3561637912514899968
SEARCH,512,5,165563304,-3561637912514899968
SEARCH,512,6,168238357,-3561637912514899968
