WARNING: Using incubator modules: jdk.incubator.vector
Oct 04, 2026 1:07:46 AM com.integrallis.vectors.core.PanamaVectorUtilSupportProvider create
INFO: vectors-core: Using Panama Vector API SIMD provider (vector bits: 256)
Oct 04, 2026 1:07:46 AM com.integrallis.vectors.core.VectorizationProvider logActiveToggles
INFO: vectors-core: provider=PanamaVectorUtilSupport panama=true maxBits=256 preferredBits=256 fastVectorFMA=true fastScalarFMA=true sve=false ggufParallel=true ggufParallelThreshold=1048576 ggufExecutor=persistent ggufThreads=8 ggufChunksPerThread=2 mappedKQuantLongOffsets=auto(q4=true,q5=false,q6=false) q4ShortPairwiseSupported=true q4UnsignedPairwiseSupported=true toggles=[(defaults — no -Dvectors.* overrides)]
BUILD,20000,1,42,EUCLIDEAN,10884098881,8f54e45dd9fe150974fd354fcc93d1ea7bb134de57f5422f90746e0e3f91bd43
RECALL,32,2558,2560,0.99921875
SEARCH,32,0,20119739,6200385785143956348
SEARCH,32,1,19886928,6200385785143956348
SEARCH,32,2,29999793,6200385785143956348
SEARCH,32,3,20695183,6200385785143956348
SEARCH,32,4,19598225,6200385785143956348
SEARCH,32,5,19654679,6200385785143956348
SEARCH,32,6,19983564,6200385785143956348
RECALL,128,2560,2560,1.00000000
SEARCH,128,0,50993525,-3561637912514899968
SEARCH,128,1,51509652,-3561637912514899968
SEARCH,128,2,51913197,-3561637912514899968
SEARCH,128,3,51959708,-3561637912514899968
SEARCH,128,4,51049771,-3561637912514899968
SEARCH,128,5,51054096,-3561637912514899968
SEARCH,128,6,51051813,-3561637912514899968
RECALL,512,2560,2560,1.00000000
SEARCH,512,0,156781459,-3561637912514899968
SEARCH,512,1,153356450,-3561637912514899968
SEARCH,512,2,153440016,-3561637912514899968
SEARCH,512,3,152610129,-3561637912514899968
SEARCH,512,4,153173956,-3561637912514899968
SEARCH,512,5,149782488,-3561637912514899968
SEARCH,512,6,151312828,-3561637912514899968
