WARNING: Using incubator modules: jdk.incubator.vector
Oct 04, 2026 1:07:28 AM com.integrallis.vectors.core.PanamaVectorUtilSupportProvider create
INFO: vectors-core: Using Panama Vector API SIMD provider (vector bits: 256)
Oct 04, 2026 1:07:28 AM com.integrallis.vectors.core.VectorizationProvider logActiveToggles
INFO: vectors-core: provider=PanamaVectorUtilSupport panama=true maxBits=256 preferredBits=256 fastVectorFMA=true fastScalarFMA=true sve=false ggufParallel=true ggufParallelThreshold=1048576 ggufExecutor=persistent ggufThreads=8 ggufChunksPerThread=2 mappedKQuantLongOffsets=auto(q4=true,q5=false,q6=false) q4ShortPairwiseSupported=true q4UnsignedPairwiseSupported=true toggles=[(defaults — no -Dvectors.* overrides)]
BUILD,20000,1,17,EUCLIDEAN,10823012870,5e17bbac933c3014e23905260eff5113dbb6e82c6b9221d1d6a5df41195c4946
RECALL,32,2557,2560,0.99882813
SEARCH,32,0,19590423,1976967295611881960
SEARCH,32,1,19975902,1976967295611881960
SEARCH,32,2,30216338,1976967295611881960
SEARCH,32,3,20331598,1976967295611881960
SEARCH,32,4,19370863,1976967295611881960
SEARCH,32,5,19280877,1976967295611881960
SEARCH,32,6,19492425,1976967295611881960
RECALL,128,2560,2560,1.00000000
SEARCH,128,0,50359531,-3561637912514899968
SEARCH,128,1,49646680,-3561637912514899968
SEARCH,128,2,51285443,-3561637912514899968
SEARCH,128,3,52038316,-3561637912514899968
SEARCH,128,4,50855077,-3561637912514899968
SEARCH,128,5,49597716,-3561637912514899968
SEARCH,128,6,49725759,-3561637912514899968
RECALL,512,2560,2560,1.00000000
SEARCH,512,0,151750615,-3561637912514899968
SEARCH,512,1,157756274,-3561637912514899968
SEARCH,512,2,152874545,-3561637912514899968
SEARCH,512,3,149595887,-3561637912514899968
SEARCH,512,4,150499605,-3561637912514899968
SEARCH,512,5,150358753,-3561637912514899968
SEARCH,512,6,149117097,-3561637912514899968
