WARNING: Using incubator modules: jdk.incubator.vector
Oct 04, 2026 1:09:20 AM com.integrallis.vectors.core.PanamaVectorUtilSupportProvider create
INFO: vectors-core: Using Panama Vector API SIMD provider (vector bits: 256)
Oct 04, 2026 1:09:20 AM com.integrallis.vectors.core.VectorizationProvider logActiveToggles
INFO: vectors-core: provider=PanamaVectorUtilSupport panama=true maxBits=256 preferredBits=256 fastVectorFMA=true fastScalarFMA=true sve=false ggufParallel=true ggufParallelThreshold=1048576 ggufExecutor=persistent ggufThreads=8 ggufChunksPerThread=2 mappedKQuantLongOffsets=auto(q4=true,q5=false,q6=false) q4ShortPairwiseSupported=true q4UnsignedPairwiseSupported=true toggles=[(defaults — no -Dvectors.* overrides)]
BUILD,20000,8,42,EUCLIDEAN,2701095252,299e236acb1c8db19f5af0971ff571dea30c03c2fd1483910dfc534a129762f8
RECALL,32,2558,2560,0.99921875
SEARCH,32,0,19964937,6200385785143956348
SEARCH,32,1,20053599,6200385785143956348
SEARCH,32,2,30323780,6200385785143956348
SEARCH,32,3,20068182,6200385785143956348
SEARCH,32,4,19991286,6200385785143956348
SEARCH,32,5,19879949,6200385785143956348
SEARCH,32,6,20051216,6200385785143956348
RECALL,128,2560,2560,1.00000000
SEARCH,128,0,50771372,-3561637912514899968
SEARCH,128,1,51236023,-3561637912514899968
SEARCH,128,2,51360509,-3561637912514899968
SEARCH,128,3,51256732,-3561637912514899968
SEARCH,128,4,52017476,-3561637912514899968
SEARCH,128,5,51868103,-3561637912514899968
SEARCH,128,6,52533141,-3561637912514899968
RECALL,512,2560,2560,1.00000000
SEARCH,512,0,149086165,-3561637912514899968
SEARCH,512,1,149090141,-3561637912514899968
SEARCH,512,2,150424517,-3561637912514899968
SEARCH,512,3,150865580,-3561637912514899968
SEARCH,512,4,149600438,-3561637912514899968
SEARCH,512,5,150347141,-3561637912514899968
SEARCH,512,6,150475954,-3561637912514899968
