WARNING: Using incubator modules: jdk.incubator.vector
Oct 04, 2026 1:08:41 AM com.integrallis.vectors.core.PanamaVectorUtilSupportProvider create
INFO: vectors-core: Using Panama Vector API SIMD provider (vector bits: 256)
Oct 04, 2026 1:08:41 AM com.integrallis.vectors.core.VectorizationProvider logActiveToggles
INFO: vectors-core: provider=PanamaVectorUtilSupport panama=true maxBits=256 preferredBits=256 fastVectorFMA=true fastScalarFMA=true sve=false ggufParallel=true ggufParallelThreshold=1048576 ggufExecutor=persistent ggufThreads=8 ggufChunksPerThread=2 mappedKQuantLongOffsets=auto(q4=true,q5=false,q6=false) q4ShortPairwiseSupported=true q4UnsignedPairwiseSupported=true toggles=[(defaults — no -Dvectors.* overrides)]
BUILD,20000,1,91,EUCLIDEAN,11180497815,df81a72b0da8841115fd214bc286465abdc88ddcc98adf8cfd849ca6614178eb
RECALL,32,2558,2560,0.99921875
SEARCH,32,0,19953650,6200385785143956348
SEARCH,32,1,20125227,6200385785143956348
SEARCH,32,2,20194271,6200385785143956348
SEARCH,32,3,20095522,6200385785143956348
SEARCH,32,4,20400601,6200385785143956348
SEARCH,32,5,20043705,6200385785143956348
SEARCH,32,6,30142457,6200385785143956348
RECALL,128,2560,2560,1.00000000
SEARCH,128,0,52213059,-3561637912514899968
SEARCH,128,1,54121901,-3561637912514899968
SEARCH,128,2,53598373,-3561637912514899968
SEARCH,128,3,52519370,-3561637912514899968
SEARCH,128,4,51058184,-3561637912514899968
SEARCH,128,5,51444124,-3561637912514899968
SEARCH,128,6,52344247,-3561637912514899968
RECALL,512,2560,2560,1.00000000
SEARCH,512,0,154413383,-3561637912514899968
SEARCH,512,1,154731941,-3561637912514899968
SEARCH,512,2,158261869,-3561637912514899968
SEARCH,512,3,152934219,-3561637912514899968
SEARCH,512,4,154377560,-3561637912514899968
SEARCH,512,5,157013843,-3561637912514899968
SEARCH,512,6,159355322,-3561637912514899968
