WARNING: Using incubator modules: jdk.incubator.vector
Oct 04, 2026 1:09:30 AM com.integrallis.vectors.core.PanamaVectorUtilSupportProvider create
INFO: vectors-core: Using Panama Vector API SIMD provider (vector bits: 256)
Oct 04, 2026 1:09:30 AM com.integrallis.vectors.core.VectorizationProvider logActiveToggles
INFO: vectors-core: provider=PanamaVectorUtilSupport panama=true maxBits=256 preferredBits=256 fastVectorFMA=true fastScalarFMA=true sve=false ggufParallel=true ggufParallelThreshold=1048576 ggufExecutor=persistent ggufThreads=8 ggufChunksPerThread=2 mappedKQuantLongOffsets=auto(q4=true,q5=false,q6=false) q4ShortPairwiseSupported=true q4UnsignedPairwiseSupported=true toggles=[(defaults — no -Dvectors.* overrides)]
BUILD,20000,8,42,EUCLIDEAN,2566913203,ac84c1ed4186efc925b2de1633a4b7e137c465fb860fb2466e36c3cc59bc7805
RECALL,32,2558,2560,0.99921875
SEARCH,32,0,19530974,6200385785143956348
SEARCH,32,1,19438616,6200385785143956348
SEARCH,32,2,29544098,6200385785143956348
SEARCH,32,3,19944286,6200385785143956348
SEARCH,32,4,19333818,6200385785143956348
SEARCH,32,5,19501379,6200385785143956348
SEARCH,32,6,19699728,6200385785143956348
RECALL,128,2560,2560,1.00000000
SEARCH,128,0,50555669,-3561637912514899968
SEARCH,128,1,51008158,-3561637912514899968
SEARCH,128,2,51535261,-3561637912514899968
SEARCH,128,3,50733436,-3561637912514899968
SEARCH,128,4,50585403,-3561637912514899968
SEARCH,128,5,51450344,-3561637912514899968
SEARCH,128,6,50665543,-3561637912514899968
RECALL,512,2560,2560,1.00000000
SEARCH,512,0,149647079,-3561637912514899968
SEARCH,512,1,151518613,-3561637912514899968
SEARCH,512,2,149393107,-3561637912514899968
SEARCH,512,3,150161572,-3561637912514899968
SEARCH,512,4,149223092,-3561637912514899968
SEARCH,512,5,148656389,-3561637912514899968
SEARCH,512,6,150904489,-3561637912514899968
