WARNING: Using incubator modules: jdk.incubator.vector
Oct 04, 2026 1:09:10 AM com.integrallis.vectors.core.PanamaVectorUtilSupportProvider create
INFO: vectors-core: Using Panama Vector API SIMD provider (vector bits: 256)
Oct 04, 2026 1:09:10 AM com.integrallis.vectors.core.VectorizationProvider logActiveToggles
INFO: vectors-core: provider=PanamaVectorUtilSupport panama=true maxBits=256 preferredBits=256 fastVectorFMA=true fastScalarFMA=true sve=false ggufParallel=true ggufParallelThreshold=1048576 ggufExecutor=persistent ggufThreads=8 ggufChunksPerThread=2 mappedKQuantLongOffsets=auto(q4=true,q5=false,q6=false) q4ShortPairwiseSupported=true q4UnsignedPairwiseSupported=true toggles=[(defaults — no -Dvectors.* overrides)]
BUILD,20000,8,17,EUCLIDEAN,2769217181,7eaef8851b3f557ef6e3cfb07b361f6e102181143f96072086bfdeb597a9e259
RECALL,32,2555,2560,0.99804688
SEARCH,32,0,20295743,890064872693343054
SEARCH,32,1,20810007,890064872693343054
SEARCH,32,2,30866406,890064872693343054
SEARCH,32,3,20568644,890064872693343054
SEARCH,32,4,20052708,890064872693343054
SEARCH,32,5,20481804,890064872693343054
SEARCH,32,6,20462675,890064872693343054
RECALL,128,2558,2560,0.99921875
SEARCH,128,0,52770298,-4648540335433438874
SEARCH,128,1,52140751,-4648540335433438874
SEARCH,128,2,53009677,-4648540335433438874
SEARCH,128,3,53283239,-4648540335433438874
SEARCH,128,4,53172082,-4648540335433438874
SEARCH,128,5,52609477,-4648540335433438874
SEARCH,128,6,52307031,-4648540335433438874
RECALL,512,2558,2560,0.99921875
SEARCH,512,0,158043952,-4648540335433438874
SEARCH,512,1,155674730,-4648540335433438874
SEARCH,512,2,153408814,-4648540335433438874
SEARCH,512,3,151234864,-4648540335433438874
SEARCH,512,4,153102402,-4648540335433438874
SEARCH,512,5,155281609,-4648540335433438874
SEARCH,512,6,157272553,-4648540335433438874
