WARNING: Using incubator modules: jdk.incubator.vector
Oct 04, 2026 1:09:49 AM com.integrallis.vectors.core.PanamaVectorUtilSupportProvider create
INFO: vectors-core: Using Panama Vector API SIMD provider (vector bits: 256)
Oct 04, 2026 1:09:50 AM com.integrallis.vectors.core.VectorizationProvider logActiveToggles
INFO: vectors-core: provider=PanamaVectorUtilSupport panama=true maxBits=256 preferredBits=256 fastVectorFMA=true fastScalarFMA=true sve=false ggufParallel=true ggufParallelThreshold=1048576 ggufExecutor=persistent ggufThreads=8 ggufChunksPerThread=2 mappedKQuantLongOffsets=auto(q4=true,q5=false,q6=false) q4ShortPairwiseSupported=true q4UnsignedPairwiseSupported=true toggles=[(defaults — no -Dvectors.* overrides)]
BUILD,20000,8,91,EUCLIDEAN,2893211806,db4ccefb2b8f1fd7809a068af80db00a9f89c95424544f76ce2889fd7600907c
RECALL,32,2557,2560,0.99882813
SEARCH,32,0,19597254,6502051194534941304
SEARCH,32,1,19959277,6502051194534941304
SEARCH,32,2,19924275,6502051194534941304
SEARCH,32,3,19765757,6502051194534941304
SEARCH,32,4,20135553,6502051194534941304
SEARCH,32,5,20008803,6502051194534941304
SEARCH,32,6,29533713,6502051194534941304
RECALL,128,2559,2560,0.99960938
SEARCH,128,0,51431036,-3259972503123915012
SEARCH,128,1,51775704,-3259972503123915012
SEARCH,128,2,51439757,-3259972503123915012
SEARCH,128,3,52253601,-3259972503123915012
SEARCH,128,4,52978071,-3259972503123915012
SEARCH,128,5,53612254,-3259972503123915012
SEARCH,128,6,53753166,-3259972503123915012
RECALL,512,2559,2560,0.99960938
SEARCH,512,0,151167455,-3259972503123915012
SEARCH,512,1,150701605,-3259972503123915012
SEARCH,512,2,150982387,-3259972503123915012
SEARCH,512,3,151385443,-3259972503123915012
SEARCH,512,4,151857123,-3259972503123915012
SEARCH,512,5,150152150,-3259972503123915012
SEARCH,512,6,149985929,-3259972503123915012
