WARNING: Using incubator modules: jdk.incubator.vector
Oct 04, 2026 1:07:08 AM com.integrallis.vectors.core.PanamaVectorUtilSupportProvider create
INFO: vectors-core: Using Panama Vector API SIMD provider (vector bits: 256)
Oct 04, 2026 1:07:08 AM com.integrallis.vectors.core.VectorizationProvider logActiveToggles
INFO: vectors-core: provider=PanamaVectorUtilSupport panama=true maxBits=256 preferredBits=256 fastVectorFMA=true fastScalarFMA=true sve=false ggufParallel=true ggufParallelThreshold=1048576 ggufExecutor=persistent ggufThreads=8 ggufChunksPerThread=2 mappedKQuantLongOffsets=auto(q4=true,q5=false,q6=false) q4ShortPairwiseSupported=true q4UnsignedPairwiseSupported=true toggles=[(defaults — no -Dvectors.* overrides)]
BUILD,20000,1,17,EUCLIDEAN,10986962399,5e17bbac933c3014e23905260eff5113dbb6e82c6b9221d1d6a5df41195c4946
RECALL,32,2557,2560,0.99882813
SEARCH,32,0,19429892,1976967295611881960
SEARCH,32,1,19993069,1976967295611881960
SEARCH,32,2,29580722,1976967295611881960
SEARCH,32,3,20249794,1976967295611881960
SEARCH,32,4,19831075,1976967295611881960
SEARCH,32,5,19695430,1976967295611881960
SEARCH,32,6,19652636,1976967295611881960
RECALL,128,2560,2560,1.00000000
SEARCH,128,0,50435566,-3561637912514899968
SEARCH,128,1,50769919,-3561637912514899968
SEARCH,128,2,50987064,-3561637912514899968
SEARCH,128,3,51512846,-3561637912514899968
SEARCH,128,4,51360225,-3561637912514899968
SEARCH,128,5,51565905,-3561637912514899968
SEARCH,128,6,51633708,-3561637912514899968
RECALL,512,2560,2560,1.00000000
SEARCH,512,0,151932208,-3561637912514899968
SEARCH,512,1,150035917,-3561637912514899968
SEARCH,512,2,151622512,-3561637912514899968
SEARCH,512,3,150422628,-3561637912514899968
SEARCH,512,4,150337761,-3561637912514899968
SEARCH,512,5,150304290,-3561637912514899968
SEARCH,512,6,151506848,-3561637912514899968
