WARNING: Using incubator modules: jdk.incubator.vector
Oct 04, 2026 1:08:59 AM com.integrallis.vectors.core.PanamaVectorUtilSupportProvider create
INFO: vectors-core: Using Panama Vector API SIMD provider (vector bits: 256)
Oct 04, 2026 1:09:00 AM com.integrallis.vectors.core.VectorizationProvider logActiveToggles
INFO: vectors-core: provider=PanamaVectorUtilSupport panama=true maxBits=256 preferredBits=256 fastVectorFMA=true fastScalarFMA=true sve=false ggufParallel=true ggufParallelThreshold=1048576 ggufExecutor=persistent ggufThreads=8 ggufChunksPerThread=2 mappedKQuantLongOffsets=auto(q4=true,q5=false,q6=false) q4ShortPairwiseSupported=true q4UnsignedPairwiseSupported=true toggles=[(defaults — no -Dvectors.* overrides)]
BUILD,20000,8,17,EUCLIDEAN,2548188208,33700fbd43155bf85d46cf782242b4bcfd8c59974465f5024bf04a56a49a2b19
RECALL,32,2552,2560,0.99687500
SEARCH,32,0,20328173,-7202646350824146489
SEARCH,32,1,20865791,-7202646350824146489
SEARCH,32,2,30899987,-7202646350824146489
SEARCH,32,3,20373350,-7202646350824146489
SEARCH,32,4,20585610,-7202646350824146489
SEARCH,32,5,20487722,-7202646350824146489
SEARCH,32,6,20500431,-7202646350824146489
RECALL,128,2555,2560,0.99804688
SEARCH,128,0,53330049,5705492514758623199
SEARCH,128,1,56588337,5705492514758623199
SEARCH,128,2,55022594,5705492514758623199
SEARCH,128,3,53703220,5705492514758623199
SEARCH,128,4,53865273,5705492514758623199
SEARCH,128,5,52855096,5705492514758623199
SEARCH,128,6,53558473,5705492514758623199
RECALL,512,2555,2560,0.99804688
SEARCH,512,0,153996426,5705492514758623199
SEARCH,512,1,153095662,5705492514758623199
SEARCH,512,2,153849114,5705492514758623199
SEARCH,512,3,152066534,5705492514758623199
SEARCH,512,4,149918706,5705492514758623199
SEARCH,512,5,149210071,5705492514758623199
SEARCH,512,6,152130832,5705492514758623199
