WARNING: Using incubator modules: jdk.incubator.vector
Oct 04, 2026 1:04:13 AM com.integrallis.vectors.core.PanamaVectorUtilSupportProvider create
INFO: vectors-core: Using Panama Vector API SIMD provider (vector bits: 256)
Oct 04, 2026 1:04:13 AM com.integrallis.vectors.core.VectorizationProvider logActiveToggles
INFO: vectors-core: provider=PanamaVectorUtilSupport panama=true maxBits=256 preferredBits=256 fastVectorFMA=true fastScalarFMA=true sve=false ggufParallel=true ggufParallelThreshold=1048576 ggufExecutor=persistent ggufThreads=8 ggufChunksPerThread=2 mappedKQuantLongOffsets=auto(q4=true,q5=false,q6=false) q4ShortPairwiseSupported=true q4UnsignedPairwiseSupported=true toggles=[(defaults — no -Dvectors.* overrides)]
BUILD,20000,1,17,COSINE,12184854062,9cc3283087a3fcbc56526226fb7d9a6fb22d40bc2aa724c02d3982e97dcc684e
RECALL,32,2139,2560,0.83554688
SEARCH,32,0,10207449,968596850537911539
SEARCH,32,1,10255593,968596850537911539
SEARCH,32,2,20055960,968596850537911539
SEARCH,32,3,10275974,968596850537911539
SEARCH,32,4,10155432,968596850537911539
SEARCH,32,5,10166880,968596850537911539
SEARCH,32,6,10157205,968596850537911539
RECALL,128,2469,2560,0.96445313
SEARCH,128,0,33960190,-2514401863691559910
SEARCH,128,1,33856394,-2514401863691559910
SEARCH,128,2,34103365,-2514401863691559910
SEARCH,128,3,33861923,-2514401863691559910
SEARCH,128,4,33598396,-2514401863691559910
SEARCH,128,5,33619869,-2514401863691559910
SEARCH,128,6,35772336,-2514401863691559910
RECALL,512,2559,2560,0.99960938
SEARCH,512,0,118281495,2109002028201814438
SEARCH,512,1,119162910,2109002028201814438
SEARCH,512,2,119429761,2109002028201814438
SEARCH,512,3,119122230,2109002028201814438
SEARCH,512,4,118603329,2109002028201814438
SEARCH,512,5,118793204,2109002028201814438
SEARCH,512,6,119456713,2109002028201814438
