WARNING: Using incubator modules: jdk.incubator.vector
Oct 04, 2026 1:06:48 AM com.integrallis.vectors.core.PanamaVectorUtilSupportProvider create
INFO: vectors-core: Using Panama Vector API SIMD provider (vector bits: 256)
Oct 04, 2026 1:06:49 AM com.integrallis.vectors.core.VectorizationProvider logActiveToggles
INFO: vectors-core: provider=PanamaVectorUtilSupport panama=true maxBits=256 preferredBits=256 fastVectorFMA=true fastScalarFMA=true sve=false ggufParallel=true ggufParallelThreshold=1048576 ggufExecutor=persistent ggufThreads=8 ggufChunksPerThread=2 mappedKQuantLongOffsets=auto(q4=true,q5=false,q6=false) q4ShortPairwiseSupported=true q4UnsignedPairwiseSupported=true toggles=[(defaults — no -Dvectors.* overrides)]
BUILD,20000,8,91,COSINE,2569861362,1c7e4ef0254790be61039d521b1be451a32cd1b4ca024ad87d22e0464e7e9af2
RECALL,32,2143,2560,0.83710938
SEARCH,32,0,10018446,8687273500145041889
SEARCH,32,1,9952346,8687273500145041889
SEARCH,32,2,9974079,8687273500145041889
SEARCH,32,3,9953518,8687273500145041889
SEARCH,32,4,10073429,8687273500145041889
SEARCH,32,5,9979006,8687273500145041889
SEARCH,32,6,19729309,8687273500145041889
RECALL,128,2469,2560,0.96445313
SEARCH,128,0,33521629,9161165613872860886
SEARCH,128,1,33529930,9161165613872860886
SEARCH,128,2,33489770,9161165613872860886
SEARCH,128,3,34565277,9161165613872860886
SEARCH,128,4,34442823,9161165613872860886
SEARCH,128,5,34037113,9161165613872860886
SEARCH,128,6,33469590,9161165613872860886
RECALL,512,2558,2560,0.99921875
SEARCH,512,0,121223299,-8182680175503602078
SEARCH,512,1,120786832,-8182680175503602078
SEARCH,512,2,121217150,-8182680175503602078
SEARCH,512,3,120292348,-8182680175503602078
SEARCH,512,4,122825158,-8182680175503602078
SEARCH,512,5,122747992,-8182680175503602078
SEARCH,512,6,121313505,-8182680175503602078
