WARNING: Using incubator modules: jdk.incubator.vector
Oct 04, 2026 1:06:39 AM com.integrallis.vectors.core.PanamaVectorUtilSupportProvider create
INFO: vectors-core: Using Panama Vector API SIMD provider (vector bits: 256)
Oct 04, 2026 1:06:40 AM com.integrallis.vectors.core.VectorizationProvider logActiveToggles
INFO: vectors-core: provider=PanamaVectorUtilSupport panama=true maxBits=256 preferredBits=256 fastVectorFMA=true fastScalarFMA=true sve=false ggufParallel=true ggufParallelThreshold=1048576 ggufExecutor=persistent ggufThreads=8 ggufChunksPerThread=2 mappedKQuantLongOffsets=auto(q4=true,q5=false,q6=false) q4ShortPairwiseSupported=true q4UnsignedPairwiseSupported=true toggles=[(defaults — no -Dvectors.* overrides)]
BUILD,20000,8,42,COSINE,2533531142,48ca3e7f599a06698ddf689d6a5ed0bed5ca10458a15a91c693fbb8f0bfe2d85
RECALL,32,2130,2560,0.83203125
SEARCH,32,0,9893107,3887162924727030348
SEARCH,32,1,9866897,3887162924727030348
SEARCH,32,2,19459021,3887162924727030348
SEARCH,32,3,10078645,3887162924727030348
SEARCH,32,4,9835581,3887162924727030348
SEARCH,32,5,9965365,3887162924727030348
SEARCH,32,6,9859046,3887162924727030348
RECALL,128,2475,2560,0.96679688
SEARCH,128,0,33887548,4041547992439104152
SEARCH,128,1,33665735,4041547992439104152
SEARCH,128,2,33332884,4041547992439104152
SEARCH,128,3,33341417,4041547992439104152
SEARCH,128,4,33469920,4041547992439104152
SEARCH,128,5,33304571,4041547992439104152
SEARCH,128,6,33102328,4041547992439104152
RECALL,512,2559,2560,0.99960938
SEARCH,512,0,118414596,3946214327104709544
SEARCH,512,1,118249098,3946214327104709544
SEARCH,512,2,117315783,3946214327104709544
SEARCH,512,3,117335403,3946214327104709544
SEARCH,512,4,117266459,3946214327104709544
SEARCH,512,5,116939047,3946214327104709544
SEARCH,512,6,117277005,3946214327104709544
