WARNING: Using incubator modules: jdk.incubator.vector
Oct 04, 2026 1:06:20 AM com.integrallis.vectors.core.PanamaVectorUtilSupportProvider create
INFO: vectors-core: Using Panama Vector API SIMD provider (vector bits: 256)
Oct 04, 2026 1:06:20 AM com.integrallis.vectors.core.VectorizationProvider logActiveToggles
INFO: vectors-core: provider=PanamaVectorUtilSupport panama=true maxBits=256 preferredBits=256 fastVectorFMA=true fastScalarFMA=true sve=false ggufParallel=true ggufParallelThreshold=1048576 ggufExecutor=persistent ggufThreads=8 ggufChunksPerThread=2 mappedKQuantLongOffsets=auto(q4=true,q5=false,q6=false) q4ShortPairwiseSupported=true q4UnsignedPairwiseSupported=true toggles=[(defaults — no -Dvectors.* overrides)]
BUILD,20000,8,17,COSINE,2864970659,119c8f25c9b1de710c6a5d12140bdc58e4892f00873d19bcc38df9f42c4ca5b6
RECALL,32,2132,2560,0.83281250
SEARCH,32,0,9749801,7176488887790268832
SEARCH,32,1,9821428,7176488887790268832
SEARCH,32,2,19294555,7176488887790268832
SEARCH,32,3,9885475,7176488887790268832
SEARCH,32,4,9911365,7176488887790268832
SEARCH,32,5,9771414,7176488887790268832
SEARCH,32,6,9657563,7176488887790268832
RECALL,128,2464,2560,0.96250000
SEARCH,128,0,33550221,6237990404006700534
SEARCH,128,1,32919322,6237990404006700534
SEARCH,128,2,33314427,6237990404006700534
SEARCH,128,3,33215147,6237990404006700534
SEARCH,128,4,33321548,6237990404006700534
SEARCH,128,5,32991441,6237990404006700534
SEARCH,128,6,32855397,6237990404006700534
RECALL,512,2557,2560,0.99882813
SEARCH,512,0,119172877,-5545055353882708993
SEARCH,512,1,118484462,-5545055353882708993
SEARCH,512,2,118847898,-5545055353882708993
SEARCH,512,3,118165141,-5545055353882708993
SEARCH,512,4,119328100,-5545055353882708993
SEARCH,512,5,118294285,-5545055353882708993
SEARCH,512,6,117869938,-5545055353882708993
