WARNING: Using incubator modules: jdk.incubator.vector
Oct 04, 2026 1:04:32 AM com.integrallis.vectors.core.PanamaVectorUtilSupportProvider create
INFO: vectors-core: Using Panama Vector API SIMD provider (vector bits: 256)
Oct 04, 2026 1:04:32 AM com.integrallis.vectors.core.VectorizationProvider logActiveToggles
INFO: vectors-core: provider=PanamaVectorUtilSupport panama=true maxBits=256 preferredBits=256 fastVectorFMA=true fastScalarFMA=true sve=false ggufParallel=true ggufParallelThreshold=1048576 ggufExecutor=persistent ggufThreads=8 ggufChunksPerThread=2 mappedKQuantLongOffsets=auto(q4=true,q5=false,q6=false) q4ShortPairwiseSupported=true q4UnsignedPairwiseSupported=true toggles=[(defaults — no -Dvectors.* overrides)]
BUILD,20000,1,17,COSINE,13568026575,9cc3283087a3fcbc56526226fb7d9a6fb22d40bc2aa724c02d3982e97dcc684e
RECALL,32,2139,2560,0.83554688
SEARCH,32,0,10034200,968596850537911539
SEARCH,32,1,10010824,968596850537911539
SEARCH,32,2,19402969,968596850537911539
SEARCH,32,3,10228081,968596850537911539
SEARCH,32,4,10089863,968596850537911539
SEARCH,32,5,10033749,968596850537911539
SEARCH,32,6,9989182,968596850537911539
RECALL,128,2469,2560,0.96445313
SEARCH,128,0,33345816,-2514401863691559910
SEARCH,128,1,33229421,-2514401863691559910
SEARCH,128,2,33311654,-2514401863691559910
SEARCH,128,3,33445696,-2514401863691559910
SEARCH,128,4,33663374,-2514401863691559910
SEARCH,128,5,33646107,-2514401863691559910
SEARCH,128,6,33703004,-2514401863691559910
RECALL,512,2559,2560,0.99960938
SEARCH,512,0,123257677,2109002028201814438
SEARCH,512,1,123984240,2109002028201814438
SEARCH,512,2,120318357,2109002028201814438
SEARCH,512,3,119050039,2109002028201814438
SEARCH,512,4,119902000,2109002028201814438
SEARCH,512,5,120880322,2109002028201814438
SEARCH,512,6,121648237,2109002028201814438
