WARNING: Using incubator modules: jdk.incubator.vector
Oct 04, 2026 1:05:13 AM com.integrallis.vectors.core.PanamaVectorUtilSupportProvider create
INFO: vectors-core: Using Panama Vector API SIMD provider (vector bits: 256)
Oct 04, 2026 1:05:13 AM com.integrallis.vectors.core.VectorizationProvider logActiveToggles
INFO: vectors-core: provider=PanamaVectorUtilSupport panama=true maxBits=256 preferredBits=256 fastVectorFMA=true fastScalarFMA=true sve=false ggufParallel=true ggufParallelThreshold=1048576 ggufExecutor=persistent ggufThreads=8 ggufChunksPerThread=2 mappedKQuantLongOffsets=auto(q4=true,q5=false,q6=false) q4ShortPairwiseSupported=true q4UnsignedPairwiseSupported=true toggles=[(defaults — no -Dvectors.* overrides)]
BUILD,20000,1,42,COSINE,12230033959,30b41c88f00a7cdcbb98b1299cf8f346e61714e1dd9d084cd4335baaf90e1a3a
RECALL,32,2132,2560,0.83281250
SEARCH,32,0,10368303,5450776964305403201
SEARCH,32,1,10431597,5450776964305403201
SEARCH,32,2,20129090,5450776964305403201
SEARCH,32,3,11359172,5450776964305403201
SEARCH,32,4,10585648,5450776964305403201
SEARCH,32,5,10470015,5450776964305403201
SEARCH,32,6,10492939,5450776964305403201
RECALL,128,2476,2560,0.96718750
SEARCH,128,0,34155332,-7506385398258259220
SEARCH,128,1,33931395,-7506385398258259220
SEARCH,128,2,33798836,-7506385398258259220
SEARCH,128,3,34529184,-7506385398258259220
SEARCH,128,4,34532700,-7506385398258259220
SEARCH,128,5,33988912,-7506385398258259220
SEARCH,128,6,34531878,-7506385398258259220
RECALL,512,2559,2560,0.99960938
SEARCH,512,0,122534195,3946214327104709544
SEARCH,512,1,123594671,3946214327104709544
SEARCH,512,2,121907453,3946214327104709544
SEARCH,512,3,121343785,3946214327104709544
SEARCH,512,4,123356241,3946214327104709544
SEARCH,512,5,121080559,3946214327104709544
SEARCH,512,6,120523232,3946214327104709544
