WARNING: Using incubator modules: jdk.incubator.vector
Oct 04, 2026 1:05:51 AM com.integrallis.vectors.core.PanamaVectorUtilSupportProvider create
INFO: vectors-core: Using Panama Vector API SIMD provider (vector bits: 256)
Oct 04, 2026 1:05:51 AM com.integrallis.vectors.core.VectorizationProvider logActiveToggles
INFO: vectors-core: provider=PanamaVectorUtilSupport panama=true maxBits=256 preferredBits=256 fastVectorFMA=true fastScalarFMA=true sve=false ggufParallel=true ggufParallelThreshold=1048576 ggufExecutor=persistent ggufThreads=8 ggufChunksPerThread=2 mappedKQuantLongOffsets=auto(q4=true,q5=false,q6=false) q4ShortPairwiseSupported=true q4UnsignedPairwiseSupported=true toggles=[(defaults — no -Dvectors.* overrides)]
BUILD,20000,1,91,COSINE,13589199529,5b42b82a4d3ce9e5b429e061f698becc292b08274f0389707b8bad90c2f4b837
RECALL,32,2150,2560,0.83984375
SEARCH,32,0,10315433,-325768441349220300
SEARCH,32,1,10384617,-325768441349220300
SEARCH,32,2,10326298,-325768441349220300
SEARCH,32,3,10399119,-325768441349220300
SEARCH,32,4,10363835,-325768441349220300
SEARCH,32,5,10400760,-325768441349220300
SEARCH,32,6,19897030,-325768441349220300
RECALL,128,2471,2560,0.96523438
SEARCH,128,0,36947481,-3515015949814356388
SEARCH,128,1,36004233,-3515015949814356388
SEARCH,128,2,36532887,-3515015949814356388
SEARCH,128,3,35510039,-3515015949814356388
SEARCH,128,4,34848164,-3515015949814356388
SEARCH,128,5,34816917,-3515015949814356388
SEARCH,128,6,34484688,-3515015949814356388
RECALL,512,2559,2560,0.99960938
SEARCH,512,0,124428442,-3393181892428397400
SEARCH,512,1,123223620,-3393181892428397400
SEARCH,512,2,127170785,-3393181892428397400
SEARCH,512,3,126945677,-3393181892428397400
SEARCH,512,4,124718859,-3393181892428397400
SEARCH,512,5,126786487,-3393181892428397400
SEARCH,512,6,122910337,-3393181892428397400
