WARNING: Using incubator modules: jdk.incubator.vector
Oct 04, 2026 1:04:52 AM com.integrallis.vectors.core.PanamaVectorUtilSupportProvider create
INFO: vectors-core: Using Panama Vector API SIMD provider (vector bits: 256)
Oct 04, 2026 1:04:52 AM com.integrallis.vectors.core.VectorizationProvider logActiveToggles
INFO: vectors-core: provider=PanamaVectorUtilSupport panama=true maxBits=256 preferredBits=256 fastVectorFMA=true fastScalarFMA=true sve=false ggufParallel=true ggufParallelThreshold=1048576 ggufExecutor=persistent ggufThreads=8 ggufChunksPerThread=2 mappedKQuantLongOffsets=auto(q4=true,q5=false,q6=false) q4ShortPairwiseSupported=true q4UnsignedPairwiseSupported=true toggles=[(defaults — no -Dvectors.* overrides)]
BUILD,20000,1,42,COSINE,13760027021,30b41c88f00a7cdcbb98b1299cf8f346e61714e1dd9d084cd4335baaf90e1a3a
RECALL,32,2132,2560,0.83281250
SEARCH,32,0,10040369,5450776964305403201
SEARCH,32,1,10076042,5450776964305403201
SEARCH,32,2,19914447,5450776964305403201
SEARCH,32,3,10184235,5450776964305403201
SEARCH,32,4,10200170,5450776964305403201
SEARCH,32,5,10053800,5450776964305403201
SEARCH,32,6,10087449,5450776964305403201
RECALL,128,2476,2560,0.96718750
SEARCH,128,0,33746158,-7506385398258259220
SEARCH,128,1,33680308,-7506385398258259220
SEARCH,128,2,33624475,-7506385398258259220
SEARCH,128,3,33993680,-7506385398258259220
SEARCH,128,4,33966438,-7506385398258259220
SEARCH,128,5,33509812,-7506385398258259220
SEARCH,128,6,33850114,-7506385398258259220
RECALL,512,2559,2560,0.99960938
SEARCH,512,0,119800266,3946214327104709544
SEARCH,512,1,120530013,3946214327104709544
SEARCH,512,2,122822631,3946214327104709544
SEARCH,512,3,121661384,3946214327104709544
SEARCH,512,4,122462199,3946214327104709544
SEARCH,512,5,120263532,3946214327104709544
SEARCH,512,6,120733759,3946214327104709544
