WARNING: Using incubator modules: jdk.incubator.vector
Oct 04, 2026 1:06:11 AM com.integrallis.vectors.core.PanamaVectorUtilSupportProvider create
INFO: vectors-core: Using Panama Vector API SIMD provider (vector bits: 256)
Oct 04, 2026 1:06:11 AM com.integrallis.vectors.core.VectorizationProvider logActiveToggles
INFO: vectors-core: provider=PanamaVectorUtilSupport panama=true maxBits=256 preferredBits=256 fastVectorFMA=true fastScalarFMA=true sve=false ggufParallel=true ggufParallelThreshold=1048576 ggufExecutor=persistent ggufThreads=8 ggufChunksPerThread=2 mappedKQuantLongOffsets=auto(q4=true,q5=false,q6=false) q4ShortPairwiseSupported=true q4UnsignedPairwiseSupported=true toggles=[(defaults — no -Dvectors.* overrides)]
BUILD,20000,8,17,COSINE,2559053055,f9a11b6395f9588740a9e544963e79cd4f09549d640d9138a624c71022120643
RECALL,32,2133,2560,0.83320313
SEARCH,32,0,9843092,-7520742547035786048
SEARCH,32,1,9900128,-7520742547035786048
SEARCH,32,2,19547795,-7520742547035786048
SEARCH,32,3,10208041,-7520742547035786048
SEARCH,32,4,10038066,-7520742547035786048
SEARCH,32,5,10115001,-7520742547035786048
SEARCH,32,6,9882210,-7520742547035786048
RECALL,128,2467,2560,0.96367188
SEARCH,128,0,33067335,-2580725044193689081
SEARCH,128,1,33161337,-2580725044193689081
SEARCH,128,2,33417011,-2580725044193689081
SEARCH,128,3,33406595,-2580725044193689081
SEARCH,128,4,34808283,-2580725044193689081
SEARCH,128,5,33794979,-2580725044193689081
SEARCH,128,6,33542170,-2580725044193689081
RECALL,512,2556,2560,0.99843750
SEARCH,512,0,118749181,4659257855647330052
SEARCH,512,1,119293189,4659257855647330052
SEARCH,512,2,120768638,4659257855647330052
SEARCH,512,3,120419273,4659257855647330052
SEARCH,512,4,120832183,4659257855647330052
SEARCH,512,5,119376314,4659257855647330052
SEARCH,512,6,120056988,4659257855647330052
