WARNING: Using incubator modules: jdk.incubator.vector
Oct 04, 2026 1:06:58 AM com.integrallis.vectors.core.PanamaVectorUtilSupportProvider create
INFO: vectors-core: Using Panama Vector API SIMD provider (vector bits: 256)
Oct 04, 2026 1:06:58 AM com.integrallis.vectors.core.VectorizationProvider logActiveToggles
INFO: vectors-core: provider=PanamaVectorUtilSupport panama=true maxBits=256 preferredBits=256 fastVectorFMA=true fastScalarFMA=true sve=false ggufParallel=true ggufParallelThreshold=1048576 ggufExecutor=persistent ggufThreads=8 ggufChunksPerThread=2 mappedKQuantLongOffsets=auto(q4=true,q5=false,q6=false) q4ShortPairwiseSupported=true q4UnsignedPairwiseSupported=true toggles=[(defaults — no -Dvectors.* overrides)]
BUILD,20000,8,91,COSINE,2894177369,daef6cd2ae2112c19d3758586f0e20177ff37077191a1edde4e162f3dc1cab67
RECALL,32,2146,2560,0.83828125
SEARCH,32,0,10058165,1135415698604119610
SEARCH,32,1,10017524,1135415698604119610
SEARCH,32,2,10037975,1135415698604119610
SEARCH,32,3,10292647,1135415698604119610
SEARCH,32,4,10118745,1135415698604119610
SEARCH,32,5,10140768,1135415698604119610
SEARCH,32,6,19841226,1135415698604119610
RECALL,128,2469,2560,0.96445313
SEARCH,128,0,33760166,-7364447045754733253
SEARCH,128,1,34138275,-7364447045754733253
SEARCH,128,2,33982842,-7364447045754733253
SEARCH,128,3,33985485,-7364447045754733253
SEARCH,128,4,33671894,-7364447045754733253
SEARCH,128,5,33624493,-7364447045754733253
SEARCH,128,6,33558764,-7364447045754733253
RECALL,512,2558,2560,0.99921875
SEARCH,512,0,120126129,3871516462407795315
SEARCH,512,1,120342594,3871516462407795315
SEARCH,512,2,120684458,3871516462407795315
SEARCH,512,3,120933222,3871516462407795315
SEARCH,512,4,123130546,3871516462407795315
SEARCH,512,5,126193171,3871516462407795315
SEARCH,512,6,122102220,3871516462407795315
