WARNING: Using incubator modules: jdk.incubator.vector
Oct 04, 2026 1:06:30 AM com.integrallis.vectors.core.PanamaVectorUtilSupportProvider create
INFO: vectors-core: Using Panama Vector API SIMD provider (vector bits: 256)
Oct 04, 2026 1:06:30 AM com.integrallis.vectors.core.VectorizationProvider logActiveToggles
INFO: vectors-core: provider=PanamaVectorUtilSupport panama=true maxBits=256 preferredBits=256 fastVectorFMA=true fastScalarFMA=true sve=false ggufParallel=true ggufParallelThreshold=1048576 ggufExecutor=persistent ggufThreads=8 ggufChunksPerThread=2 mappedKQuantLongOffsets=auto(q4=true,q5=false,q6=false) q4ShortPairwiseSupported=true q4UnsignedPairwiseSupported=true toggles=[(defaults — no -Dvectors.* overrides)]
BUILD,20000,8,42,COSINE,2951282717,79e9b3ca92bd0d28f570f168fd9dff3b74fc478368bc072f59ebc99e263ab328
RECALL,32,2132,2560,0.83281250
SEARCH,32,0,10355923,6951484624178542036
SEARCH,32,1,10331616,6951484624178542036
SEARCH,32,2,20067698,6951484624178542036
SEARCH,32,3,9933247,6951484624178542036
SEARCH,32,4,9817443,6951484624178542036
SEARCH,32,5,9901820,6951484624178542036
SEARCH,32,6,9929652,6951484624178542036
RECALL,128,2474,2560,0.96640625
SEARCH,128,0,32966634,-8613313350967718259
SEARCH,128,1,33366304,-8613313350967718259
SEARCH,128,2,34500470,-8613313350967718259
SEARCH,128,3,34742254,-8613313350967718259
SEARCH,128,4,34885379,-8613313350967718259
SEARCH,128,5,35510258,-8613313350967718259
SEARCH,128,6,34152597,-8613313350967718259
RECALL,512,2558,2560,0.99921875
SEARCH,512,0,117065246,2547522157123300796
SEARCH,512,1,117218228,2547522157123300796
SEARCH,512,2,118156609,2547522157123300796
SEARCH,512,3,116996144,2547522157123300796
SEARCH,512,4,117768795,2547522157123300796
SEARCH,512,5,117337876,2547522157123300796
SEARCH,512,6,117591008,2547522157123300796
