WARNING: A restricted method in java.lang.System has been called
WARNING: java.lang.System::load has been called by net.rubygrapefruit.platform.internal.NativeLibraryLoader in an unnamed module (file:/root/.gradle/wrapper/dists/gradle-9.4.1-all/eckclv9s5vi9exbmnyvpg2a3h/gradle-9.4.1/lib/native-platform-0.22-milestone-29.jar)
WARNING: Use --enable-native-access=ALL-UNNAMED to avoid a warning for callers in this module
WARNING: Restricted methods will be blocked in a future release unless native access is enabled

To honour the JVM settings for this build a single-use Daemon process will be forked. For more on this, please refer to https://docs.gradle.org/9.4.1/userguide/gradle_daemon.html#sec:disabling_the_daemon in the Gradle documentation.
Daemon will be stopped at the end of the build 
> Task :vectors-hnsw:processResources NO-SOURCE
> Task :vectors-ivf:processResources NO-SOURCE
> Task :vectors-db:processResources NO-SOURCE
> Task :vectors-storage:processResources NO-SOURCE
> Task :vectors-vamana:processResources NO-SOURCE
> Task :vectors-quantization:processResources NO-SOURCE
> Task :vectors-core:compileJava FROM-CACHE
> Task :vectors-core:processResources
> Task :vectors-core:classes
> Task :vectors-core:jar
> Task :vectors-storage:compileJava
> Task :vectors-storage:classes
> Task :vectors-storage:jar
> Task :vectors-gpu:compileJava
> Task :vectors-quantization:compileJava
> Task :vectors-quantization:classes
> Task :vectors-quantization:jar
> Task :vectors-vamana:compileJava
> Task :vectors-vamana:classes
> Task :vectors-vamana:jar
> Task :vectors-ivf:compileJava
> Task :vectors-ivf:classes
> Task :vectors-hnsw:compileJava
> Task :vectors-hnsw:classes
> Task :vectors-ivf:jar
> Task :vectors-hnsw:jar
> Task :vectors-db:compileJava
> Task :vectors-db:classes
> Task :vectors-db:jar
> Task :vectors-db:freezePerf

BUILD SUCCESSFUL in 33s
17 actionable tasks: 16 executed, 1 from cache
