warning: [incubating] using incubating module(s): jdk.incubator.vector
1 warning
baseline-0
candidate-0
candidate-1
baseline-1
baseline-2
candidate-2
baseline-0-recall
candidate-0-recall
candidate-1-recall
baseline-1-recall
baseline-2-recall
candidate-2-recall
{
  "baseline_ingest_ms": [
    39824.435,
    40436.109,
    40722.9
  ],
  "candidate_ingest_ms": [
    39048.466,
    39387.22,
    40932.059
  ],
  "median_time_reduction_pct": 2.5939414694920226,
  "recall_delta": {
    "10": [
      -0.0007999999999999119,
      0.0004999999999999449,
      -0.000300000000000078
    ],
    "16": [
      0.0,
      0.0011999999999999789,
      -0.0004999999999999449
    ],
    "32": [
      -0.00019999999999997797,
      0.0004999999999999449,
      -0.0004999999999999449
    ],
    "64": [
      0.0,
      0.0004999999999999449,
      -0.00039999999999995595
    ],
    "128": [
      0.0,
      0.0004999999999999449,
      -0.00019999999999997797
    ],
    "256": [
      0.00019999999999997797,
      0.000300000000000078,
      -0.000300000000000078
    ]
  },
  "recall_gate_pass": true,
  "source_unchanged": true
}
