Downloading https://services.gradle.org/distributions/gradle-9.4.1-all.zip
......................10%.......................20%.......................30%......................40%.......................50%.......................60%......................70%.......................80%.......................90%.......................100%
WARNING: A restricted method in java.lang.System has been called
WARNING: java.lang.System::load has been called by net.rubygrapefruit.platform.internal.NativeLibraryLoader in an unnamed module (file:/root/.gradle/wrapper/dists/gradle-9.4.1-all/eckclv9s5vi9exbmnyvpg2a3h/gradle-9.4.1/lib/native-platform-0.22-milestone-29.jar)
WARNING: Use --enable-native-access=ALL-UNNAMED to avoid a warning for callers in this module
WARNING: Restricted methods will be blocked in a future release unless native access is enabled


Welcome to Gradle 9.4.1!

Here are the highlights of this release:
 - Java 26 support
 - Non-class-based JVM tests
 - Enhanced console progress bar

For more details see https://docs.gradle.org/9.4.1/release-notes.html

To honour the JVM settings for this build a single-use Daemon process will be forked. For more on this, please refer to https://docs.gradle.org/9.4.1/userguide/gradle_daemon.html#sec:disabling_the_daemon in the Gradle documentation.
Daemon will be stopped at the end of the build 
> Task :vectors-core:compileJava
> Task :vectors-core:processResources
> Task :vectors-core:classes

> Task :vectors-core:compileTestJava FAILED
/opt/candidate/vectors-core/src/test/java/com/integrallis/vectors/core/PreparedCosineTest.java:93: error: cannot find symbol
          sink = VectorUtil.cosineWithNorms(query, row, warmNorm, warmRowNorm);
                           ^
  symbol:   method cosineWithNorms(float[],float[],float,float)
  location: class VectorUtil
/opt/candidate/vectors-core/src/test/java/com/integrallis/vectors/core/PreparedCosineTest.java:102: error: cannot find symbol
              VectorUtil.cosineWithNorms(query, row, norm, VectorUtil.cosineQueryNorm(row)),
                        ^
  symbol:   method cosineWithNorms(float[],float[],float,float)
  location: class VectorUtil
/opt/candidate/vectors-core/src/test/java/com/integrallis/vectors/core/PreparedCosineTest.java:126: error: cannot find symbol
              VectorUtil.cosineWithNorms(query, row, norm, VectorUtil.cosineQueryNorm(row)),
                        ^
  symbol:   method cosineWithNorms(float[],float[],float,float)
  location: class VectorUtil
/opt/candidate/vectors-core/src/test/java/com/integrallis/vectors/core/PreparedCosineTest.java:140: error: cannot find symbol
              VectorUtil.cosineWithNorms(query, row, norm, VectorUtil.cosineQueryNorm(row)),
                        ^
  symbol:   method cosineWithNorms(float[],float[],float,float)
  location: class VectorUtil
4 errors

[Incubating] Problems report is available at: file:///opt/candidate/build/reports/problems/problems-report.html

FAILURE: Build failed with an exception.

* What went wrong:
Execution failed for task ':vectors-core:compileTestJava'.
> Compilation failed; see the compiler output below.
  /opt/candidate/vectors-core/src/test/java/com/integrallis/vectors/core/PreparedCosineTest.java:93: error: cannot find symbol
            sink = VectorUtil.cosineWithNorms(query, row, warmNorm, warmRowNorm);
                             ^
    symbol:   method cosineWithNorms(float[],float[],float,float)
    location: class VectorUtil
  /opt/candidate/vectors-core/src/test/java/com/integrallis/vectors/core/PreparedCosineTest.java:102: error: cannot find symbol
                VectorUtil.cosineWithNorms(query, row, norm, VectorUtil.cosineQueryNorm(row)),
                          ^
    symbol:   method cosineWithNorms(float[],float[],float,float)
    location: class VectorUtil
  /opt/candidate/vectors-core/src/test/java/com/integrallis/vectors/core/PreparedCosineTest.java:126: error: cannot find symbol
                VectorUtil.cosineWithNorms(query, row, norm, VectorUtil.cosineQueryNorm(row)),
                          ^
    symbol:   method cosineWithNorms(float[],float[],float,float)
    location: class VectorUtil
  /opt/candidate/vectors-core/src/test/java/com/integrallis/vectors/core/PreparedCosineTest.java:140: error: cannot find symbol
                VectorUtil.cosineWithNorms(query, row, norm, VectorUtil.cosineQueryNorm(row)),
                          ^
    symbol:   method cosineWithNorms(float[],float[],float,float)
    location: class VectorUtil
  4 errors

* Try:
> Check your code and dependencies to fix the compilation error(s)
> Run with --scan to get full insights from a Build Scan (powered by Develocity).

BUILD FAILED in 1m 8s
3 actionable tasks: 3 executed
