WARNING: Using incubator modules: jdk.incubator.vector
[1.132s][info][jfr,startup] Started recording 1. No limit specified, using maxsize=250MB as default.
[1.132s][info][jfr,startup] 
[1.132s][info][jfr,startup] Use jcmd 27016 JFR.dump name=1 to copy recording data to file.
Oct 04, 2026 3:11:11 AM com.integrallis.vectors.core.PanamaVectorUtilSupportProvider create
INFO: vectors-core: Using Panama Vector API SIMD provider (vector bits: 256)
Oct 04, 2026 3:11:11 AM com.integrallis.vectors.core.VectorizationProvider logActiveToggles
INFO: vectors-core: provider=PanamaVectorUtilSupport panama=true maxBits=256 preferredBits=256 fastVectorFMA=true fastScalarFMA=true sve=false ggufParallel=true ggufParallelThreshold=1048576 ggufExecutor=persistent ggufThreads=8 ggufChunksPerThread=2 mappedKQuantLongOffsets=auto(q4=true,q5=false,q6=false) q4ShortPairwiseSupported=true q4UnsignedPairwiseSupported=true toggles=[(defaults — no -Dvectors.* overrides)]
WARMUP,glove,single,1,980,3000413450
FLAT,glove,single,100000,100,1,0,2710929,7167697522366443656
FLAT,glove,single,100000,100,1,1,2602366,7167697522366443656
FLAT,glove,single,100000,100,1,2,2647454,7167697522366443656
FLAT,glove,single,100000,100,1,3,2674865,7167697522366443656
FLAT,glove,single,100000,100,1,4,2642657,7167697522366443656
FLAT,glove,single,100000,100,1,5,2657940,7167697522366443656
FLAT,glove,single,100000,100,1,6,2685681,7167697522366443656
WARMUP,glove,batch,1,1097,3000643880
FLAT,glove,batch,100000,100,1,0,2616708,7167697522366443656
FLAT,glove,batch,100000,100,1,1,2695867,7167697522366443656
FLAT,glove,batch,100000,100,1,2,2594994,7167697522366443656
FLAT,glove,batch,100000,100,1,3,2689458,7167697522366443656
FLAT,glove,batch,100000,100,1,4,2719753,7167697522366443656
FLAT,glove,batch,100000,100,1,5,2691349,7167697522366443656
FLAT,glove,batch,100000,100,1,6,2614574,7167697522366443656
WARMUP,glove,single,4,287,3004297633
FLAT,glove,single,100000,100,4,0,10633280,-5393426958338102730
FLAT,glove,single,100000,100,4,1,10315161,-5393426958338102730
FLAT,glove,single,100000,100,4,2,10240468,-5393426958338102730
FLAT,glove,single,100000,100,4,3,10289332,-5393426958338102730
FLAT,glove,single,100000,100,4,4,10454370,-5393426958338102730
FLAT,glove,single,100000,100,4,5,10496704,-5393426958338102730
FLAT,glove,single,100000,100,4,6,10355421,-5393426958338102730
WARMUP,glove,batch,4,835,3000040212
FLAT,glove,batch,100000,100,4,0,2681044,-5393426958338102730
FLAT,glove,batch,100000,100,4,1,2682917,-5393426958338102730
FLAT,glove,batch,100000,100,4,2,2712041,-5393426958338102730
FLAT,glove,batch,100000,100,4,3,2787544,-5393426958338102730
FLAT,glove,batch,100000,100,4,4,2671270,-5393426958338102730
FLAT,glove,batch,100000,100,4,5,2676487,-5393426958338102730
FLAT,glove,batch,100000,100,4,6,2696216,-5393426958338102730
WARMUP,glove,single,16,72,3041050905
FLAT,glove,single,100000,100,16,0,42220188,-4616742646284636308
FLAT,glove,single,100000,100,16,1,43157039,-4616742646284636308
FLAT,glove,single,100000,100,16,2,42030362,-4616742646284636308
FLAT,glove,single,100000,100,16,3,42080378,-4616742646284636308
FLAT,glove,single,100000,100,16,4,41893838,-4616742646284636308
FLAT,glove,single,100000,100,16,5,42061911,-4616742646284636308
FLAT,glove,single,100000,100,16,6,41930633,-4616742646284636308
WARMUP,glove,batch,16,311,3000338120
FLAT,glove,batch,100000,100,16,0,20197502,-4616742646284636308
FLAT,glove,batch,100000,100,16,1,20306816,-4616742646284636308
FLAT,glove,batch,100000,100,16,2,20186064,-4616742646284636308
FLAT,glove,batch,100000,100,16,3,19180681,-4616742646284636308
FLAT,glove,batch,100000,100,16,4,20060295,-4616742646284636308
FLAT,glove,batch,100000,100,16,5,19532871,-4616742646284636308
FLAT,glove,batch,100000,100,16,6,19330646,-4616742646284636308
WARMUP,glove,single,32,14,3083292445
FLAT,glove,single,100000,100,32,0,213636989,1177092119961519121
FLAT,glove,single,100000,100,32,1,218656002,1177092119961519121
FLAT,glove,single,100000,100,32,2,214138323,1177092119961519121
FLAT,glove,single,100000,100,32,3,211308246,1177092119961519121
FLAT,glove,single,100000,100,32,4,217093270,1177092119961519121
FLAT,glove,single,100000,100,32,5,226593635,1177092119961519121
FLAT,glove,single,100000,100,32,6,217004457,1177092119961519121
WARMUP,glove,batch,32,79,3014041841
FLAT,glove,batch,100000,100,32,0,37473376,1177092119961519121
FLAT,glove,batch,100000,100,32,1,35493027,1177092119961519121
FLAT,glove,batch,100000,100,32,2,37276520,1177092119961519121
FLAT,glove,batch,100000,100,32,3,38868205,1177092119961519121
FLAT,glove,batch,100000,100,32,4,40061010,1177092119961519121
FLAT,glove,batch,100000,100,32,5,37760649,1177092119961519121
FLAT,glove,batch,100000,100,32,6,38105307,1177092119961519121
WARMUP,glove,single,64,8,3623696426
FLAT,glove,single,100000,100,64,0,448960983,7293109510488223649
FLAT,glove,single,100000,100,64,1,459361463,7293109510488223649
FLAT,glove,single,100000,100,64,2,460698986,7293109510488223649
FLAT,glove,single,100000,100,64,3,443201166,7293109510488223649
FLAT,glove,single,100000,100,64,4,429226448,7293109510488223649
FLAT,glove,single,100000,100,64,5,446408874,7293109510488223649
FLAT,glove,single,100000,100,64,6,427173421,7293109510488223649
WARMUP,glove,batch,64,43,3059307998
FLAT,glove,batch,100000,100,64,0,84160717,7293109510488223649
FLAT,glove,batch,100000,100,64,1,75847698,7293109510488223649
FLAT,glove,batch,100000,100,64,2,75395478,7293109510488223649
FLAT,glove,batch,100000,100,64,3,76508553,7293109510488223649
FLAT,glove,batch,100000,100,64,4,82080307,7293109510488223649
FLAT,glove,batch,100000,100,64,5,79850662,7293109510488223649
FLAT,glove,batch,100000,100,64,6,74094381,7293109510488223649
