WARNING: Using incubator modules: jdk.incubator.vector
[1.145s][info][jfr,startup] Started recording 1. No limit specified, using maxsize=250MB as default.
[1.145s][info][jfr,startup] 
[1.145s][info][jfr,startup] Use jcmd 26641 JFR.dump name=1 to copy recording data to file.
Oct 04, 2026 3:08:10 AM com.integrallis.vectors.core.PanamaVectorUtilSupportProvider create
INFO: vectors-core: Using Panama Vector API SIMD provider (vector bits: 256)
Oct 04, 2026 3:08:10 AM com.integrallis.vectors.core.VectorizationProvider logActiveToggles
INFO: vectors-core: provider=PanamaVectorUtilSupport panama=true maxBits=256 preferredBits=256 fastVectorFMA=true fastScalarFMA=true sve=false ggufParallel=true ggufParallelThreshold=1048576 ggufExecutor=persistent ggufThreads=8 ggufChunksPerThread=2 mappedKQuantLongOffsets=auto(q4=true,q5=false,q6=false) q4ShortPairwiseSupported=true q4UnsignedPairwiseSupported=true toggles=[(defaults — no -Dvectors.* overrides)]
WARMUP,glove,single,1,912,3001650180
FLAT,glove,single,100000,100,1,0,2791820,7167697522366443656
FLAT,glove,single,100000,100,1,1,2648856,7167697522366443656
FLAT,glove,single,100000,100,1,2,2705590,7167697522366443656
FLAT,glove,single,100000,100,1,3,2820143,7167697522366443656
FLAT,glove,single,100000,100,1,4,2705340,7167697522366443656
FLAT,glove,single,100000,100,1,5,2702586,7167697522366443656
FLAT,glove,single,100000,100,1,6,2847183,7167697522366443656
WARMUP,glove,batch,1,1056,3002367586
FLAT,glove,batch,100000,100,1,0,2712061,7167697522366443656
FLAT,glove,batch,100000,100,1,1,2709827,7167697522366443656
FLAT,glove,batch,100000,100,1,2,2672601,7167697522366443656
FLAT,glove,batch,100000,100,1,3,2729777,7167697522366443656
FLAT,glove,batch,100000,100,1,4,2707394,7167697522366443656
FLAT,glove,batch,100000,100,1,5,2694774,7167697522366443656
FLAT,glove,batch,100000,100,1,6,2786722,7167697522366443656
WARMUP,glove,single,4,282,3007598533
FLAT,glove,single,100000,100,4,0,10507700,-5393426958338102730
FLAT,glove,single,100000,100,4,1,10495461,-5393426958338102730
FLAT,glove,single,100000,100,4,2,10663354,-5393426958338102730
FLAT,glove,single,100000,100,4,3,10536953,-5393426958338102730
FLAT,glove,single,100000,100,4,4,10474300,-5393426958338102730
FLAT,glove,single,100000,100,4,5,10504133,-5393426958338102730
FLAT,glove,single,100000,100,4,6,10474339,-5393426958338102730
WARMUP,glove,batch,4,745,3002511244
FLAT,glove,batch,100000,100,4,0,2724059,-5393426958338102730
FLAT,glove,batch,100000,100,4,1,2887906,-5393426958338102730
FLAT,glove,batch,100000,100,4,2,2736647,-5393426958338102730
FLAT,glove,batch,100000,100,4,3,2701936,-5393426958338102730
FLAT,glove,batch,100000,100,4,4,2696257,-5393426958338102730
FLAT,glove,batch,100000,100,4,5,2739752,-5393426958338102730
FLAT,glove,batch,100000,100,4,6,3418082,-5393426958338102730
WARMUP,glove,single,16,69,3022975049
FLAT,glove,single,100000,100,16,0,41549354,-4616742646284636308
FLAT,glove,single,100000,100,16,1,41373280,-4616742646284636308
FLAT,glove,single,100000,100,16,2,42720527,-4616742646284636308
FLAT,glove,single,100000,100,16,3,41771980,-4616742646284636308
FLAT,glove,single,100000,100,16,4,42187145,-4616742646284636308
FLAT,glove,single,100000,100,16,5,41452087,-4616742646284636308
FLAT,glove,single,100000,100,16,6,42391332,-4616742646284636308
WARMUP,glove,batch,16,327,3013509216
FLAT,glove,batch,100000,100,16,0,16527376,-4616742646284636308
FLAT,glove,batch,100000,100,16,1,15626742,-4616742646284636308
FLAT,glove,batch,100000,100,16,2,15407232,-4616742646284636308
FLAT,glove,batch,100000,100,16,3,15863298,-4616742646284636308
FLAT,glove,batch,100000,100,16,4,16401287,-4616742646284636308
FLAT,glove,batch,100000,100,16,5,15831571,-4616742646284636308
FLAT,glove,batch,100000,100,16,6,15953634,-4616742646284636308
WARMUP,glove,single,32,15,3055427421
FLAT,glove,single,100000,100,32,0,209634815,1177092119961519121
FLAT,glove,single,100000,100,32,1,214440275,1177092119961519121
FLAT,glove,single,100000,100,32,2,202599861,1177092119961519121
FLAT,glove,single,100000,100,32,3,197811606,1177092119961519121
FLAT,glove,single,100000,100,32,4,205098070,1177092119961519121
FLAT,glove,single,100000,100,32,5,210129900,1177092119961519121
FLAT,glove,single,100000,100,32,6,206991047,1177092119961519121
WARMUP,glove,batch,32,193,3009811148
FLAT,glove,batch,100000,100,32,0,13924881,1177092119961519121
FLAT,glove,batch,100000,100,32,1,13851161,1177092119961519121
FLAT,glove,batch,100000,100,32,2,14101116,1177092119961519121
FLAT,glove,batch,100000,100,32,3,14000475,1177092119961519121
FLAT,glove,batch,100000,100,32,4,13981236,1177092119961519121
FLAT,glove,batch,100000,100,32,5,13868236,1177092119961519121
FLAT,glove,batch,100000,100,32,6,13894656,1177092119961519121
WARMUP,glove,single,64,8,3267681186
FLAT,glove,single,100000,100,64,0,410960031,7293109510488223649
FLAT,glove,single,100000,100,64,1,396341236,7293109510488223649
FLAT,glove,single,100000,100,64,2,402742577,7293109510488223649
FLAT,glove,single,100000,100,64,3,434476213,7293109510488223649
FLAT,glove,single,100000,100,64,4,415502355,7293109510488223649
FLAT,glove,single,100000,100,64,5,398100172,7293109510488223649
FLAT,glove,single,100000,100,64,6,404673252,7293109510488223649
WARMUP,glove,batch,64,124,3024391405
FLAT,glove,batch,100000,100,64,0,24311920,7293109510488223649
FLAT,glove,batch,100000,100,64,1,24230577,7293109510488223649
FLAT,glove,batch,100000,100,64,2,24366311,7293109510488223649
FLAT,glove,batch,100000,100,64,3,24523128,7293109510488223649
FLAT,glove,batch,100000,100,64,4,24620133,7293109510488223649
FLAT,glove,batch,100000,100,64,5,24506783,7293109510488223649
FLAT,glove,batch,100000,100,64,6,24659382,7293109510488223649
