[0.004s][info][gc,init] CardTable entry size: 512
[0.007s][info][gc     ] Using G1
[0.010s][info][gc,init] Version: 25.0.3+9-LTS (release)
[0.010s][info][gc,init] CPUs: 8 total, 8 available
[0.010s][info][gc,init] Memory: 31335M
[0.010s][info][gc,init] Large Page Support: Disabled
[0.010s][info][gc,init] NUMA Support: Disabled
[0.010s][info][gc,init] Compressed Oops: Enabled (Zero based)
[0.010s][info][gc,init] Heap Region Size: 2M
[0.010s][info][gc,init] Heap Min Capacity: 8M
[0.010s][info][gc,init] Heap Initial Capacity: 490M
[0.010s][info][gc,init] Heap Max Capacity: 4G
[0.010s][info][gc,init] Pre-touch: Disabled
[0.010s][info][gc,init] Parallel Workers: 8
[0.010s][info][gc,init] Concurrent Workers: 2
[0.010s][info][gc,init] Concurrent Refinement Workers: 8
[0.010s][info][gc,init] Periodic GC: Disabled
[0.013s][info][gc,metaspace] CDS archive(s) mapped at: [0x000000001a000000-0x000000001ad95000-0x000000001ad95000), size 14241792, SharedBaseAddress: 0x000000001a000000, ArchiveRelocationMode: 1.
[0.013s][info][gc,metaspace] Compressed class space mapped at: 0x000000001b000000-0x000000005b000000, reserved size: 1073741824
[0.013s][info][gc,metaspace] UseCompressedClassPointers 1, UseCompactObjectHeaders 0
[0.013s][info][gc,metaspace] Narrow klass pointer bits 32, Max shift 3
[0.013s][info][gc,metaspace] Narrow klass base: 0x000000001a000000, Narrow klass shift: 0
[0.013s][info][gc,metaspace] Encoding Range: [0x000000001a000000 - 0x000000011a000000), (4294967296 bytes)
[0.013s][info][gc,metaspace] Klass Range:    [0x000000001a001000 - 0x000000005b000000), (1090514944 bytes)
[0.013s][info][gc,metaspace] Klass ID Range:  [4096 - 1090519033) (1090514937)
[0.013s][info][gc,metaspace] Protection zone: [0x000000001a000000 - 0x000000001a001000), (4096 bytes)
[1.221s][info][gc,start    ] GC(0) Pause Young (Normal) (G1 Evacuation Pause)
[1.222s][info][gc,task     ] GC(0) Using 8 workers of 8 for evacuation
[1.230s][info][gc,phases   ] GC(0)   Pre Evacuate Collection Set: 0.13ms
[1.230s][info][gc,phases   ] GC(0)   Merge Heap Roots: 0.05ms
[1.230s][info][gc,phases   ] GC(0)   Evacuate Collection Set: 6.60ms
[1.230s][info][gc,phases   ] GC(0)   Post Evacuate Collection Set: 0.41ms
[1.230s][info][gc,phases   ] GC(0)   Other: 0.92ms
[1.230s][info][gc,heap     ] GC(0) Eden regions: 24->0(87)
[1.230s][info][gc,heap     ] GC(0) Survivor regions: 0->3(3)
[1.230s][info][gc,heap     ] GC(0) Old regions: 1->15
[1.230s][info][gc,heap     ] GC(0) Humongous regions: 20->20
[1.230s][info][gc,metaspace] GC(0) Metaspace: 3700K(3840K)->3700K(3840K) NonClass: 3310K(3392K)->3310K(3392K) Class: 390K(448K)->390K(448K)
[1.230s][info][gc          ] GC(0) Pause Young (Normal) (G1 Evacuation Pause) 89M->75M(492M) 8.342ms
[1.230s][info][gc,cpu      ] GC(0) User=0.03s Sys=0.03s Real=0.01s
[20.049s][info][gc,start    ] GC(1) Pause Young (Normal) (G1 Evacuation Pause)
[20.050s][info][gc,task     ] GC(1) Using 8 workers of 8 for evacuation
[20.068s][info][gc,phases   ] GC(1)   Pre Evacuate Collection Set: 0.14ms
[20.068s][info][gc,phases   ] GC(1)   Merge Heap Roots: 0.06ms
[20.068s][info][gc,phases   ] GC(1)   Evacuate Collection Set: 17.24ms
[20.068s][info][gc,phases   ] GC(1)   Post Evacuate Collection Set: 0.66ms
[20.068s][info][gc,phases   ] GC(1)   Other: 0.12ms
[20.068s][info][gc,heap     ] GC(1) Eden regions: 87->0(87)
[20.068s][info][gc,heap     ] GC(1) Survivor regions: 3->12(12)
[20.068s][info][gc,heap     ] GC(1) Old regions: 15->40
[20.068s][info][gc,heap     ] GC(1) Humongous regions: 21->21
[20.068s][info][gc,metaspace] GC(1) Metaspace: 8887K(9024K)->8887K(9024K) NonClass: 8166K(8256K)->8166K(8256K) Class: 721K(768K)->721K(768K)
[20.068s][info][gc          ] GC(1) Pause Young (Normal) (G1 Evacuation Pause) 251M->143M(492M) 18.455ms
[20.068s][info][gc,cpu      ] GC(1) User=0.09s Sys=0.05s Real=0.02s
[38.112s][info][gc,exit     ] Heap
[38.112s][info][gc,exit     ]  garbage-first heap   total reserved 4194304K, committed 503808K, used 202559K [0x0000000700000000, 0x0000000800000000)
[38.112s][info][gc,exit     ]   region size 2048K, 39 young (79872K), 12 survivors (24576K)
[38.112s][info][gc,exit     ]  Metaspace       used 9195K, committed 9408K, reserved 1114112K
[38.112s][info][gc,exit     ]   class space    used 766K, committed 896K, reserved 1048576K
