[0.004s][info][gc,init] CardTable entry size: 512
[0.007s][info][gc     ] Using G1
[0.009s][info][gc,init] Version: 25.0.3+9-LTS (release)
[0.009s][info][gc,init] CPUs: 8 total, 8 available
[0.009s][info][gc,init] Memory: 31335M
[0.009s][info][gc,init] Large Page Support: Disabled
[0.009s][info][gc,init] NUMA Support: Disabled
[0.009s][info][gc,init] Compressed Oops: Enabled (Zero based)
[0.009s][info][gc,init] Heap Region Size: 2M
[0.009s][info][gc,init] Heap Min Capacity: 8M
[0.009s][info][gc,init] Heap Initial Capacity: 490M
[0.009s][info][gc,init] Heap Max Capacity: 4G
[0.009s][info][gc,init] Pre-touch: Disabled
[0.009s][info][gc,init] Parallel Workers: 8
[0.009s][info][gc,init] Concurrent Workers: 2
[0.009s][info][gc,init] Concurrent Refinement Workers: 8
[0.009s][info][gc,init] Periodic GC: Disabled
[0.013s][info][gc,metaspace] CDS archive(s) mapped at: [0x0000000059000000-0x0000000059d95000-0x0000000059d95000), size 14241792, SharedBaseAddress: 0x0000000059000000, ArchiveRelocationMode: 1.
[0.013s][info][gc,metaspace] Compressed class space mapped at: 0x000000005a000000-0x000000009a000000, reserved size: 1073741824
[0.013s][info][gc,metaspace] UseCompressedClassPointers 1, UseCompactObjectHeaders 0
[0.013s][info][gc,metaspace] Narrow klass pointer bits 32, Max shift 3
[0.013s][info][gc,metaspace] Narrow klass base: 0x0000000059000000, Narrow klass shift: 0
[0.013s][info][gc,metaspace] Encoding Range: [0x0000000059000000 - 0x0000000159000000), (4294967296 bytes)
[0.013s][info][gc,metaspace] Klass Range:    [0x0000000059001000 - 0x000000009a000000), (1090514944 bytes)
[0.013s][info][gc,metaspace] Klass ID Range:  [4096 - 1090519033) (1090514937)
[0.013s][info][gc,metaspace] Protection zone: [0x0000000059000000 - 0x0000000059001000), (4096 bytes)
[1.209s][info][gc,start    ] GC(0) Pause Young (Normal) (G1 Evacuation Pause)
[1.210s][info][gc,task     ] GC(0) Using 8 workers of 8 for evacuation
[1.218s][info][gc,phases   ] GC(0)   Pre Evacuate Collection Set: 0.12ms
[1.218s][info][gc,phases   ] GC(0)   Merge Heap Roots: 0.07ms
[1.218s][info][gc,phases   ] GC(0)   Evacuate Collection Set: 7.51ms
[1.218s][info][gc,phases   ] GC(0)   Post Evacuate Collection Set: 0.38ms
[1.218s][info][gc,phases   ] GC(0)   Other: 0.93ms
[1.219s][info][gc,heap     ] GC(0) Eden regions: 24->0(87)
[1.219s][info][gc,heap     ] GC(0) Survivor regions: 0->3(3)
[1.219s][info][gc,heap     ] GC(0) Old regions: 1->15
[1.219s][info][gc,heap     ] GC(0) Humongous regions: 20->20
[1.219s][info][gc,metaspace] GC(0) Metaspace: 3700K(3840K)->3700K(3840K) NonClass: 3310K(3392K)->3310K(3392K) Class: 390K(448K)->390K(448K)
[1.219s][info][gc          ] GC(0) Pause Young (Normal) (G1 Evacuation Pause) 89M->75M(492M) 9.246ms
[1.219s][info][gc,cpu      ] GC(0) User=0.02s Sys=0.03s Real=0.01s
[20.200s][info][gc,start    ] GC(1) Pause Young (Normal) (G1 Evacuation Pause)
[20.200s][info][gc,task     ] GC(1) Using 8 workers of 8 for evacuation
[20.218s][info][gc,phases   ] GC(1)   Pre Evacuate Collection Set: 0.14ms
[20.218s][info][gc,phases   ] GC(1)   Merge Heap Roots: 0.06ms
[20.218s][info][gc,phases   ] GC(1)   Evacuate Collection Set: 17.10ms
[20.218s][info][gc,phases   ] GC(1)   Post Evacuate Collection Set: 0.57ms
[20.218s][info][gc,phases   ] GC(1)   Other: 0.12ms
[20.218s][info][gc,heap     ] GC(1) Eden regions: 87->0(87)
[20.218s][info][gc,heap     ] GC(1) Survivor regions: 3->12(12)
[20.218s][info][gc,heap     ] GC(1) Old regions: 15->40
[20.218s][info][gc,heap     ] GC(1) Humongous regions: 21->21
[20.218s][info][gc,metaspace] GC(1) Metaspace: 8883K(9024K)->8883K(9024K) NonClass: 8162K(8256K)->8162K(8256K) Class: 721K(768K)->721K(768K)
[20.218s][info][gc          ] GC(1) Pause Young (Normal) (G1 Evacuation Pause) 251M->144M(492M) 18.211ms
[20.218s][info][gc,cpu      ] GC(1) User=0.09s Sys=0.05s Real=0.02s
[39.546s][info][gc,exit     ] Heap
[39.546s][info][gc,exit     ]  garbage-first heap   total reserved 4194304K, committed 503808K, used 166715K [0x0000000700000000, 0x0000000800000000)
[39.546s][info][gc,exit     ]   region size 2048K, 21 young (43008K), 12 survivors (24576K)
[39.546s][info][gc,exit     ]  Metaspace       used 9140K, committed 9408K, reserved 1114112K
[39.546s][info][gc,exit     ]   class space    used 757K, committed 896K, reserved 1048576K
