WARNING: A restricted method in java.lang.System has been called
WARNING: java.lang.System::load has been called by net.rubygrapefruit.platform.internal.NativeLibraryLoader in an unnamed module (file:/root/.gradle/wrapper/dists/gradle-9.4.1-all/eckclv9s5vi9exbmnyvpg2a3h/gradle-9.4.1/lib/native-platform-0.22-milestone-29.jar)
WARNING: Use --enable-native-access=ALL-UNNAMED to avoid a warning for callers in this module
WARNING: Restricted methods will be blocked in a future release unless native access is enabled

To honour the JVM settings for this build a single-use Daemon process will be forked. For more on this, please refer to https://docs.gradle.org/9.4.1/userguide/gradle_daemon.html#sec:disabling_the_daemon in the Gradle documentation.
Daemon will be stopped at the end of the build 
> Task :vectors-quantization:processResources NO-SOURCE
> Task :vectors-storage:processResources NO-SOURCE
> Task :vectors-hnsw:processResources NO-SOURCE
> Task :vectors-hnsw:processTestResources NO-SOURCE
> Task :vectors-core:compileJava UP-TO-DATE
> Task :vectors-core:processResources UP-TO-DATE
> Task :vectors-core:classes UP-TO-DATE
> Task :vectors-core:jar UP-TO-DATE
> Task :vectors-storage:compileJava UP-TO-DATE
> Task :vectors-storage:classes UP-TO-DATE
> Task :vectors-storage:jar UP-TO-DATE
> Task :vectors-quantization:compileJava UP-TO-DATE
> Task :vectors-quantization:classes UP-TO-DATE
> Task :vectors-quantization:jar UP-TO-DATE
> Task :vectors-hnsw:compileJava UP-TO-DATE
> Task :vectors-hnsw:classes UP-TO-DATE
> Task :vectors-hnsw:compileTestJava
> Task :vectors-hnsw:testClasses

> Task :vectors-hnsw:test
WARNING: Using incubator modules: jdk.incubator.vector
WARNING: Using incubator modules: jdk.incubator.vector

ConcurrentExactScoreReuseTest > scoresNeverSurviveIntoAnotherVectorSource() FAILED
    org.opentest4j.AssertionFailedError: expected: <1060381048> but was: <1060381049>
        at app//org.junit.jupiter.api.AssertionFailureBuilder.build(AssertionFailureBuilder.java:151)
        at app//org.junit.jupiter.api.AssertionFailureBuilder.buildAndThrow(AssertionFailureBuilder.java:132)
        at app//org.junit.jupiter.api.AssertEquals.failNotEqual(AssertEquals.java:197)
        at app//org.junit.jupiter.api.AssertEquals.assertEquals(AssertEquals.java:150)
        at app//org.junit.jupiter.api.AssertEquals.assertEquals(AssertEquals.java:145)
        at app//org.junit.jupiter.api.Assertions.assertEquals(Assertions.java:531)
        at app//com.integrallis.vectors.hnsw.ConcurrentExactScoreReuseTest.scoresNeverSurviveIntoAnotherVectorSource(ConcurrentExactScoreReuseTest.java:56)

ConcurrentExactScoreReuseTest > pruningAvoidsRepeatedVectorReadsDuringConstruction() FAILED
    org.opentest4j.AssertionFailedError: vector reads: 9010221 ==> expected: <true> but was: <false>
        at app//org.junit.jupiter.api.AssertionFailureBuilder.build(AssertionFailureBuilder.java:151)
        at app//org.junit.jupiter.api.AssertionFailureBuilder.buildAndThrow(AssertionFailureBuilder.java:132)
        at app//org.junit.jupiter.api.AssertTrue.failNotTrue(AssertTrue.java:63)
        at app//org.junit.jupiter.api.AssertTrue.assertTrue(AssertTrue.java:36)
        at app//org.junit.jupiter.api.Assertions.assertTrue(Assertions.java:214)
        at app//com.integrallis.vectors.hnsw.ConcurrentExactScoreReuseTest.pruningAvoidsRepeatedVectorReadsDuringConstruction(ConcurrentExactScoreReuseTest.java:35)

2 tests completed, 2 failed

> Task :vectors-hnsw:test FAILED

FAILURE: Build failed with an exception.

* What went wrong:
Execution failed for task ':vectors-hnsw:test'.
> There were failing tests. See the report at: file:///opt/candidate/vectors-hnsw/build/reports/tests/test/index.html

* Try:
> Run with --scan to get full insights from a Build Scan (powered by Develocity).

BUILD FAILED in 13s
10 actionable tasks: 2 executed, 8 up-to-date
