warning: [incubating] using incubating module(s): jdk.incubator.vector
1 warning
baseline-0-recall
candidate-0-recall
candidate-1-recall
baseline-1-recall
baseline-2-recall
candidate-2-recall
{
  "baseline_ingest_ms": [
    39481.016,
    39981.611,
    40353.132
  ],
  "candidate_ingest_ms": [
    39994.608,
    40349.987,
    40210.894
  ],
  "median_time_reduction_pct": -0.5734711390193992,
  "recall_delta": {
    "10": [
      0.0011999999999999789,
      -0.00029999999999996696,
      -0.0020000000000000018
    ],
    "16": [
      0.00029999999999996696,
      0.000300000000000078,
      0.0006000000000000449
    ],
    "32": [
      0.00040000000000006697,
      9.999999999998899e-05,
      -9.999999999998899e-05
    ],
    "64": [
      0.00039999999999995595,
      0.00029999999999996696,
      9.999999999998899e-05
    ],
    "128": [
      0.00029999999999996696,
      0.00039999999999995595,
      9.999999999998899e-05
    ],
    "256": [
      9.999999999998899e-05,
      0.000300000000000078,
      9.999999999998899e-05
    ]
  },
  "recall_gate_pass": true,
  "source_unchanged": true
}
