WARNING: A restricted method in java.lang.System has been called
WARNING: java.lang.System::load has been called by net.rubygrapefruit.platform.internal.NativeLibraryLoader in an unnamed module (file:/root/.gradle/wrapper/dists/gradle-9.4.1-all/eckclv9s5vi9exbmnyvpg2a3h/gradle-9.4.1/lib/native-platform-0.22-milestone-29.jar)
WARNING: Use --enable-native-access=ALL-UNNAMED to avoid a warning for callers in this module
WARNING: Restricted methods will be blocked in a future release unless native access is enabled

To honour the JVM settings for this build a single-use Daemon process will be forked. For more on this, please refer to https://docs.gradle.org/9.4.1/userguide/gradle_daemon.html#sec:disabling_the_daemon in the Gradle documentation.
Daemon will be stopped at the end of the build 
> Task :vectors-hnsw:processResources NO-SOURCE
> Task :vectors-ivf:processResources NO-SOURCE
> Task :vectors-db:processResources NO-SOURCE
> Task :vectors-vamana:processResources NO-SOURCE
> Task :vectors-storage:processResources NO-SOURCE
> Task :vectors-quantization:processResources NO-SOURCE
> Task :vectors-core:compileJava UP-TO-DATE
> Task :vectors-core:processResources UP-TO-DATE
> Task :vectors-core:classes UP-TO-DATE
> Task :vectors-core:jar UP-TO-DATE
> Task :vectors-storage:compileJava UP-TO-DATE
> Task :vectors-storage:classes UP-TO-DATE
> Task :vectors-storage:jar UP-TO-DATE
> Task :vectors-gpu:compileJava UP-TO-DATE
> Task :vectors-quantization:compileJava UP-TO-DATE
> Task :vectors-quantization:classes UP-TO-DATE
> Task :vectors-quantization:jar UP-TO-DATE
> Task :vectors-ivf:compileJava UP-TO-DATE
> Task :vectors-vamana:compileJava UP-TO-DATE
> Task :vectors-ivf:classes UP-TO-DATE
> Task :vectors-vamana:classes UP-TO-DATE
> Task :vectors-vamana:jar UP-TO-DATE
> Task :vectors-ivf:jar UP-TO-DATE
> Task :vectors-hnsw:compileJava
> Task :vectors-hnsw:classes
> Task :vectors-hnsw:jar
> Task :vectors-db:compileJava
> Task :vectors-db:classes
> Task :vectors-db:jar UP-TO-DATE
> Task :vectors-db:freezePerf

BUILD SUCCESSFUL in 9s
17 actionable tasks: 4 executed, 13 up-to-date
