WARNING: Using incubator modules: jdk.incubator.vector
Oct 04, 2026 3:02:22 AM com.integrallis.vectors.core.PanamaVectorUtilSupportProvider create
INFO: vectors-core: Using Panama Vector API SIMD provider (vector bits: 256)
Oct 04, 2026 3:02:22 AM com.integrallis.vectors.core.VectorizationProvider logActiveToggles
INFO: vectors-core: provider=PanamaVectorUtilSupport panama=true maxBits=256 preferredBits=256 fastVectorFMA=true fastScalarFMA=true sve=false ggufParallel=true ggufParallelThreshold=1048576 ggufExecutor=persistent ggufThreads=8 ggufChunksPerThread=2 mappedKQuantLongOffsets=auto(q4=true,q5=false,q6=false) q4ShortPairwiseSupported=true q4UnsignedPairwiseSupported=true toggles=[(defaults — no -Dvectors.* overrides)]
WARMUP,collection,single,1,161,3007838288
FLAT,collection,single,100000,512,1,0,15428027,-2561075354683905283
FLAT,collection,single,100000,512,1,1,15695830,-2561075354683905283
FLAT,collection,single,100000,512,1,2,15610621,-2561075354683905283
FLAT,collection,single,100000,512,1,3,15740307,-2561075354683905283
FLAT,collection,single,100000,512,1,4,15963553,-2561075354683905283
FLAT,collection,single,100000,512,1,5,16039798,-2561075354683905283
FLAT,collection,single,100000,512,1,6,16193628,-2561075354683905283
WARMUP,collection,batch,1,186,3012752403
FLAT,collection,batch,100000,512,1,0,15964664,-2561075354683905283
FLAT,collection,batch,100000,512,1,1,15942502,-2561075354683905283
FLAT,collection,batch,100000,512,1,2,15657022,-2561075354683905283
FLAT,collection,batch,100000,512,1,3,16140659,-2561075354683905283
FLAT,collection,batch,100000,512,1,4,15756061,-2561075354683905283
FLAT,collection,batch,100000,512,1,5,16199207,-2561075354683905283
FLAT,collection,batch,100000,512,1,6,16630106,-2561075354683905283
WARMUP,collection,single,4,47,3020335724
FLAT,collection,single,100000,512,4,0,63458557,-8103726781922252096
FLAT,collection,single,100000,512,4,1,63811327,-8103726781922252096
FLAT,collection,single,100000,512,4,2,62428827,-8103726781922252096
FLAT,collection,single,100000,512,4,3,65658886,-8103726781922252096
FLAT,collection,single,100000,512,4,4,62000172,-8103726781922252096
FLAT,collection,single,100000,512,4,5,63958659,-8103726781922252096
FLAT,collection,single,100000,512,4,6,63113977,-8103726781922252096
WARMUP,collection,batch,4,198,3009451526
FLAT,collection,batch,100000,512,4,0,14873643,-8103726781922252096
FLAT,collection,batch,100000,512,4,1,14678289,-8103726781922252096
FLAT,collection,batch,100000,512,4,2,14925802,-8103726781922252096
FLAT,collection,batch,100000,512,4,3,14590047,-8103726781922252096
FLAT,collection,batch,100000,512,4,4,15435840,-8103726781922252096
FLAT,collection,batch,100000,512,4,5,14849798,-8103726781922252096
FLAT,collection,batch,100000,512,4,6,15239233,-8103726781922252096
WARMUP,collection,single,16,12,3022673118
FLAT,collection,single,100000,512,16,0,262518651,2092469987807476287
FLAT,collection,single,100000,512,16,1,249194778,2092469987807476287
FLAT,collection,single,100000,512,16,2,246419724,2092469987807476287
FLAT,collection,single,100000,512,16,3,250766694,2092469987807476287
FLAT,collection,single,100000,512,16,4,257543127,2092469987807476287
FLAT,collection,single,100000,512,16,5,248237730,2092469987807476287
FLAT,collection,single,100000,512,16,6,252036163,2092469987807476287
WARMUP,collection,batch,16,76,3027540441
FLAT,collection,batch,100000,512,16,0,37493288,2092469987807476287
FLAT,collection,batch,100000,512,16,1,37161520,2092469987807476287
FLAT,collection,batch,100000,512,16,2,37626079,2092469987807476287
FLAT,collection,batch,100000,512,16,3,37899961,2092469987807476287
FLAT,collection,batch,100000,512,16,4,38082606,2092469987807476287
FLAT,collection,batch,100000,512,16,5,38405461,2092469987807476287
FLAT,collection,batch,100000,512,16,6,39237063,2092469987807476287
WARMUP,collection,single,32,8,4164631585
FLAT,collection,single,100000,512,32,0,525406545,-3031150442577658303
FLAT,collection,single,100000,512,32,1,524241683,-3031150442577658303
FLAT,collection,single,100000,512,32,2,524616256,-3031150442577658303
FLAT,collection,single,100000,512,32,3,515667947,-3031150442577658303
FLAT,collection,single,100000,512,32,4,516014538,-3031150442577658303
FLAT,collection,single,100000,512,32,5,506020104,-3031150442577658303
FLAT,collection,single,100000,512,32,6,506354837,-3031150442577658303
WARMUP,collection,batch,32,37,3056283505
FLAT,collection,batch,100000,512,32,0,75154731,-3031150442577658303
FLAT,collection,batch,100000,512,32,1,75610818,-3031150442577658303
FLAT,collection,batch,100000,512,32,2,77377907,-3031150442577658303
FLAT,collection,batch,100000,512,32,3,77075402,-3031150442577658303
FLAT,collection,batch,100000,512,32,4,74474500,-3031150442577658303
FLAT,collection,batch,100000,512,32,5,80421486,-3031150442577658303
FLAT,collection,batch,100000,512,32,6,79325716,-3031150442577658303
WARMUP,collection,single,64,8,8238062649
FLAT,collection,single,100000,512,64,0,1006645113,4379747614244198658
FLAT,collection,single,100000,512,64,1,1030288761,4379747614244198658
FLAT,collection,single,100000,512,64,2,1047946424,4379747614244198658
FLAT,collection,single,100000,512,64,3,1034655671,4379747614244198658
FLAT,collection,single,100000,512,64,4,1022204453,4379747614244198658
FLAT,collection,single,100000,512,64,5,1027099749,4379747614244198658
FLAT,collection,single,100000,512,64,6,1061412706,4379747614244198658
WARMUP,collection,batch,64,19,3010094536
FLAT,collection,batch,100000,512,64,0,151415252,4379747614244198658
FLAT,collection,batch,100000,512,64,1,152962921,4379747614244198658
FLAT,collection,batch,100000,512,64,2,154172621,4379747614244198658
FLAT,collection,batch,100000,512,64,3,174166197,4379747614244198658
FLAT,collection,batch,100000,512,64,4,172077464,4379747614244198658
FLAT,collection,batch,100000,512,64,5,155126936,4379747614244198658
FLAT,collection,batch,100000,512,64,6,155619467,4379747614244198658
