WARNING: Using incubator modules: jdk.incubator.vector
Oct 04, 2026 2:58:27 AM com.integrallis.vectors.core.PanamaVectorUtilSupportProvider create
INFO: vectors-core: Using Panama Vector API SIMD provider (vector bits: 256)
Oct 04, 2026 2:58:28 AM com.integrallis.vectors.core.VectorizationProvider logActiveToggles
INFO: vectors-core: provider=PanamaVectorUtilSupport panama=true maxBits=256 preferredBits=256 fastVectorFMA=true fastScalarFMA=true sve=false ggufParallel=true ggufParallelThreshold=1048576 ggufExecutor=persistent ggufThreads=8 ggufChunksPerThread=2 mappedKQuantLongOffsets=auto(q4=true,q5=false,q6=false) q4ShortPairwiseSupported=true q4UnsignedPairwiseSupported=true toggles=[(defaults — no -Dvectors.* overrides)]
WARMUP,collection,single,1,141,3008238494
FLAT,collection,single,100000,512,1,0,15175130,-2561075354683905283
FLAT,collection,single,100000,512,1,1,14958225,-2561075354683905283
FLAT,collection,single,100000,512,1,2,14929020,-2561075354683905283
FLAT,collection,single,100000,512,1,3,15211535,-2561075354683905283
FLAT,collection,single,100000,512,1,4,15248500,-2561075354683905283
FLAT,collection,single,100000,512,1,5,15236554,-2561075354683905283
FLAT,collection,single,100000,512,1,6,14991313,-2561075354683905283
WARMUP,collection,batch,1,195,3010758114
FLAT,collection,batch,100000,512,1,0,15181881,-2561075354683905283
FLAT,collection,batch,100000,512,1,1,15211906,-2561075354683905283
FLAT,collection,batch,100000,512,1,2,15517776,-2561075354683905283
FLAT,collection,batch,100000,512,1,3,15171935,-2561075354683905283
FLAT,collection,batch,100000,512,1,4,15517585,-2561075354683905283
FLAT,collection,batch,100000,512,1,5,15521712,-2561075354683905283
FLAT,collection,batch,100000,512,1,6,16004457,-2561075354683905283
WARMUP,collection,single,4,50,3038447446
FLAT,collection,single,100000,512,4,0,60131286,-8103726781922252096
FLAT,collection,single,100000,512,4,1,60552310,-8103726781922252096
FLAT,collection,single,100000,512,4,2,60571339,-8103726781922252096
FLAT,collection,single,100000,512,4,3,60796506,-8103726781922252096
FLAT,collection,single,100000,512,4,4,60352899,-8103726781922252096
FLAT,collection,single,100000,512,4,5,62412687,-8103726781922252096
FLAT,collection,single,100000,512,4,6,63842698,-8103726781922252096
WARMUP,collection,batch,4,205,3002794673
FLAT,collection,batch,100000,512,4,0,15044124,-8103726781922252096
FLAT,collection,batch,100000,512,4,1,14604432,-8103726781922252096
FLAT,collection,batch,100000,512,4,2,14712695,-8103726781922252096
FLAT,collection,batch,100000,512,4,3,14275578,-8103726781922252096
FLAT,collection,batch,100000,512,4,4,14264902,-8103726781922252096
FLAT,collection,batch,100000,512,4,5,14472735,-8103726781922252096
FLAT,collection,batch,100000,512,4,6,14305102,-8103726781922252096
WARMUP,collection,single,16,13,3169849025
FLAT,collection,single,100000,512,16,0,241350128,2092469987807476287
FLAT,collection,single,100000,512,16,1,245935786,2092469987807476287
FLAT,collection,single,100000,512,16,2,245143584,2092469987807476287
FLAT,collection,single,100000,512,16,3,256640443,2092469987807476287
FLAT,collection,single,100000,512,16,4,241076769,2092469987807476287
FLAT,collection,single,100000,512,16,5,242614742,2092469987807476287
FLAT,collection,single,100000,512,16,6,242706049,2092469987807476287
WARMUP,collection,batch,16,78,3011495623
FLAT,collection,batch,100000,512,16,0,36586200,2092469987807476287
FLAT,collection,batch,100000,512,16,1,37097829,2092469987807476287
FLAT,collection,batch,100000,512,16,2,36997789,2092469987807476287
FLAT,collection,batch,100000,512,16,3,36994094,2092469987807476287
FLAT,collection,batch,100000,512,16,4,37328276,2092469987807476287
FLAT,collection,batch,100000,512,16,5,37127264,2092469987807476287
FLAT,collection,batch,100000,512,16,6,36932020,2092469987807476287
WARMUP,collection,single,32,8,3934363486
FLAT,collection,single,100000,512,32,0,495278022,-3031150442577658303
FLAT,collection,single,100000,512,32,1,512354624,-3031150442577658303
FLAT,collection,single,100000,512,32,2,500554129,-3031150442577658303
FLAT,collection,single,100000,512,32,3,498528573,-3031150442577658303
FLAT,collection,single,100000,512,32,4,497931586,-3031150442577658303
FLAT,collection,single,100000,512,32,5,489176871,-3031150442577658303
FLAT,collection,single,100000,512,32,6,493022675,-3031150442577658303
WARMUP,collection,batch,32,40,3045068074
FLAT,collection,batch,100000,512,32,0,77720420,-3031150442577658303
FLAT,collection,batch,100000,512,32,1,74886429,-3031150442577658303
FLAT,collection,batch,100000,512,32,2,74591566,-3031150442577658303
FLAT,collection,batch,100000,512,32,3,75375184,-3031150442577658303
FLAT,collection,batch,100000,512,32,4,76226294,-3031150442577658303
FLAT,collection,batch,100000,512,32,5,75337958,-3031150442577658303
FLAT,collection,batch,100000,512,32,6,74473748,-3031150442577658303
WARMUP,collection,single,64,8,7920098275
FLAT,collection,single,100000,512,64,0,996843517,4379747614244198658
FLAT,collection,single,100000,512,64,1,1084045902,4379747614244198658
FLAT,collection,single,100000,512,64,2,1006938663,4379747614244198658
FLAT,collection,single,100000,512,64,3,987518188,4379747614244198658
FLAT,collection,single,100000,512,64,4,1005744370,4379747614244198658
FLAT,collection,single,100000,512,64,5,987166034,4379747614244198658
FLAT,collection,single,100000,512,64,6,994042546,4379747614244198658
WARMUP,collection,batch,64,20,3046453893
FLAT,collection,batch,100000,512,64,0,149926505,4379747614244198658
FLAT,collection,batch,100000,512,64,1,152754207,4379747614244198658
FLAT,collection,batch,100000,512,64,2,153836494,4379747614244198658
FLAT,collection,batch,100000,512,64,3,153144704,4379747614244198658
FLAT,collection,batch,100000,512,64,4,195620385,4379747614244198658
FLAT,collection,batch,100000,512,64,5,170509149,4379747614244198658
FLAT,collection,batch,100000,512,64,6,169194142,4379747614244198658
