WARNING: Using incubator modules: jdk.incubator.vector
Oct 04, 2026 2:51:35 AM com.integrallis.vectors.core.PanamaVectorUtilSupportProvider create
INFO: vectors-core: Using Panama Vector API SIMD provider (vector bits: 256)
Oct 04, 2026 2:51:35 AM com.integrallis.vectors.core.VectorizationProvider logActiveToggles
INFO: vectors-core: provider=PanamaVectorUtilSupport panama=true maxBits=256 preferredBits=256 fastVectorFMA=true fastScalarFMA=true sve=false ggufParallel=true ggufParallelThreshold=1048576 ggufExecutor=persistent ggufThreads=8 ggufChunksPerThread=2 mappedKQuantLongOffsets=auto(q4=true,q5=false,q6=false) q4ShortPairwiseSupported=true q4UnsignedPairwiseSupported=true toggles=[(defaults — no -Dvectors.* overrides)]
WARMUP,glove,single,1,776,3000334793
FLAT,glove,single,100000,100,1,0,2774859,7167697522366443656
FLAT,glove,single,100000,100,1,1,2832436,7167697522366443656
FLAT,glove,single,100000,100,1,2,2831043,7167697522366443656
FLAT,glove,single,100000,100,1,3,2924794,7167697522366443656
FLAT,glove,single,100000,100,1,4,2844954,7167697522366443656
FLAT,glove,single,100000,100,1,5,2934198,7167697522366443656
FLAT,glove,single,100000,100,1,6,2891234,7167697522366443656
WARMUP,glove,batch,1,930,3000170552
FLAT,glove,batch,100000,100,1,0,2840999,7167697522366443656
FLAT,glove,batch,100000,100,1,1,2844874,7167697522366443656
FLAT,glove,batch,100000,100,1,2,2867638,7167697522366443656
FLAT,glove,batch,100000,100,1,3,2831313,7167697522366443656
FLAT,glove,batch,100000,100,1,4,2847779,7167697522366443656
FLAT,glove,batch,100000,100,1,5,2815160,7167697522366443656
FLAT,glove,batch,100000,100,1,6,2840939,7167697522366443656
WARMUP,glove,single,4,259,3008982196
FLAT,glove,single,100000,100,4,0,11336241,-5393426958338102730
FLAT,glove,single,100000,100,4,1,11437634,-5393426958338102730
FLAT,glove,single,100000,100,4,2,12001872,-5393426958338102730
FLAT,glove,single,100000,100,4,3,11701982,-5393426958338102730
FLAT,glove,single,100000,100,4,4,11475470,-5393426958338102730
FLAT,glove,single,100000,100,4,5,11547358,-5393426958338102730
FLAT,glove,single,100000,100,4,6,11443362,-5393426958338102730
WARMUP,glove,batch,4,902,3002764531
FLAT,glove,batch,100000,100,4,0,2878045,-5393426958338102730
FLAT,glove,batch,100000,100,4,1,2863122,-5393426958338102730
FLAT,glove,batch,100000,100,4,2,2892416,-5393426958338102730
FLAT,glove,batch,100000,100,4,3,2904204,-5393426958338102730
FLAT,glove,batch,100000,100,4,4,2873408,-5393426958338102730
FLAT,glove,batch,100000,100,4,5,2894939,-5393426958338102730
FLAT,glove,batch,100000,100,4,6,2860268,-5393426958338102730
WARMUP,glove,single,16,63,3000386184
FLAT,glove,single,100000,100,16,0,44140339,-4616742646284636308
FLAT,glove,single,100000,100,16,1,43989531,-4616742646284636308
FLAT,glove,single,100000,100,16,2,44032376,-4616742646284636308
FLAT,glove,single,100000,100,16,3,44229641,-4616742646284636308
FLAT,glove,single,100000,100,16,4,44192927,-4616742646284636308
FLAT,glove,single,100000,100,16,5,44245145,-4616742646284636308
FLAT,glove,single,100000,100,16,6,44503052,-4616742646284636308
WARMUP,glove,batch,16,287,3000838081
FLAT,glove,batch,100000,100,16,0,11214019,-4616742646284636308
FLAT,glove,batch,100000,100,16,1,10382580,-4616742646284636308
FLAT,glove,batch,100000,100,16,2,10145193,-4616742646284636308
FLAT,glove,batch,100000,100,16,3,8650978,-4616742646284636308
FLAT,glove,batch,100000,100,16,4,8848654,-4616742646284636308
FLAT,glove,batch,100000,100,16,5,8429806,-4616742646284636308
FLAT,glove,batch,100000,100,16,6,8443827,-4616742646284636308
WARMUP,glove,single,32,34,3014730670
FLAT,glove,single,100000,100,32,0,88745656,1177092119961519121
FLAT,glove,single,100000,100,32,1,88559257,1177092119961519121
FLAT,glove,single,100000,100,32,2,88980851,1177092119961519121
FLAT,glove,single,100000,100,32,3,89118336,1177092119961519121
FLAT,glove,single,100000,100,32,4,88491315,1177092119961519121
FLAT,glove,single,100000,100,32,5,88182941,1177092119961519121
FLAT,glove,single,100000,100,32,6,88070853,1177092119961519121
WARMUP,glove,batch,32,173,3008716437
FLAT,glove,batch,100000,100,32,0,16648154,1177092119961519121
FLAT,glove,batch,100000,100,32,1,16618369,1177092119961519121
FLAT,glove,batch,100000,100,32,2,16719881,1177092119961519121
FLAT,glove,batch,100000,100,32,3,16722305,1177092119961519121
FLAT,glove,batch,100000,100,32,4,16798740,1177092119961519121
FLAT,glove,batch,100000,100,32,5,16783597,1177092119961519121
FLAT,glove,batch,100000,100,32,6,16896166,1177092119961519121
WARMUP,glove,single,64,17,3054124659
FLAT,glove,single,100000,100,64,0,177832822,7293109510488223649
FLAT,glove,single,100000,100,64,1,176692009,7293109510488223649
FLAT,glove,single,100000,100,64,2,177586274,7293109510488223649
FLAT,glove,single,100000,100,64,3,177486703,7293109510488223649
FLAT,glove,single,100000,100,64,4,178642671,7293109510488223649
FLAT,glove,single,100000,100,64,5,179035992,7293109510488223649
FLAT,glove,single,100000,100,64,6,179094650,7293109510488223649
WARMUP,glove,batch,64,89,3003791387
FLAT,glove,batch,100000,100,64,0,33997964,7293109510488223649
FLAT,glove,batch,100000,100,64,1,33929620,7293109510488223649
FLAT,glove,batch,100000,100,64,2,37315828,7293109510488223649
FLAT,glove,batch,100000,100,64,3,33999676,7293109510488223649
FLAT,glove,batch,100000,100,64,4,33639444,7293109510488223649
FLAT,glove,batch,100000,100,64,5,34161198,7293109510488223649
FLAT,glove,batch,100000,100,64,6,34150742,7293109510488223649
