WARNING: Using incubator modules: jdk.incubator.vector
Oct 04, 2026 2:56:59 AM com.integrallis.vectors.core.PanamaVectorUtilSupportProvider create
INFO: vectors-core: Using Panama Vector API SIMD provider (vector bits: 256)
Oct 04, 2026 2:56:59 AM com.integrallis.vectors.core.VectorizationProvider logActiveToggles
INFO: vectors-core: provider=PanamaVectorUtilSupport panama=true maxBits=256 preferredBits=256 fastVectorFMA=true fastScalarFMA=true sve=false ggufParallel=true ggufParallelThreshold=1048576 ggufExecutor=persistent ggufThreads=8 ggufChunksPerThread=2 mappedKQuantLongOffsets=auto(q4=true,q5=false,q6=false) q4ShortPairwiseSupported=true q4UnsignedPairwiseSupported=true toggles=[(defaults — no -Dvectors.* overrides)]
WARMUP,glove,single,1,881,3002745873
FLAT,glove,single,100000,100,1,0,2912640,7167697522366443656
FLAT,glove,single,100000,100,1,1,2848683,7167697522366443656
FLAT,glove,single,100000,100,1,2,2886199,7167697522366443656
FLAT,glove,single,100000,100,1,3,2875553,7167697522366443656
FLAT,glove,single,100000,100,1,4,2819589,7167697522366443656
FLAT,glove,single,100000,100,1,5,2891287,7167697522366443656
FLAT,glove,single,100000,100,1,6,2947040,7167697522366443656
WARMUP,glove,batch,1,1007,3002300267
FLAT,glove,batch,100000,100,1,0,2850806,7167697522366443656
FLAT,glove,batch,100000,100,1,1,2868112,7167697522366443656
FLAT,glove,batch,100000,100,1,2,2891187,7167697522366443656
FLAT,glove,batch,100000,100,1,3,2866941,7167697522366443656
FLAT,glove,batch,100000,100,1,4,2848813,7167697522366443656
FLAT,glove,batch,100000,100,1,5,2951107,7167697522366443656
FLAT,glove,batch,100000,100,1,6,2883346,7167697522366443656
WARMUP,glove,single,4,265,3003854388
FLAT,glove,single,100000,100,4,0,11147661,-5393426958338102730
FLAT,glove,single,100000,100,4,1,11129614,-5393426958338102730
FLAT,glove,single,100000,100,4,2,11359641,-5393426958338102730
FLAT,glove,single,100000,100,4,3,11124326,-5393426958338102730
FLAT,glove,single,100000,100,4,4,11215593,-5393426958338102730
FLAT,glove,single,100000,100,4,5,11151668,-5393426958338102730
FLAT,glove,single,100000,100,4,6,11039540,-5393426958338102730
WARMUP,glove,batch,4,904,3001758341
FLAT,glove,batch,100000,100,4,0,2929414,-5393426958338102730
FLAT,glove,batch,100000,100,4,1,2869414,-5393426958338102730
FLAT,glove,batch,100000,100,4,2,2854732,-5393426958338102730
FLAT,glove,batch,100000,100,4,3,2900881,-5393426958338102730
FLAT,glove,batch,100000,100,4,4,2835563,-5393426958338102730
FLAT,glove,batch,100000,100,4,5,2874342,-5393426958338102730
FLAT,glove,batch,100000,100,4,6,2867542,-5393426958338102730
WARMUP,glove,single,16,65,3002456736
FLAT,glove,single,100000,100,16,0,44817146,-4616742646284636308
FLAT,glove,single,100000,100,16,1,45471882,-4616742646284636308
FLAT,glove,single,100000,100,16,2,44180530,-4616742646284636308
FLAT,glove,single,100000,100,16,3,44792531,-4616742646284636308
FLAT,glove,single,100000,100,16,4,45002136,-4616742646284636308
FLAT,glove,single,100000,100,16,5,45518652,-4616742646284636308
FLAT,glove,single,100000,100,16,6,44278958,-4616742646284636308
WARMUP,glove,batch,16,314,3008281930
FLAT,glove,batch,100000,100,16,0,8458549,-4616742646284636308
FLAT,glove,batch,100000,100,16,1,8528574,-4616742646284636308
FLAT,glove,batch,100000,100,16,2,8472609,-4616742646284636308
FLAT,glove,batch,100000,100,16,3,8427231,-4616742646284636308
FLAT,glove,batch,100000,100,16,4,8495685,-4616742646284636308
FLAT,glove,batch,100000,100,16,5,8503987,-4616742646284636308
FLAT,glove,batch,100000,100,16,6,8492179,-4616742646284636308
WARMUP,glove,single,32,33,3026390522
FLAT,glove,single,100000,100,32,0,89268247,1177092119961519121
FLAT,glove,single,100000,100,32,1,89285402,1177092119961519121
FLAT,glove,single,100000,100,32,2,90693068,1177092119961519121
FLAT,glove,single,100000,100,32,3,89024339,1177092119961519121
FLAT,glove,single,100000,100,32,4,88150766,1177092119961519121
FLAT,glove,single,100000,100,32,5,87928652,1177092119961519121
FLAT,glove,single,100000,100,32,6,87753019,1177092119961519121
WARMUP,glove,batch,32,176,3014665321
FLAT,glove,batch,100000,100,32,0,16882986,1177092119961519121
FLAT,glove,batch,100000,100,32,1,16809135,1177092119961519121
FLAT,glove,batch,100000,100,32,2,16778940,1177092119961519121
FLAT,glove,batch,100000,100,32,3,16875825,1177092119961519121
FLAT,glove,batch,100000,100,32,4,16917718,1177092119961519121
FLAT,glove,batch,100000,100,32,5,16870166,1177092119961519121
FLAT,glove,batch,100000,100,32,6,16921344,1177092119961519121
WARMUP,glove,single,64,17,3037305739
FLAT,glove,single,100000,100,64,0,179190671,7293109510488223649
FLAT,glove,single,100000,100,64,1,177589242,7293109510488223649
FLAT,glove,single,100000,100,64,2,178030045,7293109510488223649
FLAT,glove,single,100000,100,64,3,177308329,7293109510488223649
FLAT,glove,single,100000,100,64,4,178204338,7293109510488223649
FLAT,glove,single,100000,100,64,5,177912539,7293109510488223649
FLAT,glove,single,100000,100,64,6,178282685,7293109510488223649
WARMUP,glove,batch,64,90,3015171401
FLAT,glove,batch,100000,100,64,0,33625591,7293109510488223649
FLAT,glove,batch,100000,100,64,1,33337529,7293109510488223649
FLAT,glove,batch,100000,100,64,2,33421925,7293109510488223649
FLAT,glove,batch,100000,100,64,3,33500323,7293109510488223649
FLAT,glove,batch,100000,100,64,4,33504740,7293109510488223649
FLAT,glove,batch,100000,100,64,5,33485681,7293109510488223649
FLAT,glove,batch,100000,100,64,6,33580262,7293109510488223649
