WARNING: Using incubator modules: jdk.incubator.vector
Oct 04, 2026 2:54:35 AM com.integrallis.vectors.core.PanamaVectorUtilSupportProvider create
INFO: vectors-core: Using Panama Vector API SIMD provider (vector bits: 256)
Oct 04, 2026 2:54:35 AM com.integrallis.vectors.core.VectorizationProvider logActiveToggles
INFO: vectors-core: provider=PanamaVectorUtilSupport panama=true maxBits=256 preferredBits=256 fastVectorFMA=true fastScalarFMA=true sve=false ggufParallel=true ggufParallelThreshold=1048576 ggufExecutor=persistent ggufThreads=8 ggufChunksPerThread=2 mappedKQuantLongOffsets=auto(q4=true,q5=false,q6=false) q4ShortPairwiseSupported=true q4UnsignedPairwiseSupported=true toggles=[(defaults — no -Dvectors.* overrides)]
WARMUP,fashion-control,single,1,164,3007560120
FLAT,fashion-control,single,60000,784,1,0,15403745,2916591807911878032
FLAT,fashion-control,single,60000,784,1,1,16118428,2916591807911878032
FLAT,fashion-control,single,60000,784,1,2,15416093,2916591807911878032
FLAT,fashion-control,single,60000,784,1,3,15507991,2916591807911878032
FLAT,fashion-control,single,60000,784,1,4,15200199,2916591807911878032
FLAT,fashion-control,single,60000,784,1,5,15466919,2916591807911878032
FLAT,fashion-control,single,60000,784,1,6,15235932,2916591807911878032
WARMUP,fashion-control,batch,1,193,3014759334
FLAT,fashion-control,batch,60000,784,1,0,16030706,2916591807911878032
FLAT,fashion-control,batch,60000,784,1,1,17059963,2916591807911878032
FLAT,fashion-control,batch,60000,784,1,2,17917482,2916591807911878032
FLAT,fashion-control,batch,60000,784,1,3,17350459,2916591807911878032
FLAT,fashion-control,batch,60000,784,1,4,16857028,2916591807911878032
FLAT,fashion-control,batch,60000,784,1,5,17804392,2916591807911878032
FLAT,fashion-control,batch,60000,784,1,6,16191569,2916591807911878032
WARMUP,fashion-control,single,4,48,3016959323
FLAT,fashion-control,single,60000,784,4,0,62143362,3519200865979862387
FLAT,fashion-control,single,60000,784,4,1,61643400,3519200865979862387
FLAT,fashion-control,single,60000,784,4,2,63108492,3519200865979862387
FLAT,fashion-control,single,60000,784,4,3,63480241,3519200865979862387
FLAT,fashion-control,single,60000,784,4,4,63226840,3519200865979862387
FLAT,fashion-control,single,60000,784,4,5,63227001,3519200865979862387
FLAT,fashion-control,single,60000,784,4,6,62675742,3519200865979862387
WARMUP,fashion-control,batch,4,194,3005824785
FLAT,fashion-control,batch,60000,784,4,0,15386830,3519200865979862387
FLAT,fashion-control,batch,60000,784,4,1,15571648,3519200865979862387
FLAT,fashion-control,batch,60000,784,4,2,16029616,3519200865979862387
FLAT,fashion-control,batch,60000,784,4,3,15372598,3519200865979862387
FLAT,fashion-control,batch,60000,784,4,4,15473750,3519200865979862387
FLAT,fashion-control,batch,60000,784,4,5,15605067,3519200865979862387
FLAT,fashion-control,batch,60000,784,4,6,15595383,3519200865979862387
WARMUP,fashion-control,single,16,13,3161198873
FLAT,fashion-control,single,60000,784,16,0,245072960,-5621565102746882368
FLAT,fashion-control,single,60000,784,16,1,248325510,-5621565102746882368
FLAT,fashion-control,single,60000,784,16,2,245961897,-5621565102746882368
FLAT,fashion-control,single,60000,784,16,3,250678156,-5621565102746882368
FLAT,fashion-control,single,60000,784,16,4,254489535,-5621565102746882368
FLAT,fashion-control,single,60000,784,16,5,251446402,-5621565102746882368
FLAT,fashion-control,single,60000,784,16,6,250954682,-5621565102746882368
WARMUP,fashion-control,batch,16,66,3039488853
FLAT,fashion-control,batch,60000,784,16,0,47425980,-5621565102746882368
FLAT,fashion-control,batch,60000,784,16,1,47663388,-5621565102746882368
FLAT,fashion-control,batch,60000,784,16,2,46979450,-5621565102746882368
FLAT,fashion-control,batch,60000,784,16,3,47895306,-5621565102746882368
FLAT,fashion-control,batch,60000,784,16,4,46924517,-5621565102746882368
FLAT,fashion-control,batch,60000,784,16,5,46992049,-5621565102746882368
FLAT,fashion-control,batch,60000,784,16,6,47023607,-5621565102746882368
WARMUP,fashion-control,single,32,8,3909488715
FLAT,fashion-control,single,60000,784,32,0,495997051,-3449808930485460012
FLAT,fashion-control,single,60000,784,32,1,503609286,-3449808930485460012
FLAT,fashion-control,single,60000,784,32,2,492054346,-3449808930485460012
FLAT,fashion-control,single,60000,784,32,3,501868109,-3449808930485460012
FLAT,fashion-control,single,60000,784,32,4,500263757,-3449808930485460012
FLAT,fashion-control,single,60000,784,32,5,501796964,-3449808930485460012
FLAT,fashion-control,single,60000,784,32,6,496508265,-3449808930485460012
WARMUP,fashion-control,batch,32,33,3061687671
FLAT,fashion-control,batch,60000,784,32,0,86673772,-3449808930485460012
FLAT,fashion-control,batch,60000,784,32,1,86838449,-3449808930485460012
FLAT,fashion-control,batch,60000,784,32,2,86065868,-3449808930485460012
FLAT,fashion-control,batch,60000,784,32,3,86752310,-3449808930485460012
FLAT,fashion-control,batch,60000,784,32,4,87298250,-3449808930485460012
FLAT,fashion-control,batch,60000,784,32,5,87296068,-3449808930485460012
FLAT,fashion-control,batch,60000,784,32,6,89103385,-3449808930485460012
WARMUP,fashion-control,single,64,8,7718745422
FLAT,fashion-control,single,60000,784,64,0,977159525,-2611455073570894421
FLAT,fashion-control,single,60000,784,64,1,973307198,-2611455073570894421
FLAT,fashion-control,single,60000,784,64,2,970163204,-2611455073570894421
FLAT,fashion-control,single,60000,784,64,3,952998945,-2611455073570894421
FLAT,fashion-control,single,60000,784,64,4,967525275,-2611455073570894421
FLAT,fashion-control,single,60000,784,64,5,960532114,-2611455073570894421
FLAT,fashion-control,single,60000,784,64,6,953217222,-2611455073570894421
WARMUP,fashion-control,batch,64,17,3031401585
FLAT,fashion-control,batch,60000,784,64,0,172436044,-2611455073570894421
FLAT,fashion-control,batch,60000,784,64,1,175614352,-2611455073570894421
FLAT,fashion-control,batch,60000,784,64,2,174144002,-2611455073570894421
FLAT,fashion-control,batch,60000,784,64,3,172583926,-2611455073570894421
FLAT,fashion-control,batch,60000,784,64,4,173474545,-2611455073570894421
FLAT,fashion-control,batch,60000,784,64,5,173515677,-2611455073570894421
FLAT,fashion-control,batch,60000,784,64,6,173371310,-2611455073570894421
