WARNING: Using incubator modules: jdk.incubator.vector
Oct 04, 2026 2:52:46 AM com.integrallis.vectors.core.PanamaVectorUtilSupportProvider create
INFO: vectors-core: Using Panama Vector API SIMD provider (vector bits: 256)
Oct 04, 2026 2:52:46 AM com.integrallis.vectors.core.VectorizationProvider logActiveToggles
INFO: vectors-core: provider=PanamaVectorUtilSupport panama=true maxBits=256 preferredBits=256 fastVectorFMA=true fastScalarFMA=true sve=false ggufParallel=true ggufParallelThreshold=1048576 ggufExecutor=persistent ggufThreads=8 ggufChunksPerThread=2 mappedKQuantLongOffsets=auto(q4=true,q5=false,q6=false) q4ShortPairwiseSupported=true q4UnsignedPairwiseSupported=true toggles=[(defaults — no -Dvectors.* overrides)]
WARMUP,collection,single,1,136,3011819104
FLAT,collection,single,100000,512,1,0,16372574,-2561075354683905283
FLAT,collection,single,100000,512,1,1,16958233,-2561075354683905283
FLAT,collection,single,100000,512,1,2,17496481,-2561075354683905283
FLAT,collection,single,100000,512,1,3,17375580,-2561075354683905283
FLAT,collection,single,100000,512,1,4,17003791,-2561075354683905283
FLAT,collection,single,100000,512,1,5,17365617,-2561075354683905283
FLAT,collection,single,100000,512,1,6,16877412,-2561075354683905283
WARMUP,collection,batch,1,180,3013982136
FLAT,collection,batch,100000,512,1,0,16918103,-2561075354683905283
FLAT,collection,batch,100000,512,1,1,16820237,-2561075354683905283
FLAT,collection,batch,100000,512,1,2,16860177,-2561075354683905283
FLAT,collection,batch,100000,512,1,3,16499644,-2561075354683905283
FLAT,collection,batch,100000,512,1,4,16872245,-2561075354683905283
FLAT,collection,batch,100000,512,1,5,17243783,-2561075354683905283
FLAT,collection,batch,100000,512,1,6,16408067,-2561075354683905283
WARMUP,collection,single,4,45,3057829238
FLAT,collection,single,100000,512,4,0,68457924,-8103726781922252096
FLAT,collection,single,100000,512,4,1,64071372,-8103726781922252096
FLAT,collection,single,100000,512,4,2,67272131,-8103726781922252096
FLAT,collection,single,100000,512,4,3,66312941,-8103726781922252096
FLAT,collection,single,100000,512,4,4,67059232,-8103726781922252096
FLAT,collection,single,100000,512,4,5,66836206,-8103726781922252096
FLAT,collection,single,100000,512,4,6,63786764,-8103726781922252096
WARMUP,collection,batch,4,188,3008965475
FLAT,collection,batch,100000,512,4,0,15027092,-8103726781922252096
FLAT,collection,batch,100000,512,4,1,15077308,-8103726781922252096
FLAT,collection,batch,100000,512,4,2,15141162,-8103726781922252096
FLAT,collection,batch,100000,512,4,3,15282756,-8103726781922252096
FLAT,collection,batch,100000,512,4,4,15641125,-8103726781922252096
FLAT,collection,batch,100000,512,4,5,15106200,-8103726781922252096
FLAT,collection,batch,100000,512,4,6,14883747,-8103726781922252096
WARMUP,collection,single,16,12,3171593416
FLAT,collection,single,100000,512,16,0,261654865,2092469987807476287
FLAT,collection,single,100000,512,16,1,256394491,2092469987807476287
FLAT,collection,single,100000,512,16,2,257321284,2092469987807476287
FLAT,collection,single,100000,512,16,3,258257200,2092469987807476287
FLAT,collection,single,100000,512,16,4,262017651,2092469987807476287
FLAT,collection,single,100000,512,16,5,255963724,2092469987807476287
FLAT,collection,single,100000,512,16,6,261679284,2092469987807476287
WARMUP,collection,batch,16,70,3020653177
FLAT,collection,batch,100000,512,16,0,39448983,2092469987807476287
FLAT,collection,batch,100000,512,16,1,39501472,2092469987807476287
FLAT,collection,batch,100000,512,16,2,39282203,2092469987807476287
FLAT,collection,batch,100000,512,16,3,47425891,2092469987807476287
FLAT,collection,batch,100000,512,16,4,39295714,2092469987807476287
FLAT,collection,batch,100000,512,16,5,39880131,2092469987807476287
FLAT,collection,batch,100000,512,16,6,40226752,2092469987807476287
WARMUP,collection,single,32,8,4134266247
FLAT,collection,single,100000,512,32,0,517586382,-3031150442577658303
FLAT,collection,single,100000,512,32,1,523983666,-3031150442577658303
FLAT,collection,single,100000,512,32,2,523495084,-3031150442577658303
FLAT,collection,single,100000,512,32,3,527409698,-3031150442577658303
FLAT,collection,single,100000,512,32,4,524416910,-3031150442577658303
FLAT,collection,single,100000,512,32,5,537504261,-3031150442577658303
FLAT,collection,single,100000,512,32,6,522681336,-3031150442577658303
WARMUP,collection,batch,32,37,3030060845
FLAT,collection,batch,100000,512,32,0,79419555,-3031150442577658303
FLAT,collection,batch,100000,512,32,1,77542504,-3031150442577658303
FLAT,collection,batch,100000,512,32,2,77681713,-3031150442577658303
FLAT,collection,batch,100000,512,32,3,80217924,-3031150442577658303
FLAT,collection,batch,100000,512,32,4,78944411,-3031150442577658303
FLAT,collection,batch,100000,512,32,5,79969772,-3031150442577658303
FLAT,collection,batch,100000,512,32,6,78698320,-3031150442577658303
WARMUP,collection,single,64,8,8306268813
FLAT,collection,single,100000,512,64,0,1013505612,4379747614244198658
FLAT,collection,single,100000,512,64,1,992205845,4379747614244198658
FLAT,collection,single,100000,512,64,2,1001450954,4379747614244198658
FLAT,collection,single,100000,512,64,3,1003390763,4379747614244198658
FLAT,collection,single,100000,512,64,4,1010596307,4379747614244198658
FLAT,collection,single,100000,512,64,5,999322947,4379747614244198658
FLAT,collection,single,100000,512,64,6,986677918,4379747614244198658
WARMUP,collection,batch,64,20,3091423612
FLAT,collection,batch,100000,512,64,0,152021935,4379747614244198658
FLAT,collection,batch,100000,512,64,1,153642532,4379747614244198658
FLAT,collection,batch,100000,512,64,2,156366825,4379747614244198658
FLAT,collection,batch,100000,512,64,3,158530789,4379747614244198658
FLAT,collection,batch,100000,512,64,4,154596074,4379747614244198658
FLAT,collection,batch,100000,512,64,5,154258828,4379747614244198658
FLAT,collection,batch,100000,512,64,6,156823944,4379747614244198658
