WARNING: Using incubator modules: jdk.incubator.vector
Oct 04, 2026 3:04:11 AM com.integrallis.vectors.core.PanamaVectorUtilSupportProvider create
INFO: vectors-core: Using Panama Vector API SIMD provider (vector bits: 256)
Oct 04, 2026 3:04:11 AM com.integrallis.vectors.core.VectorizationProvider logActiveToggles
INFO: vectors-core: provider=PanamaVectorUtilSupport panama=true maxBits=256 preferredBits=256 fastVectorFMA=true fastScalarFMA=true sve=false ggufParallel=true ggufParallelThreshold=1048576 ggufExecutor=persistent ggufThreads=8 ggufChunksPerThread=2 mappedKQuantLongOffsets=auto(q4=true,q5=false,q6=false) q4ShortPairwiseSupported=true q4UnsignedPairwiseSupported=true toggles=[(defaults — no -Dvectors.* overrides)]
WARMUP,fashion-control,single,1,162,3012252409
FLAT,fashion-control,single,60000,784,1,0,15882002,2916591807911878032
FLAT,fashion-control,single,60000,784,1,1,15834680,2916591807911878032
FLAT,fashion-control,single,60000,784,1,2,15662692,2916591807911878032
FLAT,fashion-control,single,60000,784,1,3,16049284,2916591807911878032
FLAT,fashion-control,single,60000,784,1,4,16182745,2916591807911878032
FLAT,fashion-control,single,60000,784,1,5,16318910,2916591807911878032
FLAT,fashion-control,single,60000,784,1,6,16545681,2916591807911878032
WARMUP,fashion-control,batch,1,192,3007383125
FLAT,fashion-control,batch,60000,784,1,0,15420369,2916591807911878032
FLAT,fashion-control,batch,60000,784,1,1,15730354,2916591807911878032
FLAT,fashion-control,batch,60000,784,1,2,15564154,2916591807911878032
FLAT,fashion-control,batch,60000,784,1,3,15426917,2916591807911878032
FLAT,fashion-control,batch,60000,784,1,4,15454159,2916591807911878032
FLAT,fashion-control,batch,60000,784,1,5,15602653,2916591807911878032
FLAT,fashion-control,batch,60000,784,1,6,15571315,2916591807911878032
WARMUP,fashion-control,single,4,48,3022269609
FLAT,fashion-control,single,60000,784,4,0,59827573,3519200865979862387
FLAT,fashion-control,single,60000,784,4,1,59021581,3519200865979862387
FLAT,fashion-control,single,60000,784,4,2,60103527,3519200865979862387
FLAT,fashion-control,single,60000,784,4,3,60461347,3519200865979862387
FLAT,fashion-control,single,60000,784,4,4,58691363,3519200865979862387
FLAT,fashion-control,single,60000,784,4,5,58941310,3519200865979862387
FLAT,fashion-control,single,60000,784,4,6,61830606,3519200865979862387
WARMUP,fashion-control,batch,4,197,3008753800
FLAT,fashion-control,batch,60000,784,4,0,14689489,3519200865979862387
FLAT,fashion-control,batch,60000,784,4,1,16646011,3519200865979862387
FLAT,fashion-control,batch,60000,784,4,2,14605963,3519200865979862387
FLAT,fashion-control,batch,60000,784,4,3,14820635,3519200865979862387
FLAT,fashion-control,batch,60000,784,4,4,14568987,3519200865979862387
FLAT,fashion-control,batch,60000,784,4,5,14657040,3519200865979862387
FLAT,fashion-control,batch,60000,784,4,6,14364639,3519200865979862387
WARMUP,fashion-control,single,16,13,3140049288
FLAT,fashion-control,single,60000,784,16,0,237016682,-5621565102746882368
FLAT,fashion-control,single,60000,784,16,1,236945255,-5621565102746882368
FLAT,fashion-control,single,60000,784,16,2,245923272,-5621565102746882368
FLAT,fashion-control,single,60000,784,16,3,250906848,-5621565102746882368
FLAT,fashion-control,single,60000,784,16,4,243975232,-5621565102746882368
FLAT,fashion-control,single,60000,784,16,5,234335730,-5621565102746882368
FLAT,fashion-control,single,60000,784,16,6,242722897,-5621565102746882368
WARMUP,fashion-control,batch,16,64,3043948143
FLAT,fashion-control,batch,60000,784,16,0,60550621,-5621565102746882368
FLAT,fashion-control,batch,60000,784,16,1,47844937,-5621565102746882368
FLAT,fashion-control,batch,60000,784,16,2,47419808,-5621565102746882368
FLAT,fashion-control,batch,60000,784,16,3,47085584,-5621565102746882368
FLAT,fashion-control,batch,60000,784,16,4,48038918,-5621565102746882368
FLAT,fashion-control,batch,60000,784,16,5,49109259,-5621565102746882368
FLAT,fashion-control,batch,60000,784,16,6,48695226,-5621565102746882368
WARMUP,fashion-control,single,32,8,3806154378
FLAT,fashion-control,single,60000,784,32,0,494128230,-3449808930485460012
FLAT,fashion-control,single,60000,784,32,1,477962330,-3449808930485460012
FLAT,fashion-control,single,60000,784,32,2,475979928,-3449808930485460012
FLAT,fashion-control,single,60000,784,32,3,482044933,-3449808930485460012
FLAT,fashion-control,single,60000,784,32,4,477096058,-3449808930485460012
FLAT,fashion-control,single,60000,784,32,5,482129631,-3449808930485460012
FLAT,fashion-control,single,60000,784,32,6,489037383,-3449808930485460012
WARMUP,fashion-control,batch,32,31,3093827018
FLAT,fashion-control,batch,60000,784,32,0,94323680,-3449808930485460012
FLAT,fashion-control,batch,60000,784,32,1,94557832,-3449808930485460012
FLAT,fashion-control,batch,60000,784,32,2,94069968,-3449808930485460012
FLAT,fashion-control,batch,60000,784,32,3,93599131,-3449808930485460012
FLAT,fashion-control,batch,60000,784,32,4,92500637,-3449808930485460012
FLAT,fashion-control,batch,60000,784,32,5,93554574,-3449808930485460012
FLAT,fashion-control,batch,60000,784,32,6,93668515,-3449808930485460012
WARMUP,fashion-control,single,64,8,7808640367
FLAT,fashion-control,single,60000,784,64,0,969757527,-2611455073570894421
FLAT,fashion-control,single,60000,784,64,1,992641185,-2611455073570894421
FLAT,fashion-control,single,60000,784,64,2,1000885288,-2611455073570894421
FLAT,fashion-control,single,60000,784,64,3,997815953,-2611455073570894421
FLAT,fashion-control,single,60000,784,64,4,961105255,-2611455073570894421
FLAT,fashion-control,single,60000,784,64,5,984315764,-2611455073570894421
FLAT,fashion-control,single,60000,784,64,6,976230942,-2611455073570894421
WARMUP,fashion-control,batch,64,16,3064179931
FLAT,fashion-control,batch,60000,784,64,0,195385642,-2611455073570894421
FLAT,fashion-control,batch,60000,784,64,1,192521222,-2611455073570894421
FLAT,fashion-control,batch,60000,784,64,2,188697860,-2611455073570894421
FLAT,fashion-control,batch,60000,784,64,3,189635931,-2611455073570894421
FLAT,fashion-control,batch,60000,784,64,4,189052143,-2611455073570894421
FLAT,fashion-control,batch,60000,784,64,5,191121896,-2611455073570894421
FLAT,fashion-control,batch,60000,784,64,6,193351421,-2611455073570894421
