WARNING: Using incubator modules: jdk.incubator.vector
Oct 04, 2026 3:00:17 AM com.integrallis.vectors.core.PanamaVectorUtilSupportProvider create
INFO: vectors-core: Using Panama Vector API SIMD provider (vector bits: 256)
Oct 04, 2026 3:00:17 AM com.integrallis.vectors.core.VectorizationProvider logActiveToggles
INFO: vectors-core: provider=PanamaVectorUtilSupport panama=true maxBits=256 preferredBits=256 fastVectorFMA=true fastScalarFMA=true sve=false ggufParallel=true ggufParallelThreshold=1048576 ggufExecutor=persistent ggufThreads=8 ggufChunksPerThread=2 mappedKQuantLongOffsets=auto(q4=true,q5=false,q6=false) q4ShortPairwiseSupported=true q4UnsignedPairwiseSupported=true toggles=[(defaults — no -Dvectors.* overrides)]
WARMUP,fashion-control,single,1,159,3004488011
FLAT,fashion-control,single,60000,784,1,0,16488289,2916591807911878032
FLAT,fashion-control,single,60000,784,1,1,15921736,2916591807911878032
FLAT,fashion-control,single,60000,784,1,2,16456491,2916591807911878032
FLAT,fashion-control,single,60000,784,1,3,15410628,2916591807911878032
FLAT,fashion-control,single,60000,784,1,4,15129304,2916591807911878032
FLAT,fashion-control,single,60000,784,1,5,15607555,2916591807911878032
FLAT,fashion-control,single,60000,784,1,6,15455757,2916591807911878032
WARMUP,fashion-control,batch,1,185,3011201706
FLAT,fashion-control,batch,60000,784,1,0,16374839,2916591807911878032
FLAT,fashion-control,batch,60000,784,1,1,15962278,2916591807911878032
FLAT,fashion-control,batch,60000,784,1,2,15534184,2916591807911878032
FLAT,fashion-control,batch,60000,784,1,3,16062438,2916591807911878032
FLAT,fashion-control,batch,60000,784,1,4,16181918,2916591807911878032
FLAT,fashion-control,batch,60000,784,1,5,15881816,2916591807911878032
FLAT,fashion-control,batch,60000,784,1,6,15584570,2916591807911878032
WARMUP,fashion-control,single,4,49,3062140517
FLAT,fashion-control,single,60000,784,4,0,60774397,3519200865979862387
FLAT,fashion-control,single,60000,784,4,1,58807008,3519200865979862387
FLAT,fashion-control,single,60000,784,4,2,60073001,3519200865979862387
FLAT,fashion-control,single,60000,784,4,3,61895233,3519200865979862387
FLAT,fashion-control,single,60000,784,4,4,64350715,3519200865979862387
FLAT,fashion-control,single,60000,784,4,5,60172501,3519200865979862387
FLAT,fashion-control,single,60000,784,4,6,60739905,3519200865979862387
WARMUP,fashion-control,batch,4,193,3002008896
FLAT,fashion-control,batch,60000,784,4,0,14744897,3519200865979862387
FLAT,fashion-control,batch,60000,784,4,1,14714912,3519200865979862387
FLAT,fashion-control,batch,60000,784,4,2,14344494,3519200865979862387
FLAT,fashion-control,batch,60000,784,4,3,14672739,3519200865979862387
FLAT,fashion-control,batch,60000,784,4,4,14426117,3519200865979862387
FLAT,fashion-control,batch,60000,784,4,5,14601983,3519200865979862387
FLAT,fashion-control,batch,60000,784,4,6,14724276,3519200865979862387
WARMUP,fashion-control,single,16,13,3172574752
FLAT,fashion-control,single,60000,784,16,0,246966038,-5621565102746882368
FLAT,fashion-control,single,60000,784,16,1,245440685,-5621565102746882368
FLAT,fashion-control,single,60000,784,16,2,244990818,-5621565102746882368
FLAT,fashion-control,single,60000,784,16,3,238465503,-5621565102746882368
FLAT,fashion-control,single,60000,784,16,4,242656707,-5621565102746882368
FLAT,fashion-control,single,60000,784,16,5,240273592,-5621565102746882368
FLAT,fashion-control,single,60000,784,16,6,247031047,-5621565102746882368
WARMUP,fashion-control,batch,16,60,3010136044
FLAT,fashion-control,batch,60000,784,16,0,49741944,-5621565102746882368
FLAT,fashion-control,batch,60000,784,16,1,48828210,-5621565102746882368
FLAT,fashion-control,batch,60000,784,16,2,50530050,-5621565102746882368
FLAT,fashion-control,batch,60000,784,16,3,49717087,-5621565102746882368
FLAT,fashion-control,batch,60000,784,16,4,49141090,-5621565102746882368
FLAT,fashion-control,batch,60000,784,16,5,61708343,-5621565102746882368
FLAT,fashion-control,batch,60000,784,16,6,50351412,-5621565102746882368
WARMUP,fashion-control,single,32,8,4001322865
FLAT,fashion-control,single,60000,784,32,0,515927837,-3449808930485460012
FLAT,fashion-control,single,60000,784,32,1,497828906,-3449808930485460012
FLAT,fashion-control,single,60000,784,32,2,492701663,-3449808930485460012
FLAT,fashion-control,single,60000,784,32,3,496948112,-3449808930485460012
FLAT,fashion-control,single,60000,784,32,4,498719406,-3449808930485460012
FLAT,fashion-control,single,60000,784,32,5,505801908,-3449808930485460012
FLAT,fashion-control,single,60000,784,32,6,507220204,-3449808930485460012
WARMUP,fashion-control,batch,32,30,3087226023
FLAT,fashion-control,batch,60000,784,32,0,100645639,-3449808930485460012
FLAT,fashion-control,batch,60000,784,32,1,101265000,-3449808930485460012
FLAT,fashion-control,batch,60000,784,32,2,101304860,-3449808930485460012
FLAT,fashion-control,batch,60000,784,32,3,101008785,-3449808930485460012
FLAT,fashion-control,batch,60000,784,32,4,101015454,-3449808930485460012
FLAT,fashion-control,batch,60000,784,32,5,102058955,-3449808930485460012
FLAT,fashion-control,batch,60000,784,32,6,102351274,-3449808930485460012
WARMUP,fashion-control,single,64,8,8022785384
FLAT,fashion-control,single,60000,784,64,0,1007600842,-2611455073570894421
FLAT,fashion-control,single,60000,784,64,1,1118181568,-2611455073570894421
FLAT,fashion-control,single,60000,784,64,2,1015696001,-2611455073570894421
FLAT,fashion-control,single,60000,784,64,3,998316983,-2611455073570894421
FLAT,fashion-control,single,60000,784,64,4,1008192750,-2611455073570894421
FLAT,fashion-control,single,60000,784,64,5,997305025,-2611455073570894421
FLAT,fashion-control,single,60000,784,64,6,1001347787,-2611455073570894421
WARMUP,fashion-control,batch,64,15,3037542086
FLAT,fashion-control,batch,60000,784,64,0,204333288,-2611455073570894421
FLAT,fashion-control,batch,60000,784,64,1,204796896,-2611455073570894421
FLAT,fashion-control,batch,60000,784,64,2,204817938,-2611455073570894421
FLAT,fashion-control,batch,60000,784,64,3,204010053,-2611455073570894421
FLAT,fashion-control,batch,60000,784,64,4,203325073,-2611455073570894421
FLAT,fashion-control,batch,60000,784,64,5,206089210,-2611455073570894421
FLAT,fashion-control,batch,60000,784,64,6,206092555,-2611455073570894421
