WARNING: Using incubator modules: jdk.incubator.vector
Oct 04, 2026 3:01:12 AM com.integrallis.vectors.core.PanamaVectorUtilSupportProvider create
INFO: vectors-core: Using Panama Vector API SIMD provider (vector bits: 256)
Oct 04, 2026 3:01:12 AM com.integrallis.vectors.core.VectorizationProvider logActiveToggles
INFO: vectors-core: provider=PanamaVectorUtilSupport panama=true maxBits=256 preferredBits=256 fastVectorFMA=true fastScalarFMA=true sve=false ggufParallel=true ggufParallelThreshold=1048576 ggufExecutor=persistent ggufThreads=8 ggufChunksPerThread=2 mappedKQuantLongOffsets=auto(q4=true,q5=false,q6=false) q4ShortPairwiseSupported=true q4UnsignedPairwiseSupported=true toggles=[(defaults — no -Dvectors.* overrides)]
WARMUP,glove,single,1,904,3002687488
FLAT,glove,single,100000,100,1,0,2878500,7167697522366443656
FLAT,glove,single,100000,100,1,1,2829417,7167697522366443656
FLAT,glove,single,100000,100,1,2,2815004,7167697522366443656
FLAT,glove,single,100000,100,1,3,2930748,7167697522366443656
FLAT,glove,single,100000,100,1,4,2926903,7167697522366443656
FLAT,glove,single,100000,100,1,5,2820792,7167697522366443656
FLAT,glove,single,100000,100,1,6,2815986,7167697522366443656
WARMUP,glove,batch,1,998,3002726211
FLAT,glove,batch,100000,100,1,0,2823076,7167697522366443656
FLAT,glove,batch,100000,100,1,1,2862866,7167697522366443656
FLAT,glove,batch,100000,100,1,2,2916947,7167697522366443656
FLAT,glove,batch,100000,100,1,3,2856267,7167697522366443656
FLAT,glove,batch,100000,100,1,4,2786722,7167697522366443656
FLAT,glove,batch,100000,100,1,5,2799200,7167697522366443656
FLAT,glove,batch,100000,100,1,6,2840602,7167697522366443656
WARMUP,glove,single,4,267,3003507281
FLAT,glove,single,100000,100,4,0,11096209,-5393426958338102730
FLAT,glove,single,100000,100,4,1,11032644,-5393426958338102730
FLAT,glove,single,100000,100,4,2,11117773,-5393426958338102730
FLAT,glove,single,100000,100,4,3,11188389,-5393426958338102730
FLAT,glove,single,100000,100,4,4,11125104,-5393426958338102730
FLAT,glove,single,100000,100,4,5,11151673,-5393426958338102730
FLAT,glove,single,100000,100,4,6,11171354,-5393426958338102730
WARMUP,glove,batch,4,931,3084414130
FLAT,glove,batch,100000,100,4,0,2930358,-5393426958338102730
FLAT,glove,batch,100000,100,4,1,2956137,-5393426958338102730
FLAT,glove,batch,100000,100,4,2,2934032,-5393426958338102730
FLAT,glove,batch,100000,100,4,3,2947243,-5393426958338102730
FLAT,glove,batch,100000,100,4,4,2922345,-5393426958338102730
FLAT,glove,batch,100000,100,4,5,2938981,-5393426958338102730
FLAT,glove,batch,100000,100,4,6,2954604,-5393426958338102730
WARMUP,glove,single,16,66,3013687614
FLAT,glove,single,100000,100,16,0,43913061,-4616742646284636308
FLAT,glove,single,100000,100,16,1,43631648,-4616742646284636308
FLAT,glove,single,100000,100,16,2,43724948,-4616742646284636308
FLAT,glove,single,100000,100,16,3,43962636,-4616742646284636308
FLAT,glove,single,100000,100,16,4,44255096,-4616742646284636308
FLAT,glove,single,100000,100,16,5,43904508,-4616742646284636308
FLAT,glove,single,100000,100,16,6,43855985,-4616742646284636308
WARMUP,glove,batch,16,330,3004670447
FLAT,glove,batch,100000,100,16,0,8324302,-4616742646284636308
FLAT,glove,batch,100000,100,16,1,8403289,-4616742646284636308
FLAT,glove,batch,100000,100,16,2,8549731,-4616742646284636308
FLAT,glove,batch,100000,100,16,3,8573806,-4616742646284636308
FLAT,glove,batch,100000,100,16,4,8420445,-4616742646284636308
FLAT,glove,batch,100000,100,16,5,8436439,-4616742646284636308
FLAT,glove,batch,100000,100,16,6,8367106,-4616742646284636308
WARMUP,glove,single,32,35,3074345744
FLAT,glove,single,100000,100,32,0,88592646,1177092119961519121
FLAT,glove,single,100000,100,32,1,88042899,1177092119961519121
FLAT,glove,single,100000,100,32,2,88133776,1177092119961519121
FLAT,glove,single,100000,100,32,3,87739813,1177092119961519121
FLAT,glove,single,100000,100,32,4,87916639,1177092119961519121
FLAT,glove,single,100000,100,32,5,88336461,1177092119961519121
FLAT,glove,single,100000,100,32,6,88393145,1177092119961519121
WARMUP,glove,batch,32,177,3014307625
FLAT,glove,batch,100000,100,32,0,16795443,1177092119961519121
FLAT,glove,batch,100000,100,32,1,16717796,1177092119961519121
FLAT,glove,batch,100000,100,32,2,16770616,1177092119961519121
FLAT,glove,batch,100000,100,32,3,16782754,1177092119961519121
FLAT,glove,batch,100000,100,32,4,16829293,1177092119961519121
FLAT,glove,batch,100000,100,32,5,16876776,1177092119961519121
FLAT,glove,batch,100000,100,32,6,18720298,1177092119961519121
WARMUP,glove,single,64,17,3034279270
FLAT,glove,single,100000,100,64,0,179225443,7293109510488223649
FLAT,glove,single,100000,100,64,1,178418329,7293109510488223649
FLAT,glove,single,100000,100,64,2,180031795,7293109510488223649
FLAT,glove,single,100000,100,64,3,181638353,7293109510488223649
FLAT,glove,single,100000,100,64,4,181003187,7293109510488223649
FLAT,glove,single,100000,100,64,5,182318555,7293109510488223649
FLAT,glove,single,100000,100,64,6,181788128,7293109510488223649
WARMUP,glove,batch,64,90,3023439076
FLAT,glove,batch,100000,100,64,0,33525688,7293109510488223649
FLAT,glove,batch,100000,100,64,1,33198386,7293109510488223649
FLAT,glove,batch,100000,100,64,2,33331196,7293109510488223649
FLAT,glove,batch,100000,100,64,3,33323955,7293109510488223649
FLAT,glove,batch,100000,100,64,4,33424085,7293109510488223649
FLAT,glove,batch,100000,100,64,5,33228220,7293109510488223649
FLAT,glove,batch,100000,100,64,6,33246638,7293109510488223649
