WARNING: Using incubator modules: jdk.incubator.vector
Oct 04, 2026 2:52:09 AM com.integrallis.vectors.core.PanamaVectorUtilSupportProvider create
INFO: vectors-core: Using Panama Vector API SIMD provider (vector bits: 256)
Oct 04, 2026 2:52:09 AM com.integrallis.vectors.core.VectorizationProvider logActiveToggles
INFO: vectors-core: provider=PanamaVectorUtilSupport panama=true maxBits=256 preferredBits=256 fastVectorFMA=true fastScalarFMA=true sve=false ggufParallel=true ggufParallelThreshold=1048576 ggufExecutor=persistent ggufThreads=8 ggufChunksPerThread=2 mappedKQuantLongOffsets=auto(q4=true,q5=false,q6=false) q4ShortPairwiseSupported=true q4UnsignedPairwiseSupported=true toggles=[(defaults — no -Dvectors.* overrides)]
WARMUP,glove,single,1,872,3002790872
FLAT,glove,single,100000,100,1,0,2818255,7167697522366443656
FLAT,glove,single,100000,100,1,1,2926327,7167697522366443656
FLAT,glove,single,100000,100,1,2,2879747,7167697522366443656
FLAT,glove,single,100000,100,1,3,2888921,7167697522366443656
FLAT,glove,single,100000,100,1,4,2821049,7167697522366443656
FLAT,glove,single,100000,100,1,5,2867007,7167697522366443656
FLAT,glove,single,100000,100,1,6,2885756,7167697522366443656
WARMUP,glove,batch,1,984,3002107447
FLAT,glove,batch,100000,100,1,0,2838956,7167697522366443656
FLAT,glove,batch,100000,100,1,1,2833187,7167697522366443656
FLAT,glove,batch,100000,100,1,2,2842331,7167697522366443656
FLAT,glove,batch,100000,100,1,3,2856082,7167697522366443656
FLAT,glove,batch,100000,100,1,4,2827037,7167697522366443656
FLAT,glove,batch,100000,100,1,5,2821059,7167697522366443656
FLAT,glove,batch,100000,100,1,6,2873928,7167697522366443656
WARMUP,glove,single,4,267,3008276639
FLAT,glove,single,100000,100,4,0,11082572,-5393426958338102730
FLAT,glove,single,100000,100,4,1,11133188,-5393426958338102730
FLAT,glove,single,100000,100,4,2,11202543,-5393426958338102730
FLAT,glove,single,100000,100,4,3,11182433,-5393426958338102730
FLAT,glove,single,100000,100,4,4,11169142,-5393426958338102730
FLAT,glove,single,100000,100,4,5,10994940,-5393426958338102730
FLAT,glove,single,100000,100,4,6,11040699,-5393426958338102730
WARMUP,glove,batch,4,882,3002239102
FLAT,glove,batch,100000,100,4,0,2881209,-5393426958338102730
FLAT,glove,batch,100000,100,4,1,2888731,-5393426958338102730
FLAT,glove,batch,100000,100,4,2,4379872,-5393426958338102730
FLAT,glove,batch,100000,100,4,3,2955762,-5393426958338102730
FLAT,glove,batch,100000,100,4,4,2946667,-5393426958338102730
FLAT,glove,batch,100000,100,4,5,3038095,-5393426958338102730
FLAT,glove,batch,100000,100,4,6,3030324,-5393426958338102730
WARMUP,glove,single,16,68,3004224247
FLAT,glove,single,100000,100,16,0,44997374,-4616742646284636308
FLAT,glove,single,100000,100,16,1,44875890,-4616742646284636308
FLAT,glove,single,100000,100,16,2,45166676,-4616742646284636308
FLAT,glove,single,100000,100,16,3,45361210,-4616742646284636308
FLAT,glove,single,100000,100,16,4,45385186,-4616742646284636308
FLAT,glove,single,100000,100,16,5,45641240,-4616742646284636308
FLAT,glove,single,100000,100,16,6,45708962,-4616742646284636308
WARMUP,glove,batch,16,331,3005784358
FLAT,glove,batch,100000,100,16,0,8523168,-4616742646284636308
FLAT,glove,batch,100000,100,16,1,8467324,-4616742646284636308
FLAT,glove,batch,100000,100,16,2,8563679,-4616742646284636308
FLAT,glove,batch,100000,100,16,3,8549856,-4616742646284636308
FLAT,glove,batch,100000,100,16,4,8629087,-4616742646284636308
FLAT,glove,batch,100000,100,16,5,8928015,-4616742646284636308
FLAT,glove,batch,100000,100,16,6,8996137,-4616742646284636308
WARMUP,glove,single,32,34,3012652810
FLAT,glove,single,100000,100,32,0,88943369,1177092119961519121
FLAT,glove,single,100000,100,32,1,88561604,1177092119961519121
FLAT,glove,single,100000,100,32,2,88714194,1177092119961519121
FLAT,glove,single,100000,100,32,3,88536827,1177092119961519121
FLAT,glove,single,100000,100,32,4,89614898,1177092119961519121
FLAT,glove,single,100000,100,32,5,89443279,1177092119961519121
FLAT,glove,single,100000,100,32,6,88623817,1177092119961519121
WARMUP,glove,batch,32,196,3011273008
FLAT,glove,batch,100000,100,32,0,13594878,1177092119961519121
FLAT,glove,batch,100000,100,32,1,14318275,1177092119961519121
FLAT,glove,batch,100000,100,32,2,13641889,1177092119961519121
FLAT,glove,batch,100000,100,32,3,13823341,1177092119961519121
FLAT,glove,batch,100000,100,32,4,13815279,1177092119961519121
FLAT,glove,batch,100000,100,32,5,13761168,1177092119961519121
FLAT,glove,batch,100000,100,32,6,13860126,1177092119961519121
WARMUP,glove,single,64,8,3497977048
FLAT,glove,single,100000,100,64,0,466993811,7293109510488223649
FLAT,glove,single,100000,100,64,1,448252452,7293109510488223649
FLAT,glove,single,100000,100,64,2,427080308,7293109510488223649
FLAT,glove,single,100000,100,64,3,433827158,7293109510488223649
FLAT,glove,single,100000,100,64,4,426941711,7293109510488223649
FLAT,glove,single,100000,100,64,5,423416433,7293109510488223649
FLAT,glove,single,100000,100,64,6,464869065,7293109510488223649
WARMUP,glove,batch,64,122,3002005188
FLAT,glove,batch,100000,100,64,0,24648769,7293109510488223649
FLAT,glove,batch,100000,100,64,1,24116660,7293109510488223649
FLAT,glove,batch,100000,100,64,2,24690863,7293109510488223649
FLAT,glove,batch,100000,100,64,3,24379725,7293109510488223649
FLAT,glove,batch,100000,100,64,4,24798724,7293109510488223649
FLAT,glove,batch,100000,100,64,5,24396070,7293109510488223649
FLAT,glove,batch,100000,100,64,6,24803462,7293109510488223649
