WARNING: Using incubator modules: jdk.incubator.vector
Oct 04, 2026 2:55:29 AM com.integrallis.vectors.core.PanamaVectorUtilSupportProvider create
INFO: vectors-core: Using Panama Vector API SIMD provider (vector bits: 256)
Oct 04, 2026 2:55:30 AM com.integrallis.vectors.core.VectorizationProvider logActiveToggles
INFO: vectors-core: provider=PanamaVectorUtilSupport panama=true maxBits=256 preferredBits=256 fastVectorFMA=true fastScalarFMA=true sve=false ggufParallel=true ggufParallelThreshold=1048576 ggufExecutor=persistent ggufThreads=8 ggufChunksPerThread=2 mappedKQuantLongOffsets=auto(q4=true,q5=false,q6=false) q4ShortPairwiseSupported=true q4UnsignedPairwiseSupported=true toggles=[(defaults — no -Dvectors.* overrides)]
WARMUP,fashion-control,single,1,136,3008370728
FLAT,fashion-control,single,60000,784,1,0,15739622,2916591807911878032
FLAT,fashion-control,single,60000,784,1,1,16249057,2916591807911878032
FLAT,fashion-control,single,60000,784,1,2,15641484,2916591807911878032
FLAT,fashion-control,single,60000,784,1,3,15800744,2916591807911878032
FLAT,fashion-control,single,60000,784,1,4,15898060,2916591807911878032
FLAT,fashion-control,single,60000,784,1,5,16089278,2916591807911878032
FLAT,fashion-control,single,60000,784,1,6,15650518,2916591807911878032
WARMUP,fashion-control,batch,1,190,3002975587
FLAT,fashion-control,batch,60000,784,1,0,15718670,2916591807911878032
FLAT,fashion-control,batch,60000,784,1,1,16068226,2916591807911878032
FLAT,fashion-control,batch,60000,784,1,2,16159894,2916591807911878032
FLAT,fashion-control,batch,60000,784,1,3,16215348,2916591807911878032
FLAT,fashion-control,batch,60000,784,1,4,16373074,2916591807911878032
FLAT,fashion-control,batch,60000,784,1,5,16164420,2916591807911878032
FLAT,fashion-control,batch,60000,784,1,6,16286544,2916591807911878032
WARMUP,fashion-control,single,4,48,3011613571
FLAT,fashion-control,single,60000,784,4,0,63159189,3519200865979862387
FLAT,fashion-control,single,60000,784,4,1,64003179,3519200865979862387
FLAT,fashion-control,single,60000,784,4,2,65501550,3519200865979862387
FLAT,fashion-control,single,60000,784,4,3,65116803,3519200865979862387
FLAT,fashion-control,single,60000,784,4,4,64627598,3519200865979862387
FLAT,fashion-control,single,60000,784,4,5,62957276,3519200865979862387
FLAT,fashion-control,single,60000,784,4,6,64186394,3519200865979862387
WARMUP,fashion-control,batch,4,193,3014008647
FLAT,fashion-control,batch,60000,784,4,0,15382145,3519200865979862387
FLAT,fashion-control,batch,60000,784,4,1,15715295,3519200865979862387
FLAT,fashion-control,batch,60000,784,4,2,15629897,3519200865979862387
FLAT,fashion-control,batch,60000,784,4,3,15804109,3519200865979862387
FLAT,fashion-control,batch,60000,784,4,4,15532701,3519200865979862387
FLAT,fashion-control,batch,60000,784,4,5,15488585,3519200865979862387
FLAT,fashion-control,batch,60000,784,4,6,15549095,3519200865979862387
WARMUP,fashion-control,single,16,13,3238411795
FLAT,fashion-control,single,60000,784,16,0,252835644,-5621565102746882368
FLAT,fashion-control,single,60000,784,16,1,251635759,-5621565102746882368
FLAT,fashion-control,single,60000,784,16,2,247900013,-5621565102746882368
FLAT,fashion-control,single,60000,784,16,3,251413427,-5621565102746882368
FLAT,fashion-control,single,60000,784,16,4,252286079,-5621565102746882368
FLAT,fashion-control,single,60000,784,16,5,257753607,-5621565102746882368
FLAT,fashion-control,single,60000,784,16,6,255770136,-5621565102746882368
WARMUP,fashion-control,batch,16,66,3036842764
FLAT,fashion-control,batch,60000,784,16,0,47106780,-5621565102746882368
FLAT,fashion-control,batch,60000,784,16,1,46598174,-5621565102746882368
FLAT,fashion-control,batch,60000,784,16,2,46848080,-5621565102746882368
FLAT,fashion-control,batch,60000,784,16,3,46890744,-5621565102746882368
FLAT,fashion-control,batch,60000,784,16,4,47206379,-5621565102746882368
FLAT,fashion-control,batch,60000,784,16,5,46640639,-5621565102746882368
FLAT,fashion-control,batch,60000,784,16,6,46636553,-5621565102746882368
WARMUP,fashion-control,single,32,8,3859011575
FLAT,fashion-control,single,60000,784,32,0,482650173,-3449808930485460012
FLAT,fashion-control,single,60000,784,32,1,476021097,-3449808930485460012
FLAT,fashion-control,single,60000,784,32,2,479992308,-3449808930485460012
FLAT,fashion-control,single,60000,784,32,3,493551174,-3449808930485460012
FLAT,fashion-control,single,60000,784,32,4,489941738,-3449808930485460012
FLAT,fashion-control,single,60000,784,32,5,479986983,-3449808930485460012
FLAT,fashion-control,single,60000,784,32,6,471927756,-3449808930485460012
WARMUP,fashion-control,batch,32,31,3003687451
FLAT,fashion-control,batch,60000,784,32,0,96162072,-3449808930485460012
FLAT,fashion-control,batch,60000,784,32,1,91775026,-3449808930485460012
FLAT,fashion-control,batch,60000,784,32,2,95176560,-3449808930485460012
FLAT,fashion-control,batch,60000,784,32,3,95070190,-3449808930485460012
FLAT,fashion-control,batch,60000,784,32,4,95425895,-3449808930485460012
FLAT,fashion-control,batch,60000,784,32,5,98209499,-3449808930485460012
FLAT,fashion-control,batch,60000,784,32,6,94467193,-3449808930485460012
WARMUP,fashion-control,single,64,8,7919970326
FLAT,fashion-control,single,60000,784,64,0,980744081,-2611455073570894421
FLAT,fashion-control,single,60000,784,64,1,969351285,-2611455073570894421
FLAT,fashion-control,single,60000,784,64,2,960242344,-2611455073570894421
FLAT,fashion-control,single,60000,784,64,3,956190864,-2611455073570894421
FLAT,fashion-control,single,60000,784,64,4,972995822,-2611455073570894421
FLAT,fashion-control,single,60000,784,64,5,956523941,-2611455073570894421
FLAT,fashion-control,single,60000,784,64,6,943424838,-2611455073570894421
WARMUP,fashion-control,batch,64,16,3016638354
FLAT,fashion-control,batch,60000,784,64,0,185737221,-2611455073570894421
FLAT,fashion-control,batch,60000,784,64,1,187651729,-2611455073570894421
FLAT,fashion-control,batch,60000,784,64,2,189894682,-2611455073570894421
FLAT,fashion-control,batch,60000,784,64,3,187917398,-2611455073570894421
FLAT,fashion-control,batch,60000,784,64,4,189445216,-2611455073570894421
FLAT,fashion-control,batch,60000,784,64,5,189781692,-2611455073570894421
FLAT,fashion-control,batch,60000,784,64,6,190837359,-2611455073570894421
