WARNING: Using incubator modules: jdk.incubator.vector
Oct 04, 2026 2:59:22 AM com.integrallis.vectors.core.PanamaVectorUtilSupportProvider create
INFO: vectors-core: Using Panama Vector API SIMD provider (vector bits: 256)
Oct 04, 2026 2:59:22 AM com.integrallis.vectors.core.VectorizationProvider logActiveToggles
INFO: vectors-core: provider=PanamaVectorUtilSupport panama=true maxBits=256 preferredBits=256 fastVectorFMA=true fastScalarFMA=true sve=false ggufParallel=true ggufParallelThreshold=1048576 ggufExecutor=persistent ggufThreads=8 ggufChunksPerThread=2 mappedKQuantLongOffsets=auto(q4=true,q5=false,q6=false) q4ShortPairwiseSupported=true q4UnsignedPairwiseSupported=true toggles=[(defaults — no -Dvectors.* overrides)]
WARMUP,fashion-control,single,1,159,3004860764
FLAT,fashion-control,single,60000,784,1,0,15754925,2916591807911878032
FLAT,fashion-control,single,60000,784,1,1,16121836,2916591807911878032
FLAT,fashion-control,single,60000,784,1,2,16079522,2916591807911878032
FLAT,fashion-control,single,60000,784,1,3,16035757,2916591807911878032
FLAT,fashion-control,single,60000,784,1,4,15740112,2916591807911878032
FLAT,fashion-control,single,60000,784,1,5,15557658,2916591807911878032
FLAT,fashion-control,single,60000,784,1,6,15430145,2916591807911878032
WARMUP,fashion-control,batch,1,190,3012682626
FLAT,fashion-control,batch,60000,784,1,0,15788085,2916591807911878032
FLAT,fashion-control,batch,60000,784,1,1,15485720,2916591807911878032
FLAT,fashion-control,batch,60000,784,1,2,14917836,2916591807911878032
FLAT,fashion-control,batch,60000,784,1,3,15095112,2916591807911878032
FLAT,fashion-control,batch,60000,784,1,4,15388252,2916591807911878032
FLAT,fashion-control,batch,60000,784,1,5,15586300,2916591807911878032
FLAT,fashion-control,batch,60000,784,1,6,15635184,2916591807911878032
WARMUP,fashion-control,single,4,47,3002712111
FLAT,fashion-control,single,60000,784,4,0,63933521,3519200865979862387
FLAT,fashion-control,single,60000,784,4,1,63872590,3519200865979862387
FLAT,fashion-control,single,60000,784,4,2,64078930,3519200865979862387
FLAT,fashion-control,single,60000,784,4,3,65440769,3519200865979862387
FLAT,fashion-control,single,60000,784,4,4,64033831,3519200865979862387
FLAT,fashion-control,single,60000,784,4,5,63225517,3519200865979862387
FLAT,fashion-control,single,60000,784,4,6,63974312,3519200865979862387
WARMUP,fashion-control,batch,4,191,3003269991
FLAT,fashion-control,batch,60000,784,4,0,14126164,3519200865979862387
FLAT,fashion-control,batch,60000,784,4,1,14486196,3519200865979862387
FLAT,fashion-control,batch,60000,784,4,2,15015753,3519200865979862387
FLAT,fashion-control,batch,60000,784,4,3,15081072,3519200865979862387
FLAT,fashion-control,batch,60000,784,4,4,15096493,3519200865979862387
FLAT,fashion-control,batch,60000,784,4,5,14898216,3519200865979862387
FLAT,fashion-control,batch,60000,784,4,6,15305629,3519200865979862387
WARMUP,fashion-control,single,16,13,3163068106
FLAT,fashion-control,single,60000,784,16,0,248966040,-5621565102746882368
FLAT,fashion-control,single,60000,784,16,1,239259091,-5621565102746882368
FLAT,fashion-control,single,60000,784,16,2,241116025,-5621565102746882368
FLAT,fashion-control,single,60000,784,16,3,239866576,-5621565102746882368
FLAT,fashion-control,single,60000,784,16,4,248880071,-5621565102746882368
FLAT,fashion-control,single,60000,784,16,5,241903138,-5621565102746882368
FLAT,fashion-control,single,60000,784,16,6,251427063,-5621565102746882368
WARMUP,fashion-control,batch,16,62,3007576475
FLAT,fashion-control,batch,60000,784,16,0,48099180,-5621565102746882368
FLAT,fashion-control,batch,60000,784,16,1,47874231,-5621565102746882368
FLAT,fashion-control,batch,60000,784,16,2,47995182,-5621565102746882368
FLAT,fashion-control,batch,60000,784,16,3,47547579,-5621565102746882368
FLAT,fashion-control,batch,60000,784,16,4,50800312,-5621565102746882368
FLAT,fashion-control,batch,60000,784,16,5,48600363,-5621565102746882368
FLAT,fashion-control,batch,60000,784,16,6,48626443,-5621565102746882368
WARMUP,fashion-control,single,32,8,3886585339
FLAT,fashion-control,single,60000,784,32,0,477764219,-3449808930485460012
FLAT,fashion-control,single,60000,784,32,1,469945618,-3449808930485460012
FLAT,fashion-control,single,60000,784,32,2,483840228,-3449808930485460012
FLAT,fashion-control,single,60000,784,32,3,486955894,-3449808930485460012
FLAT,fashion-control,single,60000,784,32,4,481681732,-3449808930485460012
FLAT,fashion-control,single,60000,784,32,5,480930012,-3449808930485460012
FLAT,fashion-control,single,60000,784,32,6,478451925,-3449808930485460012
WARMUP,fashion-control,batch,32,31,3022890914
FLAT,fashion-control,batch,60000,784,32,0,96260793,-3449808930485460012
FLAT,fashion-control,batch,60000,784,32,1,97418795,-3449808930485460012
FLAT,fashion-control,batch,60000,784,32,2,97756152,-3449808930485460012
FLAT,fashion-control,batch,60000,784,32,3,96980436,-3449808930485460012
FLAT,fashion-control,batch,60000,784,32,4,96890661,-3449808930485460012
FLAT,fashion-control,batch,60000,784,32,5,95664237,-3449808930485460012
FLAT,fashion-control,batch,60000,784,32,6,96651441,-3449808930485460012
WARMUP,fashion-control,single,64,8,7872666747
FLAT,fashion-control,single,60000,784,64,0,1000381234,-2611455073570894421
FLAT,fashion-control,single,60000,784,64,1,1006419398,-2611455073570894421
FLAT,fashion-control,single,60000,784,64,2,1073155580,-2611455073570894421
FLAT,fashion-control,single,60000,784,64,3,1080802433,-2611455073570894421
FLAT,fashion-control,single,60000,784,64,4,1092203152,-2611455073570894421
FLAT,fashion-control,single,60000,784,64,5,1114758138,-2611455073570894421
FLAT,fashion-control,single,60000,784,64,6,1176961553,-2611455073570894421
WARMUP,fashion-control,batch,64,16,3134356032
FLAT,fashion-control,batch,60000,784,64,0,195936992,-2611455073570894421
FLAT,fashion-control,batch,60000,784,64,1,193875451,-2611455073570894421
FLAT,fashion-control,batch,60000,784,64,2,193248999,-2611455073570894421
FLAT,fashion-control,batch,60000,784,64,3,193632375,-2611455073570894421
FLAT,fashion-control,batch,60000,784,64,4,193078553,-2611455073570894421
FLAT,fashion-control,batch,60000,784,64,5,194901484,-2611455073570894421
FLAT,fashion-control,batch,60000,784,64,6,191928172,-2611455073570894421
