WARNING: Using incubator modules: jdk.incubator.vector
Oct 04, 2026 3:05:05 AM com.integrallis.vectors.core.PanamaVectorUtilSupportProvider create
INFO: vectors-core: Using Panama Vector API SIMD provider (vector bits: 256)
Oct 04, 2026 3:05:05 AM com.integrallis.vectors.core.VectorizationProvider logActiveToggles
INFO: vectors-core: provider=PanamaVectorUtilSupport panama=true maxBits=256 preferredBits=256 fastVectorFMA=true fastScalarFMA=true sve=false ggufParallel=true ggufParallelThreshold=1048576 ggufExecutor=persistent ggufThreads=8 ggufChunksPerThread=2 mappedKQuantLongOffsets=auto(q4=true,q5=false,q6=false) q4ShortPairwiseSupported=true q4UnsignedPairwiseSupported=true toggles=[(defaults — no -Dvectors.* overrides)]
WARMUP,fashion-control,single,1,169,3002760279
FLAT,fashion-control,single,60000,784,1,0,14880216,2916591807911878032
FLAT,fashion-control,single,60000,784,1,1,15342721,2916591807911878032
FLAT,fashion-control,single,60000,784,1,2,16050156,2916591807911878032
FLAT,fashion-control,single,60000,784,1,3,17134056,2916591807911878032
FLAT,fashion-control,single,60000,784,1,4,15167158,2916591807911878032
FLAT,fashion-control,single,60000,784,1,5,15032404,2916591807911878032
FLAT,fashion-control,single,60000,784,1,6,15971357,2916591807911878032
WARMUP,fashion-control,batch,1,199,3014057534
FLAT,fashion-control,batch,60000,784,1,0,15338235,2916591807911878032
FLAT,fashion-control,batch,60000,784,1,1,15542062,2916591807911878032
FLAT,fashion-control,batch,60000,784,1,2,15505027,2916591807911878032
FLAT,fashion-control,batch,60000,784,1,3,15613038,2916591807911878032
FLAT,fashion-control,batch,60000,784,1,4,15534631,2916591807911878032
FLAT,fashion-control,batch,60000,784,1,5,15949175,2916591807911878032
FLAT,fashion-control,batch,60000,784,1,6,15181299,2916591807911878032
WARMUP,fashion-control,single,4,50,3038473846
FLAT,fashion-control,single,60000,784,4,0,58686249,3519200865979862387
FLAT,fashion-control,single,60000,784,4,1,60248139,3519200865979862387
FLAT,fashion-control,single,60000,784,4,2,59949380,3519200865979862387
FLAT,fashion-control,single,60000,784,4,3,59081434,3519200865979862387
FLAT,fashion-control,single,60000,784,4,4,61282375,3519200865979862387
FLAT,fashion-control,single,60000,784,4,5,57988449,3519200865979862387
FLAT,fashion-control,single,60000,784,4,6,57936882,3519200865979862387
WARMUP,fashion-control,batch,4,203,3000850666
FLAT,fashion-control,batch,60000,784,4,0,14815709,3519200865979862387
FLAT,fashion-control,batch,60000,784,4,1,15107007,3519200865979862387
FLAT,fashion-control,batch,60000,784,4,2,14576970,3519200865979862387
FLAT,fashion-control,batch,60000,784,4,3,14876550,3519200865979862387
FLAT,fashion-control,batch,60000,784,4,4,14587246,3519200865979862387
FLAT,fashion-control,batch,60000,784,4,5,14363679,3519200865979862387
FLAT,fashion-control,batch,60000,784,4,6,17945367,3519200865979862387
WARMUP,fashion-control,single,16,13,3078291971
FLAT,fashion-control,single,60000,784,16,0,235065581,-5621565102746882368
FLAT,fashion-control,single,60000,784,16,1,234292087,-5621565102746882368
FLAT,fashion-control,single,60000,784,16,2,234828084,-5621565102746882368
FLAT,fashion-control,single,60000,784,16,3,236573119,-5621565102746882368
FLAT,fashion-control,single,60000,784,16,4,233624252,-5621565102746882368
FLAT,fashion-control,single,60000,784,16,5,235706095,-5621565102746882368
FLAT,fashion-control,single,60000,784,16,6,241845280,-5621565102746882368
WARMUP,fashion-control,batch,16,69,3003834999
FLAT,fashion-control,batch,60000,784,16,0,40200699,-5621565102746882368
FLAT,fashion-control,batch,60000,784,16,1,40389914,-5621565102746882368
FLAT,fashion-control,batch,60000,784,16,2,40156303,-5621565102746882368
FLAT,fashion-control,batch,60000,784,16,3,40659079,-5621565102746882368
FLAT,fashion-control,batch,60000,784,16,4,40760542,-5621565102746882368
FLAT,fashion-control,batch,60000,784,16,5,41194034,-5621565102746882368
FLAT,fashion-control,batch,60000,784,16,6,41574116,-5621565102746882368
WARMUP,fashion-control,single,32,8,3784527607
FLAT,fashion-control,single,60000,784,32,0,479289735,-3449808930485460012
FLAT,fashion-control,single,60000,784,32,1,475025059,-3449808930485460012
FLAT,fashion-control,single,60000,784,32,2,462375708,-3449808930485460012
FLAT,fashion-control,single,60000,784,32,3,467283542,-3449808930485460012
FLAT,fashion-control,single,60000,784,32,4,474556335,-3449808930485460012
FLAT,fashion-control,single,60000,784,32,5,466841187,-3449808930485460012
FLAT,fashion-control,single,60000,784,32,6,475570369,-3449808930485460012
WARMUP,fashion-control,batch,32,35,3045870412
FLAT,fashion-control,batch,60000,784,32,0,87629083,-3449808930485460012
FLAT,fashion-control,batch,60000,784,32,1,86864343,-3449808930485460012
FLAT,fashion-control,batch,60000,784,32,2,87691278,-3449808930485460012
FLAT,fashion-control,batch,60000,784,32,3,86687597,-3449808930485460012
FLAT,fashion-control,batch,60000,784,32,4,85814794,-3449808930485460012
FLAT,fashion-control,batch,60000,784,32,5,84461438,-3449808930485460012
FLAT,fashion-control,batch,60000,784,32,6,84497503,-3449808930485460012
WARMUP,fashion-control,single,64,8,7563619002
FLAT,fashion-control,single,60000,784,64,0,927335778,-2611455073570894421
FLAT,fashion-control,single,60000,784,64,1,935394613,-2611455073570894421
FLAT,fashion-control,single,60000,784,64,2,928924720,-2611455073570894421
FLAT,fashion-control,single,60000,784,64,3,941482494,-2611455073570894421
FLAT,fashion-control,single,60000,784,64,4,923612510,-2611455073570894421
FLAT,fashion-control,single,60000,784,64,5,943251638,-2611455073570894421
FLAT,fashion-control,single,60000,784,64,6,954306179,-2611455073570894421
WARMUP,fashion-control,batch,64,18,3079031226
FLAT,fashion-control,batch,60000,784,64,0,173934098,-2611455073570894421
FLAT,fashion-control,batch,60000,784,64,1,173216689,-2611455073570894421
FLAT,fashion-control,batch,60000,784,64,2,172045566,-2611455073570894421
FLAT,fashion-control,batch,60000,784,64,3,172329104,-2611455073570894421
FLAT,fashion-control,batch,60000,784,64,4,171912378,-2611455073570894421
FLAT,fashion-control,batch,60000,784,64,5,173207225,-2611455073570894421
FLAT,fashion-control,batch,60000,784,64,6,172931650,-2611455073570894421
