WARNING: Using incubator modules: jdk.incubator.vector
Oct 04, 2026 3:01:46 AM com.integrallis.vectors.core.PanamaVectorUtilSupportProvider create
INFO: vectors-core: Using Panama Vector API SIMD provider (vector bits: 256)
Oct 04, 2026 3:01:46 AM com.integrallis.vectors.core.VectorizationProvider logActiveToggles
INFO: vectors-core: provider=PanamaVectorUtilSupport panama=true maxBits=256 preferredBits=256 fastVectorFMA=true fastScalarFMA=true sve=false ggufParallel=true ggufParallelThreshold=1048576 ggufExecutor=persistent ggufThreads=8 ggufChunksPerThread=2 mappedKQuantLongOffsets=auto(q4=true,q5=false,q6=false) q4ShortPairwiseSupported=true q4UnsignedPairwiseSupported=true toggles=[(defaults — no -Dvectors.* overrides)]
WARMUP,glove,single,1,896,3001490530
FLAT,glove,single,100000,100,1,0,2864880,7167697522366443656
FLAT,glove,single,100000,100,1,1,2853803,7167697522366443656
FLAT,glove,single,100000,100,1,2,2865651,7167697522366443656
FLAT,glove,single,100000,100,1,3,2860213,7167697522366443656
FLAT,glove,single,100000,100,1,4,2835435,7167697522366443656
FLAT,glove,single,100000,100,1,5,2834454,7167697522366443656
FLAT,glove,single,100000,100,1,6,2811729,7167697522366443656
WARMUP,glove,batch,1,988,3001327048
FLAT,glove,batch,100000,100,1,0,2860883,7167697522366443656
FLAT,glove,batch,100000,100,1,1,2869506,7167697522366443656
FLAT,glove,batch,100000,100,1,2,2875336,7167697522366443656
FLAT,glove,batch,100000,100,1,3,2851328,7167697522366443656
FLAT,glove,batch,100000,100,1,4,2855035,7167697522366443656
FLAT,glove,batch,100000,100,1,5,2867633,7167697522366443656
FLAT,glove,batch,100000,100,1,6,2881004,7167697522366443656
WARMUP,glove,single,4,266,3002438693
FLAT,glove,single,100000,100,4,0,11580178,-5393426958338102730
FLAT,glove,single,100000,100,4,1,11613338,-5393426958338102730
FLAT,glove,single,100000,100,4,2,12007942,-5393426958338102730
FLAT,glove,single,100000,100,4,3,11718266,-5393426958338102730
FLAT,glove,single,100000,100,4,4,11729643,-5393426958338102730
FLAT,glove,single,100000,100,4,5,11609383,-5393426958338102730
FLAT,glove,single,100000,100,4,6,11936674,-5393426958338102730
WARMUP,glove,batch,4,926,3002750266
FLAT,glove,batch,100000,100,4,0,2932781,-5393426958338102730
FLAT,glove,batch,100000,100,4,1,2919442,-5393426958338102730
FLAT,glove,batch,100000,100,4,2,2901304,-5393426958338102730
FLAT,glove,batch,100000,100,4,3,2880862,-5393426958338102730
FLAT,glove,batch,100000,100,4,4,2881985,-5393426958338102730
FLAT,glove,batch,100000,100,4,5,2913272,-5393426958338102730
FLAT,glove,batch,100000,100,4,6,3026874,-5393426958338102730
WARMUP,glove,single,16,67,3033921507
FLAT,glove,single,100000,100,16,0,45007750,-4616742646284636308
FLAT,glove,single,100000,100,16,1,45058236,-4616742646284636308
FLAT,glove,single,100000,100,16,2,45114561,-4616742646284636308
FLAT,glove,single,100000,100,16,3,45205477,-4616742646284636308
FLAT,glove,single,100000,100,16,4,45300020,-4616742646284636308
FLAT,glove,single,100000,100,16,5,44818495,-4616742646284636308
FLAT,glove,single,100000,100,16,6,44738104,-4616742646284636308
WARMUP,glove,batch,16,298,3005145448
FLAT,glove,batch,100000,100,16,0,8515279,-4616742646284636308
FLAT,glove,batch,100000,100,16,1,8468599,-4616742646284636308
FLAT,glove,batch,100000,100,16,2,8734307,-4616742646284636308
FLAT,glove,batch,100000,100,16,3,8489200,-4616742646284636308
FLAT,glove,batch,100000,100,16,4,8524672,-4616742646284636308
FLAT,glove,batch,100000,100,16,5,8474027,-4616742646284636308
FLAT,glove,batch,100000,100,16,6,8666385,-4616742646284636308
WARMUP,glove,single,32,33,3003215950
FLAT,glove,single,100000,100,32,0,89671323,1177092119961519121
FLAT,glove,single,100000,100,32,1,89460036,1177092119961519121
FLAT,glove,single,100000,100,32,2,89691645,1177092119961519121
FLAT,glove,single,100000,100,32,3,88640462,1177092119961519121
FLAT,glove,single,100000,100,32,4,89550260,1177092119961519121
FLAT,glove,single,100000,100,32,5,89409499,1177092119961519121
FLAT,glove,single,100000,100,32,6,89428207,1177092119961519121
WARMUP,glove,batch,32,195,3003779503
FLAT,glove,batch,100000,100,32,0,13815751,1177092119961519121
FLAT,glove,batch,100000,100,32,1,13947150,1177092119961519121
FLAT,glove,batch,100000,100,32,2,14015663,1177092119961519121
FLAT,glove,batch,100000,100,32,3,13893459,1177092119961519121
FLAT,glove,batch,100000,100,32,4,14336425,1177092119961519121
FLAT,glove,batch,100000,100,32,5,13977095,1177092119961519121
FLAT,glove,batch,100000,100,32,6,14312168,1177092119961519121
WARMUP,glove,single,64,8,3176671823
FLAT,glove,single,100000,100,64,0,391546496,7293109510488223649
FLAT,glove,single,100000,100,64,1,386334066,7293109510488223649
FLAT,glove,single,100000,100,64,2,401624136,7293109510488223649
FLAT,glove,single,100000,100,64,3,399589705,7293109510488223649
FLAT,glove,single,100000,100,64,4,397663619,7293109510488223649
FLAT,glove,single,100000,100,64,5,404560324,7293109510488223649
FLAT,glove,single,100000,100,64,6,425182815,7293109510488223649
WARMUP,glove,batch,64,124,3018844627
FLAT,glove,batch,100000,100,64,0,23942073,7293109510488223649
FLAT,glove,batch,100000,100,64,1,24146922,7293109510488223649
FLAT,glove,batch,100000,100,64,2,24067692,7293109510488223649
FLAT,glove,batch,100000,100,64,3,24016755,7293109510488223649
FLAT,glove,batch,100000,100,64,4,24001273,7293109510488223649
FLAT,glove,batch,100000,100,64,5,24094184,7293109510488223649
FLAT,glove,batch,100000,100,64,6,24046831,7293109510488223649
