WARNING: Using incubator modules: jdk.incubator.vector
Oct 04, 2026 2:56:23 AM com.integrallis.vectors.core.PanamaVectorUtilSupportProvider create
INFO: vectors-core: Using Panama Vector API SIMD provider (vector bits: 256)
Oct 04, 2026 2:56:23 AM com.integrallis.vectors.core.VectorizationProvider logActiveToggles
INFO: vectors-core: provider=PanamaVectorUtilSupport panama=true maxBits=256 preferredBits=256 fastVectorFMA=true fastScalarFMA=true sve=false ggufParallel=true ggufParallelThreshold=1048576 ggufExecutor=persistent ggufThreads=8 ggufChunksPerThread=2 mappedKQuantLongOffsets=auto(q4=true,q5=false,q6=false) q4ShortPairwiseSupported=true q4UnsignedPairwiseSupported=true toggles=[(defaults — no -Dvectors.* overrides)]
WARMUP,glove,single,1,899,3002195206
FLAT,glove,single,100000,100,1,0,2782703,7167697522366443656
FLAT,glove,single,100000,100,1,1,2798297,7167697522366443656
FLAT,glove,single,100000,100,1,2,3205650,7167697522366443656
FLAT,glove,single,100000,100,1,3,2811077,7167697522366443656
FLAT,glove,single,100000,100,1,4,2764736,7167697522366443656
FLAT,glove,single,100000,100,1,5,2741722,7167697522366443656
FLAT,glove,single,100000,100,1,6,2733429,7167697522366443656
WARMUP,glove,batch,1,1017,3000322916
FLAT,glove,batch,100000,100,1,0,2745417,7167697522366443656
FLAT,glove,batch,100000,100,1,1,2784797,7167697522366443656
FLAT,glove,batch,100000,100,1,2,2830777,7167697522366443656
FLAT,glove,batch,100000,100,1,3,2826390,7167697522366443656
FLAT,glove,batch,100000,100,1,4,2734462,7167697522366443656
FLAT,glove,batch,100000,100,1,5,3337878,7167697522366443656
FLAT,glove,batch,100000,100,1,6,2829415,7167697522366443656
WARMUP,glove,single,4,271,3004993094
FLAT,glove,single,100000,100,4,0,10971866,-5393426958338102730
FLAT,glove,single,100000,100,4,1,10945987,-5393426958338102730
FLAT,glove,single,100000,100,4,2,11016314,-5393426958338102730
FLAT,glove,single,100000,100,4,3,11062442,-5393426958338102730
FLAT,glove,single,100000,100,4,4,11023014,-5393426958338102730
FLAT,glove,single,100000,100,4,5,10953198,-5393426958338102730
FLAT,glove,single,100000,100,4,6,11082733,-5393426958338102730
WARMUP,glove,batch,4,926,3000515528
FLAT,glove,batch,100000,100,4,0,2868723,-5393426958338102730
FLAT,glove,batch,100000,100,4,1,2894310,-5393426958338102730
FLAT,glove,batch,100000,100,4,2,2956205,-5393426958338102730
FLAT,glove,batch,100000,100,4,3,2919931,-5393426958338102730
FLAT,glove,batch,100000,100,4,4,3022455,-5393426958338102730
FLAT,glove,batch,100000,100,4,5,2851187,-5393426958338102730
FLAT,glove,batch,100000,100,4,6,2933610,-5393426958338102730
WARMUP,glove,single,16,68,3024763731
FLAT,glove,single,100000,100,16,0,44286586,-4616742646284636308
FLAT,glove,single,100000,100,16,1,44880518,-4616742646284636308
FLAT,glove,single,100000,100,16,2,47430413,-4616742646284636308
FLAT,glove,single,100000,100,16,3,44453798,-4616742646284636308
FLAT,glove,single,100000,100,16,4,44423892,-4616742646284636308
FLAT,glove,single,100000,100,16,5,47228118,-4616742646284636308
FLAT,glove,single,100000,100,16,6,47585947,-4616742646284636308
WARMUP,glove,batch,16,328,3006851368
FLAT,glove,batch,100000,100,16,0,8379970,-4616742646284636308
FLAT,glove,batch,100000,100,16,1,8361512,-4616742646284636308
FLAT,glove,batch,100000,100,16,2,8423214,-4616742646284636308
FLAT,glove,batch,100000,100,16,3,8420880,-4616742646284636308
FLAT,glove,batch,100000,100,16,4,8365688,-4616742646284636308
FLAT,glove,batch,100000,100,16,5,8372328,-4616742646284636308
FLAT,glove,batch,100000,100,16,6,8517126,-4616742646284636308
WARMUP,glove,single,32,35,3085522740
FLAT,glove,single,100000,100,32,0,90081401,1177092119961519121
FLAT,glove,single,100000,100,32,1,88387154,1177092119961519121
FLAT,glove,single,100000,100,32,2,86879215,1177092119961519121
FLAT,glove,single,100000,100,32,3,86500286,1177092119961519121
FLAT,glove,single,100000,100,32,4,87076102,1177092119961519121
FLAT,glove,single,100000,100,32,5,87728162,1177092119961519121
FLAT,glove,single,100000,100,32,6,88202326,1177092119961519121
WARMUP,glove,batch,32,189,3007480231
FLAT,glove,batch,100000,100,32,0,14003495,1177092119961519121
FLAT,glove,batch,100000,100,32,1,15226984,1177092119961519121
FLAT,glove,batch,100000,100,32,2,14045878,1177092119961519121
FLAT,glove,batch,100000,100,32,3,14016724,1177092119961519121
FLAT,glove,batch,100000,100,32,4,13993129,1177092119961519121
FLAT,glove,batch,100000,100,32,5,13954692,1177092119961519121
FLAT,glove,batch,100000,100,32,6,14182294,1177092119961519121
WARMUP,glove,single,64,8,3285548749
FLAT,glove,single,100000,100,64,0,386183709,7293109510488223649
FLAT,glove,single,100000,100,64,1,399865560,7293109510488223649
FLAT,glove,single,100000,100,64,2,419431039,7293109510488223649
FLAT,glove,single,100000,100,64,3,399495946,7293109510488223649
FLAT,glove,single,100000,100,64,4,400130390,7293109510488223649
FLAT,glove,single,100000,100,64,5,400603923,7293109510488223649
FLAT,glove,single,100000,100,64,6,412925459,7293109510488223649
WARMUP,glove,batch,64,125,3020515780
FLAT,glove,batch,100000,100,64,0,24426147,7293109510488223649
FLAT,glove,batch,100000,100,64,1,24092156,7293109510488223649
FLAT,glove,batch,100000,100,64,2,24176260,7293109510488223649
FLAT,glove,batch,100000,100,64,3,23973995,7293109510488223649
FLAT,glove,batch,100000,100,64,4,24284053,7293109510488223649
FLAT,glove,batch,100000,100,64,5,23984693,7293109510488223649
FLAT,glove,batch,100000,100,64,6,24090321,7293109510488223649
