WARNING: Using incubator modules: jdk.incubator.vector
Oct 04, 2026 2:53:41 AM com.integrallis.vectors.core.PanamaVectorUtilSupportProvider create
INFO: vectors-core: Using Panama Vector API SIMD provider (vector bits: 256)
Oct 04, 2026 2:53:41 AM com.integrallis.vectors.core.VectorizationProvider logActiveToggles
INFO: vectors-core: provider=PanamaVectorUtilSupport panama=true maxBits=256 preferredBits=256 fastVectorFMA=true fastScalarFMA=true sve=false ggufParallel=true ggufParallelThreshold=1048576 ggufExecutor=persistent ggufThreads=8 ggufChunksPerThread=2 mappedKQuantLongOffsets=auto(q4=true,q5=false,q6=false) q4ShortPairwiseSupported=true q4UnsignedPairwiseSupported=true toggles=[(defaults — no -Dvectors.* overrides)]
WARMUP,collection,single,1,136,3006420898
FLAT,collection,single,100000,512,1,0,15453917,-2561075354683905283
FLAT,collection,single,100000,512,1,1,16315161,-2561075354683905283
FLAT,collection,single,100000,512,1,2,15782961,-2561075354683905283
FLAT,collection,single,100000,512,1,3,15937733,-2561075354683905283
FLAT,collection,single,100000,512,1,4,15873686,-2561075354683905283
FLAT,collection,single,100000,512,1,5,16442392,-2561075354683905283
FLAT,collection,single,100000,512,1,6,15427997,-2561075354683905283
WARMUP,collection,batch,1,191,3012736657
FLAT,collection,batch,100000,512,1,0,16016863,-2561075354683905283
FLAT,collection,batch,100000,512,1,1,16758367,-2561075354683905283
FLAT,collection,batch,100000,512,1,2,16085525,-2561075354683905283
FLAT,collection,batch,100000,512,1,3,15916993,-2561075354683905283
FLAT,collection,batch,100000,512,1,4,15982931,-2561075354683905283
FLAT,collection,batch,100000,512,1,5,16664807,-2561075354683905283
FLAT,collection,batch,100000,512,1,6,15891094,-2561075354683905283
WARMUP,collection,single,4,48,3016026721
FLAT,collection,single,100000,512,4,0,63033397,-8103726781922252096
FLAT,collection,single,100000,512,4,1,63176972,-8103726781922252096
FLAT,collection,single,100000,512,4,2,62617151,-8103726781922252096
FLAT,collection,single,100000,512,4,3,63086125,-8103726781922252096
FLAT,collection,single,100000,512,4,4,61994295,-8103726781922252096
FLAT,collection,single,100000,512,4,5,62605254,-8103726781922252096
FLAT,collection,single,100000,512,4,6,62653076,-8103726781922252096
WARMUP,collection,batch,4,195,3014539806
FLAT,collection,batch,100000,512,4,0,15014516,-8103726781922252096
FLAT,collection,batch,100000,512,4,1,14933535,-8103726781922252096
FLAT,collection,batch,100000,512,4,2,14759714,-8103726781922252096
FLAT,collection,batch,100000,512,4,3,14874156,-8103726781922252096
FLAT,collection,batch,100000,512,4,4,14633825,-8103726781922252096
FLAT,collection,batch,100000,512,4,5,15010020,-8103726781922252096
FLAT,collection,batch,100000,512,4,6,14890150,-8103726781922252096
WARMUP,collection,single,16,12,3046503414
FLAT,collection,single,100000,512,16,0,251714693,2092469987807476287
FLAT,collection,single,100000,512,16,1,254930928,2092469987807476287
FLAT,collection,single,100000,512,16,2,253324796,2092469987807476287
FLAT,collection,single,100000,512,16,3,261464208,2092469987807476287
FLAT,collection,single,100000,512,16,4,251345359,2092469987807476287
FLAT,collection,single,100000,512,16,5,250198487,2092469987807476287
FLAT,collection,single,100000,512,16,6,250163173,2092469987807476287
WARMUP,collection,batch,16,72,3000155091
FLAT,collection,batch,100000,512,16,0,41460664,2092469987807476287
FLAT,collection,batch,100000,512,16,1,52980180,2092469987807476287
FLAT,collection,batch,100000,512,16,2,41239623,2092469987807476287
FLAT,collection,batch,100000,512,16,3,40600263,2092469987807476287
FLAT,collection,batch,100000,512,16,4,47460323,2092469987807476287
FLAT,collection,batch,100000,512,16,5,39427871,2092469987807476287
FLAT,collection,batch,100000,512,16,6,47301435,2092469987807476287
WARMUP,collection,single,32,8,4079636301
FLAT,collection,single,100000,512,32,0,503089025,-3031150442577658303
FLAT,collection,single,100000,512,32,1,513006934,-3031150442577658303
FLAT,collection,single,100000,512,32,2,501981463,-3031150442577658303
FLAT,collection,single,100000,512,32,3,515467113,-3031150442577658303
FLAT,collection,single,100000,512,32,4,522281145,-3031150442577658303
FLAT,collection,single,100000,512,32,5,529414108,-3031150442577658303
FLAT,collection,single,100000,512,32,6,532590523,-3031150442577658303
WARMUP,collection,batch,32,73,3010271998
FLAT,collection,batch,100000,512,32,0,37446624,-3031150442577658303
FLAT,collection,batch,100000,512,32,1,37325613,-3031150442577658303
FLAT,collection,batch,100000,512,32,2,38248860,-3031150442577658303
FLAT,collection,batch,100000,512,32,3,39073239,-3031150442577658303
FLAT,collection,batch,100000,512,32,4,38993740,-3031150442577658303
FLAT,collection,batch,100000,512,32,5,37517561,-3031150442577658303
FLAT,collection,batch,100000,512,32,6,37314435,-3031150442577658303
WARMUP,collection,single,64,8,8199740000
FLAT,collection,single,100000,512,64,0,1027262413,4379747614244198658
FLAT,collection,single,100000,512,64,1,1018935180,4379747614244198658
FLAT,collection,single,100000,512,64,2,1020100346,4379747614244198658
FLAT,collection,single,100000,512,64,3,1050212712,4379747614244198658
FLAT,collection,single,100000,512,64,4,1033416238,4379747614244198658
FLAT,collection,single,100000,512,64,5,1019925425,4379747614244198658
FLAT,collection,single,100000,512,64,6,1039831089,4379747614244198658
WARMUP,collection,batch,64,42,3062489724
FLAT,collection,batch,100000,512,64,0,69868961,4379747614244198658
FLAT,collection,batch,100000,512,64,1,70786250,4379747614244198658
FLAT,collection,batch,100000,512,64,2,70105478,4379747614244198658
FLAT,collection,batch,100000,512,64,3,69829793,4379747614244198658
FLAT,collection,batch,100000,512,64,4,70020299,4379747614244198658
FLAT,collection,batch,100000,512,64,5,70555674,4379747614244198658
FLAT,collection,batch,100000,512,64,6,70311307,4379747614244198658
