WARNING: Using incubator modules: jdk.incubator.vector
Oct 04, 2026 2:57:33 AM com.integrallis.vectors.core.PanamaVectorUtilSupportProvider create
INFO: vectors-core: Using Panama Vector API SIMD provider (vector bits: 256)
Oct 04, 2026 2:57:33 AM com.integrallis.vectors.core.VectorizationProvider logActiveToggles
INFO: vectors-core: provider=PanamaVectorUtilSupport panama=true maxBits=256 preferredBits=256 fastVectorFMA=true fastScalarFMA=true sve=false ggufParallel=true ggufParallelThreshold=1048576 ggufExecutor=persistent ggufThreads=8 ggufChunksPerThread=2 mappedKQuantLongOffsets=auto(q4=true,q5=false,q6=false) q4ShortPairwiseSupported=true q4UnsignedPairwiseSupported=true toggles=[(defaults — no -Dvectors.* overrides)]
WARMUP,collection,single,1,149,3008169714
FLAT,collection,single,100000,512,1,0,15380196,-2561075354683905283
FLAT,collection,single,100000,512,1,1,15158973,-2561075354683905283
FLAT,collection,single,100000,512,1,2,15493738,-2561075354683905283
FLAT,collection,single,100000,512,1,3,15328549,-2561075354683905283
FLAT,collection,single,100000,512,1,4,15164542,-2561075354683905283
FLAT,collection,single,100000,512,1,5,15322700,-2561075354683905283
FLAT,collection,single,100000,512,1,6,15364333,-2561075354683905283
WARMUP,collection,batch,1,190,3011000464
FLAT,collection,batch,100000,512,1,0,15884195,-2561075354683905283
FLAT,collection,batch,100000,512,1,1,15768430,-2561075354683905283
FLAT,collection,batch,100000,512,1,2,16550958,-2561075354683905283
FLAT,collection,batch,100000,512,1,3,15784065,-2561075354683905283
FLAT,collection,batch,100000,512,1,4,16156894,-2561075354683905283
FLAT,collection,batch,100000,512,1,5,15452686,-2561075354683905283
FLAT,collection,batch,100000,512,1,6,15689722,-2561075354683905283
WARMUP,collection,single,4,48,3045614046
FLAT,collection,single,100000,512,4,0,63454236,-8103726781922252096
FLAT,collection,single,100000,512,4,1,62259559,-8103726781922252096
FLAT,collection,single,100000,512,4,2,62292038,-8103726781922252096
FLAT,collection,single,100000,512,4,3,63453134,-8103726781922252096
FLAT,collection,single,100000,512,4,4,64808672,-8103726781922252096
FLAT,collection,single,100000,512,4,5,63998503,-8103726781922252096
FLAT,collection,single,100000,512,4,6,67976966,-8103726781922252096
WARMUP,collection,batch,4,199,3013385259
FLAT,collection,batch,100000,512,4,0,16014712,-8103726781922252096
FLAT,collection,batch,100000,512,4,1,15109931,-8103726781922252096
FLAT,collection,batch,100000,512,4,2,15274548,-8103726781922252096
FLAT,collection,batch,100000,512,4,3,15873089,-8103726781922252096
FLAT,collection,batch,100000,512,4,4,15631404,-8103726781922252096
FLAT,collection,batch,100000,512,4,5,15190312,-8103726781922252096
FLAT,collection,batch,100000,512,4,6,15129049,-8103726781922252096
WARMUP,collection,single,16,13,3232944324
FLAT,collection,single,100000,512,16,0,247157261,2092469987807476287
FLAT,collection,single,100000,512,16,1,255653477,2092469987807476287
FLAT,collection,single,100000,512,16,2,252544571,2092469987807476287
FLAT,collection,single,100000,512,16,3,254269126,2092469987807476287
FLAT,collection,single,100000,512,16,4,251597419,2092469987807476287
FLAT,collection,single,100000,512,16,5,253152697,2092469987807476287
FLAT,collection,single,100000,512,16,6,245710428,2092469987807476287
WARMUP,collection,batch,16,72,3014388361
FLAT,collection,batch,100000,512,16,0,39059704,2092469987807476287
FLAT,collection,batch,100000,512,16,1,39312335,2092469987807476287
FLAT,collection,batch,100000,512,16,2,38855348,2092469987807476287
FLAT,collection,batch,100000,512,16,3,39877234,2092469987807476287
FLAT,collection,batch,100000,512,16,4,38583959,2092469987807476287
FLAT,collection,batch,100000,512,16,5,38637360,2092469987807476287
FLAT,collection,batch,100000,512,16,6,38562457,2092469987807476287
WARMUP,collection,single,32,8,4110208727
FLAT,collection,single,100000,512,32,0,517250053,-3031150442577658303
FLAT,collection,single,100000,512,32,1,535591584,-3031150442577658303
FLAT,collection,single,100000,512,32,2,533179929,-3031150442577658303
FLAT,collection,single,100000,512,32,3,526345541,-3031150442577658303
FLAT,collection,single,100000,512,32,4,509454243,-3031150442577658303
FLAT,collection,single,100000,512,32,5,522746671,-3031150442577658303
FLAT,collection,single,100000,512,32,6,511572529,-3031150442577658303
WARMUP,collection,batch,32,73,3013870234
FLAT,collection,batch,100000,512,32,0,37463185,-3031150442577658303
FLAT,collection,batch,100000,512,32,1,36841149,-3031150442577658303
FLAT,collection,batch,100000,512,32,2,36651835,-3031150442577658303
FLAT,collection,batch,100000,512,32,3,36898306,-3031150442577658303
FLAT,collection,batch,100000,512,32,4,42947994,-3031150442577658303
FLAT,collection,batch,100000,512,32,5,36850103,-3031150442577658303
FLAT,collection,batch,100000,512,32,6,37042172,-3031150442577658303
WARMUP,collection,single,64,8,8026963799
FLAT,collection,single,100000,512,64,0,1036439632,4379747614244198658
FLAT,collection,single,100000,512,64,1,1021043282,4379747614244198658
FLAT,collection,single,100000,512,64,2,1032352530,4379747614244198658
FLAT,collection,single,100000,512,64,3,1041423585,4379747614244198658
FLAT,collection,single,100000,512,64,4,1048463073,4379747614244198658
FLAT,collection,single,100000,512,64,5,1029466328,4379747614244198658
FLAT,collection,single,100000,512,64,6,1041033134,4379747614244198658
WARMUP,collection,batch,64,41,3055530579
FLAT,collection,batch,100000,512,64,0,72535297,4379747614244198658
FLAT,collection,batch,100000,512,64,1,72370250,4379747614244198658
FLAT,collection,batch,100000,512,64,2,71950508,4379747614244198658
FLAT,collection,batch,100000,512,64,3,72741868,4379747614244198658
FLAT,collection,batch,100000,512,64,4,72447646,4379747614244198658
FLAT,collection,batch,100000,512,64,5,70796672,4379747614244198658
FLAT,collection,batch,100000,512,64,6,72271221,4379747614244198658
