WARNING: Using incubator modules: jdk.incubator.vector
Oct 04, 2026 3:03:17 AM com.integrallis.vectors.core.PanamaVectorUtilSupportProvider create
INFO: vectors-core: Using Panama Vector API SIMD provider (vector bits: 256)
Oct 04, 2026 3:03:17 AM com.integrallis.vectors.core.VectorizationProvider logActiveToggles
INFO: vectors-core: provider=PanamaVectorUtilSupport panama=true maxBits=256 preferredBits=256 fastVectorFMA=true fastScalarFMA=true sve=false ggufParallel=true ggufParallelThreshold=1048576 ggufExecutor=persistent ggufThreads=8 ggufChunksPerThread=2 mappedKQuantLongOffsets=auto(q4=true,q5=false,q6=false) q4ShortPairwiseSupported=true q4UnsignedPairwiseSupported=true toggles=[(defaults — no -Dvectors.* overrides)]
WARMUP,collection,single,1,159,3001439055
FLAT,collection,single,100000,512,1,0,15724053,-2561075354683905283
FLAT,collection,single,100000,512,1,1,16152438,-2561075354683905283
FLAT,collection,single,100000,512,1,2,16109964,-2561075354683905283
FLAT,collection,single,100000,512,1,3,15825647,-2561075354683905283
FLAT,collection,single,100000,512,1,4,15971456,-2561075354683905283
FLAT,collection,single,100000,512,1,5,16458688,-2561075354683905283
FLAT,collection,single,100000,512,1,6,16500873,-2561075354683905283
WARMUP,collection,batch,1,187,3008957196
FLAT,collection,batch,100000,512,1,0,15361919,-2561075354683905283
FLAT,collection,batch,100000,512,1,1,15820549,-2561075354683905283
FLAT,collection,batch,100000,512,1,2,15542931,-2561075354683905283
FLAT,collection,batch,100000,512,1,3,15269189,-2561075354683905283
FLAT,collection,batch,100000,512,1,4,15163199,-2561075354683905283
FLAT,collection,batch,100000,512,1,5,15377152,-2561075354683905283
FLAT,collection,batch,100000,512,1,6,15726308,-2561075354683905283
WARMUP,collection,single,4,47,3033206046
FLAT,collection,single,100000,512,4,0,64923855,-8103726781922252096
FLAT,collection,single,100000,512,4,1,63935078,-8103726781922252096
FLAT,collection,single,100000,512,4,2,63761517,-8103726781922252096
FLAT,collection,single,100000,512,4,3,64580408,-8103726781922252096
FLAT,collection,single,100000,512,4,4,64429140,-8103726781922252096
FLAT,collection,single,100000,512,4,5,62548673,-8103726781922252096
FLAT,collection,single,100000,512,4,6,63047973,-8103726781922252096
WARMUP,collection,batch,4,189,3013010850
FLAT,collection,batch,100000,512,4,0,15119836,-8103726781922252096
FLAT,collection,batch,100000,512,4,1,15175579,-8103726781922252096
FLAT,collection,batch,100000,512,4,2,15287808,-8103726781922252096
FLAT,collection,batch,100000,512,4,3,15070700,-8103726781922252096
FLAT,collection,batch,100000,512,4,4,15060034,-8103726781922252096
FLAT,collection,batch,100000,512,4,5,15168899,-8103726781922252096
FLAT,collection,batch,100000,512,4,6,15403142,-8103726781922252096
WARMUP,collection,single,16,12,3111662815
FLAT,collection,single,100000,512,16,0,249015387,2092469987807476287
FLAT,collection,single,100000,512,16,1,250386589,2092469987807476287
FLAT,collection,single,100000,512,16,2,251399023,2092469987807476287
FLAT,collection,single,100000,512,16,3,262180662,2092469987807476287
FLAT,collection,single,100000,512,16,4,255140852,2092469987807476287
FLAT,collection,single,100000,512,16,5,250827454,2092469987807476287
FLAT,collection,single,100000,512,16,6,250358708,2092469987807476287
WARMUP,collection,batch,16,74,3016929415
FLAT,collection,batch,100000,512,16,0,39179979,2092469987807476287
FLAT,collection,batch,100000,512,16,1,38340806,2092469987807476287
FLAT,collection,batch,100000,512,16,2,38520788,2092469987807476287
FLAT,collection,batch,100000,512,16,3,38335569,2092469987807476287
FLAT,collection,batch,100000,512,16,4,38131993,2092469987807476287
FLAT,collection,batch,100000,512,16,5,38723643,2092469987807476287
FLAT,collection,batch,100000,512,16,6,38885445,2092469987807476287
WARMUP,collection,single,32,8,4143907627
FLAT,collection,single,100000,512,32,0,518452620,-3031150442577658303
FLAT,collection,single,100000,512,32,1,505343211,-3031150442577658303
FLAT,collection,single,100000,512,32,2,513013780,-3031150442577658303
FLAT,collection,single,100000,512,32,3,505796914,-3031150442577658303
FLAT,collection,single,100000,512,32,4,507582250,-3031150442577658303
FLAT,collection,single,100000,512,32,5,511876669,-3031150442577658303
FLAT,collection,single,100000,512,32,6,518009237,-3031150442577658303
WARMUP,collection,batch,32,71,3007884852
FLAT,collection,batch,100000,512,32,0,38826478,-3031150442577658303
FLAT,collection,batch,100000,512,32,1,40351992,-3031150442577658303
FLAT,collection,batch,100000,512,32,2,39254122,-3031150442577658303
FLAT,collection,batch,100000,512,32,3,39658370,-3031150442577658303
FLAT,collection,batch,100000,512,32,4,39440481,-3031150442577658303
FLAT,collection,batch,100000,512,32,5,39164607,-3031150442577658303
FLAT,collection,batch,100000,512,32,6,41102511,-3031150442577658303
WARMUP,collection,single,64,8,8311662446
FLAT,collection,single,100000,512,64,0,1020722367,4379747614244198658
FLAT,collection,single,100000,512,64,1,1046057883,4379747614244198658
FLAT,collection,single,100000,512,64,2,1036411302,4379747614244198658
FLAT,collection,single,100000,512,64,3,1013187677,4379747614244198658
FLAT,collection,single,100000,512,64,4,1027500689,4379747614244198658
FLAT,collection,single,100000,512,64,5,1034338217,4379747614244198658
FLAT,collection,single,100000,512,64,6,999343033,4379747614244198658
WARMUP,collection,batch,64,39,3023013071
FLAT,collection,batch,100000,512,64,0,74680516,4379747614244198658
FLAT,collection,batch,100000,512,64,1,74337720,4379747614244198658
FLAT,collection,batch,100000,512,64,2,74430320,4379747614244198658
FLAT,collection,batch,100000,512,64,3,74609720,4379747614244198658
FLAT,collection,batch,100000,512,64,4,74991774,4379747614244198658
FLAT,collection,batch,100000,512,64,5,74823221,4379747614244198658
FLAT,collection,batch,100000,512,64,6,75689825,4379747614244198658
