WARNING: Using incubator modules: jdk.incubator.vector
Oct 04, 2026 3:18:10 AM com.integrallis.vectors.core.PanamaVectorUtilSupportProvider create
INFO: vectors-core: Using Panama Vector API SIMD provider (vector bits: 256)
Oct 04, 2026 3:18:10 AM com.integrallis.vectors.core.VectorizationProvider logActiveToggles
INFO: vectors-core: provider=PanamaVectorUtilSupport panama=true maxBits=256 preferredBits=256 fastVectorFMA=true fastScalarFMA=true sve=false ggufParallel=true ggufParallelThreshold=1048576 ggufExecutor=persistent ggufThreads=8 ggufChunksPerThread=2 mappedKQuantLongOffsets=auto(q4=true,q5=false,q6=false) q4ShortPairwiseSupported=true q4UnsignedPairwiseSupported=true toggles=[(defaults — no -Dvectors.* overrides)]
WARMUP,fashion-control,single,1,168,3007740019
FLAT,fashion-control,single,60000,784,1,0,15331671,2916591807911878032
FLAT,fashion-control,single,60000,784,1,1,15000424,2916591807911878032
FLAT,fashion-control,single,60000,784,1,2,14627062,2916591807911878032
FLAT,fashion-control,single,60000,784,1,3,14979021,2916591807911878032
FLAT,fashion-control,single,60000,784,1,4,15399754,2916591807911878032
FLAT,fashion-control,single,60000,784,1,5,15246824,2916591807911878032
FLAT,fashion-control,single,60000,784,1,6,15213244,2916591807911878032
WARMUP,fashion-control,batch,1,196,3010135717
FLAT,fashion-control,batch,60000,784,1,0,15170178,2916591807911878032
FLAT,fashion-control,batch,60000,784,1,1,15131602,2916591807911878032
FLAT,fashion-control,batch,60000,784,1,2,14909557,2916591807911878032
FLAT,fashion-control,batch,60000,784,1,3,15363319,2916591807911878032
FLAT,fashion-control,batch,60000,784,1,4,15285522,2916591807911878032
FLAT,fashion-control,batch,60000,784,1,5,15543100,2916591807911878032
FLAT,fashion-control,batch,60000,784,1,6,15498332,2916591807911878032
WARMUP,fashion-control,single,4,49,3037784496
FLAT,fashion-control,single,60000,784,4,0,62922628,3519200865979862387
FLAT,fashion-control,single,60000,784,4,1,60968787,3519200865979862387
FLAT,fashion-control,single,60000,784,4,2,61454920,3519200865979862387
FLAT,fashion-control,single,60000,784,4,3,63083180,3519200865979862387
FLAT,fashion-control,single,60000,784,4,4,62438129,3519200865979862387
FLAT,fashion-control,single,60000,784,4,5,61574369,3519200865979862387
FLAT,fashion-control,single,60000,784,4,6,59322931,3519200865979862387
WARMUP,fashion-control,batch,4,200,3006141060
FLAT,fashion-control,batch,60000,784,4,0,15286534,3519200865979862387
FLAT,fashion-control,batch,60000,784,4,1,15050990,3519200865979862387
FLAT,fashion-control,batch,60000,784,4,2,15537962,3519200865979862387
FLAT,fashion-control,batch,60000,784,4,3,15715830,3519200865979862387
FLAT,fashion-control,batch,60000,784,4,4,15535890,3519200865979862387
FLAT,fashion-control,batch,60000,784,4,5,15385012,3519200865979862387
FLAT,fashion-control,batch,60000,784,4,6,15232042,3519200865979862387
WARMUP,fashion-control,single,16,13,3111713451
FLAT,fashion-control,single,60000,784,16,0,239608041,-5621565102746882368
FLAT,fashion-control,single,60000,784,16,1,242217628,-5621565102746882368
FLAT,fashion-control,single,60000,784,16,2,233766240,-5621565102746882368
FLAT,fashion-control,single,60000,784,16,3,236786074,-5621565102746882368
FLAT,fashion-control,single,60000,784,16,4,235911209,-5621565102746882368
FLAT,fashion-control,single,60000,784,16,5,234842669,-5621565102746882368
FLAT,fashion-control,single,60000,784,16,6,232466695,-5621565102746882368
WARMUP,fashion-control,batch,16,63,3034706391
FLAT,fashion-control,batch,60000,784,16,0,54190999,-5621565102746882368
FLAT,fashion-control,batch,60000,784,16,1,45790807,-5621565102746882368
FLAT,fashion-control,batch,60000,784,16,2,46274386,-5621565102746882368
FLAT,fashion-control,batch,60000,784,16,3,46168026,-5621565102746882368
FLAT,fashion-control,batch,60000,784,16,4,46535740,-5621565102746882368
FLAT,fashion-control,batch,60000,784,16,5,47528262,-5621565102746882368
FLAT,fashion-control,batch,60000,784,16,6,47196434,-5621565102746882368
WARMUP,fashion-control,single,32,8,3845622281
FLAT,fashion-control,single,60000,784,32,0,467920204,-3449808930485460012
FLAT,fashion-control,single,60000,784,32,1,475680092,-3449808930485460012
FLAT,fashion-control,single,60000,784,32,2,484283600,-3449808930485460012
FLAT,fashion-control,single,60000,784,32,3,481727793,-3449808930485460012
FLAT,fashion-control,single,60000,784,32,4,477694764,-3449808930485460012
FLAT,fashion-control,single,60000,784,32,5,471666962,-3449808930485460012
FLAT,fashion-control,single,60000,784,32,6,486569009,-3449808930485460012
WARMUP,fashion-control,batch,32,31,3001155560
FLAT,fashion-control,batch,60000,784,32,0,92908723,-3449808930485460012
FLAT,fashion-control,batch,60000,784,32,1,92294079,-3449808930485460012
FLAT,fashion-control,batch,60000,784,32,2,91606653,-3449808930485460012
FLAT,fashion-control,batch,60000,784,32,3,91001823,-3449808930485460012
FLAT,fashion-control,batch,60000,784,32,4,91907956,-3449808930485460012
FLAT,fashion-control,batch,60000,784,32,5,93569497,-3449808930485460012
FLAT,fashion-control,batch,60000,784,32,6,95987796,-3449808930485460012
WARMUP,fashion-control,single,64,8,7590238366
FLAT,fashion-control,single,60000,784,64,0,962588755,-2611455073570894421
FLAT,fashion-control,single,60000,784,64,1,948066721,-2611455073570894421
FLAT,fashion-control,single,60000,784,64,2,948056877,-2611455073570894421
FLAT,fashion-control,single,60000,784,64,3,967862481,-2611455073570894421
FLAT,fashion-control,single,60000,784,64,4,972060369,-2611455073570894421
FLAT,fashion-control,single,60000,784,64,5,962419371,-2611455073570894421
FLAT,fashion-control,single,60000,784,64,6,961433318,-2611455073570894421
WARMUP,fashion-control,batch,64,16,3022716307
FLAT,fashion-control,batch,60000,784,64,0,192376107,-2611455073570894421
FLAT,fashion-control,batch,60000,784,64,1,193752928,-2611455073570894421
FLAT,fashion-control,batch,60000,784,64,2,192507224,-2611455073570894421
FLAT,fashion-control,batch,60000,784,64,3,193132114,-2611455073570894421
FLAT,fashion-control,batch,60000,784,64,4,191402491,-2611455073570894421
FLAT,fashion-control,batch,60000,784,64,5,190472783,-2611455073570894421
FLAT,fashion-control,batch,60000,784,64,6,192815648,-2611455073570894421
