WARNING: Using incubator modules: jdk.incubator.vector
Oct 04, 2026 3:20:31 AM com.integrallis.vectors.core.PanamaVectorUtilSupportProvider create
INFO: vectors-core: Using Panama Vector API SIMD provider (vector bits: 256)
Oct 04, 2026 3:20:32 AM com.integrallis.vectors.core.VectorizationProvider logActiveToggles
INFO: vectors-core: provider=PanamaVectorUtilSupport panama=true maxBits=256 preferredBits=256 fastVectorFMA=true fastScalarFMA=true sve=false ggufParallel=true ggufParallelThreshold=1048576 ggufExecutor=persistent ggufThreads=8 ggufChunksPerThread=2 mappedKQuantLongOffsets=auto(q4=true,q5=false,q6=false) q4ShortPairwiseSupported=true q4UnsignedPairwiseSupported=true toggles=[(defaults — no -Dvectors.* overrides)]
WARMUP,glove,single,1,608,3001384839
FLAT,glove,single,100000,100,1,0,2772903,7167697522366443656
FLAT,glove,single,100000,100,1,1,2830970,7167697522366443656
FLAT,glove,single,100000,100,1,2,2793844,7167697522366443656
FLAT,glove,single,100000,100,1,3,2796328,7167697522366443656
FLAT,glove,single,100000,100,1,4,2791761,7167697522366443656
FLAT,glove,single,100000,100,1,5,2744561,7167697522366443656
FLAT,glove,single,100000,100,1,6,2762027,7167697522366443656
WARMUP,glove,batch,1,991,3001313063
FLAT,glove,batch,100000,100,1,0,3026935,7167697522366443656
FLAT,glove,batch,100000,100,1,1,2729077,7167697522366443656
FLAT,glove,batch,100000,100,1,2,3047265,7167697522366443656
FLAT,glove,batch,100000,100,1,3,2745542,7167697522366443656
FLAT,glove,batch,100000,100,1,4,2772984,7167697522366443656
FLAT,glove,batch,100000,100,1,5,2774736,7167697522366443656
FLAT,glove,batch,100000,100,1,6,2740844,7167697522366443656
WARMUP,glove,single,4,272,3007079381
FLAT,glove,single,100000,100,4,0,10897459,-5393426958338102730
FLAT,glove,single,100000,100,4,1,10895195,-5393426958338102730
FLAT,glove,single,100000,100,4,2,10882997,-5393426958338102730
FLAT,glove,single,100000,100,4,3,10913875,-5393426958338102730
FLAT,glove,single,100000,100,4,4,10900193,-5393426958338102730
FLAT,glove,single,100000,100,4,5,10950749,-5393426958338102730
FLAT,glove,single,100000,100,4,6,10807705,-5393426958338102730
WARMUP,glove,batch,4,838,3000094422
FLAT,glove,batch,100000,100,4,0,4487463,-5393426958338102730
FLAT,glove,batch,100000,100,4,1,4274202,-5393426958338102730
FLAT,glove,batch,100000,100,4,2,4274323,-5393426958338102730
FLAT,glove,batch,100000,100,4,3,4285639,-5393426958338102730
FLAT,glove,batch,100000,100,4,4,4268442,-5393426958338102730
FLAT,glove,batch,100000,100,4,5,4306020,-5393426958338102730
FLAT,glove,batch,100000,100,4,6,4345880,-5393426958338102730
WARMUP,glove,single,16,69,3004406713
FLAT,glove,single,100000,100,16,0,42952778,-4616742646284636308
FLAT,glove,single,100000,100,16,1,42830264,-4616742646284636308
FLAT,glove,single,100000,100,16,2,43129344,-4616742646284636308
FLAT,glove,single,100000,100,16,3,43308975,-4616742646284636308
FLAT,glove,single,100000,100,16,4,43156675,-4616742646284636308
FLAT,glove,single,100000,100,16,5,42682412,-4616742646284636308
FLAT,glove,single,100000,100,16,6,42887781,-4616742646284636308
WARMUP,glove,batch,16,257,3007782485
FLAT,glove,batch,100000,100,16,0,8542165,-4616742646284636308
FLAT,glove,batch,100000,100,16,1,8574113,-4616742646284636308
FLAT,glove,batch,100000,100,16,2,8553351,-4616742646284636308
FLAT,glove,batch,100000,100,16,3,8537127,-4616742646284636308
FLAT,glove,batch,100000,100,16,4,8969168,-4616742646284636308
FLAT,glove,batch,100000,100,16,5,8545691,-4616742646284636308
FLAT,glove,batch,100000,100,16,6,8714093,-4616742646284636308
WARMUP,glove,single,32,34,3003298378
FLAT,glove,single,100000,100,32,0,87966007,1177092119961519121
FLAT,glove,single,100000,100,32,1,87448688,1177092119961519121
FLAT,glove,single,100000,100,32,2,88336765,1177092119961519121
FLAT,glove,single,100000,100,32,3,86910399,1177092119961519121
FLAT,glove,single,100000,100,32,4,87106584,1177092119961519121
FLAT,glove,single,100000,100,32,5,86355433,1177092119961519121
FLAT,glove,single,100000,100,32,6,86620562,1177092119961519121
WARMUP,glove,batch,32,178,3011435545
FLAT,glove,batch,100000,100,32,0,16833021,1177092119961519121
FLAT,glove,batch,100000,100,32,1,16857188,1177092119961519121
FLAT,glove,batch,100000,100,32,2,16872791,1177092119961519121
FLAT,glove,batch,100000,100,32,3,16841624,1177092119961519121
FLAT,glove,batch,100000,100,32,4,16913643,1177092119961519121
FLAT,glove,batch,100000,100,32,5,16947083,1177092119961519121
FLAT,glove,batch,100000,100,32,6,16773252,1177092119961519121
WARMUP,glove,single,64,17,3001670983
FLAT,glove,single,100000,100,64,0,175198310,7293109510488223649
FLAT,glove,single,100000,100,64,1,174390535,7293109510488223649
FLAT,glove,single,100000,100,64,2,182572227,7293109510488223649
FLAT,glove,single,100000,100,64,3,174607700,7293109510488223649
FLAT,glove,single,100000,100,64,4,176212968,7293109510488223649
FLAT,glove,single,100000,100,64,5,175037178,7293109510488223649
FLAT,glove,single,100000,100,64,6,176041118,7293109510488223649
WARMUP,glove,batch,64,90,3025530099
FLAT,glove,batch,100000,100,64,0,33259471,7293109510488223649
FLAT,glove,batch,100000,100,64,1,33248914,7293109510488223649
FLAT,glove,batch,100000,100,64,2,34106535,7293109510488223649
FLAT,glove,batch,100000,100,64,3,33488055,7293109510488223649
FLAT,glove,batch,100000,100,64,4,33278529,7293109510488223649
FLAT,glove,batch,100000,100,64,5,33358280,7293109510488223649
FLAT,glove,batch,100000,100,64,6,33376838,7293109510488223649
