WARNING: Using incubator modules: jdk.incubator.vector
Oct 04, 2026 3:23:48 AM com.integrallis.vectors.core.PanamaVectorUtilSupportProvider create
INFO: vectors-core: Using Panama Vector API SIMD provider (vector bits: 256)
Oct 04, 2026 3:23:48 AM com.integrallis.vectors.core.VectorizationProvider logActiveToggles
INFO: vectors-core: provider=PanamaVectorUtilSupport panama=true maxBits=256 preferredBits=256 fastVectorFMA=true fastScalarFMA=true sve=false ggufParallel=true ggufParallelThreshold=1048576 ggufExecutor=persistent ggufThreads=8 ggufChunksPerThread=2 mappedKQuantLongOffsets=auto(q4=true,q5=false,q6=false) q4ShortPairwiseSupported=true q4UnsignedPairwiseSupported=true toggles=[(defaults — no -Dvectors.* overrides)]
WARMUP,fashion-control,single,1,175,3005541673
FLAT,fashion-control,single,60000,784,1,0,15761345,2916591807911878032
FLAT,fashion-control,single,60000,784,1,1,14668746,2916591807911878032
FLAT,fashion-control,single,60000,784,1,2,14219883,2916591807911878032
FLAT,fashion-control,single,60000,784,1,3,14325811,2916591807911878032
FLAT,fashion-control,single,60000,784,1,4,14460062,2916591807911878032
FLAT,fashion-control,single,60000,784,1,5,14132902,2916591807911878032
FLAT,fashion-control,single,60000,784,1,6,13833614,2916591807911878032
WARMUP,fashion-control,batch,1,205,3012736586
FLAT,fashion-control,batch,60000,784,1,0,14350749,2916591807911878032
FLAT,fashion-control,batch,60000,784,1,1,15013182,2916591807911878032
FLAT,fashion-control,batch,60000,784,1,2,14658320,2916591807911878032
FLAT,fashion-control,batch,60000,784,1,3,14770530,2916591807911878032
FLAT,fashion-control,batch,60000,784,1,4,14778851,2916591807911878032
FLAT,fashion-control,batch,60000,784,1,5,15772151,2916591807911878032
FLAT,fashion-control,batch,60000,784,1,6,14566774,2916591807911878032
WARMUP,fashion-control,single,4,52,3047270918
FLAT,fashion-control,single,60000,784,4,0,59987005,3519200865979862387
FLAT,fashion-control,single,60000,784,4,1,59031634,3519200865979862387
FLAT,fashion-control,single,60000,784,4,2,60466594,3519200865979862387
FLAT,fashion-control,single,60000,784,4,3,60348087,3519200865979862387
FLAT,fashion-control,single,60000,784,4,4,59772393,3519200865979862387
FLAT,fashion-control,single,60000,784,4,5,59698323,3519200865979862387
FLAT,fashion-control,single,60000,784,4,6,58649289,3519200865979862387
WARMUP,fashion-control,batch,4,201,3006667731
FLAT,fashion-control,batch,60000,784,4,0,15305192,3519200865979862387
FLAT,fashion-control,batch,60000,784,4,1,15975217,3519200865979862387
FLAT,fashion-control,batch,60000,784,4,2,15521987,3519200865979862387
FLAT,fashion-control,batch,60000,784,4,3,15383970,3519200865979862387
FLAT,fashion-control,batch,60000,784,4,4,15287785,3519200865979862387
FLAT,fashion-control,batch,60000,784,4,5,15808196,3519200865979862387
FLAT,fashion-control,batch,60000,784,4,6,15166263,3519200865979862387
WARMUP,fashion-control,single,16,13,3108589816
FLAT,fashion-control,single,60000,784,16,0,236075921,-5621565102746882368
FLAT,fashion-control,single,60000,784,16,1,233148000,-5621565102746882368
FLAT,fashion-control,single,60000,784,16,2,238878143,-5621565102746882368
FLAT,fashion-control,single,60000,784,16,3,243658763,-5621565102746882368
FLAT,fashion-control,single,60000,784,16,4,231409205,-5621565102746882368
FLAT,fashion-control,single,60000,784,16,5,231371599,-5621565102746882368
FLAT,fashion-control,single,60000,784,16,6,240605405,-5621565102746882368
WARMUP,fashion-control,batch,16,65,3006571613
FLAT,fashion-control,batch,60000,784,16,0,46036690,-5621565102746882368
FLAT,fashion-control,batch,60000,784,16,1,45735279,-5621565102746882368
FLAT,fashion-control,batch,60000,784,16,2,46047607,-5621565102746882368
FLAT,fashion-control,batch,60000,784,16,3,44200567,-5621565102746882368
FLAT,fashion-control,batch,60000,784,16,4,45129881,-5621565102746882368
FLAT,fashion-control,batch,60000,784,16,5,47068218,-5621565102746882368
FLAT,fashion-control,batch,60000,784,16,6,46672404,-5621565102746882368
WARMUP,fashion-control,single,32,8,3694500678
FLAT,fashion-control,single,60000,784,32,0,466401747,-3449808930485460012
FLAT,fashion-control,single,60000,784,32,1,447200642,-3449808930485460012
FLAT,fashion-control,single,60000,784,32,2,468002392,-3449808930485460012
FLAT,fashion-control,single,60000,784,32,3,451546352,-3449808930485460012
FLAT,fashion-control,single,60000,784,32,4,459994657,-3449808930485460012
FLAT,fashion-control,single,60000,784,32,5,467043678,-3449808930485460012
FLAT,fashion-control,single,60000,784,32,6,449868183,-3449808930485460012
WARMUP,fashion-control,batch,32,33,3087305768
FLAT,fashion-control,batch,60000,784,32,0,91570796,-3449808930485460012
FLAT,fashion-control,batch,60000,784,32,1,91818338,-3449808930485460012
FLAT,fashion-control,batch,60000,784,32,2,92238758,-3449808930485460012
FLAT,fashion-control,batch,60000,784,32,3,92291798,-3449808930485460012
FLAT,fashion-control,batch,60000,784,32,4,90599450,-3449808930485460012
FLAT,fashion-control,batch,60000,784,32,5,89838580,-3449808930485460012
FLAT,fashion-control,batch,60000,784,32,6,89683286,-3449808930485460012
WARMUP,fashion-control,single,64,8,7309989709
FLAT,fashion-control,single,60000,784,64,0,912364897,-2611455073570894421
FLAT,fashion-control,single,60000,784,64,1,905282831,-2611455073570894421
FLAT,fashion-control,single,60000,784,64,2,912818210,-2611455073570894421
FLAT,fashion-control,single,60000,784,64,3,880520705,-2611455073570894421
FLAT,fashion-control,single,60000,784,64,4,942731182,-2611455073570894421
FLAT,fashion-control,single,60000,784,64,5,935790448,-2611455073570894421
FLAT,fashion-control,single,60000,784,64,6,906493474,-2611455073570894421
WARMUP,fashion-control,batch,64,17,3045425321
FLAT,fashion-control,batch,60000,784,64,0,181364768,-2611455073570894421
FLAT,fashion-control,batch,60000,784,64,1,181824047,-2611455073570894421
FLAT,fashion-control,batch,60000,784,64,2,184126630,-2611455073570894421
FLAT,fashion-control,batch,60000,784,64,3,181586612,-2611455073570894421
FLAT,fashion-control,batch,60000,784,64,4,181038159,-2611455073570894421
FLAT,fashion-control,batch,60000,784,64,5,178902716,-2611455073570894421
FLAT,fashion-control,batch,60000,784,64,6,175631591,-2611455073570894421
