WARNING: Using incubator modules: jdk.incubator.vector
Oct 04, 2026 3:16:19 AM com.integrallis.vectors.core.PanamaVectorUtilSupportProvider create
INFO: vectors-core: Using Panama Vector API SIMD provider (vector bits: 256)
Oct 04, 2026 3:16:19 AM com.integrallis.vectors.core.VectorizationProvider logActiveToggles
INFO: vectors-core: provider=PanamaVectorUtilSupport panama=true maxBits=256 preferredBits=256 fastVectorFMA=true fastScalarFMA=true sve=false ggufParallel=true ggufParallelThreshold=1048576 ggufExecutor=persistent ggufThreads=8 ggufChunksPerThread=2 mappedKQuantLongOffsets=auto(q4=true,q5=false,q6=false) q4ShortPairwiseSupported=true q4UnsignedPairwiseSupported=true toggles=[(defaults — no -Dvectors.* overrides)]
WARMUP,collection,single,1,163,3004085387
FLAT,collection,single,100000,512,1,0,16397015,-2561075354683905283
FLAT,collection,single,100000,512,1,1,15866667,-2561075354683905283
FLAT,collection,single,100000,512,1,2,16350003,-2561075354683905283
FLAT,collection,single,100000,512,1,3,16012335,-2561075354683905283
FLAT,collection,single,100000,512,1,4,16007798,-2561075354683905283
FLAT,collection,single,100000,512,1,5,16181620,-2561075354683905283
FLAT,collection,single,100000,512,1,6,16321721,-2561075354683905283
WARMUP,collection,batch,1,186,3014464978
FLAT,collection,batch,100000,512,1,0,16079526,-2561075354683905283
FLAT,collection,batch,100000,512,1,1,16575473,-2561075354683905283
FLAT,collection,batch,100000,512,1,2,16215261,-2561075354683905283
FLAT,collection,batch,100000,512,1,3,16940873,-2561075354683905283
FLAT,collection,batch,100000,512,1,4,16691417,-2561075354683905283
FLAT,collection,batch,100000,512,1,5,16349422,-2561075354683905283
FLAT,collection,batch,100000,512,1,6,16263293,-2561075354683905283
WARMUP,collection,single,4,47,3042599929
FLAT,collection,single,100000,512,4,0,62940072,-8103726781922252096
FLAT,collection,single,100000,512,4,1,62962095,-8103726781922252096
FLAT,collection,single,100000,512,4,2,62600771,-8103726781922252096
FLAT,collection,single,100000,512,4,3,62648594,-8103726781922252096
FLAT,collection,single,100000,512,4,4,62778831,-8103726781922252096
FLAT,collection,single,100000,512,4,5,63267896,-8103726781922252096
FLAT,collection,single,100000,512,4,6,62959322,-8103726781922252096
WARMUP,collection,batch,4,194,3005318311
FLAT,collection,batch,100000,512,4,0,14703035,-8103726781922252096
FLAT,collection,batch,100000,512,4,1,14613521,-8103726781922252096
FLAT,collection,batch,100000,512,4,2,15004428,-8103726781922252096
FLAT,collection,batch,100000,512,4,3,14882696,-8103726781922252096
FLAT,collection,batch,100000,512,4,4,14702394,-8103726781922252096
FLAT,collection,batch,100000,512,4,5,14777006,-8103726781922252096
FLAT,collection,batch,100000,512,4,6,15326112,-8103726781922252096
WARMUP,collection,single,16,12,3106065628
FLAT,collection,single,100000,512,16,0,255134509,2092469987807476287
FLAT,collection,single,100000,512,16,1,251844939,2092469987807476287
FLAT,collection,single,100000,512,16,2,258168775,2092469987807476287
FLAT,collection,single,100000,512,16,3,267677584,2092469987807476287
FLAT,collection,single,100000,512,16,4,267837305,2092469987807476287
FLAT,collection,single,100000,512,16,5,262715277,2092469987807476287
FLAT,collection,single,100000,512,16,6,266067952,2092469987807476287
WARMUP,collection,batch,16,72,3027631324
FLAT,collection,batch,100000,512,16,0,41235131,2092469987807476287
FLAT,collection,batch,100000,512,16,1,39648104,2092469987807476287
FLAT,collection,batch,100000,512,16,2,39659581,2092469987807476287
FLAT,collection,batch,100000,512,16,3,39089473,2092469987807476287
FLAT,collection,batch,100000,512,16,4,39142702,2092469987807476287
FLAT,collection,batch,100000,512,16,5,39368131,2092469987807476287
FLAT,collection,batch,100000,512,16,6,39700912,2092469987807476287
WARMUP,collection,single,32,8,4141013199
FLAT,collection,single,100000,512,32,0,525926861,-3031150442577658303
FLAT,collection,single,100000,512,32,1,531679839,-3031150442577658303
FLAT,collection,single,100000,512,32,2,519411597,-3031150442577658303
FLAT,collection,single,100000,512,32,3,523600901,-3031150442577658303
FLAT,collection,single,100000,512,32,4,523772450,-3031150442577658303
FLAT,collection,single,100000,512,32,5,521721294,-3031150442577658303
FLAT,collection,single,100000,512,32,6,540440282,-3031150442577658303
WARMUP,collection,batch,32,38,3057571628
FLAT,collection,batch,100000,512,32,0,80515892,-3031150442577658303
FLAT,collection,batch,100000,512,32,1,80622503,-3031150442577658303
FLAT,collection,batch,100000,512,32,2,82346407,-3031150442577658303
FLAT,collection,batch,100000,512,32,3,81339250,-3031150442577658303
FLAT,collection,batch,100000,512,32,4,82182179,-3031150442577658303
FLAT,collection,batch,100000,512,32,5,82438625,-3031150442577658303
FLAT,collection,batch,100000,512,32,6,79832403,-3031150442577658303
WARMUP,collection,single,64,8,8178566489
FLAT,collection,single,100000,512,64,0,1198623240,4379747614244198658
FLAT,collection,single,100000,512,64,1,1107231711,4379747614244198658
FLAT,collection,single,100000,512,64,2,1061773687,4379747614244198658
FLAT,collection,single,100000,512,64,3,1068702473,4379747614244198658
FLAT,collection,single,100000,512,64,4,1084790914,4379747614244198658
FLAT,collection,single,100000,512,64,5,1107859849,4379747614244198658
FLAT,collection,single,100000,512,64,6,1080571995,4379747614244198658
WARMUP,collection,batch,64,19,3155898820
FLAT,collection,batch,100000,512,64,0,185074433,4379747614244198658
FLAT,collection,batch,100000,512,64,1,165528491,4379747614244198658
FLAT,collection,batch,100000,512,64,2,164220402,4379747614244198658
FLAT,collection,batch,100000,512,64,3,185570520,4379747614244198658
FLAT,collection,batch,100000,512,64,4,171091092,4379747614244198658
FLAT,collection,batch,100000,512,64,5,166677199,4379747614244198658
FLAT,collection,batch,100000,512,64,6,163764207,4379747614244198658
