WARNING: Using incubator modules: jdk.incubator.vector
Oct 04, 2026 3:25:49 AM com.integrallis.vectors.core.PanamaVectorUtilSupportProvider create
INFO: vectors-core: Using Panama Vector API SIMD provider (vector bits: 256)
Oct 04, 2026 3:25:49 AM com.integrallis.vectors.core.VectorizationProvider logActiveToggles
INFO: vectors-core: provider=PanamaVectorUtilSupport panama=true maxBits=256 preferredBits=256 fastVectorFMA=true fastScalarFMA=true sve=false ggufParallel=true ggufParallelThreshold=1048576 ggufExecutor=persistent ggufThreads=8 ggufChunksPerThread=2 mappedKQuantLongOffsets=auto(q4=true,q5=false,q6=false) q4ShortPairwiseSupported=true q4UnsignedPairwiseSupported=true toggles=[(defaults — no -Dvectors.* overrides)]
WARMUP,collection,single,1,146,3010236467
FLAT,collection,single,100000,512,1,0,15690233,-2561075354683905283
FLAT,collection,single,100000,512,1,1,15647741,-2561075354683905283
FLAT,collection,single,100000,512,1,2,15668060,-2561075354683905283
FLAT,collection,single,100000,512,1,3,15363524,-2561075354683905283
FLAT,collection,single,100000,512,1,4,15743894,-2561075354683905283
FLAT,collection,single,100000,512,1,5,15703122,-2561075354683905283
FLAT,collection,single,100000,512,1,6,16065887,-2561075354683905283
WARMUP,collection,batch,1,189,3012524901
FLAT,collection,batch,100000,512,1,0,15910114,-2561075354683905283
FLAT,collection,batch,100000,512,1,1,16351667,-2561075354683905283
FLAT,collection,batch,100000,512,1,2,15581480,-2561075354683905283
FLAT,collection,batch,100000,512,1,3,15495922,-2561075354683905283
FLAT,collection,batch,100000,512,1,4,15872658,-2561075354683905283
FLAT,collection,batch,100000,512,1,5,15641522,-2561075354683905283
FLAT,collection,batch,100000,512,1,6,15611065,-2561075354683905283
WARMUP,collection,single,4,48,3042512931
FLAT,collection,single,100000,512,4,0,63851434,-8103726781922252096
FLAT,collection,single,100000,512,4,1,63293396,-8103726781922252096
FLAT,collection,single,100000,512,4,2,64786688,-8103726781922252096
FLAT,collection,single,100000,512,4,3,64563763,-8103726781922252096
FLAT,collection,single,100000,512,4,4,63887850,-8103726781922252096
FLAT,collection,single,100000,512,4,5,62560988,-8103726781922252096
FLAT,collection,single,100000,512,4,6,61653907,-8103726781922252096
WARMUP,collection,batch,4,196,3006888192
FLAT,collection,batch,100000,512,4,0,15034300,-8103726781922252096
FLAT,collection,batch,100000,512,4,1,15335422,-8103726781922252096
FLAT,collection,batch,100000,512,4,2,15463915,-8103726781922252096
FLAT,collection,batch,100000,512,4,3,14873480,-8103726781922252096
FLAT,collection,batch,100000,512,4,4,14845377,-8103726781922252096
FLAT,collection,batch,100000,512,4,5,15344366,-8103726781922252096
FLAT,collection,batch,100000,512,4,6,15317405,-8103726781922252096
WARMUP,collection,single,16,12,3089173129
FLAT,collection,single,100000,512,16,0,250924525,2092469987807476287
FLAT,collection,single,100000,512,16,1,251467882,2092469987807476287
FLAT,collection,single,100000,512,16,2,250743975,2092469987807476287
FLAT,collection,single,100000,512,16,3,247479767,2092469987807476287
FLAT,collection,single,100000,512,16,4,251814392,2092469987807476287
FLAT,collection,single,100000,512,16,5,246551987,2092469987807476287
FLAT,collection,single,100000,512,16,6,246335912,2092469987807476287
WARMUP,collection,batch,16,75,3002817793
FLAT,collection,batch,100000,512,16,0,53581618,2092469987807476287
FLAT,collection,batch,100000,512,16,1,40357223,2092469987807476287
FLAT,collection,batch,100000,512,16,2,40362971,2092469987807476287
FLAT,collection,batch,100000,512,16,3,40193898,2092469987807476287
FLAT,collection,batch,100000,512,16,4,40188610,2092469987807476287
FLAT,collection,batch,100000,512,16,5,38626516,2092469987807476287
FLAT,collection,batch,100000,512,16,6,37899034,2092469987807476287
WARMUP,collection,single,32,8,3989984660
FLAT,collection,single,100000,512,32,0,491341587,-3031150442577658303
FLAT,collection,single,100000,512,32,1,495076754,-3031150442577658303
FLAT,collection,single,100000,512,32,2,494140471,-3031150442577658303
FLAT,collection,single,100000,512,32,3,491712980,-3031150442577658303
FLAT,collection,single,100000,512,32,4,491649767,-3031150442577658303
FLAT,collection,single,100000,512,32,5,494340906,-3031150442577658303
FLAT,collection,single,100000,512,32,6,493354258,-3031150442577658303
WARMUP,collection,batch,32,39,3019341503
FLAT,collection,batch,100000,512,32,0,75457212,-3031150442577658303
FLAT,collection,batch,100000,512,32,1,75720777,-3031150442577658303
FLAT,collection,batch,100000,512,32,2,75184483,-3031150442577658303
FLAT,collection,batch,100000,512,32,3,74441618,-3031150442577658303
FLAT,collection,batch,100000,512,32,4,75702149,-3031150442577658303
FLAT,collection,batch,100000,512,32,5,75545095,-3031150442577658303
FLAT,collection,batch,100000,512,32,6,75721910,-3031150442577658303
WARMUP,collection,single,64,8,7901856541
FLAT,collection,single,100000,512,64,0,974010530,4379747614244198658
FLAT,collection,single,100000,512,64,1,963190077,4379747614244198658
FLAT,collection,single,100000,512,64,2,985884353,4379747614244198658
FLAT,collection,single,100000,512,64,3,988179375,4379747614244198658
FLAT,collection,single,100000,512,64,4,963495475,4379747614244198658
FLAT,collection,single,100000,512,64,5,979011008,4379747614244198658
FLAT,collection,single,100000,512,64,6,996633123,4379747614244198658
WARMUP,collection,batch,64,19,3036847843
FLAT,collection,batch,100000,512,64,0,157490364,4379747614244198658
FLAT,collection,batch,100000,512,64,1,169213400,4379747614244198658
FLAT,collection,batch,100000,512,64,2,154630552,4379747614244198658
FLAT,collection,batch,100000,512,64,3,152496980,4379747614244198658
FLAT,collection,batch,100000,512,64,4,153345224,4379747614244198658
FLAT,collection,batch,100000,512,64,5,154275601,4379747614244198658
FLAT,collection,batch,100000,512,64,6,172437930,4379747614244198658
