WARNING: Using incubator modules: jdk.incubator.vector
Oct 04, 2026 3:15:11 AM com.integrallis.vectors.core.PanamaVectorUtilSupportProvider create
INFO: vectors-core: Using Panama Vector API SIMD provider (vector bits: 256)
Oct 04, 2026 3:15:11 AM com.integrallis.vectors.core.VectorizationProvider logActiveToggles
INFO: vectors-core: provider=PanamaVectorUtilSupport panama=true maxBits=256 preferredBits=256 fastVectorFMA=true fastScalarFMA=true sve=false ggufParallel=true ggufParallelThreshold=1048576 ggufExecutor=persistent ggufThreads=8 ggufChunksPerThread=2 mappedKQuantLongOffsets=auto(q4=true,q5=false,q6=false) q4ShortPairwiseSupported=true q4UnsignedPairwiseSupported=true toggles=[(defaults — no -Dvectors.* overrides)]
WARMUP,glove,single,1,900,3001159844
FLAT,glove,single,100000,100,1,0,2863689,7167697522366443656
FLAT,glove,single,100000,100,1,1,2764871,7167697522366443656
FLAT,glove,single,100000,100,1,2,2829588,7167697522366443656
FLAT,glove,single,100000,100,1,3,2768686,7167697522366443656
FLAT,glove,single,100000,100,1,4,2792582,7167697522366443656
FLAT,glove,single,100000,100,1,5,2833555,7167697522366443656
FLAT,glove,single,100000,100,1,6,2826032,7167697522366443656
WARMUP,glove,batch,1,1018,3000373403
FLAT,glove,batch,100000,100,1,0,2807184,7167697522366443656
FLAT,glove,batch,100000,100,1,1,2856528,7167697522366443656
FLAT,glove,batch,100000,100,1,2,2883278,7167697522366443656
FLAT,glove,batch,100000,100,1,3,2839793,7167697522366443656
FLAT,glove,batch,100000,100,1,4,2881256,7167697522366443656
FLAT,glove,batch,100000,100,1,5,2826513,7167697522366443656
FLAT,glove,batch,100000,100,1,6,2823699,7167697522366443656
WARMUP,glove,single,4,271,3007588604
FLAT,glove,single,100000,100,4,0,11444412,-5393426958338102730
FLAT,glove,single,100000,100,4,1,11134956,-5393426958338102730
FLAT,glove,single,100000,100,4,2,10963037,-5393426958338102730
FLAT,glove,single,100000,100,4,3,11149648,-5393426958338102730
FLAT,glove,single,100000,100,4,4,10997488,-5393426958338102730
FLAT,glove,single,100000,100,4,5,11058731,-5393426958338102730
FLAT,glove,single,100000,100,4,6,11018230,-5393426958338102730
WARMUP,glove,batch,4,931,3001059201
FLAT,glove,batch,100000,100,4,0,4270437,-5393426958338102730
FLAT,glove,batch,100000,100,4,1,4266410,-5393426958338102730
FLAT,glove,batch,100000,100,4,2,4348223,-5393426958338102730
FLAT,glove,batch,100000,100,4,3,4295625,-5393426958338102730
FLAT,glove,batch,100000,100,4,4,4307703,-5393426958338102730
FLAT,glove,batch,100000,100,4,5,4329425,-5393426958338102730
FLAT,glove,batch,100000,100,4,6,4245788,-5393426958338102730
WARMUP,glove,single,16,65,3024002468
FLAT,glove,single,100000,100,16,0,43941623,-4616742646284636308
FLAT,glove,single,100000,100,16,1,43508972,-4616742646284636308
FLAT,glove,single,100000,100,16,2,43239977,-4616742646284636308
FLAT,glove,single,100000,100,16,3,42932204,-4616742646284636308
FLAT,glove,single,100000,100,16,4,43354559,-4616742646284636308
FLAT,glove,single,100000,100,16,5,43314870,-4616742646284636308
FLAT,glove,single,100000,100,16,6,44390317,-4616742646284636308
WARMUP,glove,batch,16,334,3000777614
FLAT,glove,batch,100000,100,16,0,8335172,-4616742646284636308
FLAT,glove,batch,100000,100,16,1,8298908,-4616742646284636308
FLAT,glove,batch,100000,100,16,2,8289695,-4616742646284636308
FLAT,glove,batch,100000,100,16,3,8277616,-4616742646284636308
FLAT,glove,batch,100000,100,16,4,8299679,-4616742646284636308
FLAT,glove,batch,100000,100,16,5,8229353,-4616742646284636308
FLAT,glove,batch,100000,100,16,6,8411298,-4616742646284636308
WARMUP,glove,single,32,35,3045402336
FLAT,glove,single,100000,100,32,0,86093323,1177092119961519121
FLAT,glove,single,100000,100,32,1,86180034,1177092119961519121
FLAT,glove,single,100000,100,32,2,86598363,1177092119961519121
FLAT,glove,single,100000,100,32,3,86353714,1177092119961519121
FLAT,glove,single,100000,100,32,4,86078059,1177092119961519121
FLAT,glove,single,100000,100,32,5,86078320,1177092119961519121
FLAT,glove,single,100000,100,32,6,86018540,1177092119961519121
WARMUP,glove,batch,32,179,3009810563
FLAT,glove,batch,100000,100,32,0,20497404,1177092119961519121
FLAT,glove,batch,100000,100,32,1,18000156,1177092119961519121
FLAT,glove,batch,100000,100,32,2,16658036,1177092119961519121
FLAT,glove,batch,100000,100,32,3,16618628,1177092119961519121
FLAT,glove,batch,100000,100,32,4,16476754,1177092119961519121
FLAT,glove,batch,100000,100,32,5,16558778,1177092119961519121
FLAT,glove,batch,100000,100,32,6,16766350,1177092119961519121
WARMUP,glove,single,64,18,3129502928
FLAT,glove,single,100000,100,64,0,176127786,7293109510488223649
FLAT,glove,single,100000,100,64,1,172250982,7293109510488223649
FLAT,glove,single,100000,100,64,2,174026804,7293109510488223649
FLAT,glove,single,100000,100,64,3,173026959,7293109510488223649
FLAT,glove,single,100000,100,64,4,173516937,7293109510488223649
FLAT,glove,single,100000,100,64,5,171406161,7293109510488223649
FLAT,glove,single,100000,100,64,6,172080486,7293109510488223649
WARMUP,glove,batch,64,91,3011169103
FLAT,glove,batch,100000,100,64,0,32644714,7293109510488223649
FLAT,glove,batch,100000,100,64,1,32811996,7293109510488223649
FLAT,glove,batch,100000,100,64,2,32633317,7293109510488223649
FLAT,glove,batch,100000,100,64,3,35821645,7293109510488223649
FLAT,glove,batch,100000,100,64,4,32775620,7293109510488223649
FLAT,glove,batch,100000,100,64,5,32589481,7293109510488223649
FLAT,glove,batch,100000,100,64,6,32871725,7293109510488223649
