WARNING: Using incubator modules: jdk.incubator.vector
Oct 04, 2026 3:27:36 AM com.integrallis.vectors.core.PanamaVectorUtilSupportProvider create
INFO: vectors-core: Using Panama Vector API SIMD provider (vector bits: 256)
Oct 04, 2026 3:27:36 AM com.integrallis.vectors.core.VectorizationProvider logActiveToggles
INFO: vectors-core: provider=PanamaVectorUtilSupport panama=true maxBits=256 preferredBits=256 fastVectorFMA=true fastScalarFMA=true sve=false ggufParallel=true ggufParallelThreshold=1048576 ggufExecutor=persistent ggufThreads=8 ggufChunksPerThread=2 mappedKQuantLongOffsets=auto(q4=true,q5=false,q6=false) q4ShortPairwiseSupported=true q4UnsignedPairwiseSupported=true toggles=[(defaults — no -Dvectors.* overrides)]
WARMUP,fashion-control,single,1,173,3003294040
FLAT,fashion-control,single,60000,784,1,0,14787620,2916591807911878032
FLAT,fashion-control,single,60000,784,1,1,14116703,2916591807911878032
FLAT,fashion-control,single,60000,784,1,2,16671718,2916591807911878032
FLAT,fashion-control,single,60000,784,1,3,14805017,2916591807911878032
FLAT,fashion-control,single,60000,784,1,4,14329052,2916591807911878032
FLAT,fashion-control,single,60000,784,1,5,16095624,2916591807911878032
FLAT,fashion-control,single,60000,784,1,6,15064015,2916591807911878032
WARMUP,fashion-control,batch,1,201,3010374296
FLAT,fashion-control,batch,60000,784,1,0,15421591,2916591807911878032
FLAT,fashion-control,batch,60000,784,1,1,15523045,2916591807911878032
FLAT,fashion-control,batch,60000,784,1,2,15315863,2916591807911878032
FLAT,fashion-control,batch,60000,784,1,3,15365868,2916591807911878032
FLAT,fashion-control,batch,60000,784,1,4,15097324,2916591807911878032
FLAT,fashion-control,batch,60000,784,1,5,15048062,2916591807911878032
FLAT,fashion-control,batch,60000,784,1,6,15180169,2916591807911878032
WARMUP,fashion-control,single,4,51,3019403388
FLAT,fashion-control,single,60000,784,4,0,59036041,3519200865979862387
FLAT,fashion-control,single,60000,784,4,1,58968278,3519200865979862387
FLAT,fashion-control,single,60000,784,4,2,60436324,3519200865979862387
FLAT,fashion-control,single,60000,784,4,3,60861491,3519200865979862387
FLAT,fashion-control,single,60000,784,4,4,61194752,3519200865979862387
FLAT,fashion-control,single,60000,784,4,5,62233331,3519200865979862387
FLAT,fashion-control,single,60000,784,4,6,62128072,3519200865979862387
WARMUP,fashion-control,batch,4,203,3004701491
FLAT,fashion-control,batch,60000,784,4,0,14207521,3519200865979862387
FLAT,fashion-control,batch,60000,784,4,1,14079988,3519200865979862387
FLAT,fashion-control,batch,60000,784,4,2,14600110,3519200865979862387
FLAT,fashion-control,batch,60000,784,4,3,14742031,3519200865979862387
FLAT,fashion-control,batch,60000,784,4,4,14964988,3519200865979862387
FLAT,fashion-control,batch,60000,784,4,5,15014331,3519200865979862387
FLAT,fashion-control,batch,60000,784,4,6,14927079,3519200865979862387
WARMUP,fashion-control,single,16,13,3125966025
FLAT,fashion-control,single,60000,784,16,0,240945088,-5621565102746882368
FLAT,fashion-control,single,60000,784,16,1,246913220,-5621565102746882368
FLAT,fashion-control,single,60000,784,16,2,248077990,-5621565102746882368
FLAT,fashion-control,single,60000,784,16,3,244831165,-5621565102746882368
FLAT,fashion-control,single,60000,784,16,4,245125237,-5621565102746882368
FLAT,fashion-control,single,60000,784,16,5,252645268,-5621565102746882368
FLAT,fashion-control,single,60000,784,16,6,246707952,-5621565102746882368
WARMUP,fashion-control,batch,16,64,3045073088
FLAT,fashion-control,batch,60000,784,16,0,48316510,-5621565102746882368
FLAT,fashion-control,batch,60000,784,16,1,48116861,-5621565102746882368
FLAT,fashion-control,batch,60000,784,16,2,46990711,-5621565102746882368
FLAT,fashion-control,batch,60000,784,16,3,46965942,-5621565102746882368
FLAT,fashion-control,batch,60000,784,16,4,46763128,-5621565102746882368
FLAT,fashion-control,batch,60000,784,16,5,46750159,-5621565102746882368
FLAT,fashion-control,batch,60000,784,16,6,45393323,-5621565102746882368
WARMUP,fashion-control,single,32,8,3892219190
FLAT,fashion-control,single,60000,784,32,0,490008954,-3449808930485460012
FLAT,fashion-control,single,60000,784,32,1,483329609,-3449808930485460012
FLAT,fashion-control,single,60000,784,32,2,492437082,-3449808930485460012
FLAT,fashion-control,single,60000,784,32,3,495119092,-3449808930485460012
FLAT,fashion-control,single,60000,784,32,4,482270901,-3449808930485460012
FLAT,fashion-control,single,60000,784,32,5,490661902,-3449808930485460012
FLAT,fashion-control,single,60000,784,32,6,487955700,-3449808930485460012
WARMUP,fashion-control,batch,32,32,3089458547
FLAT,fashion-control,batch,60000,784,32,0,94273405,-3449808930485460012
FLAT,fashion-control,batch,60000,784,32,1,94383269,-3449808930485460012
FLAT,fashion-control,batch,60000,784,32,2,93579604,-3449808930485460012
FLAT,fashion-control,batch,60000,784,32,3,92786241,-3449808930485460012
FLAT,fashion-control,batch,60000,784,32,4,93838240,-3449808930485460012
FLAT,fashion-control,batch,60000,784,32,5,93697621,-3449808930485460012
FLAT,fashion-control,batch,60000,784,32,6,93557270,-3449808930485460012
WARMUP,fashion-control,single,64,8,7667489360
FLAT,fashion-control,single,60000,784,64,0,969868260,-2611455073570894421
FLAT,fashion-control,single,60000,784,64,1,965292425,-2611455073570894421
FLAT,fashion-control,single,60000,784,64,2,950455292,-2611455073570894421
FLAT,fashion-control,single,60000,784,64,3,958654838,-2611455073570894421
FLAT,fashion-control,single,60000,784,64,4,973631752,-2611455073570894421
FLAT,fashion-control,single,60000,784,64,5,946036632,-2611455073570894421
FLAT,fashion-control,single,60000,784,64,6,952876468,-2611455073570894421
WARMUP,fashion-control,batch,64,17,3163677383
FLAT,fashion-control,batch,60000,784,64,0,188694301,-2611455073570894421
FLAT,fashion-control,batch,60000,784,64,1,187641490,-2611455073570894421
FLAT,fashion-control,batch,60000,784,64,2,187799088,-2611455073570894421
FLAT,fashion-control,batch,60000,784,64,3,188253831,-2611455073570894421
FLAT,fashion-control,batch,60000,784,64,4,189370357,-2611455073570894421
FLAT,fashion-control,batch,60000,784,64,5,188897388,-2611455073570894421
FLAT,fashion-control,batch,60000,784,64,6,187079548,-2611455073570894421
