WARNING: Using incubator modules: jdk.incubator.vector
Oct 04, 2026 3:24:41 AM com.integrallis.vectors.core.PanamaVectorUtilSupportProvider create
INFO: vectors-core: Using Panama Vector API SIMD provider (vector bits: 256)
Oct 04, 2026 3:24:41 AM com.integrallis.vectors.core.VectorizationProvider logActiveToggles
INFO: vectors-core: provider=PanamaVectorUtilSupport panama=true maxBits=256 preferredBits=256 fastVectorFMA=true fastScalarFMA=true sve=false ggufParallel=true ggufParallelThreshold=1048576 ggufExecutor=persistent ggufThreads=8 ggufChunksPerThread=2 mappedKQuantLongOffsets=auto(q4=true,q5=false,q6=false) q4ShortPairwiseSupported=true q4UnsignedPairwiseSupported=true toggles=[(defaults — no -Dvectors.* overrides)]
WARMUP,glove,single,1,599,3002410733
FLAT,glove,single,100000,100,1,0,2784727,7167697522366443656
FLAT,glove,single,100000,100,1,1,2774681,7167697522366443656
FLAT,glove,single,100000,100,1,2,2787291,7167697522366443656
FLAT,glove,single,100000,100,1,3,2780359,7167697522366443656
FLAT,glove,single,100000,100,1,4,2798298,7167697522366443656
FLAT,glove,single,100000,100,1,5,2720400,7167697522366443656
FLAT,glove,single,100000,100,1,6,2740160,7167697522366443656
WARMUP,glove,batch,1,973,3001538031
FLAT,glove,batch,100000,100,1,0,2642263,7167697522366443656
FLAT,glove,batch,100000,100,1,1,2695573,7167697522366443656
FLAT,glove,batch,100000,100,1,2,2647010,7167697522366443656
FLAT,glove,batch,100000,100,1,3,2661843,7167697522366443656
FLAT,glove,batch,100000,100,1,4,2648703,7167697522366443656
FLAT,glove,batch,100000,100,1,5,2705548,7167697522366443656
FLAT,glove,batch,100000,100,1,6,2702955,7167697522366443656
WARMUP,glove,single,4,276,3004769616
FLAT,glove,single,100000,100,4,0,10855774,-5393426958338102730
FLAT,glove,single,100000,100,4,1,10707060,-5393426958338102730
FLAT,glove,single,100000,100,4,2,10631037,-5393426958338102730
FLAT,glove,single,100000,100,4,3,10704116,-5393426958338102730
FLAT,glove,single,100000,100,4,4,10676115,-5393426958338102730
FLAT,glove,single,100000,100,4,5,10756586,-5393426958338102730
FLAT,glove,single,100000,100,4,6,10692709,-5393426958338102730
WARMUP,glove,batch,4,800,3002332548
FLAT,glove,batch,100000,100,4,0,3085789,-5393426958338102730
FLAT,glove,batch,100000,100,4,1,2914782,-5393426958338102730
FLAT,glove,batch,100000,100,4,2,2886801,-5393426958338102730
FLAT,glove,batch,100000,100,4,3,2856995,-5393426958338102730
FLAT,glove,batch,100000,100,4,4,4054693,-5393426958338102730
FLAT,glove,batch,100000,100,4,5,4083034,-5393426958338102730
FLAT,glove,batch,100000,100,4,6,4125368,-5393426958338102730
WARMUP,glove,single,16,69,3037217124
FLAT,glove,single,100000,100,16,0,43566795,-4616742646284636308
FLAT,glove,single,100000,100,16,1,42874206,-4616742646284636308
FLAT,glove,single,100000,100,16,2,42597659,-4616742646284636308
FLAT,glove,single,100000,100,16,3,42749067,-4616742646284636308
FLAT,glove,single,100000,100,16,4,43363208,-4616742646284636308
FLAT,glove,single,100000,100,16,5,44116839,-4616742646284636308
FLAT,glove,single,100000,100,16,6,43588708,-4616742646284636308
WARMUP,glove,batch,16,302,3005414752
FLAT,glove,batch,100000,100,16,0,8496706,-4616742646284636308
FLAT,glove,batch,100000,100,16,1,8293883,-4616742646284636308
FLAT,glove,batch,100000,100,16,2,8415413,-4616742646284636308
FLAT,glove,batch,100000,100,16,3,8263566,-4616742646284636308
FLAT,glove,batch,100000,100,16,4,8274001,-4616742646284636308
FLAT,glove,batch,100000,100,16,5,8458249,-4616742646284636308
FLAT,glove,batch,100000,100,16,6,8776416,-4616742646284636308
WARMUP,glove,single,32,34,3006019516
FLAT,glove,single,100000,100,32,0,88807616,1177092119961519121
FLAT,glove,single,100000,100,32,1,88401696,1177092119961519121
FLAT,glove,single,100000,100,32,2,88381065,1177092119961519121
FLAT,glove,single,100000,100,32,3,87917500,1177092119961519121
FLAT,glove,single,100000,100,32,4,89658211,1177092119961519121
FLAT,glove,single,100000,100,32,5,88745562,1177092119961519121
FLAT,glove,single,100000,100,32,6,88220554,1177092119961519121
WARMUP,glove,batch,32,181,3012459769
FLAT,glove,batch,100000,100,32,0,16479543,1177092119961519121
FLAT,glove,batch,100000,100,32,1,16543578,1177092119961519121
FLAT,glove,batch,100000,100,32,2,16410108,1177092119961519121
FLAT,glove,batch,100000,100,32,3,16442447,1177092119961519121
FLAT,glove,batch,100000,100,32,4,16416677,1177092119961519121
FLAT,glove,batch,100000,100,32,5,16439592,1177092119961519121
FLAT,glove,batch,100000,100,32,6,16554085,1177092119961519121
WARMUP,glove,single,64,18,3169094870
FLAT,glove,single,100000,100,64,0,172110150,7293109510488223649
FLAT,glove,single,100000,100,64,1,171621158,7293109510488223649
FLAT,glove,single,100000,100,64,2,173543751,7293109510488223649
FLAT,glove,single,100000,100,64,3,174864203,7293109510488223649
FLAT,glove,single,100000,100,64,4,179778555,7293109510488223649
FLAT,glove,single,100000,100,64,5,179937776,7293109510488223649
FLAT,glove,single,100000,100,64,6,180206058,7293109510488223649
WARMUP,glove,batch,64,92,3029306322
FLAT,glove,batch,100000,100,64,0,33332016,7293109510488223649
FLAT,glove,batch,100000,100,64,1,33155291,7293109510488223649
FLAT,glove,batch,100000,100,64,2,33269562,7293109510488223649
FLAT,glove,batch,100000,100,64,3,32980399,7293109510488223649
FLAT,glove,batch,100000,100,64,4,33035331,7293109510488223649
FLAT,glove,batch,100000,100,64,5,32999657,7293109510488223649
FLAT,glove,batch,100000,100,64,6,32936673,7293109510488223649
