WARNING: Using incubator modules: jdk.incubator.vector
Oct 04, 2026 3:21:59 AM com.integrallis.vectors.core.PanamaVectorUtilSupportProvider create
INFO: vectors-core: Using Panama Vector API SIMD provider (vector bits: 256)
Oct 04, 2026 3:22:00 AM com.integrallis.vectors.core.VectorizationProvider logActiveToggles
INFO: vectors-core: provider=PanamaVectorUtilSupport panama=true maxBits=256 preferredBits=256 fastVectorFMA=true fastScalarFMA=true sve=false ggufParallel=true ggufParallelThreshold=1048576 ggufExecutor=persistent ggufThreads=8 ggufChunksPerThread=2 mappedKQuantLongOffsets=auto(q4=true,q5=false,q6=false) q4ShortPairwiseSupported=true q4UnsignedPairwiseSupported=true toggles=[(defaults — no -Dvectors.* overrides)]
WARMUP,collection,single,1,158,3000036862
FLAT,collection,single,100000,512,1,0,16772570,-2561075354683905283
FLAT,collection,single,100000,512,1,1,16599630,-2561075354683905283
FLAT,collection,single,100000,512,1,2,17184421,-2561075354683905283
FLAT,collection,single,100000,512,1,3,16699731,-2561075354683905283
FLAT,collection,single,100000,512,1,4,16131916,-2561075354683905283
FLAT,collection,single,100000,512,1,5,16594223,-2561075354683905283
FLAT,collection,single,100000,512,1,6,16370816,-2561075354683905283
WARMUP,collection,batch,1,183,3014021378
FLAT,collection,batch,100000,512,1,0,16255042,-2561075354683905283
FLAT,collection,batch,100000,512,1,1,16602264,-2561075354683905283
FLAT,collection,batch,100000,512,1,2,16286820,-2561075354683905283
FLAT,collection,batch,100000,512,1,3,15599956,-2561075354683905283
FLAT,collection,batch,100000,512,1,4,15902080,-2561075354683905283
FLAT,collection,batch,100000,512,1,5,15964645,-2561075354683905283
FLAT,collection,batch,100000,512,1,6,15637753,-2561075354683905283
WARMUP,collection,single,4,46,3034740379
FLAT,collection,single,100000,512,4,0,66125381,-8103726781922252096
FLAT,collection,single,100000,512,4,1,66247174,-8103726781922252096
FLAT,collection,single,100000,512,4,2,65168131,-8103726781922252096
FLAT,collection,single,100000,512,4,3,67964748,-8103726781922252096
FLAT,collection,single,100000,512,4,4,68615468,-8103726781922252096
FLAT,collection,single,100000,512,4,5,66815770,-8103726781922252096
FLAT,collection,single,100000,512,4,6,65965430,-8103726781922252096
WARMUP,collection,batch,4,194,3003783093
FLAT,collection,batch,100000,512,4,0,15059403,-8103726781922252096
FLAT,collection,batch,100000,512,4,1,15555488,-8103726781922252096
FLAT,collection,batch,100000,512,4,2,15617262,-8103726781922252096
FLAT,collection,batch,100000,512,4,3,15360897,-8103726781922252096
FLAT,collection,batch,100000,512,4,4,15202208,-8103726781922252096
FLAT,collection,batch,100000,512,4,5,15353515,-8103726781922252096
FLAT,collection,batch,100000,512,4,6,15421528,-8103726781922252096
WARMUP,collection,single,16,12,3060421288
FLAT,collection,single,100000,512,16,0,250752432,2092469987807476287
FLAT,collection,single,100000,512,16,1,249521709,2092469987807476287
FLAT,collection,single,100000,512,16,2,253324392,2092469987807476287
FLAT,collection,single,100000,512,16,3,261651343,2092469987807476287
FLAT,collection,single,100000,512,16,4,260746832,2092469987807476287
FLAT,collection,single,100000,512,16,5,266780002,2092469987807476287
FLAT,collection,single,100000,512,16,6,265642930,2092469987807476287
WARMUP,collection,batch,16,74,3034059799
FLAT,collection,batch,100000,512,16,0,39463157,2092469987807476287
FLAT,collection,batch,100000,512,16,1,40590845,2092469987807476287
FLAT,collection,batch,100000,512,16,2,47217557,2092469987807476287
FLAT,collection,batch,100000,512,16,3,40857175,2092469987807476287
FLAT,collection,batch,100000,512,16,4,39269256,2092469987807476287
FLAT,collection,batch,100000,512,16,5,39593043,2092469987807476287
FLAT,collection,batch,100000,512,16,6,39717679,2092469987807476287
WARMUP,collection,single,32,8,4089644398
FLAT,collection,single,100000,512,32,0,499892027,-3031150442577658303
FLAT,collection,single,100000,512,32,1,513008275,-3031150442577658303
FLAT,collection,single,100000,512,32,2,515346353,-3031150442577658303
FLAT,collection,single,100000,512,32,3,515481116,-3031150442577658303
FLAT,collection,single,100000,512,32,4,517932476,-3031150442577658303
FLAT,collection,single,100000,512,32,5,509662330,-3031150442577658303
FLAT,collection,single,100000,512,32,6,503974140,-3031150442577658303
WARMUP,collection,batch,32,38,3077374477
FLAT,collection,batch,100000,512,32,0,77729324,-3031150442577658303
FLAT,collection,batch,100000,512,32,1,80503609,-3031150442577658303
FLAT,collection,batch,100000,512,32,2,80351970,-3031150442577658303
FLAT,collection,batch,100000,512,32,3,81303632,-3031150442577658303
FLAT,collection,batch,100000,512,32,4,80915408,-3031150442577658303
FLAT,collection,batch,100000,512,32,5,79669133,-3031150442577658303
FLAT,collection,batch,100000,512,32,6,80155484,-3031150442577658303
WARMUP,collection,single,64,8,8323567343
FLAT,collection,single,100000,512,64,0,1030536676,4379747614244198658
FLAT,collection,single,100000,512,64,1,1038029852,4379747614244198658
FLAT,collection,single,100000,512,64,2,1027186153,4379747614244198658
FLAT,collection,single,100000,512,64,3,1041520796,4379747614244198658
FLAT,collection,single,100000,512,64,4,1022944020,4379747614244198658
FLAT,collection,single,100000,512,64,5,1034950258,4379747614244198658
FLAT,collection,single,100000,512,64,6,1045040613,4379747614244198658
WARMUP,collection,batch,64,18,3062297286
FLAT,collection,batch,100000,512,64,0,164764812,4379747614244198658
FLAT,collection,batch,100000,512,64,1,181586816,4379747614244198658
FLAT,collection,batch,100000,512,64,2,165810976,4379747614244198658
FLAT,collection,batch,100000,512,64,3,172481234,4379747614244198658
FLAT,collection,batch,100000,512,64,4,159486068,4379747614244198658
FLAT,collection,batch,100000,512,64,5,176462085,4379747614244198658
FLAT,collection,batch,100000,512,64,6,162000451,4379747614244198658
