WARNING: Using incubator modules: jdk.incubator.vector
Oct 04, 2026 3:22:55 AM com.integrallis.vectors.core.PanamaVectorUtilSupportProvider create
INFO: vectors-core: Using Panama Vector API SIMD provider (vector bits: 256)
Oct 04, 2026 3:22:55 AM com.integrallis.vectors.core.VectorizationProvider logActiveToggles
INFO: vectors-core: provider=PanamaVectorUtilSupport panama=true maxBits=256 preferredBits=256 fastVectorFMA=true fastScalarFMA=true sve=false ggufParallel=true ggufParallelThreshold=1048576 ggufExecutor=persistent ggufThreads=8 ggufChunksPerThread=2 mappedKQuantLongOffsets=auto(q4=true,q5=false,q6=false) q4ShortPairwiseSupported=true q4UnsignedPairwiseSupported=true toggles=[(defaults — no -Dvectors.* overrides)]
WARMUP,fashion-control,single,1,171,3003354617
FLAT,fashion-control,single,60000,784,1,0,14127120,2916591807911878032
FLAT,fashion-control,single,60000,784,1,1,15047565,2916591807911878032
FLAT,fashion-control,single,60000,784,1,2,14219018,2916591807911878032
FLAT,fashion-control,single,60000,784,1,3,14744860,2916591807911878032
FLAT,fashion-control,single,60000,784,1,4,16384787,2916591807911878032
FLAT,fashion-control,single,60000,784,1,5,15744354,2916591807911878032
FLAT,fashion-control,single,60000,784,1,6,15132303,2916591807911878032
WARMUP,fashion-control,batch,1,192,3006606931
FLAT,fashion-control,batch,60000,784,1,0,14721094,2916591807911878032
FLAT,fashion-control,batch,60000,784,1,1,14963848,2916591807911878032
FLAT,fashion-control,batch,60000,784,1,2,14674253,2916591807911878032
FLAT,fashion-control,batch,60000,784,1,3,14848385,2916591807911878032
FLAT,fashion-control,batch,60000,784,1,4,15068927,2916591807911878032
FLAT,fashion-control,batch,60000,784,1,5,15218071,2916591807911878032
FLAT,fashion-control,batch,60000,784,1,6,15450301,2916591807911878032
WARMUP,fashion-control,single,4,50,3029866787
FLAT,fashion-control,single,60000,784,4,0,60799876,3519200865979862387
FLAT,fashion-control,single,60000,784,4,1,59472700,3519200865979862387
FLAT,fashion-control,single,60000,784,4,2,59100489,3519200865979862387
FLAT,fashion-control,single,60000,784,4,3,59939972,3519200865979862387
FLAT,fashion-control,single,60000,784,4,4,60555929,3519200865979862387
FLAT,fashion-control,single,60000,784,4,5,60395068,3519200865979862387
FLAT,fashion-control,single,60000,784,4,6,60668699,3519200865979862387
WARMUP,fashion-control,batch,4,204,3002013483
FLAT,fashion-control,batch,60000,784,4,0,67305387,3519200865979862387
FLAT,fashion-control,batch,60000,784,4,1,15268127,3519200865979862387
FLAT,fashion-control,batch,60000,784,4,2,15083449,3519200865979862387
FLAT,fashion-control,batch,60000,784,4,3,15332724,3519200865979862387
FLAT,fashion-control,batch,60000,784,4,4,15054264,3519200865979862387
FLAT,fashion-control,batch,60000,784,4,5,14593903,3519200865979862387
FLAT,fashion-control,batch,60000,784,4,6,14606591,3519200865979862387
WARMUP,fashion-control,single,16,13,3063930532
FLAT,fashion-control,single,60000,784,16,0,243387350,-5621565102746882368
FLAT,fashion-control,single,60000,784,16,1,242842961,-5621565102746882368
FLAT,fashion-control,single,60000,784,16,2,244741197,-5621565102746882368
FLAT,fashion-control,single,60000,784,16,3,243641262,-5621565102746882368
FLAT,fashion-control,single,60000,784,16,4,248694005,-5621565102746882368
FLAT,fashion-control,single,60000,784,16,5,241679890,-5621565102746882368
FLAT,fashion-control,single,60000,784,16,6,237144667,-5621565102746882368
WARMUP,fashion-control,batch,16,65,3007940304
FLAT,fashion-control,batch,60000,784,16,0,46173045,-5621565102746882368
FLAT,fashion-control,batch,60000,784,16,1,46044471,-5621565102746882368
FLAT,fashion-control,batch,60000,784,16,2,46046685,-5621565102746882368
FLAT,fashion-control,batch,60000,784,16,3,46794830,-5621565102746882368
FLAT,fashion-control,batch,60000,784,16,4,46190562,-5621565102746882368
FLAT,fashion-control,batch,60000,784,16,5,46570314,-5621565102746882368
FLAT,fashion-control,batch,60000,784,16,6,46297734,-5621565102746882368
WARMUP,fashion-control,single,32,8,3787196868
FLAT,fashion-control,single,60000,784,32,0,465282527,-3449808930485460012
FLAT,fashion-control,single,60000,784,32,1,471166341,-3449808930485460012
FLAT,fashion-control,single,60000,784,32,2,483207683,-3449808930485460012
FLAT,fashion-control,single,60000,784,32,3,481303978,-3449808930485460012
FLAT,fashion-control,single,60000,784,32,4,471850060,-3449808930485460012
FLAT,fashion-control,single,60000,784,32,5,474287648,-3449808930485460012
FLAT,fashion-control,single,60000,784,32,6,471440485,-3449808930485460012
WARMUP,fashion-control,batch,32,33,3040180616
FLAT,fashion-control,batch,60000,784,32,0,90429345,-3449808930485460012
FLAT,fashion-control,batch,60000,784,32,1,87883905,-3449808930485460012
FLAT,fashion-control,batch,60000,784,32,2,91298304,-3449808930485460012
FLAT,fashion-control,batch,60000,784,32,3,91181348,-3449808930485460012
FLAT,fashion-control,batch,60000,784,32,4,90385450,-3449808930485460012
FLAT,fashion-control,batch,60000,784,32,5,92421524,-3449808930485460012
FLAT,fashion-control,batch,60000,784,32,6,91804375,-3449808930485460012
WARMUP,fashion-control,single,64,8,7612891943
FLAT,fashion-control,single,60000,784,64,0,924251676,-2611455073570894421
FLAT,fashion-control,single,60000,784,64,1,936181919,-2611455073570894421
FLAT,fashion-control,single,60000,784,64,2,937782978,-2611455073570894421
FLAT,fashion-control,single,60000,784,64,3,955569866,-2611455073570894421
FLAT,fashion-control,single,60000,784,64,4,961303073,-2611455073570894421
FLAT,fashion-control,single,60000,784,64,5,934536142,-2611455073570894421
FLAT,fashion-control,single,60000,784,64,6,955248112,-2611455073570894421
WARMUP,fashion-control,batch,64,17,3066780133
FLAT,fashion-control,batch,60000,784,64,0,184093189,-2611455073570894421
FLAT,fashion-control,batch,60000,784,64,1,185223111,-2611455073570894421
FLAT,fashion-control,batch,60000,784,64,2,181046775,-2611455073570894421
FLAT,fashion-control,batch,60000,784,64,3,181932198,-2611455073570894421
FLAT,fashion-control,batch,60000,784,64,4,180896499,-2611455073570894421
FLAT,fashion-control,batch,60000,784,64,5,176863540,-2611455073570894421
FLAT,fashion-control,batch,60000,784,64,6,182845171,-2611455073570894421
