WARNING: Using incubator modules: jdk.incubator.vector
Oct 04, 2026 3:21:05 AM com.integrallis.vectors.core.PanamaVectorUtilSupportProvider create
INFO: vectors-core: Using Panama Vector API SIMD provider (vector bits: 256)
Oct 04, 2026 3:21:06 AM com.integrallis.vectors.core.VectorizationProvider logActiveToggles
INFO: vectors-core: provider=PanamaVectorUtilSupport panama=true maxBits=256 preferredBits=256 fastVectorFMA=true fastScalarFMA=true sve=false ggufParallel=true ggufParallelThreshold=1048576 ggufExecutor=persistent ggufThreads=8 ggufChunksPerThread=2 mappedKQuantLongOffsets=auto(q4=true,q5=false,q6=false) q4ShortPairwiseSupported=true q4UnsignedPairwiseSupported=true toggles=[(defaults — no -Dvectors.* overrides)]
WARMUP,collection,single,1,161,3009956695
FLAT,collection,single,100000,512,1,0,16183985,-2561075354683905283
FLAT,collection,single,100000,512,1,1,16681293,-2561075354683905283
FLAT,collection,single,100000,512,1,2,16451628,-2561075354683905283
FLAT,collection,single,100000,512,1,3,16457036,-2561075354683905283
FLAT,collection,single,100000,512,1,4,16654453,-2561075354683905283
FLAT,collection,single,100000,512,1,5,16956197,-2561075354683905283
FLAT,collection,single,100000,512,1,6,17102267,-2561075354683905283
WARMUP,collection,batch,1,184,3013333088
FLAT,collection,batch,100000,512,1,0,17223499,-2561075354683905283
FLAT,collection,batch,100000,512,1,1,17183940,-2561075354683905283
FLAT,collection,batch,100000,512,1,2,17076879,-2561075354683905283
FLAT,collection,batch,100000,512,1,3,17265012,-2561075354683905283
FLAT,collection,batch,100000,512,1,4,17178542,-2561075354683905283
FLAT,collection,batch,100000,512,1,5,16860642,-2561075354683905283
FLAT,collection,batch,100000,512,1,6,16797529,-2561075354683905283
WARMUP,collection,single,4,46,3035577323
FLAT,collection,single,100000,512,4,0,63637367,-8103726781922252096
FLAT,collection,single,100000,512,4,1,63461311,-8103726781922252096
FLAT,collection,single,100000,512,4,2,63650565,-8103726781922252096
FLAT,collection,single,100000,512,4,3,64813235,-8103726781922252096
FLAT,collection,single,100000,512,4,4,65760311,-8103726781922252096
FLAT,collection,single,100000,512,4,5,66347034,-8103726781922252096
FLAT,collection,single,100000,512,4,6,65116311,-8103726781922252096
WARMUP,collection,batch,4,186,3003645223
FLAT,collection,batch,100000,512,4,0,14985361,-8103726781922252096
FLAT,collection,batch,100000,512,4,1,15180565,-8103726781922252096
FLAT,collection,batch,100000,512,4,2,15320145,-8103726781922252096
FLAT,collection,batch,100000,512,4,3,15308908,-8103726781922252096
FLAT,collection,batch,100000,512,4,4,15228096,-8103726781922252096
FLAT,collection,batch,100000,512,4,5,14909777,-8103726781922252096
FLAT,collection,batch,100000,512,4,6,15275508,-8103726781922252096
WARMUP,collection,single,16,12,3131872929
FLAT,collection,single,100000,512,16,0,268298305,2092469987807476287
FLAT,collection,single,100000,512,16,1,266355259,2092469987807476287
FLAT,collection,single,100000,512,16,2,262838327,2092469987807476287
FLAT,collection,single,100000,512,16,3,270934802,2092469987807476287
FLAT,collection,single,100000,512,16,4,276826138,2092469987807476287
FLAT,collection,single,100000,512,16,5,266133215,2092469987807476287
FLAT,collection,single,100000,512,16,6,260147098,2092469987807476287
WARMUP,collection,batch,16,73,3022602043
FLAT,collection,batch,100000,512,16,0,39499370,2092469987807476287
FLAT,collection,batch,100000,512,16,1,51254500,2092469987807476287
FLAT,collection,batch,100000,512,16,2,39992263,2092469987807476287
FLAT,collection,batch,100000,512,16,3,41340351,2092469987807476287
FLAT,collection,batch,100000,512,16,4,39040470,2092469987807476287
FLAT,collection,batch,100000,512,16,5,39570408,2092469987807476287
FLAT,collection,batch,100000,512,16,6,39210478,2092469987807476287
WARMUP,collection,single,32,8,4147368474
FLAT,collection,single,100000,512,32,0,508098282,-3031150442577658303
FLAT,collection,single,100000,512,32,1,503778332,-3031150442577658303
FLAT,collection,single,100000,512,32,2,508818125,-3031150442577658303
FLAT,collection,single,100000,512,32,3,514097059,-3031150442577658303
FLAT,collection,single,100000,512,32,4,505844832,-3031150442577658303
FLAT,collection,single,100000,512,32,5,507985032,-3031150442577658303
FLAT,collection,single,100000,512,32,6,524549159,-3031150442577658303
WARMUP,collection,batch,32,72,3019479209
FLAT,collection,batch,100000,512,32,0,39996099,-3031150442577658303
FLAT,collection,batch,100000,512,32,1,38607620,-3031150442577658303
FLAT,collection,batch,100000,512,32,2,38623373,-3031150442577658303
FLAT,collection,batch,100000,512,32,3,38669052,-3031150442577658303
FLAT,collection,batch,100000,512,32,4,38534549,-3031150442577658303
FLAT,collection,batch,100000,512,32,5,40130111,-3031150442577658303
FLAT,collection,batch,100000,512,32,6,38721421,-3031150442577658303
WARMUP,collection,single,64,8,8014892843
FLAT,collection,single,100000,512,64,0,1023126917,4379747614244198658
FLAT,collection,single,100000,512,64,1,1024399281,4379747614244198658
FLAT,collection,single,100000,512,64,2,1023950215,4379747614244198658
FLAT,collection,single,100000,512,64,3,1029122539,4379747614244198658
FLAT,collection,single,100000,512,64,4,1024209757,4379747614244198658
FLAT,collection,single,100000,512,64,5,1020577420,4379747614244198658
FLAT,collection,single,100000,512,64,6,1021983968,4379747614244198658
WARMUP,collection,batch,64,37,3056184235
FLAT,collection,batch,100000,512,64,0,80783630,4379747614244198658
FLAT,collection,batch,100000,512,64,1,80565891,4379747614244198658
FLAT,collection,batch,100000,512,64,2,79941962,4379747614244198658
FLAT,collection,batch,100000,512,64,3,80918693,4379747614244198658
FLAT,collection,batch,100000,512,64,4,80898011,4379747614244198658
FLAT,collection,batch,100000,512,64,5,81399987,4379747614244198658
FLAT,collection,batch,100000,512,64,6,81004532,4379747614244198658
