WARNING: Using incubator modules: jdk.incubator.vector
Oct 04, 2026 3:26:43 AM com.integrallis.vectors.core.PanamaVectorUtilSupportProvider create
INFO: vectors-core: Using Panama Vector API SIMD provider (vector bits: 256)
Oct 04, 2026 3:26:43 AM com.integrallis.vectors.core.VectorizationProvider logActiveToggles
INFO: vectors-core: provider=PanamaVectorUtilSupport panama=true maxBits=256 preferredBits=256 fastVectorFMA=true fastScalarFMA=true sve=false ggufParallel=true ggufParallelThreshold=1048576 ggufExecutor=persistent ggufThreads=8 ggufChunksPerThread=2 mappedKQuantLongOffsets=auto(q4=true,q5=false,q6=false) q4ShortPairwiseSupported=true q4UnsignedPairwiseSupported=true toggles=[(defaults — no -Dvectors.* overrides)]
WARMUP,collection,single,1,170,3011355356
FLAT,collection,single,100000,512,1,0,15176288,-2561075354683905283
FLAT,collection,single,100000,512,1,1,15265672,-2561075354683905283
FLAT,collection,single,100000,512,1,2,16029590,-2561075354683905283
FLAT,collection,single,100000,512,1,3,15245452,-2561075354683905283
FLAT,collection,single,100000,512,1,4,15343028,-2561075354683905283
FLAT,collection,single,100000,512,1,5,16210790,-2561075354683905283
FLAT,collection,single,100000,512,1,6,15201306,-2561075354683905283
WARMUP,collection,batch,1,185,3006817799
FLAT,collection,batch,100000,512,1,0,14746343,-2561075354683905283
FLAT,collection,batch,100000,512,1,1,15325063,-2561075354683905283
FLAT,collection,batch,100000,512,1,2,15353614,-2561075354683905283
FLAT,collection,batch,100000,512,1,3,15570139,-2561075354683905283
FLAT,collection,batch,100000,512,1,4,15991883,-2561075354683905283
FLAT,collection,batch,100000,512,1,5,15766253,-2561075354683905283
FLAT,collection,batch,100000,512,1,6,15871793,-2561075354683905283
WARMUP,collection,single,4,48,3061794089
FLAT,collection,single,100000,512,4,0,61612338,-8103726781922252096
FLAT,collection,single,100000,512,4,1,61918196,-8103726781922252096
FLAT,collection,single,100000,512,4,2,61183984,-8103726781922252096
FLAT,collection,single,100000,512,4,3,61101331,-8103726781922252096
FLAT,collection,single,100000,512,4,4,66133334,-8103726781922252096
FLAT,collection,single,100000,512,4,5,62027281,-8103726781922252096
FLAT,collection,single,100000,512,4,6,62011066,-8103726781922252096
WARMUP,collection,batch,4,198,3004566144
FLAT,collection,batch,100000,512,4,0,14565463,-8103726781922252096
FLAT,collection,batch,100000,512,4,1,14796850,-8103726781922252096
FLAT,collection,batch,100000,512,4,2,14842228,-8103726781922252096
FLAT,collection,batch,100000,512,4,3,14692734,-8103726781922252096
FLAT,collection,batch,100000,512,4,4,15422679,-8103726781922252096
FLAT,collection,batch,100000,512,4,5,15529800,-8103726781922252096
FLAT,collection,batch,100000,512,4,6,14799975,-8103726781922252096
WARMUP,collection,single,16,12,3030040834
FLAT,collection,single,100000,512,16,0,248296654,2092469987807476287
FLAT,collection,single,100000,512,16,1,250554203,2092469987807476287
FLAT,collection,single,100000,512,16,2,255666678,2092469987807476287
FLAT,collection,single,100000,512,16,3,251489558,2092469987807476287
FLAT,collection,single,100000,512,16,4,259801754,2092469987807476287
FLAT,collection,single,100000,512,16,5,248798860,2092469987807476287
FLAT,collection,single,100000,512,16,6,250698412,2092469987807476287
WARMUP,collection,batch,16,74,3042530781
FLAT,collection,batch,100000,512,16,0,37447961,2092469987807476287
FLAT,collection,batch,100000,512,16,1,38290826,2092469987807476287
FLAT,collection,batch,100000,512,16,2,45942691,2092469987807476287
FLAT,collection,batch,100000,512,16,3,38508463,2092469987807476287
FLAT,collection,batch,100000,512,16,4,38641612,2092469987807476287
FLAT,collection,batch,100000,512,16,5,37761110,2092469987807476287
FLAT,collection,batch,100000,512,16,6,37549483,2092469987807476287
WARMUP,collection,single,32,8,4057431843
FLAT,collection,single,100000,512,32,0,508588225,-3031150442577658303
FLAT,collection,single,100000,512,32,1,498148365,-3031150442577658303
FLAT,collection,single,100000,512,32,2,508603571,-3031150442577658303
FLAT,collection,single,100000,512,32,3,507246075,-3031150442577658303
FLAT,collection,single,100000,512,32,4,507543574,-3031150442577658303
FLAT,collection,single,100000,512,32,5,499289366,-3031150442577658303
FLAT,collection,single,100000,512,32,6,507287221,-3031150442577658303
WARMUP,collection,batch,32,74,3022843571
FLAT,collection,batch,100000,512,32,0,37313141,-3031150442577658303
FLAT,collection,batch,100000,512,32,1,37244007,-3031150442577658303
FLAT,collection,batch,100000,512,32,2,37336556,-3031150442577658303
FLAT,collection,batch,100000,512,32,3,44051276,-3031150442577658303
FLAT,collection,batch,100000,512,32,4,37608265,-3031150442577658303
FLAT,collection,batch,100000,512,32,5,39529969,-3031150442577658303
FLAT,collection,batch,100000,512,32,6,37180141,-3031150442577658303
WARMUP,collection,single,64,8,7963168041
FLAT,collection,single,100000,512,64,0,1001588533,4379747614244198658
FLAT,collection,single,100000,512,64,1,991507866,4379747614244198658
FLAT,collection,single,100000,512,64,2,1009989547,4379747614244198658
FLAT,collection,single,100000,512,64,3,1004346492,4379747614244198658
FLAT,collection,single,100000,512,64,4,978682922,4379747614244198658
FLAT,collection,single,100000,512,64,5,970336739,4379747614244198658
FLAT,collection,single,100000,512,64,6,994268340,4379747614244198658
WARMUP,collection,batch,64,42,3026282587
FLAT,collection,batch,100000,512,64,0,69718904,4379747614244198658
FLAT,collection,batch,100000,512,64,1,69947277,4379747614244198658
FLAT,collection,batch,100000,512,64,2,69589119,4379747614244198658
FLAT,collection,batch,100000,512,64,3,69520916,4379747614244198658
FLAT,collection,batch,100000,512,64,4,69442990,4379747614244198658
FLAT,collection,batch,100000,512,64,5,70049290,4379747614244198658
FLAT,collection,batch,100000,512,64,6,69525313,4379747614244198658
