WARNING: Using incubator modules: jdk.incubator.vector
Oct 04, 2026 3:19:57 AM com.integrallis.vectors.core.PanamaVectorUtilSupportProvider create
INFO: vectors-core: Using Panama Vector API SIMD provider (vector bits: 256)
Oct 04, 2026 3:19:57 AM com.integrallis.vectors.core.VectorizationProvider logActiveToggles
INFO: vectors-core: provider=PanamaVectorUtilSupport panama=true maxBits=256 preferredBits=256 fastVectorFMA=true fastScalarFMA=true sve=false ggufParallel=true ggufParallelThreshold=1048576 ggufExecutor=persistent ggufThreads=8 ggufChunksPerThread=2 mappedKQuantLongOffsets=auto(q4=true,q5=false,q6=false) q4ShortPairwiseSupported=true q4UnsignedPairwiseSupported=true toggles=[(defaults — no -Dvectors.* overrides)]
WARMUP,glove,single,1,913,3001322758
FLAT,glove,single,100000,100,1,0,2799112,7167697522366443656
FLAT,glove,single,100000,100,1,1,2713313,7167697522366443656
FLAT,glove,single,100000,100,1,2,2778621,7167697522366443656
FLAT,glove,single,100000,100,1,3,2801647,7167697522366443656
FLAT,glove,single,100000,100,1,4,2713563,7167697522366443656
FLAT,glove,single,100000,100,1,5,2737270,7167697522366443656
FLAT,glove,single,100000,100,1,6,2705582,7167697522366443656
WARMUP,glove,batch,1,1024,3002557156
FLAT,glove,batch,100000,100,1,0,2858032,7167697522366443656
FLAT,glove,batch,100000,100,1,1,2834326,7167697522366443656
FLAT,glove,batch,100000,100,1,2,2888247,7167697522366443656
FLAT,glove,batch,100000,100,1,3,2811660,7167697522366443656
FLAT,glove,batch,100000,100,1,4,2946965,7167697522366443656
FLAT,glove,batch,100000,100,1,5,2915997,7167697522366443656
FLAT,glove,batch,100000,100,1,6,2796007,7167697522366443656
WARMUP,glove,single,4,275,3009872337
FLAT,glove,single,100000,100,4,0,10976449,-5393426958338102730
FLAT,glove,single,100000,100,4,1,10783417,-5393426958338102730
FLAT,glove,single,100000,100,4,2,10874365,-5393426958338102730
FLAT,glove,single,100000,100,4,3,10805861,-5393426958338102730
FLAT,glove,single,100000,100,4,4,10860644,-5393426958338102730
FLAT,glove,single,100000,100,4,5,10797849,-5393426958338102730
FLAT,glove,single,100000,100,4,6,10888886,-5393426958338102730
WARMUP,glove,batch,4,949,3002617260
FLAT,glove,batch,100000,100,4,0,2908697,-5393426958338102730
FLAT,glove,batch,100000,100,4,1,2889237,-5393426958338102730
FLAT,glove,batch,100000,100,4,2,2877000,-5393426958338102730
FLAT,glove,batch,100000,100,4,3,2872813,-5393426958338102730
FLAT,glove,batch,100000,100,4,4,2903339,-5393426958338102730
FLAT,glove,batch,100000,100,4,5,2946474,-5393426958338102730
FLAT,glove,batch,100000,100,4,6,2908116,-5393426958338102730
WARMUP,glove,single,16,69,3022720033
FLAT,glove,single,100000,100,16,0,43530007,-4616742646284636308
FLAT,glove,single,100000,100,16,1,43972933,-4616742646284636308
FLAT,glove,single,100000,100,16,2,43723839,-4616742646284636308
FLAT,glove,single,100000,100,16,3,43767754,-4616742646284636308
FLAT,glove,single,100000,100,16,4,43652931,-4616742646284636308
FLAT,glove,single,100000,100,16,5,43914966,-4616742646284636308
FLAT,glove,single,100000,100,16,6,43668384,-4616742646284636308
WARMUP,glove,batch,16,334,3001128535
FLAT,glove,batch,100000,100,16,0,8462315,-4616742646284636308
FLAT,glove,batch,100000,100,16,1,8510346,-4616742646284636308
FLAT,glove,batch,100000,100,16,2,8461103,-4616742646284636308
FLAT,glove,batch,100000,100,16,3,8428363,-4616742646284636308
FLAT,glove,batch,100000,100,16,4,8443887,-4616742646284636308
FLAT,glove,batch,100000,100,16,5,8479390,-4616742646284636308
FLAT,glove,batch,100000,100,16,6,8406370,-4616742646284636308
WARMUP,glove,single,32,35,3023597168
FLAT,glove,single,100000,100,32,0,85893037,1177092119961519121
FLAT,glove,single,100000,100,32,1,86071997,1177092119961519121
FLAT,glove,single,100000,100,32,2,85452524,1177092119961519121
FLAT,glove,single,100000,100,32,3,85222939,1177092119961519121
FLAT,glove,single,100000,100,32,4,85635500,1177092119961519121
FLAT,glove,single,100000,100,32,5,85515188,1177092119961519121
FLAT,glove,single,100000,100,32,6,86467231,1177092119961519121
WARMUP,glove,batch,32,201,3004614282
FLAT,glove,batch,100000,100,32,0,13323560,1177092119961519121
FLAT,glove,batch,100000,100,32,1,13379434,1177092119961519121
FLAT,glove,batch,100000,100,32,2,13396951,1177092119961519121
FLAT,glove,batch,100000,100,32,3,13335038,1177092119961519121
FLAT,glove,batch,100000,100,32,4,15422809,1177092119961519121
FLAT,glove,batch,100000,100,32,5,13194496,1177092119961519121
FLAT,glove,batch,100000,100,32,6,13194746,1177092119961519121
WARMUP,glove,single,64,18,3126125462
FLAT,glove,single,100000,100,64,0,171047572,7293109510488223649
FLAT,glove,single,100000,100,64,1,170950618,7293109510488223649
FLAT,glove,single,100000,100,64,2,173840877,7293109510488223649
FLAT,glove,single,100000,100,64,3,175913817,7293109510488223649
FLAT,glove,single,100000,100,64,4,171870761,7293109510488223649
FLAT,glove,single,100000,100,64,5,170763615,7293109510488223649
FLAT,glove,single,100000,100,64,6,172365186,7293109510488223649
WARMUP,glove,batch,64,126,3004383750
FLAT,glove,batch,100000,100,64,0,25317740,7293109510488223649
FLAT,glove,batch,100000,100,64,1,23690020,7293109510488223649
FLAT,glove,batch,100000,100,64,2,23788669,7293109510488223649
FLAT,glove,batch,100000,100,64,3,23776830,7293109510488223649
FLAT,glove,batch,100000,100,64,4,23806535,7293109510488223649
FLAT,glove,batch,100000,100,64,5,23671192,7293109510488223649
FLAT,glove,batch,100000,100,64,6,23889871,7293109510488223649
