WARNING: Using incubator modules: jdk.incubator.vector
Oct 04, 2026 3:19:03 AM com.integrallis.vectors.core.PanamaVectorUtilSupportProvider create
INFO: vectors-core: Using Panama Vector API SIMD provider (vector bits: 256)
Oct 04, 2026 3:19:03 AM com.integrallis.vectors.core.VectorizationProvider logActiveToggles
INFO: vectors-core: provider=PanamaVectorUtilSupport panama=true maxBits=256 preferredBits=256 fastVectorFMA=true fastScalarFMA=true sve=false ggufParallel=true ggufParallelThreshold=1048576 ggufExecutor=persistent ggufThreads=8 ggufChunksPerThread=2 mappedKQuantLongOffsets=auto(q4=true,q5=false,q6=false) q4ShortPairwiseSupported=true q4UnsignedPairwiseSupported=true toggles=[(defaults — no -Dvectors.* overrides)]
WARMUP,fashion-control,single,1,168,3007364569
FLAT,fashion-control,single,60000,784,1,0,15424610,2916591807911878032
FLAT,fashion-control,single,60000,784,1,1,15474737,2916591807911878032
FLAT,fashion-control,single,60000,784,1,2,15336399,2916591807911878032
FLAT,fashion-control,single,60000,784,1,3,15469048,2916591807911878032
FLAT,fashion-control,single,60000,784,1,4,15836592,2916591807911878032
FLAT,fashion-control,single,60000,784,1,5,15294126,2916591807911878032
FLAT,fashion-control,single,60000,784,1,6,15162768,2916591807911878032
WARMUP,fashion-control,batch,1,197,3005059742
FLAT,fashion-control,batch,60000,784,1,0,16767302,2916591807911878032
FLAT,fashion-control,batch,60000,784,1,1,15227555,2916591807911878032
FLAT,fashion-control,batch,60000,784,1,2,14714233,2916591807911878032
FLAT,fashion-control,batch,60000,784,1,3,14849245,2916591807911878032
FLAT,fashion-control,batch,60000,784,1,4,15022466,2916591807911878032
FLAT,fashion-control,batch,60000,784,1,5,14833493,2916591807911878032
FLAT,fashion-control,batch,60000,784,1,6,15152443,2916591807911878032
WARMUP,fashion-control,single,4,48,3000345409
FLAT,fashion-control,single,60000,784,4,0,60308666,3519200865979862387
FLAT,fashion-control,single,60000,784,4,1,63039735,3519200865979862387
FLAT,fashion-control,single,60000,784,4,2,62014071,3519200865979862387
FLAT,fashion-control,single,60000,784,4,3,61137352,3519200865979862387
FLAT,fashion-control,single,60000,784,4,4,60913726,3519200865979862387
FLAT,fashion-control,single,60000,784,4,5,59846159,3519200865979862387
FLAT,fashion-control,single,60000,784,4,6,60174094,3519200865979862387
WARMUP,fashion-control,batch,4,198,3010269826
FLAT,fashion-control,batch,60000,784,4,0,15247625,3519200865979862387
FLAT,fashion-control,batch,60000,784,4,1,15063127,3519200865979862387
FLAT,fashion-control,batch,60000,784,4,2,14578949,3519200865979862387
FLAT,fashion-control,batch,60000,784,4,3,14712560,3519200865979862387
FLAT,fashion-control,batch,60000,784,4,4,15598544,3519200865979862387
FLAT,fashion-control,batch,60000,784,4,5,15538683,3519200865979862387
FLAT,fashion-control,batch,60000,784,4,6,15416619,3519200865979862387
WARMUP,fashion-control,single,16,13,3099332484
FLAT,fashion-control,single,60000,784,16,0,244052061,-5621565102746882368
FLAT,fashion-control,single,60000,784,16,1,240672285,-5621565102746882368
FLAT,fashion-control,single,60000,784,16,2,242664203,-5621565102746882368
FLAT,fashion-control,single,60000,784,16,3,238196480,-5621565102746882368
FLAT,fashion-control,single,60000,784,16,4,238456642,-5621565102746882368
FLAT,fashion-control,single,60000,784,16,5,241568946,-5621565102746882368
FLAT,fashion-control,single,60000,784,16,6,242308428,-5621565102746882368
WARMUP,fashion-control,batch,16,64,3043255881
FLAT,fashion-control,batch,60000,784,16,0,49516675,-5621565102746882368
FLAT,fashion-control,batch,60000,784,16,1,45230285,-5621565102746882368
FLAT,fashion-control,batch,60000,784,16,2,47804309,-5621565102746882368
FLAT,fashion-control,batch,60000,784,16,3,47061120,-5621565102746882368
FLAT,fashion-control,batch,60000,784,16,4,46860177,-5621565102746882368
FLAT,fashion-control,batch,60000,784,16,5,46753307,-5621565102746882368
FLAT,fashion-control,batch,60000,784,16,6,47501393,-5621565102746882368
WARMUP,fashion-control,single,32,8,4010752019
FLAT,fashion-control,single,60000,784,32,0,490338154,-3449808930485460012
FLAT,fashion-control,single,60000,784,32,1,495344249,-3449808930485460012
FLAT,fashion-control,single,60000,784,32,2,500839709,-3449808930485460012
FLAT,fashion-control,single,60000,784,32,3,501435836,-3449808930485460012
FLAT,fashion-control,single,60000,784,32,4,476672191,-3449808930485460012
FLAT,fashion-control,single,60000,784,32,5,495031719,-3449808930485460012
FLAT,fashion-control,single,60000,784,32,6,483289028,-3449808930485460012
WARMUP,fashion-control,batch,32,32,3089776062
FLAT,fashion-control,batch,60000,784,32,0,95777090,-3449808930485460012
FLAT,fashion-control,batch,60000,784,32,1,96607059,-3449808930485460012
FLAT,fashion-control,batch,60000,784,32,2,95834917,-3449808930485460012
FLAT,fashion-control,batch,60000,784,32,3,96065364,-3449808930485460012
FLAT,fashion-control,batch,60000,784,32,4,96266607,-3449808930485460012
FLAT,fashion-control,batch,60000,784,32,5,95427343,-3449808930485460012
FLAT,fashion-control,batch,60000,784,32,6,95960547,-3449808930485460012
WARMUP,fashion-control,single,64,8,7830949683
FLAT,fashion-control,single,60000,784,64,0,966631830,-2611455073570894421
FLAT,fashion-control,single,60000,784,64,1,954643769,-2611455073570894421
FLAT,fashion-control,single,60000,784,64,2,971192823,-2611455073570894421
FLAT,fashion-control,single,60000,784,64,3,989205089,-2611455073570894421
FLAT,fashion-control,single,60000,784,64,4,948468497,-2611455073570894421
FLAT,fashion-control,single,60000,784,64,5,971815882,-2611455073570894421
FLAT,fashion-control,single,60000,784,64,6,982831518,-2611455073570894421
WARMUP,fashion-control,batch,64,16,3032118968
FLAT,fashion-control,batch,60000,784,64,0,190065211,-2611455073570894421
FLAT,fashion-control,batch,60000,784,64,1,191752801,-2611455073570894421
FLAT,fashion-control,batch,60000,784,64,2,189950128,-2611455073570894421
FLAT,fashion-control,batch,60000,784,64,3,190133403,-2611455073570894421
FLAT,fashion-control,batch,60000,784,64,4,191399900,-2611455073570894421
FLAT,fashion-control,batch,60000,784,64,5,190585253,-2611455073570894421
FLAT,fashion-control,batch,60000,784,64,6,192975511,-2611455073570894421
