WARNING: Using incubator modules: jdk.incubator.vector
Oct 04, 2026 3:28:31 AM com.integrallis.vectors.core.PanamaVectorUtilSupportProvider create
INFO: vectors-core: Using Panama Vector API SIMD provider (vector bits: 256)
Oct 04, 2026 3:28:31 AM com.integrallis.vectors.core.VectorizationProvider logActiveToggles
INFO: vectors-core: provider=PanamaVectorUtilSupport panama=true maxBits=256 preferredBits=256 fastVectorFMA=true fastScalarFMA=true sve=false ggufParallel=true ggufParallelThreshold=1048576 ggufExecutor=persistent ggufThreads=8 ggufChunksPerThread=2 mappedKQuantLongOffsets=auto(q4=true,q5=false,q6=false) q4ShortPairwiseSupported=true q4UnsignedPairwiseSupported=true toggles=[(defaults — no -Dvectors.* overrides)]
WARMUP,fashion-control,single,1,172,3004460939
FLAT,fashion-control,single,60000,784,1,0,16548009,2916591807911878032
FLAT,fashion-control,single,60000,784,1,1,15395918,2916591807911878032
FLAT,fashion-control,single,60000,784,1,2,14982316,2916591807911878032
FLAT,fashion-control,single,60000,784,1,3,16055498,2916591807911878032
FLAT,fashion-control,single,60000,784,1,4,15220153,2916591807911878032
FLAT,fashion-control,single,60000,784,1,5,14344549,2916591807911878032
FLAT,fashion-control,single,60000,784,1,6,14701015,2916591807911878032
WARMUP,fashion-control,batch,1,203,3012918759
FLAT,fashion-control,batch,60000,784,1,0,14773243,2916591807911878032
FLAT,fashion-control,batch,60000,784,1,1,14923449,2916591807911878032
FLAT,fashion-control,batch,60000,784,1,2,15290449,2916591807911878032
FLAT,fashion-control,batch,60000,784,1,3,14740424,2916591807911878032
FLAT,fashion-control,batch,60000,784,1,4,14648777,2916591807911878032
FLAT,fashion-control,batch,60000,784,1,5,14588385,2916591807911878032
FLAT,fashion-control,batch,60000,784,1,6,14802958,2916591807911878032
WARMUP,fashion-control,single,4,50,3058225774
FLAT,fashion-control,single,60000,784,4,0,59696280,3519200865979862387
FLAT,fashion-control,single,60000,784,4,1,59970693,3519200865979862387
FLAT,fashion-control,single,60000,784,4,2,60801209,3519200865979862387
FLAT,fashion-control,single,60000,784,4,3,61096142,3519200865979862387
FLAT,fashion-control,single,60000,784,4,4,61462283,3519200865979862387
FLAT,fashion-control,single,60000,784,4,5,61872358,3519200865979862387
FLAT,fashion-control,single,60000,784,4,6,61270804,3519200865979862387
WARMUP,fashion-control,batch,4,199,3000817977
FLAT,fashion-control,batch,60000,784,4,0,14348957,3519200865979862387
FLAT,fashion-control,batch,60000,784,4,1,14445642,3519200865979862387
FLAT,fashion-control,batch,60000,784,4,2,14416258,3519200865979862387
FLAT,fashion-control,batch,60000,784,4,3,15724533,3519200865979862387
FLAT,fashion-control,batch,60000,784,4,4,14926544,3519200865979862387
FLAT,fashion-control,batch,60000,784,4,5,14732933,3519200865979862387
FLAT,fashion-control,batch,60000,784,4,6,14785031,3519200865979862387
WARMUP,fashion-control,single,16,13,3132583871
FLAT,fashion-control,single,60000,784,16,0,243000499,-5621565102746882368
FLAT,fashion-control,single,60000,784,16,1,245669607,-5621565102746882368
FLAT,fashion-control,single,60000,784,16,2,248290112,-5621565102746882368
FLAT,fashion-control,single,60000,784,16,3,246662118,-5621565102746882368
FLAT,fashion-control,single,60000,784,16,4,243710866,-5621565102746882368
FLAT,fashion-control,single,60000,784,16,5,239769348,-5621565102746882368
FLAT,fashion-control,single,60000,784,16,6,236843685,-5621565102746882368
WARMUP,fashion-control,batch,16,64,3042580491
FLAT,fashion-control,batch,60000,784,16,0,47669163,-5621565102746882368
FLAT,fashion-control,batch,60000,784,16,1,46282621,-5621565102746882368
FLAT,fashion-control,batch,60000,784,16,2,46992506,-5621565102746882368
FLAT,fashion-control,batch,60000,784,16,3,47611667,-5621565102746882368
FLAT,fashion-control,batch,60000,784,16,4,47349442,-5621565102746882368
FLAT,fashion-control,batch,60000,784,16,5,46077643,-5621565102746882368
FLAT,fashion-control,batch,60000,784,16,6,46950604,-5621565102746882368
WARMUP,fashion-control,single,32,8,3894480557
FLAT,fashion-control,single,60000,784,32,0,484135330,-3449808930485460012
FLAT,fashion-control,single,60000,784,32,1,478916124,-3449808930485460012
FLAT,fashion-control,single,60000,784,32,2,494164594,-3449808930485460012
FLAT,fashion-control,single,60000,784,32,3,498955599,-3449808930485460012
FLAT,fashion-control,single,60000,784,32,4,496552862,-3449808930485460012
FLAT,fashion-control,single,60000,784,32,5,492805987,-3449808930485460012
FLAT,fashion-control,single,60000,784,32,6,483816808,-3449808930485460012
WARMUP,fashion-control,batch,32,32,3031856714
FLAT,fashion-control,batch,60000,784,32,0,93526752,-3449808930485460012
FLAT,fashion-control,batch,60000,784,32,1,93713581,-3449808930485460012
FLAT,fashion-control,batch,60000,784,32,2,92932248,-3449808930485460012
FLAT,fashion-control,batch,60000,784,32,3,94363036,-3449808930485460012
FLAT,fashion-control,batch,60000,784,32,4,93402183,-3449808930485460012
FLAT,fashion-control,batch,60000,784,32,5,91236312,-3449808930485460012
FLAT,fashion-control,batch,60000,784,32,6,94723568,-3449808930485460012
WARMUP,fashion-control,single,64,8,7716137835
FLAT,fashion-control,single,60000,784,64,0,977646079,-2611455073570894421
FLAT,fashion-control,single,60000,784,64,1,963358408,-2611455073570894421
FLAT,fashion-control,single,60000,784,64,2,957481806,-2611455073570894421
FLAT,fashion-control,single,60000,784,64,3,966783381,-2611455073570894421
FLAT,fashion-control,single,60000,784,64,4,937883823,-2611455073570894421
FLAT,fashion-control,single,60000,784,64,5,944921457,-2611455073570894421
FLAT,fashion-control,single,60000,784,64,6,947217690,-2611455073570894421
WARMUP,fashion-control,batch,64,17,3149433026
FLAT,fashion-control,batch,60000,784,64,0,185536342,-2611455073570894421
FLAT,fashion-control,batch,60000,784,64,1,184189439,-2611455073570894421
FLAT,fashion-control,batch,60000,784,64,2,186325197,-2611455073570894421
FLAT,fashion-control,batch,60000,784,64,3,184941169,-2611455073570894421
FLAT,fashion-control,batch,60000,784,64,4,186146749,-2611455073570894421
FLAT,fashion-control,batch,60000,784,64,5,187251238,-2611455073570894421
FLAT,fashion-control,batch,60000,784,64,6,184573196,-2611455073570894421
