WARNING: Using incubator modules: jdk.incubator.vector
Oct 04, 2026 3:15:45 AM com.integrallis.vectors.core.PanamaVectorUtilSupportProvider create
INFO: vectors-core: Using Panama Vector API SIMD provider (vector bits: 256)
Oct 04, 2026 3:15:45 AM com.integrallis.vectors.core.VectorizationProvider logActiveToggles
INFO: vectors-core: provider=PanamaVectorUtilSupport panama=true maxBits=256 preferredBits=256 fastVectorFMA=true fastScalarFMA=true sve=false ggufParallel=true ggufParallelThreshold=1048576 ggufExecutor=persistent ggufThreads=8 ggufChunksPerThread=2 mappedKQuantLongOffsets=auto(q4=true,q5=false,q6=false) q4ShortPairwiseSupported=true q4UnsignedPairwiseSupported=true toggles=[(defaults — no -Dvectors.* overrides)]
WARMUP,glove,single,1,565,3001949183
FLAT,glove,single,100000,100,1,0,2774956,7167697522366443656
FLAT,glove,single,100000,100,1,1,2766624,7167697522366443656
FLAT,glove,single,100000,100,1,2,2789097,7167697522366443656
FLAT,glove,single,100000,100,1,3,2734655,7167697522366443656
FLAT,glove,single,100000,100,1,4,2748847,7167697522366443656
FLAT,glove,single,100000,100,1,5,2724490,7167697522366443656
FLAT,glove,single,100000,100,1,6,2750528,7167697522366443656
WARMUP,glove,batch,1,962,3000130699
FLAT,glove,batch,100000,100,1,0,2667524,7167697522366443656
FLAT,glove,batch,100000,100,1,1,2689568,7167697522366443656
FLAT,glove,batch,100000,100,1,2,2716418,7167697522366443656
FLAT,glove,batch,100000,100,1,3,2725933,7167697522366443656
FLAT,glove,batch,100000,100,1,4,2713934,7167697522366443656
FLAT,glove,batch,100000,100,1,5,2723929,7167697522366443656
FLAT,glove,batch,100000,100,1,6,2727424,7167697522366443656
WARMUP,glove,single,4,274,3005671199
FLAT,glove,single,100000,100,4,0,10895475,-5393426958338102730
FLAT,glove,single,100000,100,4,1,11045200,-5393426958338102730
FLAT,glove,single,100000,100,4,2,11074545,-5393426958338102730
FLAT,glove,single,100000,100,4,3,10884029,-5393426958338102730
FLAT,glove,single,100000,100,4,4,11204991,-5393426958338102730
FLAT,glove,single,100000,100,4,5,11017589,-5393426958338102730
FLAT,glove,single,100000,100,4,6,11010829,-5393426958338102730
WARMUP,glove,batch,4,957,3000592620
FLAT,glove,batch,100000,100,4,0,2877601,-5393426958338102730
FLAT,glove,batch,100000,100,4,1,2831110,-5393426958338102730
FLAT,glove,batch,100000,100,4,2,2806243,-5393426958338102730
FLAT,glove,batch,100000,100,4,3,2809408,-5393426958338102730
FLAT,glove,batch,100000,100,4,4,2875506,-5393426958338102730
FLAT,glove,batch,100000,100,4,5,2807085,-5393426958338102730
FLAT,glove,batch,100000,100,4,6,2826863,-5393426958338102730
WARMUP,glove,single,16,69,3012797678
FLAT,glove,single,100000,100,16,0,43139295,-4616742646284636308
FLAT,glove,single,100000,100,16,1,43590524,-4616742646284636308
FLAT,glove,single,100000,100,16,2,43473419,-4616742646284636308
FLAT,glove,single,100000,100,16,3,42902610,-4616742646284636308
FLAT,glove,single,100000,100,16,4,42916490,-4616742646284636308
FLAT,glove,single,100000,100,16,5,43067778,-4616742646284636308
FLAT,glove,single,100000,100,16,6,43456073,-4616742646284636308
WARMUP,glove,batch,16,335,3005754693
FLAT,glove,batch,100000,100,16,0,8307200,-4616742646284636308
FLAT,glove,batch,100000,100,16,1,8273860,-4616742646284636308
FLAT,glove,batch,100000,100,16,2,8260681,-4616742646284636308
FLAT,glove,batch,100000,100,16,3,8345819,-4616742646284636308
FLAT,glove,batch,100000,100,16,4,8319238,-4616742646284636308
FLAT,glove,batch,100000,100,16,5,8269054,-4616742646284636308
FLAT,glove,batch,100000,100,16,6,8286439,-4616742646284636308
WARMUP,glove,single,32,35,3041009068
FLAT,glove,single,100000,100,32,0,86127435,1177092119961519121
FLAT,glove,single,100000,100,32,1,86216198,1177092119961519121
FLAT,glove,single,100000,100,32,2,85857439,1177092119961519121
FLAT,glove,single,100000,100,32,3,85580723,1177092119961519121
FLAT,glove,single,100000,100,32,4,85978621,1177092119961519121
FLAT,glove,single,100000,100,32,5,87480000,1177092119961519121
FLAT,glove,single,100000,100,32,6,88360104,1177092119961519121
WARMUP,glove,batch,32,206,3002649867
FLAT,glove,batch,100000,100,32,0,13083137,1177092119961519121
FLAT,glove,batch,100000,100,32,1,13154936,1177092119961519121
FLAT,glove,batch,100000,100,32,2,13137380,1177092119961519121
FLAT,glove,batch,100000,100,32,3,13171321,1177092119961519121
FLAT,glove,batch,100000,100,32,4,13109497,1177092119961519121
FLAT,glove,batch,100000,100,32,5,13180043,1177092119961519121
FLAT,glove,batch,100000,100,32,6,13141545,1177092119961519121
WARMUP,glove,single,64,18,3129509950
FLAT,glove,single,100000,100,64,0,172774402,7293109510488223649
FLAT,glove,single,100000,100,64,1,172250913,7293109510488223649
FLAT,glove,single,100000,100,64,2,173786154,7293109510488223649
FLAT,glove,single,100000,100,64,3,177945984,7293109510488223649
FLAT,glove,single,100000,100,64,4,177232801,7293109510488223649
FLAT,glove,single,100000,100,64,5,174944387,7293109510488223649
FLAT,glove,single,100000,100,64,6,176508761,7293109510488223649
WARMUP,glove,batch,64,127,3004349360
FLAT,glove,batch,100000,100,64,0,23637189,7293109510488223649
FLAT,glove,batch,100000,100,64,1,23288584,7293109510488223649
FLAT,glove,batch,100000,100,64,2,23471059,7293109510488223649
FLAT,glove,batch,100000,100,64,3,23168515,7293109510488223649
FLAT,glove,batch,100000,100,64,4,23444239,7293109510488223649
FLAT,glove,batch,100000,100,64,5,23578251,7293109510488223649
FLAT,glove,batch,100000,100,64,6,23570949,7293109510488223649
