WARNING: Using incubator modules: jdk.incubator.vector
Oct 04, 2026 3:25:15 AM com.integrallis.vectors.core.PanamaVectorUtilSupportProvider create
INFO: vectors-core: Using Panama Vector API SIMD provider (vector bits: 256)
Oct 04, 2026 3:25:15 AM com.integrallis.vectors.core.VectorizationProvider logActiveToggles
INFO: vectors-core: provider=PanamaVectorUtilSupport panama=true maxBits=256 preferredBits=256 fastVectorFMA=true fastScalarFMA=true sve=false ggufParallel=true ggufParallelThreshold=1048576 ggufExecutor=persistent ggufThreads=8 ggufChunksPerThread=2 mappedKQuantLongOffsets=auto(q4=true,q5=false,q6=false) q4ShortPairwiseSupported=true q4UnsignedPairwiseSupported=true toggles=[(defaults — no -Dvectors.* overrides)]
WARMUP,glove,single,1,915,3001177936
FLAT,glove,single,100000,100,1,0,2766251,7167697522366443656
FLAT,glove,single,100000,100,1,1,2770467,7167697522366443656
FLAT,glove,single,100000,100,1,2,2722905,7167697522366443656
FLAT,glove,single,100000,100,1,3,2729586,7167697522366443656
FLAT,glove,single,100000,100,1,4,2833490,7167697522366443656
FLAT,glove,single,100000,100,1,5,2830988,7167697522366443656
FLAT,glove,single,100000,100,1,6,2794171,7167697522366443656
WARMUP,glove,batch,1,1028,3000816567
FLAT,glove,batch,100000,100,1,0,2725560,7167697522366443656
FLAT,glove,batch,100000,100,1,1,2733481,7167697522366443656
FLAT,glove,batch,100000,100,1,2,2738098,7167697522366443656
FLAT,glove,batch,100000,100,1,3,2691959,7167697522366443656
FLAT,glove,batch,100000,100,1,4,2675423,7167697522366443656
FLAT,glove,batch,100000,100,1,5,2720121,7167697522366443656
FLAT,glove,batch,100000,100,1,6,2716254,7167697522366443656
WARMUP,glove,single,4,277,3010340749
FLAT,glove,single,100000,100,4,0,10775327,-5393426958338102730
FLAT,glove,single,100000,100,4,1,10710018,-5393426958338102730
FLAT,glove,single,100000,100,4,2,10854105,-5393426958338102730
FLAT,glove,single,100000,100,4,3,10950369,-5393426958338102730
FLAT,glove,single,100000,100,4,4,10763690,-5393426958338102730
FLAT,glove,single,100000,100,4,5,11609988,-5393426958338102730
FLAT,glove,single,100000,100,4,6,10784130,-5393426958338102730
WARMUP,glove,batch,4,974,3000284124
FLAT,glove,batch,100000,100,4,0,2818068,-5393426958338102730
FLAT,glove,batch,100000,100,4,1,2806030,-5393426958338102730
FLAT,glove,batch,100000,100,4,2,2837077,-5393426958338102730
FLAT,glove,batch,100000,100,4,3,2817097,-5393426958338102730
FLAT,glove,batch,100000,100,4,4,2813832,-5393426958338102730
FLAT,glove,batch,100000,100,4,5,2832339,-5393426958338102730
FLAT,glove,batch,100000,100,4,6,2880121,-5393426958338102730
WARMUP,glove,single,16,69,3027769613
FLAT,glove,single,100000,100,16,0,43952765,-4616742646284636308
FLAT,glove,single,100000,100,16,1,43832755,-4616742646284636308
FLAT,glove,single,100000,100,16,2,43708220,-4616742646284636308
FLAT,glove,single,100000,100,16,3,43563391,-4616742646284636308
FLAT,glove,single,100000,100,16,4,43530662,-4616742646284636308
FLAT,glove,single,100000,100,16,5,43593686,-4616742646284636308
FLAT,glove,single,100000,100,16,6,43997613,-4616742646284636308
WARMUP,glove,batch,16,332,3000347449
FLAT,glove,batch,100000,100,16,0,8354706,-4616742646284636308
FLAT,glove,batch,100000,100,16,1,8330769,-4616742646284636308
FLAT,glove,batch,100000,100,16,2,8438421,-4616742646284636308
FLAT,glove,batch,100000,100,16,3,8381116,-4616742646284636308
FLAT,glove,batch,100000,100,16,4,8282787,-4616742646284636308
FLAT,glove,batch,100000,100,16,5,8548106,-4616742646284636308
FLAT,glove,batch,100000,100,16,6,8465931,-4616742646284636308
WARMUP,glove,single,32,36,3075288974
FLAT,glove,single,100000,100,32,0,84833526,1177092119961519121
FLAT,glove,single,100000,100,32,1,85598694,1177092119961519121
FLAT,glove,single,100000,100,32,2,85177492,1177092119961519121
FLAT,glove,single,100000,100,32,3,85229029,1177092119961519121
FLAT,glove,single,100000,100,32,4,85276781,1177092119961519121
FLAT,glove,single,100000,100,32,5,84888639,1177092119961519121
FLAT,glove,single,100000,100,32,6,85015559,1177092119961519121
WARMUP,glove,batch,32,204,3007808190
FLAT,glove,batch,100000,100,32,0,13415910,1177092119961519121
FLAT,glove,batch,100000,100,32,1,13315899,1177092119961519121
FLAT,glove,batch,100000,100,32,2,13276039,1177092119961519121
FLAT,glove,batch,100000,100,32,3,13410562,1177092119961519121
FLAT,glove,batch,100000,100,32,4,13302690,1177092119961519121
FLAT,glove,batch,100000,100,32,5,13323011,1177092119961519121
FLAT,glove,batch,100000,100,32,6,13335389,1177092119961519121
WARMUP,glove,single,64,17,3005526549
FLAT,glove,single,100000,100,64,0,179210020,7293109510488223649
FLAT,glove,single,100000,100,64,1,174902577,7293109510488223649
FLAT,glove,single,100000,100,64,2,174517529,7293109510488223649
FLAT,glove,single,100000,100,64,3,173953803,7293109510488223649
FLAT,glove,single,100000,100,64,4,174776308,7293109510488223649
FLAT,glove,single,100000,100,64,5,174971782,7293109510488223649
FLAT,glove,single,100000,100,64,6,174030159,7293109510488223649
WARMUP,glove,batch,64,125,3002786777
FLAT,glove,batch,100000,100,64,0,24460042,7293109510488223649
FLAT,glove,batch,100000,100,64,1,23741535,7293109510488223649
FLAT,glove,batch,100000,100,64,2,23903377,7293109510488223649
FLAT,glove,batch,100000,100,64,3,23852360,7293109510488223649
FLAT,glove,batch,100000,100,64,4,24157118,7293109510488223649
FLAT,glove,batch,100000,100,64,5,23746652,7293109510488223649
FLAT,glove,batch,100000,100,64,6,23743969,7293109510488223649
