WARNING: Using incubator modules: jdk.incubator.vector
Oct 04, 2026 3:17:15 AM com.integrallis.vectors.core.PanamaVectorUtilSupportProvider create
INFO: vectors-core: Using Panama Vector API SIMD provider (vector bits: 256)
Oct 04, 2026 3:17:15 AM com.integrallis.vectors.core.VectorizationProvider logActiveToggles
INFO: vectors-core: provider=PanamaVectorUtilSupport panama=true maxBits=256 preferredBits=256 fastVectorFMA=true fastScalarFMA=true sve=false ggufParallel=true ggufParallelThreshold=1048576 ggufExecutor=persistent ggufThreads=8 ggufChunksPerThread=2 mappedKQuantLongOffsets=auto(q4=true,q5=false,q6=false) q4ShortPairwiseSupported=true q4UnsignedPairwiseSupported=true toggles=[(defaults — no -Dvectors.* overrides)]
WARMUP,collection,single,1,160,3012194864
FLAT,collection,single,100000,512,1,0,16640410,-2561075354683905283
FLAT,collection,single,100000,512,1,1,16789436,-2561075354683905283
FLAT,collection,single,100000,512,1,2,16699820,-2561075354683905283
FLAT,collection,single,100000,512,1,3,17045630,-2561075354683905283
FLAT,collection,single,100000,512,1,4,17013702,-2561075354683905283
FLAT,collection,single,100000,512,1,5,16411988,-2561075354683905283
FLAT,collection,single,100000,512,1,6,16282943,-2561075354683905283
WARMUP,collection,batch,1,187,3013937940
FLAT,collection,batch,100000,512,1,0,16350134,-2561075354683905283
FLAT,collection,batch,100000,512,1,1,16623104,-2561075354683905283
FLAT,collection,batch,100000,512,1,2,16257535,-2561075354683905283
FLAT,collection,batch,100000,512,1,3,16089353,-2561075354683905283
FLAT,collection,batch,100000,512,1,4,17483869,-2561075354683905283
FLAT,collection,batch,100000,512,1,5,16856025,-2561075354683905283
FLAT,collection,batch,100000,512,1,6,16159568,-2561075354683905283
WARMUP,collection,single,4,46,3025127530
FLAT,collection,single,100000,512,4,0,67288057,-8103726781922252096
FLAT,collection,single,100000,512,4,1,67592675,-8103726781922252096
FLAT,collection,single,100000,512,4,2,64826602,-8103726781922252096
FLAT,collection,single,100000,512,4,3,64257095,-8103726781922252096
FLAT,collection,single,100000,512,4,4,65167886,-8103726781922252096
FLAT,collection,single,100000,512,4,5,65378463,-8103726781922252096
FLAT,collection,single,100000,512,4,6,67197070,-8103726781922252096
WARMUP,collection,batch,4,196,3003664596
FLAT,collection,batch,100000,512,4,0,15440585,-8103726781922252096
FLAT,collection,batch,100000,512,4,1,15496299,-8103726781922252096
FLAT,collection,batch,100000,512,4,2,14856957,-8103726781922252096
FLAT,collection,batch,100000,512,4,3,14936948,-8103726781922252096
FLAT,collection,batch,100000,512,4,4,15630380,-8103726781922252096
FLAT,collection,batch,100000,512,4,5,15491603,-8103726781922252096
FLAT,collection,batch,100000,512,4,6,15714126,-8103726781922252096
WARMUP,collection,single,16,12,3164373586
FLAT,collection,single,100000,512,16,0,257071898,2092469987807476287
FLAT,collection,single,100000,512,16,1,261317898,2092469987807476287
FLAT,collection,single,100000,512,16,2,260698906,2092469987807476287
FLAT,collection,single,100000,512,16,3,257517780,2092469987807476287
FLAT,collection,single,100000,512,16,4,263232059,2092469987807476287
FLAT,collection,single,100000,512,16,5,260804414,2092469987807476287
FLAT,collection,single,100000,512,16,6,260072494,2092469987807476287
WARMUP,collection,batch,16,73,3008905609
FLAT,collection,batch,100000,512,16,0,69786026,2092469987807476287
FLAT,collection,batch,100000,512,16,1,40398312,2092469987807476287
FLAT,collection,batch,100000,512,16,2,39008992,2092469987807476287
FLAT,collection,batch,100000,512,16,3,39702985,2092469987807476287
FLAT,collection,batch,100000,512,16,4,39015332,2092469987807476287
FLAT,collection,batch,100000,512,16,5,39213710,2092469987807476287
FLAT,collection,batch,100000,512,16,6,47165867,2092469987807476287
WARMUP,collection,single,32,8,4133328873
FLAT,collection,single,100000,512,32,0,515506268,-3031150442577658303
FLAT,collection,single,100000,512,32,1,505075962,-3031150442577658303
FLAT,collection,single,100000,512,32,2,523438013,-3031150442577658303
FLAT,collection,single,100000,512,32,3,501291918,-3031150442577658303
FLAT,collection,single,100000,512,32,4,497661654,-3031150442577658303
FLAT,collection,single,100000,512,32,5,494097502,-3031150442577658303
FLAT,collection,single,100000,512,32,6,509540591,-3031150442577658303
WARMUP,collection,batch,32,73,3030641695
FLAT,collection,batch,100000,512,32,0,38294087,-3031150442577658303
FLAT,collection,batch,100000,512,32,1,40089058,-3031150442577658303
FLAT,collection,batch,100000,512,32,2,38530712,-3031150442577658303
FLAT,collection,batch,100000,512,32,3,39168733,-3031150442577658303
FLAT,collection,batch,100000,512,32,4,40257851,-3031150442577658303
FLAT,collection,batch,100000,512,32,5,38562069,-3031150442577658303
FLAT,collection,batch,100000,512,32,6,37913063,-3031150442577658303
WARMUP,collection,single,64,8,8283106946
FLAT,collection,single,100000,512,64,0,1022011324,4379747614244198658
FLAT,collection,single,100000,512,64,1,1041501334,4379747614244198658
FLAT,collection,single,100000,512,64,2,1053067689,4379747614244198658
FLAT,collection,single,100000,512,64,3,1066450718,4379747614244198658
FLAT,collection,single,100000,512,64,4,1044810473,4379747614244198658
FLAT,collection,single,100000,512,64,5,1042247448,4379747614244198658
FLAT,collection,single,100000,512,64,6,1027597201,4379747614244198658
WARMUP,collection,batch,64,41,3048958023
FLAT,collection,batch,100000,512,64,0,72054910,4379747614244198658
FLAT,collection,batch,100000,512,64,1,71269920,4379747614244198658
FLAT,collection,batch,100000,512,64,2,71391613,4379747614244198658
FLAT,collection,batch,100000,512,64,3,71852886,4379747614244198658
FLAT,collection,batch,100000,512,64,4,71305764,4379747614244198658
FLAT,collection,batch,100000,512,64,5,71623882,4379747614244198658
FLAT,collection,batch,100000,512,64,6,71214816,4379747614244198658
