WARNING: A restricted method in java.lang.System has been called
WARNING: java.lang.System::load has been called by net.rubygrapefruit.platform.internal.NativeLibraryLoader in an unnamed module (file:/Users/briansam-bodden/.gradle/wrapper/dists/gradle-9.4.1-all/eckclv9s5vi9exbmnyvpg2a3h/gradle-9.4.1/lib/native-platform-0.22-milestone-29.jar)
WARNING: Use --enable-native-access=ALL-UNNAMED to avoid a warning for callers in this module
WARNING: Restricted methods will be blocked in a future release unless native access is enabled

> Task :spotlessInternalRegisterDependencies UP-TO-DATE
> Task :vectors-core:compileJava UP-TO-DATE
> Task :vectors-core:processResources UP-TO-DATE
> Task :vectors-core:classes UP-TO-DATE
> Task :vectors-core:jar UP-TO-DATE
> Task :vectors-storage:compileJava UP-TO-DATE
> Task :vectors-gpu:compileJava UP-TO-DATE
> Task :vectors-quantization:compileJava UP-TO-DATE
> Task :vectors-hnsw:compileJava UP-TO-DATE
> Task :vectors-ivf:compileJava UP-TO-DATE
> Task :vectors-vamana:compileJava UP-TO-DATE
> Task :vectors-gpu:processResources UP-TO-DATE
> Task :vectors-gpu:classes UP-TO-DATE
> Task :vectors-gpu:jar UP-TO-DATE
> Task :vectors-hnsw:processResources NO-SOURCE
> Task :vectors-hnsw:classes UP-TO-DATE
> Task :vectors-hnsw:jar UP-TO-DATE
> Task :vectors-ivf:processResources NO-SOURCE
> Task :vectors-ivf:classes UP-TO-DATE
> Task :vectors-ivf:jar UP-TO-DATE
> Task :vectors-quantization:processResources NO-SOURCE
> Task :vectors-quantization:classes UP-TO-DATE
> Task :vectors-quantization:jar UP-TO-DATE
> Task :vectors-storage:processResources NO-SOURCE
> Task :vectors-storage:classes UP-TO-DATE
> Task :vectors-storage:jar UP-TO-DATE
> Task :vectors-vamana:processResources NO-SOURCE
> Task :vectors-vamana:classes UP-TO-DATE
> Task :vectors-db:spotlessJava
> Task :vectors-vamana:jar UP-TO-DATE
> Task :vectors-db:spotlessJavaApply
> Task :vectors-db:spotlessApply
> Task :vectors-db:compileJava
> Task :vectors-db:processResources NO-SOURCE
> Task :vectors-db:classes
> Task :vectors-db:compileTestJava UP-TO-DATE
> Task :vectors-db:processTestResources NO-SOURCE
> Task :vectors-db:testClasses UP-TO-DATE

> Task :vectors-db:test
WARNING: Using incubator modules: jdk.incubator.vector
WARNING: Using incubator modules: jdk.incubator.vector

SuccessorVectorOwnershipTest > stagedRowsAreStableWhileCarriedRowsReuseScratch(Path) PASSED

PreparedFlatScanTest > singleAndBatchPreserveScoresAndTiesAndRecomputeAfterQueryMutation() PASSED

WriterGraphLifecycleTest > successfulAppendReusesGraphLocksAndExecutor() PASSED

WriterGraphLifecycleTest > persistentAppendReopenAndCompaction() PASSED

WriterGraphLifecycleTest > inMemoryAppendAfterCompaction() PASSED

WriterGraphLifecycleTest > upsertAndDeleteBeforeAppendKeepVectorsAlignedWithPhysicalOrdinals() PASSED

WriterGraphLifecycleTest > refreshReleasesGraphAndLocksBeforeTheNextAppend() PASSED

WriterGraphLifecycleTest > compactingAnEmptyPersistentCollectionReleasesGraphAndLocksAndAllowsFreshIngest() PASSED

WriterGraphLifecycleTest > failedPublicationDiscardsTheMutatedCacheAndRetryKeepsAllRows() > repetition 1 of 10 PASSED

WriterGraphLifecycleTest > failedPublicationDiscardsTheMutatedCacheAndRetryKeepsAllRows() > repetition 2 of 10 PASSED

WriterGraphLifecycleTest > failedPublicationDiscardsTheMutatedCacheAndRetryKeepsAllRows() > repetition 3 of 10 PASSED

WriterGraphLifecycleTest > failedPublicationDiscardsTheMutatedCacheAndRetryKeepsAllRows() > repetition 4 of 10 PASSED

WriterGraphLifecycleTest > failedPublicationDiscardsTheMutatedCacheAndRetryKeepsAllRows() > repetition 5 of 10 PASSED

WriterGraphLifecycleTest > failedPublicationDiscardsTheMutatedCacheAndRetryKeepsAllRows() > repetition 6 of 10 PASSED

WriterGraphLifecycleTest > failedPublicationDiscardsTheMutatedCacheAndRetryKeepsAllRows() > repetition 7 of 10 PASSED

WriterGraphLifecycleTest > failedPublicationDiscardsTheMutatedCacheAndRetryKeepsAllRows() > repetition 8 of 10 PASSED

WriterGraphLifecycleTest > failedPublicationDiscardsTheMutatedCacheAndRetryKeepsAllRows() > repetition 9 of 10 PASSED

WriterGraphLifecycleTest > failedPublicationDiscardsTheMutatedCacheAndRetryKeepsAllRows() > repetition 10 of 10 PASSED

WriterGraphLifecycleTest > closeReleasesTheWriterGraphAndLocks() PASSED

MappedFlatScanAdapterTest > CloseSemantics > closeIsNoOpArenaOwnsLifetime(Path) PASSED

MappedFlatScanAdapterTest > ThreadSafety > concurrentSearchesAgreeWithReference(Path) PASSED

MappedFlatScanAdapterTest > InputValidation > nonPositiveKRejected(Path) PASSED

MappedFlatScanAdapterTest > InputValidation > nullQueryThrows(Path) PASSED

MappedFlatScanAdapterTest > InputValidation > wrongDimensionQueryThrows(Path) PASSED

MappedFlatScanAdapterTest > TopKEdgeCases > kEqualsOne(Path) PASSED

MappedFlatScanAdapterTest > TopKEdgeCases > kEqualsSize(Path) PASSED

MappedFlatScanAdapterTest > TopKEdgeCases > emptyStoreReturnsEmptyOutcome(Path) PASSED

MappedFlatScanAdapterTest > TopKEdgeCases > kLargerThanSizeClampsToSize(Path) PASSED

MappedFlatScanAdapterTest > ThousandVectorAgreement > oneThousandVectorsDim16(Path) PASSED

MappedFlatScanAdapterTest > ThousandVectorAgreement > oneThousandVectorsDim64(Path) PASSED

MappedFlatScanAdapterTest > ThousandVectorAgreement > oneThousandVectorsMaximumInnerProductDim128(Path) PASSED

MappedFlatScanAdapterTest > ThousandVectorAgreement > oneThousandVectorsVeryPaddedDim7(Path) PASSED

MappedFlatScanAdapterTest > ThousandVectorAgreement > topOneAt1000Vectors(Path) PASSED

MappedFlatScanAdapterTest > ThousandVectorAgreement > oneThousandVectorsCosineDim128(Path) PASSED

MappedFlatScanAdapterTest > ThousandVectorAgreement > oneThousandVectorsDim128(Path) PASSED

MappedFlatScanAdapterTest > ThousandVectorAgreement > oneThousandVectorsPaddedDim100(Path) PASSED

MappedFlatScanAdapterTest > ThousandVectorAgreement > oneThousandVectorsDotProductDim128(Path) PASSED

MappedFlatScanAdapterTest > BitEquivalenceWithFlatScan > cosineSmallDim(Path) PASSED

MappedFlatScanAdapterTest > BitEquivalenceWithFlatScan > dotProductSmallDim(Path) PASSED

MappedFlatScanAdapterTest > BitEquivalenceWithFlatScan > euclideanSmallDim(Path) PASSED

MappedFlatScanAdapterTest > BitEquivalenceWithFlatScan > maximumInnerProductSmallDim(Path) PASSED

MappedFlatScanAdapterTest > BitEquivalenceWithFlatScan > euclideanMediumDim(Path) PASSED

MappedFlatScanAdapterTest > BitEquivalenceWithFlatScan > veryPaddedDimension(Path) PASSED

MappedFlatScanAdapterTest > BitEquivalenceWithFlatScan > maximumInnerProductMediumDim(Path) PASSED

MappedFlatScanAdapterTest > BitEquivalenceWithFlatScan > cosineMediumDim(Path) PASSED

MappedFlatScanAdapterTest > BitEquivalenceWithFlatScan > paddedDimension(Path) PASSED

MappedFlatScanAdapterTest > BitEquivalenceWithFlatScan > dotProductMediumDim(Path) PASSED

MappedFlatScanAdapterTest > Construction > nullStoreThrows(Path) PASSED

MappedFlatScanAdapterTest > Construction > buildMethodThrowsUnsupported(Path) PASSED

MappedFlatScanAdapterTest > Construction > nullMetricThrows(Path) PASSED

MappedFlatScanAdapterTest > Construction > sizeReportsStoreSize(Path) PASSED

> Task :vectors-db:spotbugsMain

BUILD SUCCESSFUL in 41s
23 actionable tasks: 5 executed, 18 up-to-date
