WARNING: Using incubator modules: jdk.incubator.vector
Oct 04, 2026 1:59:55 AM com.integrallis.vectors.core.PanamaVectorUtilSupportProvider create
INFO: vectors-core: Using Panama Vector API SIMD provider (vector bits: 256)
Oct 04, 2026 1:59:55 AM com.integrallis.vectors.core.VectorizationProvider logActiveToggles
INFO: vectors-core: provider=PanamaVectorUtilSupport panama=true maxBits=256 preferredBits=256 fastVectorFMA=true fastScalarFMA=true sve=false ggufParallel=true ggufParallelThreshold=1048576 ggufExecutor=persistent ggufThreads=8 ggufChunksPerThread=2 mappedKQuantLongOffsets=auto(q4=true,q5=false,q6=false) q4ShortPairwiseSupported=true q4UnsignedPairwiseSupported=true toggles=[(defaults — no -Dvectors.* overrides)]
FLAT,fashion-control,single,60000,784,1,0,17046611,-5889716151259767543
FLAT,fashion-control,single,60000,784,1,1,17137950,-5889716151259767543
FLAT,fashion-control,single,60000,784,1,2,16846602,-5889716151259767543
FLAT,fashion-control,single,60000,784,1,3,17382728,-5889716151259767543
FLAT,fashion-control,single,60000,784,1,4,16690346,-5889716151259767543
FLAT,fashion-control,single,60000,784,1,5,16822195,-5889716151259767543
FLAT,fashion-control,single,60000,784,1,6,17201025,-5889716151259767543
FLAT,fashion-control,batch,60000,784,1,0,17863181,-5889716151259767543
FLAT,fashion-control,batch,60000,784,1,1,17683300,-5889716151259767543
FLAT,fashion-control,batch,60000,784,1,2,17355646,-5889716151259767543
FLAT,fashion-control,batch,60000,784,1,3,17408266,-5889716151259767543
FLAT,fashion-control,batch,60000,784,1,4,17506313,-5889716151259767543
FLAT,fashion-control,batch,60000,784,1,5,17714707,-5889716151259767543
FLAT,fashion-control,batch,60000,784,1,6,17717682,-5889716151259767543
FLAT,fashion-control,single,60000,784,2,0,34290551,-3658882809325304494
FLAT,fashion-control,single,60000,784,2,1,33983179,-3658882809325304494
FLAT,fashion-control,single,60000,784,2,2,34294027,-3658882809325304494
FLAT,fashion-control,single,60000,784,2,3,34410292,-3658882809325304494
FLAT,fashion-control,single,60000,784,2,4,34390801,-3658882809325304494
FLAT,fashion-control,single,60000,784,2,5,34608860,-3658882809325304494
FLAT,fashion-control,single,60000,784,2,6,34859006,-3658882809325304494
FLAT,fashion-control,batch,60000,784,2,0,23351676,-3658882809325304494
FLAT,fashion-control,batch,60000,784,2,1,23404526,-3658882809325304494
FLAT,fashion-control,batch,60000,784,2,2,23450936,-3658882809325304494
FLAT,fashion-control,batch,60000,784,2,3,23282042,-3658882809325304494
FLAT,fashion-control,batch,60000,784,2,4,23494110,-3658882809325304494
FLAT,fashion-control,batch,60000,784,2,5,23420830,-3658882809325304494
FLAT,fashion-control,batch,60000,784,2,6,23324105,-3658882809325304494
FLAT,fashion-control,single,60000,784,3,0,50285082,3746812305870889512
FLAT,fashion-control,single,60000,784,3,1,50752835,3746812305870889512
FLAT,fashion-control,single,60000,784,3,2,51402281,3746812305870889512
FLAT,fashion-control,single,60000,784,3,3,51275631,3746812305870889512
FLAT,fashion-control,single,60000,784,3,4,52457409,3746812305870889512
FLAT,fashion-control,single,60000,784,3,5,51377103,3746812305870889512
FLAT,fashion-control,single,60000,784,3,6,51607410,3746812305870889512
FLAT,fashion-control,batch,60000,784,3,0,26977480,3746812305870889512
FLAT,fashion-control,batch,60000,784,3,1,27527227,3746812305870889512
FLAT,fashion-control,batch,60000,784,3,2,27129640,3746812305870889512
FLAT,fashion-control,batch,60000,784,3,3,27069148,3746812305870889512
FLAT,fashion-control,batch,60000,784,3,4,27342189,3746812305870889512
FLAT,fashion-control,batch,60000,784,3,5,27266917,3746812305870889512
FLAT,fashion-control,batch,60000,784,3,6,27257982,3746812305870889512
FLAT,fashion-control,single,60000,784,4,0,67114217,7347236782066100300
FLAT,fashion-control,single,60000,784,4,1,68030314,7347236782066100300
FLAT,fashion-control,single,60000,784,4,2,68119909,7347236782066100300
FLAT,fashion-control,single,60000,784,4,3,68656717,7347236782066100300
FLAT,fashion-control,single,60000,784,4,4,67771094,7347236782066100300
FLAT,fashion-control,single,60000,784,4,5,68512087,7347236782066100300
FLAT,fashion-control,single,60000,784,4,6,69466806,7347236782066100300
FLAT,fashion-control,batch,60000,784,4,0,31339432,7347236782066100300
FLAT,fashion-control,batch,60000,784,4,1,31418231,7347236782066100300
FLAT,fashion-control,batch,60000,784,4,2,31474196,7347236782066100300
FLAT,fashion-control,batch,60000,784,4,3,31526374,7347236782066100300
FLAT,fashion-control,batch,60000,784,4,4,31634656,7347236782066100300
FLAT,fashion-control,batch,60000,784,4,5,31770992,7347236782066100300
FLAT,fashion-control,batch,60000,784,4,6,32527880,7347236782066100300
FLAT,fashion-control,single,60000,784,16,0,280577285,-7145532576525031642
FLAT,fashion-control,single,60000,784,16,1,279192953,-7145532576525031642
FLAT,fashion-control,single,60000,784,16,2,281275986,-7145532576525031642
FLAT,fashion-control,single,60000,784,16,3,280346458,-7145532576525031642
FLAT,fashion-control,single,60000,784,16,4,281159171,-7145532576525031642
FLAT,fashion-control,single,60000,784,16,5,279485553,-7145532576525031642
FLAT,fashion-control,single,60000,784,16,6,321203937,-7145532576525031642
FLAT,fashion-control,batch,60000,784,16,0,81026013,-7145532576525031642
FLAT,fashion-control,batch,60000,784,16,1,81431934,-7145532576525031642
FLAT,fashion-control,batch,60000,784,16,2,83513143,-7145532576525031642
FLAT,fashion-control,batch,60000,784,16,3,84469792,-7145532576525031642
FLAT,fashion-control,batch,60000,784,16,4,80515204,-7145532576525031642
FLAT,fashion-control,batch,60000,784,16,5,77960371,-7145532576525031642
FLAT,fashion-control,batch,60000,784,16,6,77597375,-7145532576525031642
FLAT,fashion-control,single,60000,784,64,0,1086618115,-176892425030124251
FLAT,fashion-control,single,60000,784,64,1,1103405266,-176892425030124251
FLAT,fashion-control,single,60000,784,64,2,1111875747,-176892425030124251
FLAT,fashion-control,single,60000,784,64,3,1097483036,-176892425030124251
FLAT,fashion-control,single,60000,784,64,4,1108398965,-176892425030124251
FLAT,fashion-control,single,60000,784,64,5,1108447549,-176892425030124251
FLAT,fashion-control,single,60000,784,64,6,1099412857,-176892425030124251
FLAT,fashion-control,batch,60000,784,64,0,260661194,-176892425030124251
FLAT,fashion-control,batch,60000,784,64,1,259467879,-176892425030124251
FLAT,fashion-control,batch,60000,784,64,2,259929022,-176892425030124251
FLAT,fashion-control,batch,60000,784,64,3,261067715,-176892425030124251
FLAT,fashion-control,batch,60000,784,64,4,259834320,-176892425030124251
FLAT,fashion-control,batch,60000,784,64,5,261008936,-176892425030124251
FLAT,fashion-control,batch,60000,784,64,6,259768160,-176892425030124251
