WARNING: Using incubator modules: jdk.incubator.vector
Oct 04, 2026 1:56:30 AM com.integrallis.vectors.core.PanamaVectorUtilSupportProvider create
INFO: vectors-core: Using Panama Vector API SIMD provider (vector bits: 256)
Oct 04, 2026 1:56:30 AM com.integrallis.vectors.core.VectorizationProvider logActiveToggles
INFO: vectors-core: provider=PanamaVectorUtilSupport panama=true maxBits=256 preferredBits=256 fastVectorFMA=true fastScalarFMA=true sve=false ggufParallel=true ggufParallelThreshold=1048576 ggufExecutor=persistent ggufThreads=8 ggufChunksPerThread=2 mappedKQuantLongOffsets=auto(q4=true,q5=false,q6=false) q4ShortPairwiseSupported=true q4UnsignedPairwiseSupported=true toggles=[(defaults — no -Dvectors.* overrides)]
FLAT,fashion-control,single,60000,784,1,0,17571414,-5889716151259767543
FLAT,fashion-control,single,60000,784,1,1,17501488,-5889716151259767543
FLAT,fashion-control,single,60000,784,1,2,17323321,-5889716151259767543
FLAT,fashion-control,single,60000,784,1,3,17664403,-5889716151259767543
FLAT,fashion-control,single,60000,784,1,4,17474929,-5889716151259767543
FLAT,fashion-control,single,60000,784,1,5,17437533,-5889716151259767543
FLAT,fashion-control,single,60000,784,1,6,17655220,-5889716151259767543
FLAT,fashion-control,batch,60000,784,1,0,18155203,-5889716151259767543
FLAT,fashion-control,batch,60000,784,1,1,18014611,-5889716151259767543
FLAT,fashion-control,batch,60000,784,1,2,18072187,-5889716151259767543
FLAT,fashion-control,batch,60000,784,1,3,18033770,-5889716151259767543
FLAT,fashion-control,batch,60000,784,1,4,18048231,-5889716151259767543
FLAT,fashion-control,batch,60000,784,1,5,17815782,-5889716151259767543
FLAT,fashion-control,batch,60000,784,1,6,17758386,-5889716151259767543
FLAT,fashion-control,single,60000,784,2,0,37176428,-3658882809325304494
FLAT,fashion-control,single,60000,784,2,1,35729901,-3658882809325304494
FLAT,fashion-control,single,60000,784,2,2,34086320,-3658882809325304494
FLAT,fashion-control,single,60000,784,2,3,33916945,-3658882809325304494
FLAT,fashion-control,single,60000,784,2,4,33694079,-3658882809325304494
FLAT,fashion-control,single,60000,784,2,5,33979009,-3658882809325304494
FLAT,fashion-control,single,60000,784,2,6,33773889,-3658882809325304494
FLAT,fashion-control,batch,60000,784,2,0,23312361,-3658882809325304494
FLAT,fashion-control,batch,60000,784,2,1,23136698,-3658882809325304494
FLAT,fashion-control,batch,60000,784,2,2,23166912,-3658882809325304494
FLAT,fashion-control,batch,60000,784,2,3,22860792,-3658882809325304494
FLAT,fashion-control,batch,60000,784,2,4,23039471,-3658882809325304494
FLAT,fashion-control,batch,60000,784,2,5,23323067,-3658882809325304494
FLAT,fashion-control,batch,60000,784,2,6,22857897,-3658882809325304494
FLAT,fashion-control,single,60000,784,3,0,52156464,3746812305870889512
FLAT,fashion-control,single,60000,784,3,1,51954490,3746812305870889512
FLAT,fashion-control,single,60000,784,3,2,51172524,3746812305870889512
FLAT,fashion-control,single,60000,784,3,3,51742571,3746812305870889512
FLAT,fashion-control,single,60000,784,3,4,51876323,3746812305870889512
FLAT,fashion-control,single,60000,784,3,5,51492165,3746812305870889512
FLAT,fashion-control,single,60000,784,3,6,52379800,3746812305870889512
FLAT,fashion-control,batch,60000,784,3,0,27617297,3746812305870889512
FLAT,fashion-control,batch,60000,784,3,1,27487832,3746812305870889512
FLAT,fashion-control,batch,60000,784,3,2,27391828,3746812305870889512
FLAT,fashion-control,batch,60000,784,3,3,27626992,3746812305870889512
FLAT,fashion-control,batch,60000,784,3,4,27498529,3746812305870889512
FLAT,fashion-control,batch,60000,784,3,5,26958777,3746812305870889512
FLAT,fashion-control,batch,60000,784,3,6,27009412,3746812305870889512
FLAT,fashion-control,single,60000,784,4,0,68651670,7347236782066100300
FLAT,fashion-control,single,60000,784,4,1,69586866,7347236782066100300
FLAT,fashion-control,single,60000,784,4,2,159475092,7347236782066100300
FLAT,fashion-control,single,60000,784,4,3,69560205,7347236782066100300
FLAT,fashion-control,single,60000,784,4,4,75502595,7347236782066100300
FLAT,fashion-control,single,60000,784,4,5,70117014,7347236782066100300
FLAT,fashion-control,single,60000,784,4,6,70327200,7347236782066100300
FLAT,fashion-control,batch,60000,784,4,0,31835253,7347236782066100300
FLAT,fashion-control,batch,60000,784,4,1,31746309,7347236782066100300
FLAT,fashion-control,batch,60000,784,4,2,32256016,7347236782066100300
FLAT,fashion-control,batch,60000,784,4,3,31781983,7347236782066100300
FLAT,fashion-control,batch,60000,784,4,4,32195815,7347236782066100300
FLAT,fashion-control,batch,60000,784,4,5,32254384,7347236782066100300
FLAT,fashion-control,batch,60000,784,4,6,32258470,7347236782066100300
FLAT,fashion-control,single,60000,784,16,0,276959353,-7145532576525031642
FLAT,fashion-control,single,60000,784,16,1,279408389,-7145532576525031642
FLAT,fashion-control,single,60000,784,16,2,280045296,-7145532576525031642
FLAT,fashion-control,single,60000,784,16,3,277863904,-7145532576525031642
FLAT,fashion-control,single,60000,784,16,4,279062498,-7145532576525031642
FLAT,fashion-control,single,60000,784,16,5,280354080,-7145532576525031642
FLAT,fashion-control,single,60000,784,16,6,278592140,-7145532576525031642
FLAT,fashion-control,batch,60000,784,16,0,77314380,-7145532576525031642
FLAT,fashion-control,batch,60000,784,16,1,77725950,-7145532576525031642
FLAT,fashion-control,batch,60000,784,16,2,77468192,-7145532576525031642
FLAT,fashion-control,batch,60000,784,16,3,77449924,-7145532576525031642
FLAT,fashion-control,batch,60000,784,16,4,77499489,-7145532576525031642
FLAT,fashion-control,batch,60000,784,16,5,77495463,-7145532576525031642
FLAT,fashion-control,batch,60000,784,16,6,77588783,-7145532576525031642
FLAT,fashion-control,single,60000,784,64,0,1111549227,-176892425030124251
FLAT,fashion-control,single,60000,784,64,1,1110560968,-176892425030124251
FLAT,fashion-control,single,60000,784,64,2,1120627321,-176892425030124251
FLAT,fashion-control,single,60000,784,64,3,1086631339,-176892425030124251
FLAT,fashion-control,single,60000,784,64,4,1110356888,-176892425030124251
FLAT,fashion-control,single,60000,784,64,5,1111943205,-176892425030124251
FLAT,fashion-control,single,60000,784,64,6,1093033816,-176892425030124251
FLAT,fashion-control,batch,60000,784,64,0,255913408,-176892425030124251
FLAT,fashion-control,batch,60000,784,64,1,256148631,-176892425030124251
FLAT,fashion-control,batch,60000,784,64,2,256097054,-176892425030124251
FLAT,fashion-control,batch,60000,784,64,3,256290915,-176892425030124251
FLAT,fashion-control,batch,60000,784,64,4,256980594,-176892425030124251
FLAT,fashion-control,batch,60000,784,64,5,256364826,-176892425030124251
FLAT,fashion-control,batch,60000,784,64,6,257222387,-176892425030124251
