WARNING: Using incubator modules: jdk.incubator.vector
Oct 04, 2026 2:00:28 AM com.integrallis.vectors.core.PanamaVectorUtilSupportProvider create
INFO: vectors-core: Using Panama Vector API SIMD provider (vector bits: 256)
Oct 04, 2026 2:00:28 AM com.integrallis.vectors.core.VectorizationProvider logActiveToggles
INFO: vectors-core: provider=PanamaVectorUtilSupport panama=true maxBits=256 preferredBits=256 fastVectorFMA=true fastScalarFMA=true sve=false ggufParallel=true ggufParallelThreshold=1048576 ggufExecutor=persistent ggufThreads=8 ggufChunksPerThread=2 mappedKQuantLongOffsets=auto(q4=true,q5=false,q6=false) q4ShortPairwiseSupported=true q4UnsignedPairwiseSupported=true toggles=[(defaults — no -Dvectors.* overrides)]
FLAT,glove,single,100000,100,1,0,6162099,9123688640271969882
FLAT,glove,single,100000,100,1,1,6129301,9123688640271969882
FLAT,glove,single,100000,100,1,2,5759834,9123688640271969882
FLAT,glove,single,100000,100,1,3,5856420,9123688640271969882
FLAT,glove,single,100000,100,1,4,5686834,9123688640271969882
FLAT,glove,single,100000,100,1,5,5567524,9123688640271969882
FLAT,glove,single,100000,100,1,6,5695708,9123688640271969882
FLAT,glove,batch,100000,100,1,0,5216778,9123688640271969882
FLAT,glove,batch,100000,100,1,1,4844678,9123688640271969882
FLAT,glove,batch,100000,100,1,2,4677677,9123688640271969882
FLAT,glove,batch,100000,100,1,3,4617746,9123688640271969882
FLAT,glove,batch,100000,100,1,4,4720281,9123688640271969882
FLAT,glove,batch,100000,100,1,5,4621552,9123688640271969882
FLAT,glove,batch,100000,100,1,6,6015259,9123688640271969882
FLAT,glove,single,100000,100,2,0,11901503,-8839688515274822432
FLAT,glove,single,100000,100,2,1,12595686,-8839688515274822432
FLAT,glove,single,100000,100,2,2,12024307,-8839688515274822432
FLAT,glove,single,100000,100,2,3,11576153,-8839688515274822432
FLAT,glove,single,100000,100,2,4,11339968,-8839688515274822432
FLAT,glove,single,100000,100,2,5,11281569,-8839688515274822432
FLAT,glove,single,100000,100,2,6,11578126,-8839688515274822432
FLAT,glove,batch,100000,100,2,0,6661130,-8839688515274822432
FLAT,glove,batch,100000,100,2,1,6558786,-8839688515274822432
FLAT,glove,batch,100000,100,2,2,6679136,-8839688515274822432
FLAT,glove,batch,100000,100,2,3,6630724,-8839688515274822432
FLAT,glove,batch,100000,100,2,4,6522962,-8839688515274822432
FLAT,glove,batch,100000,100,2,5,6635992,-8839688515274822432
FLAT,glove,batch,100000,100,2,6,6783464,-8839688515274822432
FLAT,glove,single,100000,100,3,0,16548332,-6443946448212414800
FLAT,glove,single,100000,100,3,1,16772270,-6443946448212414800
FLAT,glove,single,100000,100,3,2,17454155,-6443946448212414800
FLAT,glove,single,100000,100,3,3,16821985,-6443946448212414800
FLAT,glove,single,100000,100,3,4,16472007,-6443946448212414800
FLAT,glove,single,100000,100,3,5,16448862,-6443946448212414800
FLAT,glove,single,100000,100,3,6,18220058,-6443946448212414800
FLAT,glove,batch,100000,100,3,0,7979844,-6443946448212414800
FLAT,glove,batch,100000,100,3,1,8152594,-6443946448212414800
FLAT,glove,batch,100000,100,3,2,8176739,-6443946448212414800
FLAT,glove,batch,100000,100,3,3,8373335,-6443946448212414800
FLAT,glove,batch,100000,100,3,4,8342399,-6443946448212414800
FLAT,glove,batch,100000,100,3,5,8267086,-6443946448212414800
FLAT,glove,batch,100000,100,3,6,8130180,-6443946448212414800
FLAT,glove,single,100000,100,4,0,23121931,-8035847026677169637
FLAT,glove,single,100000,100,4,1,23337985,-8035847026677169637
FLAT,glove,single,100000,100,4,2,22526925,-8035847026677169637
FLAT,glove,single,100000,100,4,3,23641742,-8035847026677169637
FLAT,glove,single,100000,100,4,4,25674060,-8035847026677169637
FLAT,glove,single,100000,100,4,5,24743380,-8035847026677169637
FLAT,glove,single,100000,100,4,6,26124087,-8035847026677169637
FLAT,glove,batch,100000,100,4,0,10514666,-8035847026677169637
FLAT,glove,batch,100000,100,4,1,10490210,-8035847026677169637
FLAT,glove,batch,100000,100,4,2,10489850,-8035847026677169637
FLAT,glove,batch,100000,100,4,3,10352573,-8035847026677169637
FLAT,glove,batch,100000,100,4,4,10067404,-8035847026677169637
FLAT,glove,batch,100000,100,4,5,9790397,-8035847026677169637
FLAT,glove,batch,100000,100,4,6,10048725,-8035847026677169637
FLAT,glove,single,100000,100,16,0,86919646,4439317876800093591
FLAT,glove,single,100000,100,16,1,86370621,4439317876800093591
FLAT,glove,single,100000,100,16,2,86531263,4439317876800093591
FLAT,glove,single,100000,100,16,3,87511417,4439317876800093591
FLAT,glove,single,100000,100,16,4,88618452,4439317876800093591
FLAT,glove,single,100000,100,16,5,95329847,4439317876800093591
FLAT,glove,single,100000,100,16,6,96845297,4439317876800093591
FLAT,glove,batch,100000,100,16,0,32545816,4439317876800093591
FLAT,glove,batch,100000,100,16,1,32725216,4439317876800093591
FLAT,glove,batch,100000,100,16,2,32901032,4439317876800093591
FLAT,glove,batch,100000,100,16,3,33003575,4439317876800093591
FLAT,glove,batch,100000,100,16,4,32961612,4439317876800093591
FLAT,glove,batch,100000,100,16,5,32793990,4439317876800093591
FLAT,glove,batch,100000,100,16,6,32666649,4439317876800093591
FLAT,glove,single,100000,100,64,0,350559258,-6504456432332121007
FLAT,glove,single,100000,100,64,1,353424799,-6504456432332121007
FLAT,glove,single,100000,100,64,2,381731408,-6504456432332121007
FLAT,glove,single,100000,100,64,3,360351388,-6504456432332121007
FLAT,glove,single,100000,100,64,4,367415254,-6504456432332121007
FLAT,glove,single,100000,100,64,5,368167796,-6504456432332121007
FLAT,glove,single,100000,100,64,6,361160175,-6504456432332121007
FLAT,glove,batch,100000,100,64,0,126261124,-6504456432332121007
FLAT,glove,batch,100000,100,64,1,126499183,-6504456432332121007
FLAT,glove,batch,100000,100,64,2,125349703,-6504456432332121007
FLAT,glove,batch,100000,100,64,3,125802354,-6504456432332121007
FLAT,glove,batch,100000,100,64,4,127996164,-6504456432332121007
FLAT,glove,batch,100000,100,64,5,126313974,-6504456432332121007
FLAT,glove,batch,100000,100,64,6,125206899,-6504456432332121007
