WARNING: Using incubator modules: jdk.incubator.vector
Oct 04, 2026 1:54:41 AM com.integrallis.vectors.core.PanamaVectorUtilSupportProvider create
INFO: vectors-core: Using Panama Vector API SIMD provider (vector bits: 256)
Oct 04, 2026 1:54:41 AM com.integrallis.vectors.core.VectorizationProvider logActiveToggles
INFO: vectors-core: provider=PanamaVectorUtilSupport panama=true maxBits=256 preferredBits=256 fastVectorFMA=true fastScalarFMA=true sve=false ggufParallel=true ggufParallelThreshold=1048576 ggufExecutor=persistent ggufThreads=8 ggufChunksPerThread=2 mappedKQuantLongOffsets=auto(q4=true,q5=false,q6=false) q4ShortPairwiseSupported=true q4UnsignedPairwiseSupported=true toggles=[(defaults — no -Dvectors.* overrides)]
FLAT,glove,single,100000,100,1,0,5538202,9123688640271969882
FLAT,glove,single,100000,100,1,1,5734217,9123688640271969882
FLAT,glove,single,100000,100,1,2,5840057,9123688640271969882
FLAT,glove,single,100000,100,1,3,5960358,9123688640271969882
FLAT,glove,single,100000,100,1,4,5620577,9123688640271969882
FLAT,glove,single,100000,100,1,5,5659185,9123688640271969882
FLAT,glove,single,100000,100,1,6,5751633,9123688640271969882
FLAT,glove,batch,100000,100,1,0,4897959,9123688640271969882
FLAT,glove,batch,100000,100,1,1,4649254,9123688640271969882
FLAT,glove,batch,100000,100,1,2,4645539,9123688640271969882
FLAT,glove,batch,100000,100,1,3,4598870,9123688640271969882
FLAT,glove,batch,100000,100,1,4,4713491,9123688640271969882
FLAT,glove,batch,100000,100,1,5,4678929,9123688640271969882
FLAT,glove,batch,100000,100,1,6,6038125,9123688640271969882
FLAT,glove,single,100000,100,2,0,10900740,-8839688515274822432
FLAT,glove,single,100000,100,2,1,11476447,-8839688515274822432
FLAT,glove,single,100000,100,2,2,11489827,-8839688515274822432
FLAT,glove,single,100000,100,2,3,11457858,-8839688515274822432
FLAT,glove,single,100000,100,2,4,11339601,-8839688515274822432
FLAT,glove,single,100000,100,2,5,10924326,-8839688515274822432
FLAT,glove,single,100000,100,2,6,10852258,-8839688515274822432
FLAT,glove,batch,100000,100,2,0,6205957,-8839688515274822432
FLAT,glove,batch,100000,100,2,1,6449334,-8839688515274822432
FLAT,glove,batch,100000,100,2,2,6580671,-8839688515274822432
FLAT,glove,batch,100000,100,2,3,6615453,-8839688515274822432
FLAT,glove,batch,100000,100,2,4,6694641,-8839688515274822432
FLAT,glove,batch,100000,100,2,5,6460900,-8839688515274822432
FLAT,glove,batch,100000,100,2,6,6599209,-8839688515274822432
FLAT,glove,single,100000,100,3,0,17324064,-6443946448212414800
FLAT,glove,single,100000,100,3,1,16853175,-6443946448212414800
FLAT,glove,single,100000,100,3,2,17263222,-6443946448212414800
FLAT,glove,single,100000,100,3,3,16694356,-6443946448212414800
FLAT,glove,single,100000,100,3,4,17052475,-6443946448212414800
FLAT,glove,single,100000,100,3,5,16886076,-6443946448212414800
FLAT,glove,single,100000,100,3,6,18014293,-6443946448212414800
FLAT,glove,batch,100000,100,3,0,8650825,-6443946448212414800
FLAT,glove,batch,100000,100,3,1,8871386,-6443946448212414800
FLAT,glove,batch,100000,100,3,2,9228664,-6443946448212414800
FLAT,glove,batch,100000,100,3,3,9123206,-6443946448212414800
FLAT,glove,batch,100000,100,3,4,9357198,-6443946448212414800
FLAT,glove,batch,100000,100,3,5,9213332,-6443946448212414800
FLAT,glove,batch,100000,100,3,6,8946619,-6443946448212414800
FLAT,glove,single,100000,100,4,0,23192704,-8035847026677169637
FLAT,glove,single,100000,100,4,1,23033144,-8035847026677169637
FLAT,glove,single,100000,100,4,2,22097727,-8035847026677169637
FLAT,glove,single,100000,100,4,3,23056940,-8035847026677169637
FLAT,glove,single,100000,100,4,4,21940759,-8035847026677169637
FLAT,glove,single,100000,100,4,5,22642075,-8035847026677169637
FLAT,glove,single,100000,100,4,6,24636315,-8035847026677169637
FLAT,glove,batch,100000,100,4,0,10740078,-8035847026677169637
FLAT,glove,batch,100000,100,4,1,10780239,-8035847026677169637
FLAT,glove,batch,100000,100,4,2,10882062,-8035847026677169637
FLAT,glove,batch,100000,100,4,3,10675251,-8035847026677169637
FLAT,glove,batch,100000,100,4,4,10951716,-8035847026677169637
FLAT,glove,batch,100000,100,4,5,10974341,-8035847026677169637
FLAT,glove,batch,100000,100,4,6,10565055,-8035847026677169637
FLAT,glove,single,100000,100,16,0,86542473,4439317876800093591
FLAT,glove,single,100000,100,16,1,87746434,4439317876800093591
FLAT,glove,single,100000,100,16,2,87723029,4439317876800093591
FLAT,glove,single,100000,100,16,3,87200093,4439317876800093591
FLAT,glove,single,100000,100,16,4,90006394,4439317876800093591
FLAT,glove,single,100000,100,16,5,90360527,4439317876800093591
FLAT,glove,single,100000,100,16,6,92301506,4439317876800093591
FLAT,glove,batch,100000,100,16,0,33740663,4439317876800093591
FLAT,glove,batch,100000,100,16,1,36106273,4439317876800093591
FLAT,glove,batch,100000,100,16,2,35383625,4439317876800093591
FLAT,glove,batch,100000,100,16,3,35595143,4439317876800093591
FLAT,glove,batch,100000,100,16,4,36477070,4439317876800093591
FLAT,glove,batch,100000,100,16,5,34594427,4439317876800093591
FLAT,glove,batch,100000,100,16,6,32898095,4439317876800093591
FLAT,glove,single,100000,100,64,0,396619301,-6504456432332121007
FLAT,glove,single,100000,100,64,1,399188556,-6504456432332121007
FLAT,glove,single,100000,100,64,2,412886203,-6504456432332121007
FLAT,glove,single,100000,100,64,3,400085925,-6504456432332121007
FLAT,glove,single,100000,100,64,4,420663434,-6504456432332121007
FLAT,glove,single,100000,100,64,5,427126447,-6504456432332121007
FLAT,glove,single,100000,100,64,6,404531854,-6504456432332121007
FLAT,glove,batch,100000,100,64,0,125444109,-6504456432332121007
FLAT,glove,batch,100000,100,64,1,124719228,-6504456432332121007
FLAT,glove,batch,100000,100,64,2,125659394,-6504456432332121007
FLAT,glove,batch,100000,100,64,3,125000913,-6504456432332121007
FLAT,glove,batch,100000,100,64,4,126074938,-6504456432332121007
FLAT,glove,batch,100000,100,64,5,125034142,-6504456432332121007
FLAT,glove,batch,100000,100,64,6,124932228,-6504456432332121007
