WARNING: Using incubator modules: jdk.incubator.vector
Oct 04, 2026 1:58:40 AM com.integrallis.vectors.core.PanamaVectorUtilSupportProvider create
INFO: vectors-core: Using Panama Vector API SIMD provider (vector bits: 256)
Oct 04, 2026 1:58:40 AM com.integrallis.vectors.core.VectorizationProvider logActiveToggles
INFO: vectors-core: provider=PanamaVectorUtilSupport panama=true maxBits=256 preferredBits=256 fastVectorFMA=true fastScalarFMA=true sve=false ggufParallel=true ggufParallelThreshold=1048576 ggufExecutor=persistent ggufThreads=8 ggufChunksPerThread=2 mappedKQuantLongOffsets=auto(q4=true,q5=false,q6=false) q4ShortPairwiseSupported=true q4UnsignedPairwiseSupported=true toggles=[(defaults — no -Dvectors.* overrides)]
FLAT,collection,single,100000,512,1,0,21592461,5295670917787159230
FLAT,collection,single,100000,512,1,1,21521525,5295670917787159230
FLAT,collection,single,100000,512,1,2,21409096,5295670917787159230
FLAT,collection,single,100000,512,1,3,21744980,5295670917787159230
FLAT,collection,single,100000,512,1,4,21522446,5295670917787159230
FLAT,collection,single,100000,512,1,5,21739362,5295670917787159230
FLAT,collection,single,100000,512,1,6,21886053,5295670917787159230
FLAT,collection,batch,100000,512,1,0,22764885,5295670917787159230
FLAT,collection,batch,100000,512,1,1,22117481,5295670917787159230
FLAT,collection,batch,100000,512,1,2,22265503,5295670917787159230
FLAT,collection,batch,100000,512,1,3,22419134,5295670917787159230
FLAT,collection,batch,100000,512,1,4,21747685,5295670917787159230
FLAT,collection,batch,100000,512,1,5,22208127,5295670917787159230
FLAT,collection,batch,100000,512,1,6,22372515,5295670917787159230
FLAT,collection,single,100000,512,2,0,42448615,7357427968086772174
FLAT,collection,single,100000,512,2,1,42823599,7357427968086772174
FLAT,collection,single,100000,512,2,2,42443267,7357427968086772174
FLAT,collection,single,100000,512,2,3,43017540,7357427968086772174
FLAT,collection,single,100000,512,2,4,43672747,7357427968086772174
FLAT,collection,single,100000,512,2,5,42890780,7357427968086772174
FLAT,collection,single,100000,512,2,6,42491461,7357427968086772174
FLAT,collection,batch,100000,512,2,0,30485609,7357427968086772174
FLAT,collection,batch,100000,512,2,1,30491258,7357427968086772174
FLAT,collection,batch,100000,512,2,2,30594993,7357427968086772174
FLAT,collection,batch,100000,512,2,3,30617668,7357427968086772174
FLAT,collection,batch,100000,512,2,4,30285808,7357427968086772174
FLAT,collection,batch,100000,512,2,5,29846978,7357427968086772174
FLAT,collection,batch,100000,512,2,6,30119448,7357427968086772174
FLAT,collection,single,100000,512,3,0,65066589,-6155883372062033377
FLAT,collection,single,100000,512,3,1,64972938,-6155883372062033377
FLAT,collection,single,100000,512,3,2,65275652,-6155883372062033377
FLAT,collection,single,100000,512,3,3,65964360,-6155883372062033377
FLAT,collection,single,100000,512,3,4,65326450,-6155883372062033377
FLAT,collection,single,100000,512,3,5,63219721,-6155883372062033377
FLAT,collection,single,100000,512,3,6,64278213,-6155883372062033377
FLAT,collection,batch,100000,512,3,0,37107539,-6155883372062033377
FLAT,collection,batch,100000,512,3,1,36853679,-6155883372062033377
FLAT,collection,batch,100000,512,3,2,36544833,-6155883372062033377
FLAT,collection,batch,100000,512,3,3,36450242,-6155883372062033377
FLAT,collection,batch,100000,512,3,4,36382891,-6155883372062033377
FLAT,collection,batch,100000,512,3,5,36046714,-6155883372062033377
FLAT,collection,batch,100000,512,3,6,36033175,-6155883372062033377
FLAT,collection,single,100000,512,4,0,87223408,-7941854946009114996
FLAT,collection,single,100000,512,4,1,86361963,-7941854946009114996
FLAT,collection,single,100000,512,4,2,86364066,-7941854946009114996
FLAT,collection,single,100000,512,4,3,88296904,-7941854946009114996
FLAT,collection,single,100000,512,4,4,86276385,-7941854946009114996
FLAT,collection,single,100000,512,4,5,87365603,-7941854946009114996
FLAT,collection,single,100000,512,4,6,84458450,-7941854946009114996
FLAT,collection,batch,100000,512,4,0,42889379,-7941854946009114996
FLAT,collection,batch,100000,512,4,1,43291793,-7941854946009114996
FLAT,collection,batch,100000,512,4,2,42883208,-7941854946009114996
FLAT,collection,batch,100000,512,4,3,42590238,-7941854946009114996
FLAT,collection,batch,100000,512,4,4,42827174,-7941854946009114996
FLAT,collection,batch,100000,512,4,5,42988527,-7941854946009114996
FLAT,collection,batch,100000,512,4,6,42830169,-7941854946009114996
FLAT,collection,single,100000,512,16,0,348530179,-6059471343997055021
FLAT,collection,single,100000,512,16,1,357594745,-6059471343997055021
FLAT,collection,single,100000,512,16,2,354929025,-6059471343997055021
FLAT,collection,single,100000,512,16,3,343866803,-6059471343997055021
FLAT,collection,single,100000,512,16,4,349762272,-6059471343997055021
FLAT,collection,single,100000,512,16,5,354066616,-6059471343997055021
FLAT,collection,single,100000,512,16,6,351867428,-6059471343997055021
FLAT,collection,batch,100000,512,16,0,102795433,-6059471343997055021
FLAT,collection,batch,100000,512,16,1,101911634,-6059471343997055021
FLAT,collection,batch,100000,512,16,2,101832314,-6059471343997055021
FLAT,collection,batch,100000,512,16,3,103036616,-6059471343997055021
FLAT,collection,batch,100000,512,16,4,108134505,-6059471343997055021
FLAT,collection,batch,100000,512,16,5,103398391,-6059471343997055021
FLAT,collection,batch,100000,512,16,6,103284950,-6059471343997055021
FLAT,collection,single,100000,512,64,0,1387154331,4383894143533102471
FLAT,collection,single,100000,512,64,1,1378889257,4383894143533102471
FLAT,collection,single,100000,512,64,2,1394600208,4383894143533102471
FLAT,collection,single,100000,512,64,3,1396321586,4383894143533102471
FLAT,collection,single,100000,512,64,4,1395050623,4383894143533102471
FLAT,collection,single,100000,512,64,5,1408826325,4383894143533102471
FLAT,collection,single,100000,512,64,6,1390408888,4383894143533102471
FLAT,collection,batch,100000,512,64,0,371462548,4383894143533102471
FLAT,collection,batch,100000,512,64,1,365734581,4383894143533102471
FLAT,collection,batch,100000,512,64,2,361817299,4383894143533102471
FLAT,collection,batch,100000,512,64,3,361466242,4383894143533102471
FLAT,collection,batch,100000,512,64,4,362289109,4383894143533102471
FLAT,collection,batch,100000,512,64,5,363186409,4383894143533102471
FLAT,collection,batch,100000,512,64,6,362674078,4383894143533102471
