WARNING: Using incubator modules: jdk.incubator.vector
Oct 04, 2026 2:02:13 AM com.integrallis.vectors.core.PanamaVectorUtilSupportProvider create
INFO: vectors-core: Using Panama Vector API SIMD provider (vector bits: 256)
Oct 04, 2026 2:02:13 AM com.integrallis.vectors.core.VectorizationProvider logActiveToggles
INFO: vectors-core: provider=PanamaVectorUtilSupport panama=true maxBits=256 preferredBits=256 fastVectorFMA=true fastScalarFMA=true sve=false ggufParallel=true ggufParallelThreshold=1048576 ggufExecutor=persistent ggufThreads=8 ggufChunksPerThread=2 mappedKQuantLongOffsets=auto(q4=true,q5=false,q6=false) q4ShortPairwiseSupported=true q4UnsignedPairwiseSupported=true toggles=[(defaults — no -Dvectors.* overrides)]
FLAT,fashion-control,single,60000,784,1,0,17326963,-5889716151259767543
FLAT,fashion-control,single,60000,784,1,1,17555536,-5889716151259767543
FLAT,fashion-control,single,60000,784,1,2,17135724,-5889716151259767543
FLAT,fashion-control,single,60000,784,1,3,17137929,-5889716151259767543
FLAT,fashion-control,single,60000,784,1,4,17466502,-5889716151259767543
FLAT,fashion-control,single,60000,784,1,5,17123146,-5889716151259767543
FLAT,fashion-control,single,60000,784,1,6,17738933,-5889716151259767543
FLAT,fashion-control,batch,60000,784,1,0,17886555,-5889716151259767543
FLAT,fashion-control,batch,60000,784,1,1,17618061,-5889716151259767543
FLAT,fashion-control,batch,60000,784,1,2,17671021,-5889716151259767543
FLAT,fashion-control,batch,60000,784,1,3,17461285,-5889716151259767543
FLAT,fashion-control,batch,60000,784,1,4,18076801,-5889716151259767543
FLAT,fashion-control,batch,60000,784,1,5,18048678,-5889716151259767543
FLAT,fashion-control,batch,60000,784,1,6,17689057,-5889716151259767543
FLAT,fashion-control,single,60000,784,2,0,34179151,-3658882809325304494
FLAT,fashion-control,single,60000,784,2,1,34589910,-3658882809325304494
FLAT,fashion-control,single,60000,784,2,2,35054338,-3658882809325304494
FLAT,fashion-control,single,60000,784,2,3,34367364,-3658882809325304494
FLAT,fashion-control,single,60000,784,2,4,35510734,-3658882809325304494
FLAT,fashion-control,single,60000,784,2,5,34419342,-3658882809325304494
FLAT,fashion-control,single,60000,784,2,6,35054337,-3658882809325304494
FLAT,fashion-control,batch,60000,784,2,0,24237847,-3658882809325304494
FLAT,fashion-control,batch,60000,784,2,1,23479538,-3658882809325304494
FLAT,fashion-control,batch,60000,784,2,2,24115024,-3658882809325304494
FLAT,fashion-control,batch,60000,784,2,3,23386197,-3658882809325304494
FLAT,fashion-control,batch,60000,784,2,4,23194699,-3658882809325304494
FLAT,fashion-control,batch,60000,784,2,5,24686703,-3658882809325304494
FLAT,fashion-control,batch,60000,784,2,6,25518154,-3658882809325304494
FLAT,fashion-control,single,60000,784,3,0,51564222,3746812305870889512
FLAT,fashion-control,single,60000,784,3,1,52002451,3746812305870889512
FLAT,fashion-control,single,60000,784,3,2,52782884,3746812305870889512
FLAT,fashion-control,single,60000,784,3,3,52351075,3746812305870889512
FLAT,fashion-control,single,60000,784,3,4,50777498,3746812305870889512
FLAT,fashion-control,single,60000,784,3,5,51229157,3746812305870889512
FLAT,fashion-control,single,60000,784,3,6,52090283,3746812305870889512
FLAT,fashion-control,batch,60000,784,3,0,27888979,3746812305870889512
FLAT,fashion-control,batch,60000,784,3,1,27647367,3746812305870889512
FLAT,fashion-control,batch,60000,784,3,2,27489659,3746812305870889512
FLAT,fashion-control,batch,60000,784,3,3,27737943,3746812305870889512
FLAT,fashion-control,batch,60000,784,3,4,27869110,3746812305870889512
FLAT,fashion-control,batch,60000,784,3,5,27289106,3746812305870889512
FLAT,fashion-control,batch,60000,784,3,6,27594047,3746812305870889512
FLAT,fashion-control,single,60000,784,4,0,69818058,7347236782066100300
FLAT,fashion-control,single,60000,784,4,1,70527966,7347236782066100300
FLAT,fashion-control,single,60000,784,4,2,70818873,7347236782066100300
FLAT,fashion-control,single,60000,784,4,3,70070559,7347236782066100300
FLAT,fashion-control,single,60000,784,4,4,71474910,7347236782066100300
FLAT,fashion-control,single,60000,784,4,5,70035495,7347236782066100300
FLAT,fashion-control,single,60000,784,4,6,69582895,7347236782066100300
FLAT,fashion-control,batch,60000,784,4,0,31963717,7347236782066100300
FLAT,fashion-control,batch,60000,784,4,1,31540874,7347236782066100300
FLAT,fashion-control,batch,60000,784,4,2,32310642,7347236782066100300
FLAT,fashion-control,batch,60000,784,4,3,32373536,7347236782066100300
FLAT,fashion-control,batch,60000,784,4,4,32556760,7347236782066100300
FLAT,fashion-control,batch,60000,784,4,5,31634704,7347236782066100300
FLAT,fashion-control,batch,60000,784,4,6,32343871,7347236782066100300
FLAT,fashion-control,single,60000,784,16,0,275768884,-7145532576525031642
FLAT,fashion-control,single,60000,784,16,1,279660327,-7145532576525031642
FLAT,fashion-control,single,60000,784,16,2,274781178,-7145532576525031642
FLAT,fashion-control,single,60000,784,16,3,280621862,-7145532576525031642
FLAT,fashion-control,single,60000,784,16,4,277249300,-7145532576525031642
FLAT,fashion-control,single,60000,784,16,5,283226499,-7145532576525031642
FLAT,fashion-control,single,60000,784,16,6,278863277,-7145532576525031642
FLAT,fashion-control,batch,60000,784,16,0,77671380,-7145532576525031642
FLAT,fashion-control,batch,60000,784,16,1,77258010,-7145532576525031642
FLAT,fashion-control,batch,60000,784,16,2,77671351,-7145532576525031642
FLAT,fashion-control,batch,60000,784,16,3,77690699,-7145532576525031642
FLAT,fashion-control,batch,60000,784,16,4,77185530,-7145532576525031642
FLAT,fashion-control,batch,60000,784,16,5,77606723,-7145532576525031642
FLAT,fashion-control,batch,60000,784,16,6,77309105,-7145532576525031642
FLAT,fashion-control,single,60000,784,64,0,1103426583,-176892425030124251
FLAT,fashion-control,single,60000,784,64,1,1099106144,-176892425030124251
FLAT,fashion-control,single,60000,784,64,2,1108127102,-176892425030124251
FLAT,fashion-control,single,60000,784,64,3,1084843219,-176892425030124251
FLAT,fashion-control,single,60000,784,64,4,1093926872,-176892425030124251
FLAT,fashion-control,single,60000,784,64,5,1102688271,-176892425030124251
FLAT,fashion-control,single,60000,784,64,6,1090306165,-176892425030124251
FLAT,fashion-control,batch,60000,784,64,0,262461584,-176892425030124251
FLAT,fashion-control,batch,60000,784,64,1,260443328,-176892425030124251
FLAT,fashion-control,batch,60000,784,64,2,260820075,-176892425030124251
FLAT,fashion-control,batch,60000,784,64,3,260154093,-176892425030124251
FLAT,fashion-control,batch,60000,784,64,4,259299648,-176892425030124251
FLAT,fashion-control,batch,60000,784,64,5,258998004,-176892425030124251
FLAT,fashion-control,batch,60000,784,64,6,260418170,-176892425030124251
