WARNING: Using incubator modules: jdk.incubator.vector
Oct 04, 2026 2:00:52 AM com.integrallis.vectors.core.PanamaVectorUtilSupportProvider create
INFO: vectors-core: Using Panama Vector API SIMD provider (vector bits: 256)
Oct 04, 2026 2:00:52 AM com.integrallis.vectors.core.VectorizationProvider logActiveToggles
INFO: vectors-core: provider=PanamaVectorUtilSupport panama=true maxBits=256 preferredBits=256 fastVectorFMA=true fastScalarFMA=true sve=false ggufParallel=true ggufParallelThreshold=1048576 ggufExecutor=persistent ggufThreads=8 ggufChunksPerThread=2 mappedKQuantLongOffsets=auto(q4=true,q5=false,q6=false) q4ShortPairwiseSupported=true q4UnsignedPairwiseSupported=true toggles=[(defaults — no -Dvectors.* overrides)]
FLAT,collection,single,100000,512,1,0,21372689,5295670917787159230
FLAT,collection,single,100000,512,1,1,21774303,5295670917787159230
FLAT,collection,single,100000,512,1,2,21542785,5295670917787159230
FLAT,collection,single,100000,512,1,3,21589806,5295670917787159230
FLAT,collection,single,100000,512,1,4,20807309,5295670917787159230
FLAT,collection,single,100000,512,1,5,21009944,5295670917787159230
FLAT,collection,single,100000,512,1,6,21313391,5295670917787159230
FLAT,collection,batch,100000,512,1,0,22347905,5295670917787159230
FLAT,collection,batch,100000,512,1,1,21517797,5295670917787159230
FLAT,collection,batch,100000,512,1,2,21383916,5295670917787159230
FLAT,collection,batch,100000,512,1,3,21572890,5295670917787159230
FLAT,collection,batch,100000,512,1,4,22904593,5295670917787159230
FLAT,collection,batch,100000,512,1,5,22085261,5295670917787159230
FLAT,collection,batch,100000,512,1,6,21259690,5295670917787159230
FLAT,collection,single,100000,512,2,0,41422688,7357427968086772174
FLAT,collection,single,100000,512,2,1,41067885,7357427968086772174
FLAT,collection,single,100000,512,2,2,41672213,7357427968086772174
FLAT,collection,single,100000,512,2,3,42243994,7357427968086772174
FLAT,collection,single,100000,512,2,4,42317845,7357427968086772174
FLAT,collection,single,100000,512,2,5,41973407,7357427968086772174
FLAT,collection,single,100000,512,2,6,42651277,7357427968086772174
FLAT,collection,batch,100000,512,2,0,30623855,7357427968086772174
FLAT,collection,batch,100000,512,2,1,30902844,7357427968086772174
FLAT,collection,batch,100000,512,2,2,30474891,7357427968086772174
FLAT,collection,batch,100000,512,2,3,30952689,7357427968086772174
FLAT,collection,batch,100000,512,2,4,30483083,7357427968086772174
FLAT,collection,batch,100000,512,2,5,31282765,7357427968086772174
FLAT,collection,batch,100000,512,2,6,30995004,7357427968086772174
FLAT,collection,single,100000,512,3,0,65466495,-6155883372062033377
FLAT,collection,single,100000,512,3,1,65626516,-6155883372062033377
FLAT,collection,single,100000,512,3,2,64919572,-6155883372062033377
FLAT,collection,single,100000,512,3,3,64903779,-6155883372062033377
FLAT,collection,single,100000,512,3,4,65502779,-6155883372062033377
FLAT,collection,single,100000,512,3,5,65408067,-6155883372062033377
FLAT,collection,single,100000,512,3,6,67263999,-6155883372062033377
FLAT,collection,batch,100000,512,3,0,38583788,-6155883372062033377
FLAT,collection,batch,100000,512,3,1,39166214,-6155883372062033377
FLAT,collection,batch,100000,512,3,2,37304775,-6155883372062033377
FLAT,collection,batch,100000,512,3,3,37115851,-6155883372062033377
FLAT,collection,batch,100000,512,3,4,37047226,-6155883372062033377
FLAT,collection,batch,100000,512,3,5,37558357,-6155883372062033377
FLAT,collection,batch,100000,512,3,6,38061352,-6155883372062033377
FLAT,collection,single,100000,512,4,0,87651517,-7941854946009114996
FLAT,collection,single,100000,512,4,1,85494692,-7941854946009114996
FLAT,collection,single,100000,512,4,2,87603363,-7941854946009114996
FLAT,collection,single,100000,512,4,3,85366940,-7941854946009114996
FLAT,collection,single,100000,512,4,4,84443471,-7941854946009114996
FLAT,collection,single,100000,512,4,5,85385908,-7941854946009114996
FLAT,collection,single,100000,512,4,6,85366509,-7941854946009114996
FLAT,collection,batch,100000,512,4,0,41905314,-7941854946009114996
FLAT,collection,batch,100000,512,4,1,42332167,-7941854946009114996
FLAT,collection,batch,100000,512,4,2,41869199,-7941854946009114996
FLAT,collection,batch,100000,512,4,3,42303303,-7941854946009114996
FLAT,collection,batch,100000,512,4,4,42701151,-7941854946009114996
FLAT,collection,batch,100000,512,4,5,43409687,-7941854946009114996
FLAT,collection,batch,100000,512,4,6,42779259,-7941854946009114996
FLAT,collection,single,100000,512,16,0,354757839,-6059471343997055021
FLAT,collection,single,100000,512,16,1,372605846,-6059471343997055021
FLAT,collection,single,100000,512,16,2,343168376,-6059471343997055021
FLAT,collection,single,100000,512,16,3,347106390,-6059471343997055021
FLAT,collection,single,100000,512,16,4,344697537,-6059471343997055021
FLAT,collection,single,100000,512,16,5,338499623,-6059471343997055021
FLAT,collection,single,100000,512,16,6,341150121,-6059471343997055021
FLAT,collection,batch,100000,512,16,0,100187073,-6059471343997055021
FLAT,collection,batch,100000,512,16,1,100541094,-6059471343997055021
FLAT,collection,batch,100000,512,16,2,100644900,-6059471343997055021
FLAT,collection,batch,100000,512,16,3,100611150,-6059471343997055021
FLAT,collection,batch,100000,512,16,4,100550239,-6059471343997055021
FLAT,collection,batch,100000,512,16,5,100847255,-6059471343997055021
FLAT,collection,batch,100000,512,16,6,101132544,-6059471343997055021
FLAT,collection,single,100000,512,64,0,1371312576,4383894143533102471
FLAT,collection,single,100000,512,64,1,1395578636,4383894143533102471
FLAT,collection,single,100000,512,64,2,1376573688,4383894143533102471
FLAT,collection,single,100000,512,64,3,1366207254,4383894143533102471
FLAT,collection,single,100000,512,64,4,1381560448,4383894143533102471
FLAT,collection,single,100000,512,64,5,1367701790,4383894143533102471
FLAT,collection,single,100000,512,64,6,1355596991,4383894143533102471
FLAT,collection,batch,100000,512,64,0,365952774,4383894143533102471
FLAT,collection,batch,100000,512,64,1,356032912,4383894143533102471
FLAT,collection,batch,100000,512,64,2,355643005,4383894143533102471
FLAT,collection,batch,100000,512,64,3,356554748,4383894143533102471
FLAT,collection,batch,100000,512,64,4,355546409,4383894143533102471
FLAT,collection,batch,100000,512,64,5,354457402,4383894143533102471
FLAT,collection,batch,100000,512,64,6,367564046,4383894143533102471
