WARNING: Using incubator modules: jdk.incubator.vector
Oct 04, 2026 1:57:47 AM com.integrallis.vectors.core.PanamaVectorUtilSupportProvider create
INFO: vectors-core: Using Panama Vector API SIMD provider (vector bits: 256)
Oct 04, 2026 1:57:48 AM com.integrallis.vectors.core.VectorizationProvider logActiveToggles
INFO: vectors-core: provider=PanamaVectorUtilSupport panama=true maxBits=256 preferredBits=256 fastVectorFMA=true fastScalarFMA=true sve=false ggufParallel=true ggufParallelThreshold=1048576 ggufExecutor=persistent ggufThreads=8 ggufChunksPerThread=2 mappedKQuantLongOffsets=auto(q4=true,q5=false,q6=false) q4ShortPairwiseSupported=true q4UnsignedPairwiseSupported=true toggles=[(defaults — no -Dvectors.* overrides)]
FLAT,glove,single,100000,100,1,0,5649739,9123688640271969882
FLAT,glove,single,100000,100,1,1,5814036,9123688640271969882
FLAT,glove,single,100000,100,1,2,5694316,9123688640271969882
FLAT,glove,single,100000,100,1,3,5673705,9123688640271969882
FLAT,glove,single,100000,100,1,4,5549568,9123688640271969882
FLAT,glove,single,100000,100,1,5,5592744,9123688640271969882
FLAT,glove,single,100000,100,1,6,5850251,9123688640271969882
FLAT,glove,batch,100000,100,1,0,5190869,9123688640271969882
FLAT,glove,batch,100000,100,1,1,4861212,9123688640271969882
FLAT,glove,batch,100000,100,1,2,4821123,9123688640271969882
FLAT,glove,batch,100000,100,1,3,4833191,9123688640271969882
FLAT,glove,batch,100000,100,1,4,5278710,9123688640271969882
FLAT,glove,batch,100000,100,1,5,4928995,9123688640271969882
FLAT,glove,batch,100000,100,1,6,6074127,9123688640271969882
FLAT,glove,single,100000,100,2,0,11780062,-8839688515274822432
FLAT,glove,single,100000,100,2,1,12299463,-8839688515274822432
FLAT,glove,single,100000,100,2,2,12305842,-8839688515274822432
FLAT,glove,single,100000,100,2,3,12310158,-8839688515274822432
FLAT,glove,single,100000,100,2,4,12092020,-8839688515274822432
FLAT,glove,single,100000,100,2,5,11880943,-8839688515274822432
FLAT,glove,single,100000,100,2,6,13134090,-8839688515274822432
FLAT,glove,batch,100000,100,2,0,6847591,-8839688515274822432
FLAT,glove,batch,100000,100,2,1,6729994,-8839688515274822432
FLAT,glove,batch,100000,100,2,2,6720820,-8839688515274822432
FLAT,glove,batch,100000,100,2,3,6862754,-8839688515274822432
FLAT,glove,batch,100000,100,2,4,6818627,-8839688515274822432
FLAT,glove,batch,100000,100,2,5,6734010,-8839688515274822432
FLAT,glove,batch,100000,100,2,6,6729734,-8839688515274822432
FLAT,glove,single,100000,100,3,0,17690823,-6443946448212414800
FLAT,glove,single,100000,100,3,1,17938897,-6443946448212414800
FLAT,glove,single,100000,100,3,2,18592178,-6443946448212414800
FLAT,glove,single,100000,100,3,3,19023898,-6443946448212414800
FLAT,glove,single,100000,100,3,4,18574143,-6443946448212414800
FLAT,glove,single,100000,100,3,5,18224605,-6443946448212414800
FLAT,glove,single,100000,100,3,6,18874623,-6443946448212414800
FLAT,glove,batch,100000,100,3,0,9464839,-6443946448212414800
FLAT,glove,batch,100000,100,3,1,9520952,-6443946448212414800
FLAT,glove,batch,100000,100,3,2,9928235,-6443946448212414800
FLAT,glove,batch,100000,100,3,3,10199263,-6443946448212414800
FLAT,glove,batch,100000,100,3,4,8931355,-6443946448212414800
FLAT,glove,batch,100000,100,3,5,8765677,-6443946448212414800
FLAT,glove,batch,100000,100,3,6,8521709,-6443946448212414800
FLAT,glove,single,100000,100,4,0,23432440,-8035847026677169637
FLAT,glove,single,100000,100,4,1,24451061,-8035847026677169637
FLAT,glove,single,100000,100,4,2,24635139,-8035847026677169637
FLAT,glove,single,100000,100,4,3,25858280,-8035847026677169637
FLAT,glove,single,100000,100,4,4,24709351,-8035847026677169637
FLAT,glove,single,100000,100,4,5,24166133,-8035847026677169637
FLAT,glove,single,100000,100,4,6,24754709,-8035847026677169637
FLAT,glove,batch,100000,100,4,0,10057690,-8035847026677169637
FLAT,glove,batch,100000,100,4,1,10096820,-8035847026677169637
FLAT,glove,batch,100000,100,4,2,9855596,-8035847026677169637
FLAT,glove,batch,100000,100,4,3,10024199,-8035847026677169637
FLAT,glove,batch,100000,100,4,4,10084701,-8035847026677169637
FLAT,glove,batch,100000,100,4,5,10292283,-8035847026677169637
FLAT,glove,batch,100000,100,4,6,10263510,-8035847026677169637
FLAT,glove,single,100000,100,16,0,99840112,4439317876800093591
FLAT,glove,single,100000,100,16,1,99745440,4439317876800093591
FLAT,glove,single,100000,100,16,2,99831078,4439317876800093591
FLAT,glove,single,100000,100,16,3,96326137,4439317876800093591
FLAT,glove,single,100000,100,16,4,91807127,4439317876800093591
FLAT,glove,single,100000,100,16,5,95794266,4439317876800093591
FLAT,glove,single,100000,100,16,6,99186448,4439317876800093591
FLAT,glove,batch,100000,100,16,0,33467056,4439317876800093591
FLAT,glove,batch,100000,100,16,1,33411282,4439317876800093591
FLAT,glove,batch,100000,100,16,2,33370451,4439317876800093591
FLAT,glove,batch,100000,100,16,3,33210299,4439317876800093591
FLAT,glove,batch,100000,100,16,4,33244120,4439317876800093591
FLAT,glove,batch,100000,100,16,5,33358282,4439317876800093591
FLAT,glove,batch,100000,100,16,6,33191411,4439317876800093591
FLAT,glove,single,100000,100,64,0,373371001,-6504456432332121007
FLAT,glove,single,100000,100,64,1,354766614,-6504456432332121007
FLAT,glove,single,100000,100,64,2,381004043,-6504456432332121007
FLAT,glove,single,100000,100,64,3,395153228,-6504456432332121007
FLAT,glove,single,100000,100,64,4,371327616,-6504456432332121007
FLAT,glove,single,100000,100,64,5,377359470,-6504456432332121007
FLAT,glove,single,100000,100,64,6,370074571,-6504456432332121007
FLAT,glove,batch,100000,100,64,0,126858646,-6504456432332121007
FLAT,glove,batch,100000,100,64,1,127738400,-6504456432332121007
FLAT,glove,batch,100000,100,64,2,128331952,-6504456432332121007
FLAT,glove,batch,100000,100,64,3,128816872,-6504456432332121007
FLAT,glove,batch,100000,100,64,4,127613922,-6504456432332121007
FLAT,glove,batch,100000,100,64,5,134238488,-6504456432332121007
FLAT,glove,batch,100000,100,64,6,126483522,-6504456432332121007
