WARNING: Using incubator modules: jdk.incubator.vector
Oct 04, 2026 1:55:06 AM com.integrallis.vectors.core.PanamaVectorUtilSupportProvider create
INFO: vectors-core: Using Panama Vector API SIMD provider (vector bits: 256)
Oct 04, 2026 1:55:06 AM com.integrallis.vectors.core.VectorizationProvider logActiveToggles
INFO: vectors-core: provider=PanamaVectorUtilSupport panama=true maxBits=256 preferredBits=256 fastVectorFMA=true fastScalarFMA=true sve=false ggufParallel=true ggufParallelThreshold=1048576 ggufExecutor=persistent ggufThreads=8 ggufChunksPerThread=2 mappedKQuantLongOffsets=auto(q4=true,q5=false,q6=false) q4ShortPairwiseSupported=true q4UnsignedPairwiseSupported=true toggles=[(defaults — no -Dvectors.* overrides)]
FLAT,collection,single,100000,512,1,0,22192358,5295670917787159230
FLAT,collection,single,100000,512,1,1,22063474,5295670917787159230
FLAT,collection,single,100000,512,1,2,22137275,5295670917787159230
FLAT,collection,single,100000,512,1,3,22507522,5295670917787159230
FLAT,collection,single,100000,512,1,4,22000749,5295670917787159230
FLAT,collection,single,100000,512,1,5,22475013,5295670917787159230
FLAT,collection,single,100000,512,1,6,22067490,5295670917787159230
FLAT,collection,batch,100000,512,1,0,23761920,5295670917787159230
FLAT,collection,batch,100000,512,1,1,22961585,5295670917787159230
FLAT,collection,batch,100000,512,1,2,22545078,5295670917787159230
FLAT,collection,batch,100000,512,1,3,22669656,5295670917787159230
FLAT,collection,batch,100000,512,1,4,23290599,5295670917787159230
FLAT,collection,batch,100000,512,1,5,23322258,5295670917787159230
FLAT,collection,batch,100000,512,1,6,24263874,5295670917787159230
FLAT,collection,single,100000,512,2,0,45134834,7357427968086772174
FLAT,collection,single,100000,512,2,1,44682414,7357427968086772174
FLAT,collection,single,100000,512,2,2,44432999,7357427968086772174
FLAT,collection,single,100000,512,2,3,44563274,7357427968086772174
FLAT,collection,single,100000,512,2,4,44667061,7357427968086772174
FLAT,collection,single,100000,512,2,5,44153158,7357427968086772174
FLAT,collection,single,100000,512,2,6,44583315,7357427968086772174
FLAT,collection,batch,100000,512,2,0,34568557,7357427968086772174
FLAT,collection,batch,100000,512,2,1,31174261,7357427968086772174
FLAT,collection,batch,100000,512,2,2,32860458,7357427968086772174
FLAT,collection,batch,100000,512,2,3,30924596,7357427968086772174
FLAT,collection,batch,100000,512,2,4,30873518,7357427968086772174
FLAT,collection,batch,100000,512,2,5,31117015,7357427968086772174
FLAT,collection,batch,100000,512,2,6,30941690,7357427968086772174
FLAT,collection,single,100000,512,3,0,66700769,-6155883372062033377
FLAT,collection,single,100000,512,3,1,65927676,-6155883372062033377
FLAT,collection,single,100000,512,3,2,66679777,-6155883372062033377
FLAT,collection,single,100000,512,3,3,65890601,-6155883372062033377
FLAT,collection,single,100000,512,3,4,66792758,-6155883372062033377
FLAT,collection,single,100000,512,3,5,67774324,-6155883372062033377
FLAT,collection,single,100000,512,3,6,67306119,-6155883372062033377
FLAT,collection,batch,100000,512,3,0,36809239,-6155883372062033377
FLAT,collection,batch,100000,512,3,1,36709258,-6155883372062033377
FLAT,collection,batch,100000,512,3,2,36633796,-6155883372062033377
FLAT,collection,batch,100000,512,3,3,36980717,-6155883372062033377
FLAT,collection,batch,100000,512,3,4,37210331,-6155883372062033377
FLAT,collection,batch,100000,512,3,5,38594684,-6155883372062033377
FLAT,collection,batch,100000,512,3,6,37389932,-6155883372062033377
FLAT,collection,single,100000,512,4,0,90482068,-7941854946009114996
FLAT,collection,single,100000,512,4,1,106965997,-7941854946009114996
FLAT,collection,single,100000,512,4,2,89830327,-7941854946009114996
FLAT,collection,single,100000,512,4,3,88836802,-7941854946009114996
FLAT,collection,single,100000,512,4,4,104783043,-7941854946009114996
FLAT,collection,single,100000,512,4,5,108249498,-7941854946009114996
FLAT,collection,single,100000,512,4,6,105659421,-7941854946009114996
FLAT,collection,batch,100000,512,4,0,40988055,-7941854946009114996
FLAT,collection,batch,100000,512,4,1,41500056,-7941854946009114996
FLAT,collection,batch,100000,512,4,2,41556450,-7941854946009114996
FLAT,collection,batch,100000,512,4,3,41618073,-7941854946009114996
FLAT,collection,batch,100000,512,4,4,41641679,-7941854946009114996
FLAT,collection,batch,100000,512,4,5,41425083,-7941854946009114996
FLAT,collection,batch,100000,512,4,6,41573757,-7941854946009114996
FLAT,collection,single,100000,512,16,0,376024044,-6059471343997055021
FLAT,collection,single,100000,512,16,1,369767901,-6059471343997055021
FLAT,collection,single,100000,512,16,2,364124312,-6059471343997055021
FLAT,collection,single,100000,512,16,3,358471707,-6059471343997055021
FLAT,collection,single,100000,512,16,4,352567054,-6059471343997055021
FLAT,collection,single,100000,512,16,5,364221036,-6059471343997055021
FLAT,collection,single,100000,512,16,6,358397895,-6059471343997055021
FLAT,collection,batch,100000,512,16,0,99451621,-6059471343997055021
FLAT,collection,batch,100000,512,16,1,98621733,-6059471343997055021
FLAT,collection,batch,100000,512,16,2,98780040,-6059471343997055021
FLAT,collection,batch,100000,512,16,3,100329812,-6059471343997055021
FLAT,collection,batch,100000,512,16,4,100065804,-6059471343997055021
FLAT,collection,batch,100000,512,16,5,99900325,-6059471343997055021
FLAT,collection,batch,100000,512,16,6,99892414,-6059471343997055021
FLAT,collection,single,100000,512,64,0,1401323245,4383894143533102471
FLAT,collection,single,100000,512,64,1,1408315072,4383894143533102471
FLAT,collection,single,100000,512,64,2,1413109533,4383894143533102471
FLAT,collection,single,100000,512,64,3,1398787244,4383894143533102471
FLAT,collection,single,100000,512,64,4,1422616722,4383894143533102471
FLAT,collection,single,100000,512,64,5,1429606144,4383894143533102471
FLAT,collection,single,100000,512,64,6,1421826158,4383894143533102471
FLAT,collection,batch,100000,512,64,0,356897378,4383894143533102471
FLAT,collection,batch,100000,512,64,1,351031334,4383894143533102471
FLAT,collection,batch,100000,512,64,2,348460045,4383894143533102471
FLAT,collection,batch,100000,512,64,3,372794995,4383894143533102471
FLAT,collection,batch,100000,512,64,4,349333529,4383894143533102471
FLAT,collection,batch,100000,512,64,5,349343053,4383894143533102471
FLAT,collection,batch,100000,512,64,6,346714719,4383894143533102471
