WARNING: Using incubator modules: jdk.incubator.vector
Oct 04, 2026 1:57:36 AM com.integrallis.vectors.core.PanamaVectorUtilSupportProvider create
INFO: vectors-core: Using Panama Vector API SIMD provider (vector bits: 256)
Oct 04, 2026 1:57:36 AM com.integrallis.vectors.core.VectorizationProvider logActiveToggles
INFO: vectors-core: provider=PanamaVectorUtilSupport panama=true maxBits=256 preferredBits=256 fastVectorFMA=true fastScalarFMA=true sve=false ggufParallel=true ggufParallelThreshold=1048576 ggufExecutor=persistent ggufThreads=8 ggufChunksPerThread=2 mappedKQuantLongOffsets=auto(q4=true,q5=false,q6=false) q4ShortPairwiseSupported=true q4UnsignedPairwiseSupported=true toggles=[(defaults — no -Dvectors.* overrides)]
FLAT,glove,single,100000,100,1,0,5714176,9123688640271969882
FLAT,glove,single,100000,100,1,1,5886676,9123688640271969882
FLAT,glove,single,100000,100,1,2,5756620,9123688640271969882
FLAT,glove,single,100000,100,1,3,5619733,9123688640271969882
FLAT,glove,single,100000,100,1,4,5851162,9123688640271969882
FLAT,glove,single,100000,100,1,5,5794266,9123688640271969882
FLAT,glove,single,100000,100,1,6,5825083,9123688640271969882
FLAT,glove,batch,100000,100,1,0,5208025,9123688640271969882
FLAT,glove,batch,100000,100,1,1,4758248,9123688640271969882
FLAT,glove,batch,100000,100,1,2,4870637,9123688640271969882
FLAT,glove,batch,100000,100,1,3,4762415,9123688640271969882
FLAT,glove,batch,100000,100,1,4,4696515,9123688640271969882
FLAT,glove,batch,100000,100,1,5,4708274,9123688640271969882
FLAT,glove,batch,100000,100,1,6,6089090,9123688640271969882
FLAT,glove,single,100000,100,2,0,12240133,-8839688515274822432
FLAT,glove,single,100000,100,2,1,12522157,-8839688515274822432
FLAT,glove,single,100000,100,2,2,11774863,-8839688515274822432
FLAT,glove,single,100000,100,2,3,11578908,-8839688515274822432
FLAT,glove,single,100000,100,2,4,11247010,-8839688515274822432
FLAT,glove,single,100000,100,2,5,11852470,-8839688515274822432
FLAT,glove,single,100000,100,2,6,11145727,-8839688515274822432
FLAT,glove,batch,100000,100,2,0,6617936,-8839688515274822432
FLAT,glove,batch,100000,100,2,1,6505807,-8839688515274822432
FLAT,glove,batch,100000,100,2,2,6790926,-8839688515274822432
FLAT,glove,batch,100000,100,2,3,6858718,-8839688515274822432
FLAT,glove,batch,100000,100,2,4,6668271,-8839688515274822432
FLAT,glove,batch,100000,100,2,5,6812047,-8839688515274822432
FLAT,glove,batch,100000,100,2,6,6650815,-8839688515274822432
FLAT,glove,single,100000,100,3,0,17064611,-6443946448212414800
FLAT,glove,single,100000,100,3,1,17584663,-6443946448212414800
FLAT,glove,single,100000,100,3,2,17803492,-6443946448212414800
FLAT,glove,single,100000,100,3,3,17830543,-6443946448212414800
FLAT,glove,single,100000,100,3,4,18136904,-6443946448212414800
FLAT,glove,single,100000,100,3,5,17498974,-6443946448212414800
FLAT,glove,single,100000,100,3,6,16980644,-6443946448212414800
FLAT,glove,batch,100000,100,3,0,8688451,-6443946448212414800
FLAT,glove,batch,100000,100,3,1,8906138,-6443946448212414800
FLAT,glove,batch,100000,100,3,2,8617945,-6443946448212414800
FLAT,glove,batch,100000,100,3,3,8430452,-6443946448212414800
FLAT,glove,batch,100000,100,3,4,8668240,-6443946448212414800
FLAT,glove,batch,100000,100,3,5,8374448,-6443946448212414800
FLAT,glove,batch,100000,100,3,6,8616693,-6443946448212414800
FLAT,glove,single,100000,100,4,0,23593391,-8035847026677169637
FLAT,glove,single,100000,100,4,1,23786512,-8035847026677169637
FLAT,glove,single,100000,100,4,2,22776283,-8035847026677169637
FLAT,glove,single,100000,100,4,3,23111066,-8035847026677169637
FLAT,glove,single,100000,100,4,4,23227873,-8035847026677169637
FLAT,glove,single,100000,100,4,5,23126440,-8035847026677169637
FLAT,glove,single,100000,100,4,6,23123706,-8035847026677169637
FLAT,glove,batch,100000,100,4,0,8653477,-8035847026677169637
FLAT,glove,batch,100000,100,4,1,8852608,-8035847026677169637
FLAT,glove,batch,100000,100,4,2,8946799,-8035847026677169637
FLAT,glove,batch,100000,100,4,3,8655540,-8035847026677169637
FLAT,glove,batch,100000,100,4,4,8746858,-8035847026677169637
FLAT,glove,batch,100000,100,4,5,8518275,-8035847026677169637
FLAT,glove,batch,100000,100,4,6,8691315,-8035847026677169637
FLAT,glove,single,100000,100,16,0,94427401,4439317876800093591
FLAT,glove,single,100000,100,16,1,90830049,4439317876800093591
FLAT,glove,single,100000,100,16,2,90132700,4439317876800093591
FLAT,glove,single,100000,100,16,3,94330014,4439317876800093591
FLAT,glove,single,100000,100,16,4,92799250,4439317876800093591
FLAT,glove,single,100000,100,16,5,99365789,4439317876800093591
FLAT,glove,single,100000,100,16,6,98212785,4439317876800093591
FLAT,glove,batch,100000,100,16,0,25640262,4439317876800093591
FLAT,glove,batch,100000,100,16,1,26657120,4439317876800093591
FLAT,glove,batch,100000,100,16,2,25594263,4439317876800093591
FLAT,glove,batch,100000,100,16,3,26328156,4439317876800093591
FLAT,glove,batch,100000,100,16,4,25672220,4439317876800093591
FLAT,glove,batch,100000,100,16,5,25611939,4439317876800093591
FLAT,glove,batch,100000,100,16,6,29612156,4439317876800093591
FLAT,glove,single,100000,100,64,0,363831463,-6504456432332121007
FLAT,glove,single,100000,100,64,1,366507479,-6504456432332121007
FLAT,glove,single,100000,100,64,2,345594588,-6504456432332121007
FLAT,glove,single,100000,100,64,3,349822188,-6504456432332121007
FLAT,glove,single,100000,100,64,4,356215816,-6504456432332121007
FLAT,glove,single,100000,100,64,5,356639614,-6504456432332121007
FLAT,glove,single,100000,100,64,6,355010854,-6504456432332121007
FLAT,glove,batch,100000,100,64,0,101297145,-6504456432332121007
FLAT,glove,batch,100000,100,64,1,98015398,-6504456432332121007
FLAT,glove,batch,100000,100,64,2,99008262,-6504456432332121007
FLAT,glove,batch,100000,100,64,3,101220820,-6504456432332121007
FLAT,glove,batch,100000,100,64,4,98966068,-6504456432332121007
FLAT,glove,batch,100000,100,64,5,98048347,-6504456432332121007
FLAT,glove,batch,100000,100,64,6,98051312,-6504456432332121007
