WARNING: Using incubator modules: jdk.incubator.vector
Oct 04, 2026 1:59:22 AM com.integrallis.vectors.core.PanamaVectorUtilSupportProvider create
INFO: vectors-core: Using Panama Vector API SIMD provider (vector bits: 256)
Oct 04, 2026 1:59:22 AM com.integrallis.vectors.core.VectorizationProvider logActiveToggles
INFO: vectors-core: provider=PanamaVectorUtilSupport panama=true maxBits=256 preferredBits=256 fastVectorFMA=true fastScalarFMA=true sve=false ggufParallel=true ggufParallelThreshold=1048576 ggufExecutor=persistent ggufThreads=8 ggufChunksPerThread=2 mappedKQuantLongOffsets=auto(q4=true,q5=false,q6=false) q4ShortPairwiseSupported=true q4UnsignedPairwiseSupported=true toggles=[(defaults — no -Dvectors.* overrides)]
FLAT,fashion-control,single,60000,784,1,0,17839065,-5889716151259767543
FLAT,fashion-control,single,60000,784,1,1,17676480,-5889716151259767543
FLAT,fashion-control,single,60000,784,1,2,17187935,-5889716151259767543
FLAT,fashion-control,single,60000,784,1,3,17623530,-5889716151259767543
FLAT,fashion-control,single,60000,784,1,4,17362608,-5889716151259767543
FLAT,fashion-control,single,60000,784,1,5,17610400,-5889716151259767543
FLAT,fashion-control,single,60000,784,1,6,18142621,-5889716151259767543
FLAT,fashion-control,batch,60000,784,1,0,20281168,-5889716151259767543
FLAT,fashion-control,batch,60000,784,1,1,19504951,-5889716151259767543
FLAT,fashion-control,batch,60000,784,1,2,19946114,-5889716151259767543
FLAT,fashion-control,batch,60000,784,1,3,19904272,-5889716151259767543
FLAT,fashion-control,batch,60000,784,1,4,19431339,-5889716151259767543
FLAT,fashion-control,batch,60000,784,1,5,19707045,-5889716151259767543
FLAT,fashion-control,batch,60000,784,1,6,19437549,-5889716151259767543
FLAT,fashion-control,single,60000,784,2,0,36283489,-3658882809325304494
FLAT,fashion-control,single,60000,784,2,1,37049742,-3658882809325304494
FLAT,fashion-control,single,60000,784,2,2,35747024,-3658882809325304494
FLAT,fashion-control,single,60000,784,2,3,36053763,-3658882809325304494
FLAT,fashion-control,single,60000,784,2,4,35434343,-3658882809325304494
FLAT,fashion-control,single,60000,784,2,5,36777533,-3658882809325304494
FLAT,fashion-control,single,60000,784,2,6,35945181,-3658882809325304494
FLAT,fashion-control,batch,60000,784,2,0,25913191,-3658882809325304494
FLAT,fashion-control,batch,60000,784,2,1,24633675,-3658882809325304494
FLAT,fashion-control,batch,60000,784,2,2,25389012,-3658882809325304494
FLAT,fashion-control,batch,60000,784,2,3,24428557,-3658882809325304494
FLAT,fashion-control,batch,60000,784,2,4,23516335,-3658882809325304494
FLAT,fashion-control,batch,60000,784,2,5,23908596,-3658882809325304494
FLAT,fashion-control,batch,60000,784,2,6,23547572,-3658882809325304494
FLAT,fashion-control,single,60000,784,3,0,53435922,3746812305870889512
FLAT,fashion-control,single,60000,784,3,1,54722777,3746812305870889512
FLAT,fashion-control,single,60000,784,3,2,56143034,3746812305870889512
FLAT,fashion-control,single,60000,784,3,3,54440472,3746812305870889512
FLAT,fashion-control,single,60000,784,3,4,54161523,3746812305870889512
FLAT,fashion-control,single,60000,784,3,5,54245199,3746812305870889512
FLAT,fashion-control,single,60000,784,3,6,52722209,3746812305870889512
FLAT,fashion-control,batch,60000,784,3,0,27796765,3746812305870889512
FLAT,fashion-control,batch,60000,784,3,1,27298615,3746812305870889512
FLAT,fashion-control,batch,60000,784,3,2,27572837,3746812305870889512
FLAT,fashion-control,batch,60000,784,3,3,27133086,3746812305870889512
FLAT,fashion-control,batch,60000,784,3,4,27028818,3746812305870889512
FLAT,fashion-control,batch,60000,784,3,5,27229640,3746812305870889512
FLAT,fashion-control,batch,60000,784,3,6,26990471,3746812305870889512
FLAT,fashion-control,single,60000,784,4,0,67979578,7347236782066100300
FLAT,fashion-control,single,60000,784,4,1,68848677,7347236782066100300
FLAT,fashion-control,single,60000,784,4,2,68694534,7347236782066100300
FLAT,fashion-control,single,60000,784,4,3,72241951,7347236782066100300
FLAT,fashion-control,single,60000,784,4,4,67753949,7347236782066100300
FLAT,fashion-control,single,60000,784,4,5,69382820,7347236782066100300
FLAT,fashion-control,single,60000,784,4,6,70012337,7347236782066100300
FLAT,fashion-control,batch,60000,784,4,0,31103827,7347236782066100300
FLAT,fashion-control,batch,60000,784,4,1,30977678,7347236782066100300
FLAT,fashion-control,batch,60000,784,4,2,31154625,7347236782066100300
FLAT,fashion-control,batch,60000,784,4,3,31009116,7347236782066100300
FLAT,fashion-control,batch,60000,784,4,4,31048595,7347236782066100300
FLAT,fashion-control,batch,60000,784,4,5,31024809,7347236782066100300
FLAT,fashion-control,batch,60000,784,4,6,31045551,7347236782066100300
FLAT,fashion-control,single,60000,784,16,0,277049915,-7145532576525031642
FLAT,fashion-control,single,60000,784,16,1,281538086,-7145532576525031642
FLAT,fashion-control,single,60000,784,16,2,272662014,-7145532576525031642
FLAT,fashion-control,single,60000,784,16,3,275580954,-7145532576525031642
FLAT,fashion-control,single,60000,784,16,4,277105979,-7145532576525031642
FLAT,fashion-control,single,60000,784,16,5,284276585,-7145532576525031642
FLAT,fashion-control,single,60000,784,16,6,283066756,-7145532576525031642
FLAT,fashion-control,batch,60000,784,16,0,77069613,-7145532576525031642
FLAT,fashion-control,batch,60000,784,16,1,77855554,-7145532576525031642
FLAT,fashion-control,batch,60000,784,16,2,78066243,-7145532576525031642
FLAT,fashion-control,batch,60000,784,16,3,77483005,-7145532576525031642
FLAT,fashion-control,batch,60000,784,16,4,77545939,-7145532576525031642
FLAT,fashion-control,batch,60000,784,16,5,78463860,-7145532576525031642
FLAT,fashion-control,batch,60000,784,16,6,77815284,-7145532576525031642
FLAT,fashion-control,single,60000,784,64,0,1080624010,-176892425030124251
FLAT,fashion-control,single,60000,784,64,1,1079820160,-176892425030124251
FLAT,fashion-control,single,60000,784,64,2,1104598221,-176892425030124251
FLAT,fashion-control,single,60000,784,64,3,1099770780,-176892425030124251
FLAT,fashion-control,single,60000,784,64,4,1080573411,-176892425030124251
FLAT,fashion-control,single,60000,784,64,5,1097663447,-176892425030124251
FLAT,fashion-control,single,60000,784,64,6,1110783893,-176892425030124251
FLAT,fashion-control,batch,60000,784,64,0,257760905,-176892425030124251
FLAT,fashion-control,batch,60000,784,64,1,258190072,-176892425030124251
FLAT,fashion-control,batch,60000,784,64,2,259499230,-176892425030124251
FLAT,fashion-control,batch,60000,784,64,3,259719181,-176892425030124251
FLAT,fashion-control,batch,60000,784,64,4,261759981,-176892425030124251
FLAT,fashion-control,batch,60000,784,64,5,256938118,-176892425030124251
FLAT,fashion-control,batch,60000,784,64,6,256966581,-176892425030124251
