WARNING: Using incubator modules: jdk.incubator.vector
Oct 04, 2026 1:57:03 AM com.integrallis.vectors.core.PanamaVectorUtilSupportProvider create
INFO: vectors-core: Using Panama Vector API SIMD provider (vector bits: 256)
Oct 04, 2026 1:57:03 AM com.integrallis.vectors.core.VectorizationProvider logActiveToggles
INFO: vectors-core: provider=PanamaVectorUtilSupport panama=true maxBits=256 preferredBits=256 fastVectorFMA=true fastScalarFMA=true sve=false ggufParallel=true ggufParallelThreshold=1048576 ggufExecutor=persistent ggufThreads=8 ggufChunksPerThread=2 mappedKQuantLongOffsets=auto(q4=true,q5=false,q6=false) q4ShortPairwiseSupported=true q4UnsignedPairwiseSupported=true toggles=[(defaults — no -Dvectors.* overrides)]
FLAT,fashion-control,single,60000,784,1,0,17500787,-5889716151259767543
FLAT,fashion-control,single,60000,784,1,1,17475810,-5889716151259767543
FLAT,fashion-control,single,60000,784,1,2,17226806,-5889716151259767543
FLAT,fashion-control,single,60000,784,1,3,17666427,-5889716151259767543
FLAT,fashion-control,single,60000,784,1,4,17479245,-5889716151259767543
FLAT,fashion-control,single,60000,784,1,5,17435600,-5889716151259767543
FLAT,fashion-control,single,60000,784,1,6,17774800,-5889716151259767543
FLAT,fashion-control,batch,60000,784,1,0,17840419,-5889716151259767543
FLAT,fashion-control,batch,60000,784,1,1,17612616,-5889716151259767543
FLAT,fashion-control,batch,60000,784,1,2,17357052,-5889716151259767543
FLAT,fashion-control,batch,60000,784,1,3,17441498,-5889716151259767543
FLAT,fashion-control,batch,60000,784,1,4,17310832,-5889716151259767543
FLAT,fashion-control,batch,60000,784,1,5,17244142,-5889716151259767543
FLAT,fashion-control,batch,60000,784,1,6,17523893,-5889716151259767543
FLAT,fashion-control,single,60000,784,2,0,33977284,-3658882809325304494
FLAT,fashion-control,single,60000,784,2,1,34297796,-3658882809325304494
FLAT,fashion-control,single,60000,784,2,2,34033550,-3658882809325304494
FLAT,fashion-control,single,60000,784,2,3,34200228,-3658882809325304494
FLAT,fashion-control,single,60000,784,2,4,33886097,-3658882809325304494
FLAT,fashion-control,single,60000,784,2,5,34248963,-3658882809325304494
FLAT,fashion-control,single,60000,784,2,6,34010083,-3658882809325304494
FLAT,fashion-control,batch,60000,784,2,0,22978217,-3658882809325304494
FLAT,fashion-control,batch,60000,784,2,1,23324218,-3658882809325304494
FLAT,fashion-control,batch,60000,784,2,2,23016195,-3658882809325304494
FLAT,fashion-control,batch,60000,784,2,3,22872449,-3658882809325304494
FLAT,fashion-control,batch,60000,784,2,4,22879338,-3658882809325304494
FLAT,fashion-control,batch,60000,784,2,5,22918358,-3658882809325304494
FLAT,fashion-control,batch,60000,784,2,6,22961273,-3658882809325304494
FLAT,fashion-control,single,60000,784,3,0,51237330,3746812305870889512
FLAT,fashion-control,single,60000,784,3,1,51112471,3746812305870889512
FLAT,fashion-control,single,60000,784,3,2,51925945,3746812305870889512
FLAT,fashion-control,single,60000,784,3,3,51231610,3746812305870889512
FLAT,fashion-control,single,60000,784,3,4,50814874,3746812305870889512
FLAT,fashion-control,single,60000,784,3,5,51045591,3746812305870889512
FLAT,fashion-control,single,60000,784,3,6,52748454,3746812305870889512
FLAT,fashion-control,batch,60000,784,3,0,27291476,3746812305870889512
FLAT,fashion-control,batch,60000,784,3,1,27548502,3746812305870889512
FLAT,fashion-control,batch,60000,784,3,2,27529715,3746812305870889512
FLAT,fashion-control,batch,60000,784,3,3,27830237,3746812305870889512
FLAT,fashion-control,batch,60000,784,3,4,27590135,3746812305870889512
FLAT,fashion-control,batch,60000,784,3,5,27494241,3746812305870889512
FLAT,fashion-control,batch,60000,784,3,6,27464917,3746812305870889512
FLAT,fashion-control,single,60000,784,4,0,69597370,7347236782066100300
FLAT,fashion-control,single,60000,784,4,1,69822448,7347236782066100300
FLAT,fashion-control,single,60000,784,4,2,68488872,7347236782066100300
FLAT,fashion-control,single,60000,784,4,3,68243383,7347236782066100300
FLAT,fashion-control,single,60000,784,4,4,69182675,7347236782066100300
FLAT,fashion-control,single,60000,784,4,5,69281404,7347236782066100300
FLAT,fashion-control,single,60000,784,4,6,69451581,7347236782066100300
FLAT,fashion-control,batch,60000,784,4,0,31579678,7347236782066100300
FLAT,fashion-control,batch,60000,784,4,1,31507499,7347236782066100300
FLAT,fashion-control,batch,60000,784,4,2,31558496,7347236782066100300
FLAT,fashion-control,batch,60000,784,4,3,31023381,7347236782066100300
FLAT,fashion-control,batch,60000,784,4,4,31547960,7347236782066100300
FLAT,fashion-control,batch,60000,784,4,5,30887165,7347236782066100300
FLAT,fashion-control,batch,60000,784,4,6,30927436,7347236782066100300
FLAT,fashion-control,single,60000,784,16,0,292121335,-7145532576525031642
FLAT,fashion-control,single,60000,784,16,1,280538580,-7145532576525031642
FLAT,fashion-control,single,60000,784,16,2,281669462,-7145532576525031642
FLAT,fashion-control,single,60000,784,16,3,272820619,-7145532576525031642
FLAT,fashion-control,single,60000,784,16,4,276499204,-7145532576525031642
FLAT,fashion-control,single,60000,784,16,5,277125967,-7145532576525031642
FLAT,fashion-control,single,60000,784,16,6,275820782,-7145532576525031642
FLAT,fashion-control,batch,60000,784,16,0,77159675,-7145532576525031642
FLAT,fashion-control,batch,60000,784,16,1,77339265,-7145532576525031642
FLAT,fashion-control,batch,60000,784,16,2,77554119,-7145532576525031642
FLAT,fashion-control,batch,60000,784,16,3,77089380,-7145532576525031642
FLAT,fashion-control,batch,60000,784,16,4,77165884,-7145532576525031642
FLAT,fashion-control,batch,60000,784,16,5,77065584,-7145532576525031642
FLAT,fashion-control,batch,60000,784,16,6,77745227,-7145532576525031642
FLAT,fashion-control,single,60000,784,64,0,1092924549,-176892425030124251
FLAT,fashion-control,single,60000,784,64,1,1103898616,-176892425030124251
FLAT,fashion-control,single,60000,784,64,2,1108381580,-176892425030124251
FLAT,fashion-control,single,60000,784,64,3,1100055763,-176892425030124251
FLAT,fashion-control,single,60000,784,64,4,1109324216,-176892425030124251
FLAT,fashion-control,single,60000,784,64,5,1090924325,-176892425030124251
FLAT,fashion-control,single,60000,784,64,6,1100338696,-176892425030124251
FLAT,fashion-control,batch,60000,784,64,0,268046312,-176892425030124251
FLAT,fashion-control,batch,60000,784,64,1,255891118,-176892425030124251
FLAT,fashion-control,batch,60000,784,64,2,255935294,-176892425030124251
FLAT,fashion-control,batch,60000,784,64,3,255640881,-176892425030124251
FLAT,fashion-control,batch,60000,784,64,4,258468275,-176892425030124251
FLAT,fashion-control,batch,60000,784,64,5,258414283,-176892425030124251
FLAT,fashion-control,batch,60000,784,64,6,259739497,-176892425030124251
