WARNING: Using incubator modules: jdk.incubator.vector
Oct 04, 2026 1:54:53 AM com.integrallis.vectors.core.PanamaVectorUtilSupportProvider create
INFO: vectors-core: Using Panama Vector API SIMD provider (vector bits: 256)
Oct 04, 2026 1:54:53 AM com.integrallis.vectors.core.VectorizationProvider logActiveToggles
INFO: vectors-core: provider=PanamaVectorUtilSupport panama=true maxBits=256 preferredBits=256 fastVectorFMA=true fastScalarFMA=true sve=false ggufParallel=true ggufParallelThreshold=1048576 ggufExecutor=persistent ggufThreads=8 ggufChunksPerThread=2 mappedKQuantLongOffsets=auto(q4=true,q5=false,q6=false) q4ShortPairwiseSupported=true q4UnsignedPairwiseSupported=true toggles=[(defaults — no -Dvectors.* overrides)]
FLAT,glove,single,100000,100,1,0,6501923,9123688640271969882
FLAT,glove,single,100000,100,1,1,6586760,9123688640271969882
FLAT,glove,single,100000,100,1,2,6446739,9123688640271969882
FLAT,glove,single,100000,100,1,3,6757716,9123688640271969882
FLAT,glove,single,100000,100,1,4,6388121,9123688640271969882
FLAT,glove,single,100000,100,1,5,6750266,9123688640271969882
FLAT,glove,single,100000,100,1,6,6761743,9123688640271969882
FLAT,glove,batch,100000,100,1,0,5076488,9123688640271969882
FLAT,glove,batch,100000,100,1,1,4822505,9123688640271969882
FLAT,glove,batch,100000,100,1,2,4756576,9123688640271969882
FLAT,glove,batch,100000,100,1,3,4841243,9123688640271969882
FLAT,glove,batch,100000,100,1,4,4898040,9123688640271969882
FLAT,glove,batch,100000,100,1,5,5019251,9123688640271969882
FLAT,glove,batch,100000,100,1,6,6339087,9123688640271969882
FLAT,glove,single,100000,100,2,0,13211788,-8839688515274822432
FLAT,glove,single,100000,100,2,1,13132588,-8839688515274822432
FLAT,glove,single,100000,100,2,2,13383235,-8839688515274822432
FLAT,glove,single,100000,100,2,3,13462093,-8839688515274822432
FLAT,glove,single,100000,100,2,4,13441923,-8839688515274822432
FLAT,glove,single,100000,100,2,5,13198416,-8839688515274822432
FLAT,glove,single,100000,100,2,6,13152989,-8839688515274822432
FLAT,glove,batch,100000,100,2,0,7033972,-8839688515274822432
FLAT,glove,batch,100000,100,2,1,7076216,-8839688515274822432
FLAT,glove,batch,100000,100,2,2,7082717,-8839688515274822432
FLAT,glove,batch,100000,100,2,3,7124529,-8839688515274822432
FLAT,glove,batch,100000,100,2,4,7088085,-8839688515274822432
FLAT,glove,batch,100000,100,2,5,7196347,-8839688515274822432
FLAT,glove,batch,100000,100,2,6,6756675,-8839688515274822432
FLAT,glove,single,100000,100,3,0,19526938,-6443946448212414800
FLAT,glove,single,100000,100,3,1,19683705,-6443946448212414800
FLAT,glove,single,100000,100,3,2,19501790,-6443946448212414800
FLAT,glove,single,100000,100,3,3,19381609,-6443946448212414800
FLAT,glove,single,100000,100,3,4,19340407,-6443946448212414800
FLAT,glove,single,100000,100,3,5,19514909,-6443946448212414800
FLAT,glove,single,100000,100,3,6,18866655,-6443946448212414800
FLAT,glove,batch,100000,100,3,0,8759609,-6443946448212414800
FLAT,glove,batch,100000,100,3,1,9297308,-6443946448212414800
FLAT,glove,batch,100000,100,3,2,8909605,-6443946448212414800
FLAT,glove,batch,100000,100,3,3,8868303,-6443946448212414800
FLAT,glove,batch,100000,100,3,4,9008142,-6443946448212414800
FLAT,glove,batch,100000,100,3,5,8809915,-6443946448212414800
FLAT,glove,batch,100000,100,3,6,8586928,-6443946448212414800
FLAT,glove,single,100000,100,4,0,25541817,-8035847026677169637
FLAT,glove,single,100000,100,4,1,26141019,-8035847026677169637
FLAT,glove,single,100000,100,4,2,25392732,-8035847026677169637
FLAT,glove,single,100000,100,4,3,25092060,-8035847026677169637
FLAT,glove,single,100000,100,4,4,25114796,-8035847026677169637
FLAT,glove,single,100000,100,4,5,28000917,-8035847026677169637
FLAT,glove,single,100000,100,4,6,27060041,-8035847026677169637
FLAT,glove,batch,100000,100,4,0,9906704,-8035847026677169637
FLAT,glove,batch,100000,100,4,1,9851331,-8035847026677169637
FLAT,glove,batch,100000,100,4,2,9641506,-8035847026677169637
FLAT,glove,batch,100000,100,4,3,9682358,-8035847026677169637
FLAT,glove,batch,100000,100,4,4,9893244,-8035847026677169637
FLAT,glove,batch,100000,100,4,5,9839273,-8035847026677169637
FLAT,glove,batch,100000,100,4,6,9760896,-8035847026677169637
FLAT,glove,single,100000,100,16,0,101095707,4439317876800093591
FLAT,glove,single,100000,100,16,1,102964349,4439317876800093591
FLAT,glove,single,100000,100,16,2,101982240,4439317876800093591
FLAT,glove,single,100000,100,16,3,102283943,4439317876800093591
FLAT,glove,single,100000,100,16,4,105106220,4439317876800093591
FLAT,glove,single,100000,100,16,5,104039134,4439317876800093591
FLAT,glove,single,100000,100,16,6,102625048,4439317876800093591
FLAT,glove,batch,100000,100,16,0,26371995,4439317876800093591
FLAT,glove,batch,100000,100,16,1,26007388,4439317876800093591
FLAT,glove,batch,100000,100,16,2,25870401,4439317876800093591
FLAT,glove,batch,100000,100,16,3,25849290,4439317876800093591
FLAT,glove,batch,100000,100,16,4,25872344,4439317876800093591
FLAT,glove,batch,100000,100,16,5,25827217,4439317876800093591
FLAT,glove,batch,100000,100,16,6,28958637,4439317876800093591
FLAT,glove,single,100000,100,64,0,427287064,-6504456432332121007
FLAT,glove,single,100000,100,64,1,417857297,-6504456432332121007
FLAT,glove,single,100000,100,64,2,416125812,-6504456432332121007
FLAT,glove,single,100000,100,64,3,421483823,-6504456432332121007
FLAT,glove,single,100000,100,64,4,420832692,-6504456432332121007
FLAT,glove,single,100000,100,64,5,420458148,-6504456432332121007
FLAT,glove,single,100000,100,64,6,418296408,-6504456432332121007
FLAT,glove,batch,100000,100,64,0,96834335,-6504456432332121007
FLAT,glove,batch,100000,100,64,1,97133184,-6504456432332121007
FLAT,glove,batch,100000,100,64,2,96960984,-6504456432332121007
FLAT,glove,batch,100000,100,64,3,96982949,-6504456432332121007
FLAT,glove,batch,100000,100,64,4,97852245,-6504456432332121007
FLAT,glove,batch,100000,100,64,5,96696077,-6504456432332121007
FLAT,glove,batch,100000,100,64,6,97022628,-6504456432332121007
