WARNING: Using incubator modules: jdk.incubator.vector
Oct 04, 2026 1:58:00 AM com.integrallis.vectors.core.PanamaVectorUtilSupportProvider create
INFO: vectors-core: Using Panama Vector API SIMD provider (vector bits: 256)
Oct 04, 2026 1:58:00 AM com.integrallis.vectors.core.VectorizationProvider logActiveToggles
INFO: vectors-core: provider=PanamaVectorUtilSupport panama=true maxBits=256 preferredBits=256 fastVectorFMA=true fastScalarFMA=true sve=false ggufParallel=true ggufParallelThreshold=1048576 ggufExecutor=persistent ggufThreads=8 ggufChunksPerThread=2 mappedKQuantLongOffsets=auto(q4=true,q5=false,q6=false) q4ShortPairwiseSupported=true q4UnsignedPairwiseSupported=true toggles=[(defaults — no -Dvectors.* overrides)]
FLAT,collection,single,100000,512,1,0,21766575,5295670917787159230
FLAT,collection,single,100000,512,1,1,22312745,5295670917787159230
FLAT,collection,single,100000,512,1,2,21807486,5295670917787159230
FLAT,collection,single,100000,512,1,3,21914346,5295670917787159230
FLAT,collection,single,100000,512,1,4,21474184,5295670917787159230
FLAT,collection,single,100000,512,1,5,21800745,5295670917787159230
FLAT,collection,single,100000,512,1,6,21378390,5295670917787159230
FLAT,collection,batch,100000,512,1,0,22965457,5295670917787159230
FLAT,collection,batch,100000,512,1,1,22638495,5295670917787159230
FLAT,collection,batch,100000,512,1,2,22776183,5295670917787159230
FLAT,collection,batch,100000,512,1,3,23229715,5295670917787159230
FLAT,collection,batch,100000,512,1,4,22663603,5295670917787159230
FLAT,collection,batch,100000,512,1,5,22512396,5295670917787159230
FLAT,collection,batch,100000,512,1,6,22579136,5295670917787159230
FLAT,collection,single,100000,512,2,0,43635862,7357427968086772174
FLAT,collection,single,100000,512,2,1,45337733,7357427968086772174
FLAT,collection,single,100000,512,2,2,43305264,7357427968086772174
FLAT,collection,single,100000,512,2,3,42180894,7357427968086772174
FLAT,collection,single,100000,512,2,4,42728027,7357427968086772174
FLAT,collection,single,100000,512,2,5,42314034,7357427968086772174
FLAT,collection,single,100000,512,2,6,42139661,7357427968086772174
FLAT,collection,batch,100000,512,2,0,30327853,7357427968086772174
FLAT,collection,batch,100000,512,2,1,29976575,7357427968086772174
FLAT,collection,batch,100000,512,2,2,30164376,7357427968086772174
FLAT,collection,batch,100000,512,2,3,30349055,7357427968086772174
FLAT,collection,batch,100000,512,2,4,30638871,7357427968086772174
FLAT,collection,batch,100000,512,2,5,30472811,7357427968086772174
FLAT,collection,batch,100000,512,2,6,30374543,7357427968086772174
FLAT,collection,single,100000,512,3,0,63873986,-6155883372062033377
FLAT,collection,single,100000,512,3,1,64285826,-6155883372062033377
FLAT,collection,single,100000,512,3,2,63660606,-6155883372062033377
FLAT,collection,single,100000,512,3,3,63663290,-6155883372062033377
FLAT,collection,single,100000,512,3,4,65884902,-6155883372062033377
FLAT,collection,single,100000,512,3,5,62696435,-6155883372062033377
FLAT,collection,single,100000,512,3,6,62385767,-6155883372062033377
FLAT,collection,batch,100000,512,3,0,37758972,-6155883372062033377
FLAT,collection,batch,100000,512,3,1,37144327,-6155883372062033377
FLAT,collection,batch,100000,512,3,2,36559517,-6155883372062033377
FLAT,collection,batch,100000,512,3,3,36855874,-6155883372062033377
FLAT,collection,batch,100000,512,3,4,36674831,-6155883372062033377
FLAT,collection,batch,100000,512,3,5,36952729,-6155883372062033377
FLAT,collection,batch,100000,512,3,6,36311814,-6155883372062033377
FLAT,collection,single,100000,512,4,0,87061349,-7941854946009114996
FLAT,collection,single,100000,512,4,1,85415402,-7941854946009114996
FLAT,collection,single,100000,512,4,2,86650840,-7941854946009114996
FLAT,collection,single,100000,512,4,3,88635095,-7941854946009114996
FLAT,collection,single,100000,512,4,4,87585366,-7941854946009114996
FLAT,collection,single,100000,512,4,5,88320321,-7941854946009114996
FLAT,collection,single,100000,512,4,6,86628596,-7941854946009114996
FLAT,collection,batch,100000,512,4,0,38838535,-7941854946009114996
FLAT,collection,batch,100000,512,4,1,38144972,-7941854946009114996
FLAT,collection,batch,100000,512,4,2,37935537,-7941854946009114996
FLAT,collection,batch,100000,512,4,3,37769188,-7941854946009114996
FLAT,collection,batch,100000,512,4,4,37851171,-7941854946009114996
FLAT,collection,batch,100000,512,4,5,39182774,-7941854946009114996
FLAT,collection,batch,100000,512,4,6,37767524,-7941854946009114996
FLAT,collection,single,100000,512,16,0,335040817,-6059471343997055021
FLAT,collection,single,100000,512,16,1,342538945,-6059471343997055021
FLAT,collection,single,100000,512,16,2,344765896,-6059471343997055021
FLAT,collection,single,100000,512,16,3,338729214,-6059471343997055021
FLAT,collection,single,100000,512,16,4,335306667,-6059471343997055021
FLAT,collection,single,100000,512,16,5,338142692,-6059471343997055021
FLAT,collection,single,100000,512,16,6,336990248,-6059471343997055021
FLAT,collection,batch,100000,512,16,0,81758361,-6059471343997055021
FLAT,collection,batch,100000,512,16,1,82338222,-6059471343997055021
FLAT,collection,batch,100000,512,16,2,83485329,-6059471343997055021
FLAT,collection,batch,100000,512,16,3,82859917,-6059471343997055021
FLAT,collection,batch,100000,512,16,4,83754181,-6059471343997055021
FLAT,collection,batch,100000,512,16,5,83635473,-6059471343997055021
FLAT,collection,batch,100000,512,16,6,85786068,-6059471343997055021
FLAT,collection,single,100000,512,64,0,1362193009,4383894143533102471
FLAT,collection,single,100000,512,64,1,1353779250,4383894143533102471
FLAT,collection,single,100000,512,64,2,1348296742,4383894143533102471
FLAT,collection,single,100000,512,64,3,1366480955,4383894143533102471
FLAT,collection,single,100000,512,64,4,1347113430,4383894143533102471
FLAT,collection,single,100000,512,64,5,1355405722,4383894143533102471
FLAT,collection,single,100000,512,64,6,1353020392,4383894143533102471
FLAT,collection,batch,100000,512,64,0,292557172,4383894143533102471
FLAT,collection,batch,100000,512,64,1,293164935,4383894143533102471
FLAT,collection,batch,100000,512,64,2,290883043,4383894143533102471
FLAT,collection,batch,100000,512,64,3,290842172,4383894143533102471
FLAT,collection,batch,100000,512,64,4,293392298,4383894143533102471
FLAT,collection,batch,100000,512,64,5,291504047,4383894143533102471
FLAT,collection,batch,100000,512,64,6,290051773,4383894143533102471
