WARNING: Using incubator modules: jdk.incubator.vector
Oct 04, 2026 2:01:34 AM com.integrallis.vectors.core.PanamaVectorUtilSupportProvider create
INFO: vectors-core: Using Panama Vector API SIMD provider (vector bits: 256)
Oct 04, 2026 2:01:34 AM com.integrallis.vectors.core.VectorizationProvider logActiveToggles
INFO: vectors-core: provider=PanamaVectorUtilSupport panama=true maxBits=256 preferredBits=256 fastVectorFMA=true fastScalarFMA=true sve=false ggufParallel=true ggufParallelThreshold=1048576 ggufExecutor=persistent ggufThreads=8 ggufChunksPerThread=2 mappedKQuantLongOffsets=auto(q4=true,q5=false,q6=false) q4ShortPairwiseSupported=true q4UnsignedPairwiseSupported=true toggles=[(defaults — no -Dvectors.* overrides)]
FLAT,collection,single,100000,512,1,0,21002011,5295670917787159230
FLAT,collection,single,100000,512,1,1,20875932,5295670917787159230
FLAT,collection,single,100000,512,1,2,21175471,5295670917787159230
FLAT,collection,single,100000,512,1,3,21495754,5295670917787159230
FLAT,collection,single,100000,512,1,4,20823773,5295670917787159230
FLAT,collection,single,100000,512,1,5,21370735,5295670917787159230
FLAT,collection,single,100000,512,1,6,20642009,5295670917787159230
FLAT,collection,batch,100000,512,1,0,22083948,5295670917787159230
FLAT,collection,batch,100000,512,1,1,21613781,5295670917787159230
FLAT,collection,batch,100000,512,1,2,22230309,5295670917787159230
FLAT,collection,batch,100000,512,1,3,22602640,5295670917787159230
FLAT,collection,batch,100000,512,1,4,22259081,5295670917787159230
FLAT,collection,batch,100000,512,1,5,22683300,5295670917787159230
FLAT,collection,batch,100000,512,1,6,21684478,5295670917787159230
FLAT,collection,single,100000,512,2,0,42401570,7357427968086772174
FLAT,collection,single,100000,512,2,1,43789168,7357427968086772174
FLAT,collection,single,100000,512,2,2,43599832,7357427968086772174
FLAT,collection,single,100000,512,2,3,42264584,7357427968086772174
FLAT,collection,single,100000,512,2,4,43809908,7357427968086772174
FLAT,collection,single,100000,512,2,5,41536880,7357427968086772174
FLAT,collection,single,100000,512,2,6,40784668,7357427968086772174
FLAT,collection,batch,100000,512,2,0,30042951,7357427968086772174
FLAT,collection,batch,100000,512,2,1,30373517,7357427968086772174
FLAT,collection,batch,100000,512,2,2,30693329,7357427968086772174
FLAT,collection,batch,100000,512,2,3,29459011,7357427968086772174
FLAT,collection,batch,100000,512,2,4,30129400,7357427968086772174
FLAT,collection,batch,100000,512,2,5,29364961,7357427968086772174
FLAT,collection,batch,100000,512,2,6,29757721,7357427968086772174
FLAT,collection,single,100000,512,3,0,61824746,-6155883372062033377
FLAT,collection,single,100000,512,3,1,62722446,-6155883372062033377
FLAT,collection,single,100000,512,3,2,63690012,-6155883372062033377
FLAT,collection,single,100000,512,3,3,62669677,-6155883372062033377
FLAT,collection,single,100000,512,3,4,64369655,-6155883372062033377
FLAT,collection,single,100000,512,3,5,64646921,-6155883372062033377
FLAT,collection,single,100000,512,3,6,62967976,-6155883372062033377
FLAT,collection,batch,100000,512,3,0,38041341,-6155883372062033377
FLAT,collection,batch,100000,512,3,1,36708606,-6155883372062033377
FLAT,collection,batch,100000,512,3,2,36808036,-6155883372062033377
FLAT,collection,batch,100000,512,3,3,37209520,-6155883372062033377
FLAT,collection,batch,100000,512,3,4,36965673,-6155883372062033377
FLAT,collection,batch,100000,512,3,5,37067506,-6155883372062033377
FLAT,collection,batch,100000,512,3,6,37436812,-6155883372062033377
FLAT,collection,single,100000,512,4,0,85601701,-7941854946009114996
FLAT,collection,single,100000,512,4,1,85849664,-7941854946009114996
FLAT,collection,single,100000,512,4,2,84244890,-7941854946009114996
FLAT,collection,single,100000,512,4,3,85644895,-7941854946009114996
FLAT,collection,single,100000,512,4,4,88953513,-7941854946009114996
FLAT,collection,single,100000,512,4,5,90511536,-7941854946009114996
FLAT,collection,single,100000,512,4,6,86171217,-7941854946009114996
FLAT,collection,batch,100000,512,4,0,37776853,-7941854946009114996
FLAT,collection,batch,100000,512,4,1,37878526,-7941854946009114996
FLAT,collection,batch,100000,512,4,2,37801890,-7941854946009114996
FLAT,collection,batch,100000,512,4,3,38208643,-7941854946009114996
FLAT,collection,batch,100000,512,4,4,37788350,-7941854946009114996
FLAT,collection,batch,100000,512,4,5,37554570,-7941854946009114996
FLAT,collection,batch,100000,512,4,6,37902412,-7941854946009114996
FLAT,collection,single,100000,512,16,0,330275727,-6059471343997055021
FLAT,collection,single,100000,512,16,1,338290662,-6059471343997055021
FLAT,collection,single,100000,512,16,2,331856003,-6059471343997055021
FLAT,collection,single,100000,512,16,3,327111175,-6059471343997055021
FLAT,collection,single,100000,512,16,4,335878303,-6059471343997055021
FLAT,collection,single,100000,512,16,5,335563200,-6059471343997055021
FLAT,collection,single,100000,512,16,6,339924799,-6059471343997055021
FLAT,collection,batch,100000,512,16,0,79364389,-6059471343997055021
FLAT,collection,batch,100000,512,16,1,79494665,-6059471343997055021
FLAT,collection,batch,100000,512,16,2,79470148,-6059471343997055021
FLAT,collection,batch,100000,512,16,3,79465151,-6059471343997055021
FLAT,collection,batch,100000,512,16,4,79615546,-6059471343997055021
FLAT,collection,batch,100000,512,16,5,79552091,-6059471343997055021
FLAT,collection,batch,100000,512,16,6,82706606,-6059471343997055021
FLAT,collection,single,100000,512,64,0,1371140771,4383894143533102471
FLAT,collection,single,100000,512,64,1,1389276981,4383894143533102471
FLAT,collection,single,100000,512,64,2,1361925417,4383894143533102471
FLAT,collection,single,100000,512,64,3,1377590048,4383894143533102471
FLAT,collection,single,100000,512,64,4,1458491769,4383894143533102471
FLAT,collection,single,100000,512,64,5,1382408595,4383894143533102471
FLAT,collection,single,100000,512,64,6,1386120408,4383894143533102471
FLAT,collection,batch,100000,512,64,0,275466188,4383894143533102471
FLAT,collection,batch,100000,512,64,1,275403825,4383894143533102471
FLAT,collection,batch,100000,512,64,2,275729776,4383894143533102471
FLAT,collection,batch,100000,512,64,3,276730131,4383894143533102471
FLAT,collection,batch,100000,512,64,4,274399254,4383894143533102471
FLAT,collection,batch,100000,512,64,5,276056277,4383894143533102471
FLAT,collection,batch,100000,512,64,6,278855637,4383894143533102471
