WARNING: Using incubator modules: jdk.incubator.vector
Oct 04, 2026 2:02:46 AM com.integrallis.vectors.core.PanamaVectorUtilSupportProvider create
INFO: vectors-core: Using Panama Vector API SIMD provider (vector bits: 256)
Oct 04, 2026 2:02:47 AM com.integrallis.vectors.core.VectorizationProvider logActiveToggles
INFO: vectors-core: provider=PanamaVectorUtilSupport panama=true maxBits=256 preferredBits=256 fastVectorFMA=true fastScalarFMA=true sve=false ggufParallel=true ggufParallelThreshold=1048576 ggufExecutor=persistent ggufThreads=8 ggufChunksPerThread=2 mappedKQuantLongOffsets=auto(q4=true,q5=false,q6=false) q4ShortPairwiseSupported=true q4UnsignedPairwiseSupported=true toggles=[(defaults — no -Dvectors.* overrides)]
FLAT,fashion-control,single,60000,784,1,0,17207132,-5889716151259767543
FLAT,fashion-control,single,60000,784,1,1,17378581,-5889716151259767543
FLAT,fashion-control,single,60000,784,1,2,17420844,-5889716151259767543
FLAT,fashion-control,single,60000,784,1,3,17605221,-5889716151259767543
FLAT,fashion-control,single,60000,784,1,4,17325820,-5889716151259767543
FLAT,fashion-control,single,60000,784,1,5,17574585,-5889716151259767543
FLAT,fashion-control,single,60000,784,1,6,17554635,-5889716151259767543
FLAT,fashion-control,batch,60000,784,1,0,18029790,-5889716151259767543
FLAT,fashion-control,batch,60000,784,1,1,17629218,-5889716151259767543
FLAT,fashion-control,batch,60000,784,1,2,17295004,-5889716151259767543
FLAT,fashion-control,batch,60000,784,1,3,17639723,-5889716151259767543
FLAT,fashion-control,batch,60000,784,1,4,17855687,-5889716151259767543
FLAT,fashion-control,batch,60000,784,1,5,17597500,-5889716151259767543
FLAT,fashion-control,batch,60000,784,1,6,17925282,-5889716151259767543
FLAT,fashion-control,single,60000,784,2,0,34645842,-3658882809325304494
FLAT,fashion-control,single,60000,784,2,1,33454171,-3658882809325304494
FLAT,fashion-control,single,60000,784,2,2,33923736,-3658882809325304494
FLAT,fashion-control,single,60000,784,2,3,33848233,-3658882809325304494
FLAT,fashion-control,single,60000,784,2,4,33186187,-3658882809325304494
FLAT,fashion-control,single,60000,784,2,5,33195010,-3658882809325304494
FLAT,fashion-control,single,60000,784,2,6,33952440,-3658882809325304494
FLAT,fashion-control,batch,60000,784,2,0,22244488,-3658882809325304494
FLAT,fashion-control,batch,60000,784,2,1,23586739,-3658882809325304494
FLAT,fashion-control,batch,60000,784,2,2,22754836,-3658882809325304494
FLAT,fashion-control,batch,60000,784,2,3,22704260,-3658882809325304494
FLAT,fashion-control,batch,60000,784,2,4,22549448,-3658882809325304494
FLAT,fashion-control,batch,60000,784,2,5,22993026,-3658882809325304494
FLAT,fashion-control,batch,60000,784,2,6,22669168,-3658882809325304494
FLAT,fashion-control,single,60000,784,3,0,50222302,3746812305870889512
FLAT,fashion-control,single,60000,784,3,1,50235483,3746812305870889512
FLAT,fashion-control,single,60000,784,3,2,50109894,3746812305870889512
FLAT,fashion-control,single,60000,784,3,3,50160830,3746812305870889512
FLAT,fashion-control,single,60000,784,3,4,50991349,3746812305870889512
FLAT,fashion-control,single,60000,784,3,5,50990828,3746812305870889512
FLAT,fashion-control,single,60000,784,3,6,50769084,3746812305870889512
FLAT,fashion-control,batch,60000,784,3,0,27957683,3746812305870889512
FLAT,fashion-control,batch,60000,784,3,1,27015556,3746812305870889512
FLAT,fashion-control,batch,60000,784,3,2,27316909,3746812305870889512
FLAT,fashion-control,batch,60000,784,3,3,27423950,3746812305870889512
FLAT,fashion-control,batch,60000,784,3,4,27401627,3746812305870889512
FLAT,fashion-control,batch,60000,784,3,5,27687736,3746812305870889512
FLAT,fashion-control,batch,60000,784,3,6,28216042,3746812305870889512
FLAT,fashion-control,single,60000,784,4,0,67651078,7347236782066100300
FLAT,fashion-control,single,60000,784,4,1,68841979,7347236782066100300
FLAT,fashion-control,single,60000,784,4,2,68443669,7347236782066100300
FLAT,fashion-control,single,60000,784,4,3,68570741,7347236782066100300
FLAT,fashion-control,single,60000,784,4,4,68474737,7347236782066100300
FLAT,fashion-control,single,60000,784,4,5,67493301,7347236782066100300
FLAT,fashion-control,single,60000,784,4,6,67849877,7347236782066100300
FLAT,fashion-control,batch,60000,784,4,0,31178838,7347236782066100300
FLAT,fashion-control,batch,60000,784,4,1,31105578,7347236782066100300
FLAT,fashion-control,batch,60000,784,4,2,31375233,7347236782066100300
FLAT,fashion-control,batch,60000,784,4,3,31622665,7347236782066100300
FLAT,fashion-control,batch,60000,784,4,4,31302964,7347236782066100300
FLAT,fashion-control,batch,60000,784,4,5,31402424,7347236782066100300
FLAT,fashion-control,batch,60000,784,4,6,31040369,7347236782066100300
FLAT,fashion-control,single,60000,784,16,0,280329169,-7145532576525031642
FLAT,fashion-control,single,60000,784,16,1,275381878,-7145532576525031642
FLAT,fashion-control,single,60000,784,16,2,273139665,-7145532576525031642
FLAT,fashion-control,single,60000,784,16,3,274861544,-7145532576525031642
FLAT,fashion-control,single,60000,784,16,4,275100483,-7145532576525031642
FLAT,fashion-control,single,60000,784,16,5,269739049,-7145532576525031642
FLAT,fashion-control,single,60000,784,16,6,271966900,-7145532576525031642
FLAT,fashion-control,batch,60000,784,16,0,77400452,-7145532576525031642
FLAT,fashion-control,batch,60000,784,16,1,77497458,-7145532576525031642
FLAT,fashion-control,batch,60000,784,16,2,77100231,-7145532576525031642
FLAT,fashion-control,batch,60000,784,16,3,77290537,-7145532576525031642
FLAT,fashion-control,batch,60000,784,16,4,77994986,-7145532576525031642
FLAT,fashion-control,batch,60000,784,16,5,77802066,-7145532576525031642
FLAT,fashion-control,batch,60000,784,16,6,77527514,-7145532576525031642
FLAT,fashion-control,single,60000,784,64,0,1074317624,-176892425030124251
FLAT,fashion-control,single,60000,784,64,1,1087010186,-176892425030124251
FLAT,fashion-control,single,60000,784,64,2,1095548698,-176892425030124251
FLAT,fashion-control,single,60000,784,64,3,1080308764,-176892425030124251
FLAT,fashion-control,single,60000,784,64,4,1095202906,-176892425030124251
FLAT,fashion-control,single,60000,784,64,5,1101836694,-176892425030124251
FLAT,fashion-control,single,60000,784,64,6,1105661317,-176892425030124251
FLAT,fashion-control,batch,60000,784,64,0,258983759,-176892425030124251
FLAT,fashion-control,batch,60000,784,64,1,259489240,-176892425030124251
FLAT,fashion-control,batch,60000,784,64,2,260596175,-176892425030124251
FLAT,fashion-control,batch,60000,784,64,3,259781349,-176892425030124251
FLAT,fashion-control,batch,60000,784,64,4,260945369,-176892425030124251
FLAT,fashion-control,batch,60000,784,64,5,260388943,-176892425030124251
FLAT,fashion-control,batch,60000,784,64,6,259428067,-176892425030124251
