WARNING: Using incubator modules: jdk.incubator.vector
Oct 04, 2026 1:55:49 AM com.integrallis.vectors.core.PanamaVectorUtilSupportProvider create
INFO: vectors-core: Using Panama Vector API SIMD provider (vector bits: 256)
Oct 04, 2026 1:55:49 AM com.integrallis.vectors.core.VectorizationProvider logActiveToggles
INFO: vectors-core: provider=PanamaVectorUtilSupport panama=true maxBits=256 preferredBits=256 fastVectorFMA=true fastScalarFMA=true sve=false ggufParallel=true ggufParallelThreshold=1048576 ggufExecutor=persistent ggufThreads=8 ggufChunksPerThread=2 mappedKQuantLongOffsets=auto(q4=true,q5=false,q6=false) q4ShortPairwiseSupported=true q4UnsignedPairwiseSupported=true toggles=[(defaults — no -Dvectors.* overrides)]
FLAT,collection,single,100000,512,1,0,22709604,5295670917787159230
FLAT,collection,single,100000,512,1,1,22952870,5295670917787159230
FLAT,collection,single,100000,512,1,2,22958340,5295670917787159230
FLAT,collection,single,100000,512,1,3,22619219,5295670917787159230
FLAT,collection,single,100000,512,1,4,22686421,5295670917787159230
FLAT,collection,single,100000,512,1,5,22860982,5295670917787159230
FLAT,collection,single,100000,512,1,6,22753341,5295670917787159230
FLAT,collection,batch,100000,512,1,0,25019310,5295670917787159230
FLAT,collection,batch,100000,512,1,1,24580600,5295670917787159230
FLAT,collection,batch,100000,512,1,2,24365096,5295670917787159230
FLAT,collection,batch,100000,512,1,3,24116051,5295670917787159230
FLAT,collection,batch,100000,512,1,4,23278441,5295670917787159230
FLAT,collection,batch,100000,512,1,5,24172887,5295670917787159230
FLAT,collection,batch,100000,512,1,6,23289158,5295670917787159230
FLAT,collection,single,100000,512,2,0,45523327,7357427968086772174
FLAT,collection,single,100000,512,2,1,45885431,7357427968086772174
FLAT,collection,single,100000,512,2,2,45799602,7357427968086772174
FLAT,collection,single,100000,512,2,3,45926121,7357427968086772174
FLAT,collection,single,100000,512,2,4,45068002,7357427968086772174
FLAT,collection,single,100000,512,2,5,45360871,7357427968086772174
FLAT,collection,single,100000,512,2,6,45792852,7357427968086772174
FLAT,collection,batch,100000,512,2,0,31545188,7357427968086772174
FLAT,collection,batch,100000,512,2,1,31637046,7357427968086772174
FLAT,collection,batch,100000,512,2,2,31688053,7357427968086772174
FLAT,collection,batch,100000,512,2,3,32059352,7357427968086772174
FLAT,collection,batch,100000,512,2,4,31597607,7357427968086772174
FLAT,collection,batch,100000,512,2,5,32346984,7357427968086772174
FLAT,collection,batch,100000,512,2,6,32037559,7357427968086772174
FLAT,collection,single,100000,512,3,0,68275907,-6155883372062033377
FLAT,collection,single,100000,512,3,1,67312996,-6155883372062033377
FLAT,collection,single,100000,512,3,2,67095550,-6155883372062033377
FLAT,collection,single,100000,512,3,3,66534155,-6155883372062033377
FLAT,collection,single,100000,512,3,4,66538803,-6155883372062033377
FLAT,collection,single,100000,512,3,5,66827387,-6155883372062033377
FLAT,collection,single,100000,512,3,6,67083252,-6155883372062033377
FLAT,collection,batch,100000,512,3,0,36716137,-6155883372062033377
FLAT,collection,batch,100000,512,3,1,36638090,-6155883372062033377
FLAT,collection,batch,100000,512,3,2,36581183,-6155883372062033377
FLAT,collection,batch,100000,512,3,3,36773122,-6155883372062033377
FLAT,collection,batch,100000,512,3,4,37394207,-6155883372062033377
FLAT,collection,batch,100000,512,3,5,37559235,-6155883372062033377
FLAT,collection,batch,100000,512,3,6,36767515,-6155883372062033377
FLAT,collection,single,100000,512,4,0,90063675,-7941854946009114996
FLAT,collection,single,100000,512,4,1,90851619,-7941854946009114996
FLAT,collection,single,100000,512,4,2,89212754,-7941854946009114996
FLAT,collection,single,100000,512,4,3,88537367,-7941854946009114996
FLAT,collection,single,100000,512,4,4,89237841,-7941854946009114996
FLAT,collection,single,100000,512,4,5,89253015,-7941854946009114996
FLAT,collection,single,100000,512,4,6,88594914,-7941854946009114996
FLAT,collection,batch,100000,512,4,0,39507777,-7941854946009114996
FLAT,collection,batch,100000,512,4,1,39517911,-7941854946009114996
FLAT,collection,batch,100000,512,4,2,38899332,-7941854946009114996
FLAT,collection,batch,100000,512,4,3,38725429,-7941854946009114996
FLAT,collection,batch,100000,512,4,4,39156618,-7941854946009114996
FLAT,collection,batch,100000,512,4,5,38631128,-7941854946009114996
FLAT,collection,batch,100000,512,4,6,38456425,-7941854946009114996
FLAT,collection,single,100000,512,16,0,357287581,-6059471343997055021
FLAT,collection,single,100000,512,16,1,352540439,-6059471343997055021
FLAT,collection,single,100000,512,16,2,347798466,-6059471343997055021
FLAT,collection,single,100000,512,16,3,348059197,-6059471343997055021
FLAT,collection,single,100000,512,16,4,348511828,-6059471343997055021
FLAT,collection,single,100000,512,16,5,349168627,-6059471343997055021
FLAT,collection,single,100000,512,16,6,350876755,-6059471343997055021
FLAT,collection,batch,100000,512,16,0,84299012,-6059471343997055021
FLAT,collection,batch,100000,512,16,1,83906110,-6059471343997055021
FLAT,collection,batch,100000,512,16,2,83970216,-6059471343997055021
FLAT,collection,batch,100000,512,16,3,84207854,-6059471343997055021
FLAT,collection,batch,100000,512,16,4,87053675,-6059471343997055021
FLAT,collection,batch,100000,512,16,5,84799675,-6059471343997055021
FLAT,collection,batch,100000,512,16,6,86454513,-6059471343997055021
FLAT,collection,single,100000,512,64,0,1402822605,4383894143533102471
FLAT,collection,single,100000,512,64,1,1400220429,4383894143533102471
FLAT,collection,single,100000,512,64,2,1365104117,4383894143533102471
FLAT,collection,single,100000,512,64,3,1375403630,4383894143533102471
FLAT,collection,single,100000,512,64,4,1364455759,4383894143533102471
FLAT,collection,single,100000,512,64,5,1375495706,4383894143533102471
FLAT,collection,single,100000,512,64,6,1381124150,4383894143533102471
FLAT,collection,batch,100000,512,64,0,297454509,4383894143533102471
FLAT,collection,batch,100000,512,64,1,296599132,4383894143533102471
FLAT,collection,batch,100000,512,64,2,296427965,4383894143533102471
FLAT,collection,batch,100000,512,64,3,296220522,4383894143533102471
FLAT,collection,batch,100000,512,64,4,296864212,4383894143533102471
FLAT,collection,batch,100000,512,64,5,295912248,4383894143533102471
FLAT,collection,batch,100000,512,64,6,295961383,4383894143533102471
