WARNING: Using incubator modules: jdk.incubator.vector
Oct 04, 2026 2:00:40 AM com.integrallis.vectors.core.PanamaVectorUtilSupportProvider create
INFO: vectors-core: Using Panama Vector API SIMD provider (vector bits: 256)
Oct 04, 2026 2:00:40 AM com.integrallis.vectors.core.VectorizationProvider logActiveToggles
INFO: vectors-core: provider=PanamaVectorUtilSupport panama=true maxBits=256 preferredBits=256 fastVectorFMA=true fastScalarFMA=true sve=false ggufParallel=true ggufParallelThreshold=1048576 ggufExecutor=persistent ggufThreads=8 ggufChunksPerThread=2 mappedKQuantLongOffsets=auto(q4=true,q5=false,q6=false) q4ShortPairwiseSupported=true q4UnsignedPairwiseSupported=true toggles=[(defaults — no -Dvectors.* overrides)]
FLAT,glove,single,100000,100,1,0,5567645,9123688640271969882
FLAT,glove,single,100000,100,1,1,5996601,9123688640271969882
FLAT,glove,single,100000,100,1,2,5860906,9123688640271969882
FLAT,glove,single,100000,100,1,3,6125063,9123688640271969882
FLAT,glove,single,100000,100,1,4,5859744,9123688640271969882
FLAT,glove,single,100000,100,1,5,5744622,9123688640271969882
FLAT,glove,single,100000,100,1,6,5940265,9123688640271969882
FLAT,glove,batch,100000,100,1,0,4960842,9123688640271969882
FLAT,glove,batch,100000,100,1,1,4618357,9123688640271969882
FLAT,glove,batch,100000,100,1,2,4614040,9123688640271969882
FLAT,glove,batch,100000,100,1,3,4622484,9123688640271969882
FLAT,glove,batch,100000,100,1,4,4839871,9123688640271969882
FLAT,glove,batch,100000,100,1,5,4721271,9123688640271969882
FLAT,glove,batch,100000,100,1,6,6081208,9123688640271969882
FLAT,glove,single,100000,100,2,0,12334893,-8839688515274822432
FLAT,glove,single,100000,100,2,1,12659843,-8839688515274822432
FLAT,glove,single,100000,100,2,2,12165920,-8839688515274822432
FLAT,glove,single,100000,100,2,3,11454259,-8839688515274822432
FLAT,glove,single,100000,100,2,4,11395351,-8839688515274822432
FLAT,glove,single,100000,100,2,5,10945455,-8839688515274822432
FLAT,glove,single,100000,100,2,6,12003235,-8839688515274822432
FLAT,glove,batch,100000,100,2,0,6628781,-8839688515274822432
FLAT,glove,batch,100000,100,2,1,6461219,-8839688515274822432
FLAT,glove,batch,100000,100,2,2,6602531,-8839688515274822432
FLAT,glove,batch,100000,100,2,3,6401009,-8839688515274822432
FLAT,glove,batch,100000,100,2,4,6493357,-8839688515274822432
FLAT,glove,batch,100000,100,2,5,6474619,-8839688515274822432
FLAT,glove,batch,100000,100,2,6,6583903,-8839688515274822432
FLAT,glove,single,100000,100,3,0,16853962,-6443946448212414800
FLAT,glove,single,100000,100,3,1,17300644,-6443946448212414800
FLAT,glove,single,100000,100,3,2,18526509,-6443946448212414800
FLAT,glove,single,100000,100,3,3,17900255,-6443946448212414800
FLAT,glove,single,100000,100,3,4,17383649,-6443946448212414800
FLAT,glove,single,100000,100,3,5,17234104,-6443946448212414800
FLAT,glove,single,100000,100,3,6,17799274,-6443946448212414800
FLAT,glove,batch,100000,100,3,0,8500186,-6443946448212414800
FLAT,glove,batch,100000,100,3,1,8386144,-6443946448212414800
FLAT,glove,batch,100000,100,3,2,8434257,-6443946448212414800
FLAT,glove,batch,100000,100,3,3,8912447,-6443946448212414800
FLAT,glove,batch,100000,100,3,4,9060358,-6443946448212414800
FLAT,glove,batch,100000,100,3,5,8404713,-6443946448212414800
FLAT,glove,batch,100000,100,3,6,8420476,-6443946448212414800
FLAT,glove,single,100000,100,4,0,23118946,-8035847026677169637
FLAT,glove,single,100000,100,4,1,24661035,-8035847026677169637
FLAT,glove,single,100000,100,4,2,24753655,-8035847026677169637
FLAT,glove,single,100000,100,4,3,23004935,-8035847026677169637
FLAT,glove,single,100000,100,4,4,22692965,-8035847026677169637
FLAT,glove,single,100000,100,4,5,22446174,-8035847026677169637
FLAT,glove,single,100000,100,4,6,23676054,-8035847026677169637
FLAT,glove,batch,100000,100,4,0,9207199,-8035847026677169637
FLAT,glove,batch,100000,100,4,1,9235562,-8035847026677169637
FLAT,glove,batch,100000,100,4,2,9097795,-8035847026677169637
FLAT,glove,batch,100000,100,4,3,8896783,-8035847026677169637
FLAT,glove,batch,100000,100,4,4,9132988,-8035847026677169637
FLAT,glove,batch,100000,100,4,5,9060800,-8035847026677169637
FLAT,glove,batch,100000,100,4,6,8876563,-8035847026677169637
FLAT,glove,single,100000,100,16,0,105014295,4439317876800093591
FLAT,glove,single,100000,100,16,1,96972887,4439317876800093591
FLAT,glove,single,100000,100,16,2,94057002,4439317876800093591
FLAT,glove,single,100000,100,16,3,94856455,4439317876800093591
FLAT,glove,single,100000,100,16,4,91012603,4439317876800093591
FLAT,glove,single,100000,100,16,5,94184524,4439317876800093591
FLAT,glove,single,100000,100,16,6,93317639,4439317876800093591
FLAT,glove,batch,100000,100,16,0,25950426,4439317876800093591
FLAT,glove,batch,100000,100,16,1,26435465,4439317876800093591
FLAT,glove,batch,100000,100,16,2,26134612,4439317876800093591
FLAT,glove,batch,100000,100,16,3,26253851,4439317876800093591
FLAT,glove,batch,100000,100,16,4,25875352,4439317876800093591
FLAT,glove,batch,100000,100,16,5,26099579,4439317876800093591
FLAT,glove,batch,100000,100,16,6,29198030,4439317876800093591
FLAT,glove,single,100000,100,64,0,398099196,-6504456432332121007
FLAT,glove,single,100000,100,64,1,381136370,-6504456432332121007
FLAT,glove,single,100000,100,64,2,386766599,-6504456432332121007
FLAT,glove,single,100000,100,64,3,381445816,-6504456432332121007
FLAT,glove,single,100000,100,64,4,366053723,-6504456432332121007
FLAT,glove,single,100000,100,64,5,366966185,-6504456432332121007
FLAT,glove,single,100000,100,64,6,363393582,-6504456432332121007
FLAT,glove,batch,100000,100,64,0,96063931,-6504456432332121007
FLAT,glove,batch,100000,100,64,1,96808981,-6504456432332121007
FLAT,glove,batch,100000,100,64,2,96308950,-6504456432332121007
FLAT,glove,batch,100000,100,64,3,95912753,-6504456432332121007
FLAT,glove,batch,100000,100,64,4,97119819,-6504456432332121007
FLAT,glove,batch,100000,100,64,5,97072437,-6504456432332121007
FLAT,glove,batch,100000,100,64,6,95867475,-6504456432332121007
