WARNING: Using incubator modules: jdk.incubator.vector
workload,dimensions,rows,k,round,nanos,result_digest
Oct 03, 2026 11:25:49 PM com.integrallis.vectors.core.PanamaVectorUtilSupportProvider create
INFO: vectors-core: Using Panama Vector API SIMD provider (vector bits: 256)
Oct 03, 2026 11:25:49 PM com.integrallis.vectors.core.VectorizationProvider logActiveToggles
INFO: vectors-core: provider=PanamaVectorUtilSupport panama=true maxBits=256 preferredBits=256 fastVectorFMA=true fastScalarFMA=true sve=false ggufParallel=true ggufParallelThreshold=1048576 ggufExecutor=persistent ggufThreads=2 ggufChunksPerThread=2 mappedKQuantLongOffsets=auto(q4=true,q5=false,q6=false) q4ShortPairwiseSupported=true q4UnsignedPairwiseSupported=true toggles=[(defaults — no -Dvectors.* overrides)]
flat-heap,128,10000,10,0,21163617,2856748982586019286
flat-heap,128,10000,10,1,20964134,2856748982586019286
flat-heap,128,10000,10,2,21008958,2856748982586019286
flat-heap,128,10000,10,3,21001715,2856748982586019286
flat-heap,128,10000,10,4,20931074,2856748982586019286
flat-heap,128,10000,10,5,20934571,2856748982586019286
flat-heap,128,10000,10,6,21080285,2856748982586019286
flat-heap-batch,128,10000,10,0,19339970,2856748982586019286
flat-heap-batch,128,10000,10,1,19353105,2856748982586019286
flat-heap-batch,128,10000,10,2,19436652,2856748982586019286
flat-heap-batch,128,10000,10,3,19472299,2856748982586019286
flat-heap-batch,128,10000,10,4,20904125,2856748982586019286
flat-heap-batch,128,10000,10,5,19386928,2856748982586019286
flat-heap-batch,128,10000,10,6,19668354,2856748982586019286
flat-mapped,128,10000,10,0,51337291,2856748982586019286
flat-mapped,128,10000,10,1,49679491,2856748982586019286
flat-mapped,128,10000,10,2,51414074,2856748982586019286
flat-mapped,128,10000,10,3,49699017,2856748982586019286
flat-mapped,128,10000,10,4,50485348,2856748982586019286
flat-mapped,128,10000,10,5,50788454,2856748982586019286
flat-mapped,128,10000,10,6,49742839,2856748982586019286
flat-heap,512,10000,10,0,53933774,-6734652578439422782
flat-heap,512,10000,10,1,54172331,-6734652578439422782
flat-heap,512,10000,10,2,53464386,-6734652578439422782
flat-heap,512,10000,10,3,54309596,-6734652578439422782
flat-heap,512,10000,10,4,53742265,-6734652578439422782
flat-heap,512,10000,10,5,54695839,-6734652578439422782
flat-heap,512,10000,10,6,53688896,-6734652578439422782
flat-heap-batch,512,10000,10,0,50202607,-6734652578439422782
flat-heap-batch,512,10000,10,1,50277779,-6734652578439422782
flat-heap-batch,512,10000,10,2,49901830,-6734652578439422782
flat-heap-batch,512,10000,10,3,50348266,-6734652578439422782
flat-heap-batch,512,10000,10,4,50114388,-6734652578439422782
flat-heap-batch,512,10000,10,5,50764865,-6734652578439422782
flat-heap-batch,512,10000,10,6,50191542,-6734652578439422782
flat-mapped,512,10000,10,0,152336549,-6734652578439422782
flat-mapped,512,10000,10,1,151672749,-6734652578439422782
flat-mapped,512,10000,10,2,151992487,-6734652578439422782
flat-mapped,512,10000,10,3,151259644,-6734652578439422782
flat-mapped,512,10000,10,4,151661707,-6734652578439422782
flat-mapped,512,10000,10,5,152680662,-6734652578439422782
flat-mapped,512,10000,10,6,152671955,-6734652578439422782
flat-heap,768,10000,10,0,96113714,8873259548146981865
flat-heap,768,10000,10,1,90658330,8873259548146981865
flat-heap,768,10000,10,2,95570198,8873259548146981865
flat-heap,768,10000,10,3,96404408,8873259548146981865
flat-heap,768,10000,10,4,96343732,8873259548146981865
flat-heap,768,10000,10,5,94526335,8873259548146981865
flat-heap,768,10000,10,6,96192762,8873259548146981865
flat-heap-batch,768,10000,10,0,73605509,8873259548146981865
flat-heap-batch,768,10000,10,1,74149293,8873259548146981865
flat-heap-batch,768,10000,10,2,73928490,8873259548146981865
flat-heap-batch,768,10000,10,3,73750688,8873259548146981865
flat-heap-batch,768,10000,10,4,73737512,8873259548146981865
flat-heap-batch,768,10000,10,5,73754926,8873259548146981865
flat-heap-batch,768,10000,10,6,73684154,8873259548146981865
flat-mapped,768,10000,10,0,212425525,8873259548146981865
flat-mapped,768,10000,10,1,211688846,8873259548146981865
flat-mapped,768,10000,10,2,211946714,8873259548146981865
flat-mapped,768,10000,10,3,212935851,8873259548146981865
flat-mapped,768,10000,10,4,212889834,8873259548146981865
flat-mapped,768,10000,10,5,212165158,8873259548146981865
flat-mapped,768,10000,10,6,214775113,8873259548146981865
hnsw-32,128,20000,10,0,55146938,-8965548529813746199
hnsw-32,128,20000,10,1,57211654,-8965548529813746199
hnsw-32,128,20000,10,2,48561106,-8965548529813746199
hnsw-32,128,20000,10,3,47606127,-8965548529813746199
hnsw-32,128,20000,10,4,49501466,-8965548529813746199
hnsw-32,128,20000,10,5,49654954,-8965548529813746199
hnsw-32,128,20000,10,6,49275784,-8965548529813746199
hnsw-32-filtered,128,20000,10,0,115542631,-2943556043748503893
hnsw-32-filtered,128,20000,10,1,114084459,-2943556043748503893
hnsw-32-filtered,128,20000,10,2,108863744,-2943556043748503893
hnsw-32-filtered,128,20000,10,3,108516853,-2943556043748503893
hnsw-32-filtered,128,20000,10,4,110416833,-2943556043748503893
hnsw-32-filtered,128,20000,10,5,109312266,-2943556043748503893
hnsw-32-filtered,128,20000,10,6,108258435,-2943556043748503893
hnsw-128,128,20000,10,0,161802251,7563515052669685445
hnsw-128,128,20000,10,1,160109145,7563515052669685445
hnsw-128,128,20000,10,2,163249056,7563515052669685445
hnsw-128,128,20000,10,3,161244230,7563515052669685445
hnsw-128,128,20000,10,4,161085253,7563515052669685445
hnsw-128,128,20000,10,5,161402356,7563515052669685445
hnsw-128,128,20000,10,6,163167534,7563515052669685445
hnsw-128-filtered,128,20000,10,0,367456831,35214458634541167
hnsw-128-filtered,128,20000,10,1,369736674,35214458634541167
hnsw-128-filtered,128,20000,10,2,364768142,35214458634541167
hnsw-128-filtered,128,20000,10,3,369309949,35214458634541167
hnsw-128-filtered,128,20000,10,4,374773788,35214458634541167
hnsw-128-filtered,128,20000,10,5,379927292,35214458634541167
hnsw-128-filtered,128,20000,10,6,365427498,35214458634541167
hnsw-512,128,20000,10,0,570286264,3315659479492244430
hnsw-512,128,20000,10,1,592906586,3315659479492244430
hnsw-512,128,20000,10,2,596629847,3315659479492244430
hnsw-512,128,20000,10,3,584332097,3315659479492244430
hnsw-512,128,20000,10,4,587597478,3315659479492244430
hnsw-512,128,20000,10,5,589649790,3315659479492244430
hnsw-512,128,20000,10,6,586955883,3315659479492244430
hnsw-512-filtered,128,20000,10,0,1045619144,4526840408469776386
hnsw-512-filtered,128,20000,10,1,1056826602,4526840408469776386
hnsw-512-filtered,128,20000,10,2,1048385621,4526840408469776386
hnsw-512-filtered,128,20000,10,3,1041862720,4526840408469776386
hnsw-512-filtered,128,20000,10,4,1054102450,4526840408469776386
hnsw-512-filtered,128,20000,10,5,1042901002,4526840408469776386
hnsw-512-filtered,128,20000,10,6,1035953493,4526840408469776386
SEARCHER_ALLOCATION_BYTES=246016
