WARNING: Using incubator modules: jdk.incubator.vector
workload,dimensions,rows,k,round,nanos,result_digest
Oct 03, 2026 11:28:03 PM com.integrallis.vectors.core.PanamaVectorUtilSupportProvider create
INFO: vectors-core: Using Panama Vector API SIMD provider (vector bits: 256)
Oct 03, 2026 11:28:03 PM com.integrallis.vectors.core.VectorizationProvider logActiveToggles
INFO: vectors-core: provider=PanamaVectorUtilSupport panama=true maxBits=256 preferredBits=256 fastVectorFMA=true fastScalarFMA=true sve=false ggufParallel=true ggufParallelThreshold=1048576 ggufExecutor=persistent ggufThreads=2 ggufChunksPerThread=2 mappedKQuantLongOffsets=auto(q4=true,q5=false,q6=false) q4ShortPairwiseSupported=true q4UnsignedPairwiseSupported=true toggles=[(defaults — no -Dvectors.* overrides)]
flat-heap,128,10000,10,0,19910499,2856748982586019286
flat-heap,128,10000,10,1,19991648,2856748982586019286
flat-heap,128,10000,10,2,20115127,2856748982586019286
flat-heap,128,10000,10,3,20053553,2856748982586019286
flat-heap,128,10000,10,4,20022095,2856748982586019286
flat-heap,128,10000,10,5,20049245,2856748982586019286
flat-heap,128,10000,10,6,20070744,2856748982586019286
flat-heap-batch,128,10000,10,0,19099883,2856748982586019286
flat-heap-batch,128,10000,10,1,19200529,2856748982586019286
flat-heap-batch,128,10000,10,2,19223451,2856748982586019286
flat-heap-batch,128,10000,10,3,19274646,2856748982586019286
flat-heap-batch,128,10000,10,4,20894310,2856748982586019286
flat-heap-batch,128,10000,10,5,19230465,2856748982586019286
flat-heap-batch,128,10000,10,6,19148674,2856748982586019286
flat-mapped,128,10000,10,0,62416508,2856748982586019286
flat-mapped,128,10000,10,1,62860597,2856748982586019286
flat-mapped,128,10000,10,2,64361493,2856748982586019286
flat-mapped,128,10000,10,3,62603742,2856748982586019286
flat-mapped,128,10000,10,4,63549335,2856748982586019286
flat-mapped,128,10000,10,5,63707588,2856748982586019286
flat-mapped,128,10000,10,6,62866822,2856748982586019286
flat-heap,512,10000,10,0,55456780,-6734652578439422782
flat-heap,512,10000,10,1,54211244,-6734652578439422782
flat-heap,512,10000,10,2,55091176,-6734652578439422782
flat-heap,512,10000,10,3,53302317,-6734652578439422782
flat-heap,512,10000,10,4,57100822,-6734652578439422782
flat-heap,512,10000,10,5,55383204,-6734652578439422782
flat-heap,512,10000,10,6,53769388,-6734652578439422782
flat-heap-batch,512,10000,10,0,50361675,-6734652578439422782
flat-heap-batch,512,10000,10,1,50158691,-6734652578439422782
flat-heap-batch,512,10000,10,2,50700860,-6734652578439422782
flat-heap-batch,512,10000,10,3,50275186,-6734652578439422782
flat-heap-batch,512,10000,10,4,50537811,-6734652578439422782
flat-heap-batch,512,10000,10,5,50680603,-6734652578439422782
flat-heap-batch,512,10000,10,6,50475616,-6734652578439422782
flat-mapped,512,10000,10,0,130808085,-6734652578439422782
flat-mapped,512,10000,10,1,130495084,-6734652578439422782
flat-mapped,512,10000,10,2,130011382,-6734652578439422782
flat-mapped,512,10000,10,3,129735111,-6734652578439422782
flat-mapped,512,10000,10,4,130335811,-6734652578439422782
flat-mapped,512,10000,10,5,130948119,-6734652578439422782
flat-mapped,512,10000,10,6,129210665,-6734652578439422782
flat-heap,768,10000,10,0,89641837,8873259548146981865
flat-heap,768,10000,10,1,92240454,8873259548146981865
flat-heap,768,10000,10,2,91193643,8873259548146981865
flat-heap,768,10000,10,3,93149508,8873259548146981865
flat-heap,768,10000,10,4,94741577,8873259548146981865
flat-heap,768,10000,10,5,92128803,8873259548146981865
flat-heap,768,10000,10,6,93957288,8873259548146981865
flat-heap-batch,768,10000,10,0,72833792,8873259548146981865
flat-heap-batch,768,10000,10,1,73156318,8873259548146981865
flat-heap-batch,768,10000,10,2,73238440,8873259548146981865
flat-heap-batch,768,10000,10,3,73320041,8873259548146981865
flat-heap-batch,768,10000,10,4,73142432,8873259548146981865
flat-heap-batch,768,10000,10,5,73154636,8873259548146981865
flat-heap-batch,768,10000,10,6,73155168,8873259548146981865
flat-mapped,768,10000,10,0,199450703,8873259548146981865
flat-mapped,768,10000,10,1,199033763,8873259548146981865
flat-mapped,768,10000,10,2,203107848,8873259548146981865
flat-mapped,768,10000,10,3,201206504,8873259548146981865
flat-mapped,768,10000,10,4,203423664,8873259548146981865
flat-mapped,768,10000,10,5,201615524,8873259548146981865
flat-mapped,768,10000,10,6,201540577,8873259548146981865
hnsw-32,128,20000,10,0,51927789,-8965548529813746199
hnsw-32,128,20000,10,1,53991242,-8965548529813746199
hnsw-32,128,20000,10,2,46818579,-8965548529813746199
hnsw-32,128,20000,10,3,45371125,-8965548529813746199
hnsw-32,128,20000,10,4,45210888,-8965548529813746199
hnsw-32,128,20000,10,5,46697826,-8965548529813746199
hnsw-32,128,20000,10,6,46205556,-8965548529813746199
hnsw-32-filtered,128,20000,10,0,111448968,-2943556043748503893
hnsw-32-filtered,128,20000,10,1,113692415,-2943556043748503893
hnsw-32-filtered,128,20000,10,2,107850780,-2943556043748503893
hnsw-32-filtered,128,20000,10,3,107664764,-2943556043748503893
hnsw-32-filtered,128,20000,10,4,107441342,-2943556043748503893
hnsw-32-filtered,128,20000,10,5,107468312,-2943556043748503893
hnsw-32-filtered,128,20000,10,6,107154252,-2943556043748503893
hnsw-128,128,20000,10,0,158326047,7563515052669685445
hnsw-128,128,20000,10,1,154891618,7563515052669685445
hnsw-128,128,20000,10,2,155126054,7563515052669685445
hnsw-128,128,20000,10,3,152417606,7563515052669685445
hnsw-128,128,20000,10,4,153290539,7563515052669685445
hnsw-128,128,20000,10,5,153251720,7563515052669685445
hnsw-128,128,20000,10,6,154820549,7563515052669685445
hnsw-128-filtered,128,20000,10,0,356518178,35214458634541167
hnsw-128-filtered,128,20000,10,1,356217542,35214458634541167
hnsw-128-filtered,128,20000,10,2,358546286,35214458634541167
hnsw-128-filtered,128,20000,10,3,359869742,35214458634541167
hnsw-128-filtered,128,20000,10,4,367268188,35214458634541167
hnsw-128-filtered,128,20000,10,5,367383347,35214458634541167
hnsw-128-filtered,128,20000,10,6,356960764,35214458634541167
hnsw-512,128,20000,10,0,572107126,3315659479492244430
hnsw-512,128,20000,10,1,572614976,3315659479492244430
hnsw-512,128,20000,10,2,585359930,3315659479492244430
hnsw-512,128,20000,10,3,577256225,3315659479492244430
hnsw-512,128,20000,10,4,601548667,3315659479492244430
hnsw-512,128,20000,10,5,596805535,3315659479492244430
hnsw-512,128,20000,10,6,575938270,3315659479492244430
hnsw-512-filtered,128,20000,10,0,1046774797,4526840408469776386
hnsw-512-filtered,128,20000,10,1,1078137841,4526840408469776386
hnsw-512-filtered,128,20000,10,2,1039654617,4526840408469776386
hnsw-512-filtered,128,20000,10,3,1063733237,4526840408469776386
hnsw-512-filtered,128,20000,10,4,1079137543,4526840408469776386
hnsw-512-filtered,128,20000,10,5,1065089949,4526840408469776386
hnsw-512-filtered,128,20000,10,6,1048959267,4526840408469776386
SEARCHER_ALLOCATION_BYTES=246016
