WARNING: Using incubator modules: jdk.incubator.vector
workload,dimensions,rows,k,round,nanos,result_digest
Oct 03, 2026 11:28:42 PM com.integrallis.vectors.core.PanamaVectorUtilSupportProvider create
INFO: vectors-core: Using Panama Vector API SIMD provider (vector bits: 256)
Oct 03, 2026 11:28:42 PM com.integrallis.vectors.core.VectorizationProvider logActiveToggles
INFO: vectors-core: provider=PanamaVectorUtilSupport panama=true maxBits=256 preferredBits=256 fastVectorFMA=true fastScalarFMA=true sve=false ggufParallel=true ggufParallelThreshold=1048576 ggufExecutor=persistent ggufThreads=2 ggufChunksPerThread=2 mappedKQuantLongOffsets=auto(q4=true,q5=false,q6=false) q4ShortPairwiseSupported=true q4UnsignedPairwiseSupported=true toggles=[(defaults — no -Dvectors.* overrides)]
flat-heap,128,10000,10,0,20679304,2856748982586019286
flat-heap,128,10000,10,1,20708429,2856748982586019286
flat-heap,128,10000,10,2,20774902,2856748982586019286
flat-heap,128,10000,10,3,20693331,2856748982586019286
flat-heap,128,10000,10,4,20691838,2856748982586019286
flat-heap,128,10000,10,5,20776616,2856748982586019286
flat-heap,128,10000,10,6,20746149,2856748982586019286
flat-heap-batch,128,10000,10,0,19055537,2856748982586019286
flat-heap-batch,128,10000,10,1,19150162,2856748982586019286
flat-heap-batch,128,10000,10,2,19155000,2856748982586019286
flat-heap-batch,128,10000,10,3,19223017,2856748982586019286
flat-heap-batch,128,10000,10,4,20886885,2856748982586019286
flat-heap-batch,128,10000,10,5,19193552,2856748982586019286
flat-heap-batch,128,10000,10,6,19188264,2856748982586019286
flat-mapped,128,10000,10,0,63515905,2856748982586019286
flat-mapped,128,10000,10,1,64415064,2856748982586019286
flat-mapped,128,10000,10,2,63597397,2856748982586019286
flat-mapped,128,10000,10,3,63635656,2856748982586019286
flat-mapped,128,10000,10,4,64358399,2856748982586019286
flat-mapped,128,10000,10,5,64584075,2856748982586019286
flat-mapped,128,10000,10,6,59360808,2856748982586019286
flat-heap,512,10000,10,0,58789557,-6734652578439422782
flat-heap,512,10000,10,1,58393503,-6734652578439422782
flat-heap,512,10000,10,2,58426695,-6734652578439422782
flat-heap,512,10000,10,3,56915390,-6734652578439422782
flat-heap,512,10000,10,4,58391770,-6734652578439422782
flat-heap,512,10000,10,5,58877080,-6734652578439422782
flat-heap,512,10000,10,6,58000322,-6734652578439422782
flat-heap-batch,512,10000,10,0,50088911,-6734652578439422782
flat-heap-batch,512,10000,10,1,50203994,-6734652578439422782
flat-heap-batch,512,10000,10,2,49884662,-6734652578439422782
flat-heap-batch,512,10000,10,3,49902926,-6734652578439422782
flat-heap-batch,512,10000,10,4,50219774,-6734652578439422782
flat-heap-batch,512,10000,10,5,50008392,-6734652578439422782
flat-heap-batch,512,10000,10,6,49929627,-6734652578439422782
flat-mapped,512,10000,10,0,131887888,-6734652578439422782
flat-mapped,512,10000,10,1,132282880,-6734652578439422782
flat-mapped,512,10000,10,2,132389038,-6734652578439422782
flat-mapped,512,10000,10,3,133417768,-6734652578439422782
flat-mapped,512,10000,10,4,131602656,-6734652578439422782
flat-mapped,512,10000,10,5,132466131,-6734652578439422782
flat-mapped,512,10000,10,6,133004499,-6734652578439422782
flat-heap,768,10000,10,0,88764836,8873259548146981865
flat-heap,768,10000,10,1,89052287,8873259548146981865
flat-heap,768,10000,10,2,96660445,8873259548146981865
flat-heap,768,10000,10,3,96929925,8873259548146981865
flat-heap,768,10000,10,4,93541464,8873259548146981865
flat-heap,768,10000,10,5,94768864,8873259548146981865
flat-heap,768,10000,10,6,98722656,8873259548146981865
flat-heap-batch,768,10000,10,0,73102003,8873259548146981865
flat-heap-batch,768,10000,10,1,73462313,8873259548146981865
flat-heap-batch,768,10000,10,2,72909998,8873259548146981865
flat-heap-batch,768,10000,10,3,73545537,8873259548146981865
flat-heap-batch,768,10000,10,4,73572688,8873259548146981865
flat-heap-batch,768,10000,10,5,73219461,8873259548146981865
flat-heap-batch,768,10000,10,6,73009331,8873259548146981865
flat-mapped,768,10000,10,0,209401058,8873259548146981865
flat-mapped,768,10000,10,1,208132472,8873259548146981865
flat-mapped,768,10000,10,2,208313533,8873259548146981865
flat-mapped,768,10000,10,3,203308349,8873259548146981865
flat-mapped,768,10000,10,4,207401645,8873259548146981865
flat-mapped,768,10000,10,5,209637117,8873259548146981865
flat-mapped,768,10000,10,6,206319453,8873259548146981865
hnsw-32,128,20000,10,0,51074585,-8965548529813746199
hnsw-32,128,20000,10,1,53054873,-8965548529813746199
hnsw-32,128,20000,10,2,49020788,-8965548529813746199
hnsw-32,128,20000,10,3,48635422,-8965548529813746199
hnsw-32,128,20000,10,4,49407055,-8965548529813746199
hnsw-32,128,20000,10,5,49962679,-8965548529813746199
hnsw-32,128,20000,10,6,49973840,-8965548529813746199
hnsw-32-filtered,128,20000,10,0,115941906,-2943556043748503893
hnsw-32-filtered,128,20000,10,1,117331209,-2943556043748503893
hnsw-32-filtered,128,20000,10,2,112714802,-2943556043748503893
hnsw-32-filtered,128,20000,10,3,109508341,-2943556043748503893
hnsw-32-filtered,128,20000,10,4,107547359,-2943556043748503893
hnsw-32-filtered,128,20000,10,5,106698182,-2943556043748503893
hnsw-32-filtered,128,20000,10,6,108000951,-2943556043748503893
hnsw-128,128,20000,10,0,159052692,7563515052669685445
hnsw-128,128,20000,10,1,156844158,7563515052669685445
hnsw-128,128,20000,10,2,151939271,7563515052669685445
hnsw-128,128,20000,10,3,150881866,7563515052669685445
hnsw-128,128,20000,10,4,153328965,7563515052669685445
hnsw-128,128,20000,10,5,162241261,7563515052669685445
hnsw-128,128,20000,10,6,158530739,7563515052669685445
hnsw-128-filtered,128,20000,10,0,369627290,35214458634541167
hnsw-128-filtered,128,20000,10,1,374973091,35214458634541167
hnsw-128-filtered,128,20000,10,2,378191755,35214458634541167
hnsw-128-filtered,128,20000,10,3,375827381,35214458634541167
hnsw-128-filtered,128,20000,10,4,388366939,35214458634541167
hnsw-128-filtered,128,20000,10,5,394856614,35214458634541167
hnsw-128-filtered,128,20000,10,6,375053774,35214458634541167
hnsw-512,128,20000,10,0,584051439,3315659479492244430
hnsw-512,128,20000,10,1,594077949,3315659479492244430
hnsw-512,128,20000,10,2,581634115,3315659479492244430
hnsw-512,128,20000,10,3,593465093,3315659479492244430
hnsw-512,128,20000,10,4,578493061,3315659479492244430
hnsw-512,128,20000,10,5,602862881,3315659479492244430
hnsw-512,128,20000,10,6,589230640,3315659479492244430
hnsw-512-filtered,128,20000,10,0,1053843368,4526840408469776386
hnsw-512-filtered,128,20000,10,1,1064007621,4526840408469776386
hnsw-512-filtered,128,20000,10,2,1043269692,4526840408469776386
hnsw-512-filtered,128,20000,10,3,1056486463,4526840408469776386
hnsw-512-filtered,128,20000,10,4,1067578480,4526840408469776386
hnsw-512-filtered,128,20000,10,5,1055736740,4526840408469776386
hnsw-512-filtered,128,20000,10,6,1051503439,4526840408469776386
SEARCHER_ALLOCATION_BYTES=246016
