WARNING: Using incubator modules: jdk.incubator.vector
workload,dimensions,rows,k,round,nanos,result_digest
Oct 03, 2026 11:26:47 PM com.integrallis.vectors.core.PanamaVectorUtilSupportProvider create
INFO: vectors-core: Using Panama Vector API SIMD provider (vector bits: 256)
Oct 03, 2026 11:26:47 PM com.integrallis.vectors.core.VectorizationProvider logActiveToggles
INFO: vectors-core: provider=PanamaVectorUtilSupport panama=true maxBits=256 preferredBits=256 fastVectorFMA=true fastScalarFMA=true sve=false ggufParallel=true ggufParallelThreshold=1048576 ggufExecutor=persistent ggufThreads=2 ggufChunksPerThread=2 mappedKQuantLongOffsets=auto(q4=true,q5=false,q6=false) q4ShortPairwiseSupported=true q4UnsignedPairwiseSupported=true toggles=[(defaults — no -Dvectors.* overrides)]
flat-heap,128,10000,10,0,20002507,2856748982586019286
flat-heap,128,10000,10,1,20045516,2856748982586019286
flat-heap,128,10000,10,2,20204415,2856748982586019286
flat-heap,128,10000,10,3,21688546,2856748982586019286
flat-heap,128,10000,10,4,20566273,2856748982586019286
flat-heap,128,10000,10,5,20523693,2856748982586019286
flat-heap,128,10000,10,6,20750298,2856748982586019286
flat-heap-batch,128,10000,10,0,15474333,2856748982586019286
flat-heap-batch,128,10000,10,1,15104249,2856748982586019286
flat-heap-batch,128,10000,10,2,15047934,2856748982586019286
flat-heap-batch,128,10000,10,3,14990967,2856748982586019286
flat-heap-batch,128,10000,10,4,16835163,2856748982586019286
flat-heap-batch,128,10000,10,5,15040129,2856748982586019286
flat-heap-batch,128,10000,10,6,14959248,2856748982586019286
flat-mapped,128,10000,10,0,57570976,2856748982586019286
flat-mapped,128,10000,10,1,58698468,2856748982586019286
flat-mapped,128,10000,10,2,58440606,2856748982586019286
flat-mapped,128,10000,10,3,57826445,2856748982586019286
flat-mapped,128,10000,10,4,59322417,2856748982586019286
flat-mapped,128,10000,10,5,58030687,2856748982586019286
flat-mapped,128,10000,10,6,58264576,2856748982586019286
flat-heap,512,10000,10,0,52545301,-6734652578439422782
flat-heap,512,10000,10,1,51737186,-6734652578439422782
flat-heap,512,10000,10,2,52827810,-6734652578439422782
flat-heap,512,10000,10,3,51477019,-6734652578439422782
flat-heap,512,10000,10,4,52500936,-6734652578439422782
flat-heap,512,10000,10,5,51720906,-6734652578439422782
flat-heap,512,10000,10,6,51932283,-6734652578439422782
flat-heap-batch,512,10000,10,0,38861313,-6734652578439422782
flat-heap-batch,512,10000,10,1,38441718,-6734652578439422782
flat-heap-batch,512,10000,10,2,38864569,-6734652578439422782
flat-heap-batch,512,10000,10,3,38679061,-6734652578439422782
flat-heap-batch,512,10000,10,4,38687968,-6734652578439422782
flat-heap-batch,512,10000,10,5,39640263,-6734652578439422782
flat-heap-batch,512,10000,10,6,38685343,-6734652578439422782
flat-mapped,512,10000,10,0,116871948,-6734652578439422782
flat-mapped,512,10000,10,1,116809374,-6734652578439422782
flat-mapped,512,10000,10,2,118870106,-6734652578439422782
flat-mapped,512,10000,10,3,116847727,-6734652578439422782
flat-mapped,512,10000,10,4,117562115,-6734652578439422782
flat-mapped,512,10000,10,5,116569355,-6734652578439422782
flat-mapped,512,10000,10,6,116867815,-6734652578439422782
flat-heap,768,10000,10,0,91175066,8873259548146981865
flat-heap,768,10000,10,1,92442361,8873259548146981865
flat-heap,768,10000,10,2,91900254,8873259548146981865
flat-heap,768,10000,10,3,94916627,8873259548146981865
flat-heap,768,10000,10,4,93554324,8873259548146981865
flat-heap,768,10000,10,5,95681421,8873259548146981865
flat-heap,768,10000,10,6,94092403,8873259548146981865
flat-heap-batch,768,10000,10,0,51946964,8873259548146981865
flat-heap-batch,768,10000,10,1,51792926,8873259548146981865
flat-heap-batch,768,10000,10,2,51892442,8873259548146981865
flat-heap-batch,768,10000,10,3,52190291,8873259548146981865
flat-heap-batch,768,10000,10,4,51877856,8873259548146981865
flat-heap-batch,768,10000,10,5,52148612,8873259548146981865
flat-heap-batch,768,10000,10,6,52046792,8873259548146981865
flat-mapped,768,10000,10,0,167806241,8873259548146981865
flat-mapped,768,10000,10,1,181272563,8873259548146981865
flat-mapped,768,10000,10,2,185369360,8873259548146981865
flat-mapped,768,10000,10,3,185074148,8873259548146981865
flat-mapped,768,10000,10,4,189309075,8873259548146981865
flat-mapped,768,10000,10,5,187201315,8873259548146981865
flat-mapped,768,10000,10,6,187376894,8873259548146981865
hnsw-32,128,20000,10,0,66992860,-8965548529813746199
hnsw-32,128,20000,10,1,60918489,-8965548529813746199
hnsw-32,128,20000,10,2,45626223,-8965548529813746199
hnsw-32,128,20000,10,3,45282872,-8965548529813746199
hnsw-32,128,20000,10,4,45753031,-8965548529813746199
hnsw-32,128,20000,10,5,45661280,-8965548529813746199
hnsw-32,128,20000,10,6,44759331,-8965548529813746199
hnsw-32-filtered,128,20000,10,0,109991514,-2943556043748503893
hnsw-32-filtered,128,20000,10,1,111523877,-2943556043748503893
hnsw-32-filtered,128,20000,10,2,105298090,-2943556043748503893
hnsw-32-filtered,128,20000,10,3,105187112,-2943556043748503893
hnsw-32-filtered,128,20000,10,4,104655818,-2943556043748503893
hnsw-32-filtered,128,20000,10,5,103643792,-2943556043748503893
hnsw-32-filtered,128,20000,10,6,105291038,-2943556043748503893
hnsw-128,128,20000,10,0,147166196,7563515052669685445
hnsw-128,128,20000,10,1,147106516,7563515052669685445
hnsw-128,128,20000,10,2,146800611,7563515052669685445
hnsw-128,128,20000,10,3,150510934,7563515052669685445
hnsw-128,128,20000,10,4,151725139,7563515052669685445
hnsw-128,128,20000,10,5,145707745,7563515052669685445
hnsw-128,128,20000,10,6,144474113,7563515052669685445
hnsw-128-filtered,128,20000,10,0,346839755,35214458634541167
hnsw-128-filtered,128,20000,10,1,354362165,35214458634541167
hnsw-128-filtered,128,20000,10,2,350692389,35214458634541167
hnsw-128-filtered,128,20000,10,3,366088489,35214458634541167
hnsw-128-filtered,128,20000,10,4,371084276,35214458634541167
hnsw-128-filtered,128,20000,10,5,372829175,35214458634541167
hnsw-128-filtered,128,20000,10,6,362264379,35214458634541167
hnsw-512,128,20000,10,0,554546286,3315659479492244430
hnsw-512,128,20000,10,1,552241312,3315659479492244430
hnsw-512,128,20000,10,2,553560015,3315659479492244430
hnsw-512,128,20000,10,3,554887899,3315659479492244430
hnsw-512,128,20000,10,4,547447327,3315659479492244430
hnsw-512,128,20000,10,5,545513599,3315659479492244430
hnsw-512,128,20000,10,6,551128654,3315659479492244430
hnsw-512-filtered,128,20000,10,0,1049932943,4526840408469776386
hnsw-512-filtered,128,20000,10,1,1047920662,4526840408469776386
hnsw-512-filtered,128,20000,10,2,1054201101,4526840408469776386
hnsw-512-filtered,128,20000,10,3,1069724333,4526840408469776386
hnsw-512-filtered,128,20000,10,4,1042428887,4526840408469776386
hnsw-512-filtered,128,20000,10,5,1054538681,4526840408469776386
hnsw-512-filtered,128,20000,10,6,1033915961,4526840408469776386
SEARCHER_ALLOCATION_BYTES=85976
