WARNING: Using incubator modules: jdk.incubator.vector
workload,dimensions,rows,k,round,nanos,result_digest
Oct 03, 2026 11:27:25 PM com.integrallis.vectors.core.PanamaVectorUtilSupportProvider create
INFO: vectors-core: Using Panama Vector API SIMD provider (vector bits: 256)
Oct 03, 2026 11:27:25 PM com.integrallis.vectors.core.VectorizationProvider logActiveToggles
INFO: vectors-core: provider=PanamaVectorUtilSupport panama=true maxBits=256 preferredBits=256 fastVectorFMA=true fastScalarFMA=true sve=false ggufParallel=true ggufParallelThreshold=1048576 ggufExecutor=persistent ggufThreads=2 ggufChunksPerThread=2 mappedKQuantLongOffsets=auto(q4=true,q5=false,q6=false) q4ShortPairwiseSupported=true q4UnsignedPairwiseSupported=true toggles=[(defaults — no -Dvectors.* overrides)]
flat-heap,128,10000,10,0,20669997,2856748982586019286
flat-heap,128,10000,10,1,19893773,2856748982586019286
flat-heap,128,10000,10,2,20597611,2856748982586019286
flat-heap,128,10000,10,3,20637557,2856748982586019286
flat-heap,128,10000,10,4,20526288,2856748982586019286
flat-heap,128,10000,10,5,20591031,2856748982586019286
flat-heap,128,10000,10,6,20773060,2856748982586019286
flat-heap-batch,128,10000,10,0,15529975,2856748982586019286
flat-heap-batch,128,10000,10,1,15042320,2856748982586019286
flat-heap-batch,128,10000,10,2,15005412,2856748982586019286
flat-heap-batch,128,10000,10,3,14904372,2856748982586019286
flat-heap-batch,128,10000,10,4,16960114,2856748982586019286
flat-heap-batch,128,10000,10,5,15027383,2856748982586019286
flat-heap-batch,128,10000,10,6,14904733,2856748982586019286
flat-mapped,128,10000,10,0,59128302,2856748982586019286
flat-mapped,128,10000,10,1,63724939,2856748982586019286
flat-mapped,128,10000,10,2,45889813,2856748982586019286
flat-mapped,128,10000,10,3,44493947,2856748982586019286
flat-mapped,128,10000,10,4,46110917,2856748982586019286
flat-mapped,128,10000,10,5,44354494,2856748982586019286
flat-mapped,128,10000,10,6,44655559,2856748982586019286
flat-heap,512,10000,10,0,67807830,-6734652578439422782
flat-heap,512,10000,10,1,67651247,-6734652578439422782
flat-heap,512,10000,10,2,67991123,-6734652578439422782
flat-heap,512,10000,10,3,68864599,-6734652578439422782
flat-heap,512,10000,10,4,68212407,-6734652578439422782
flat-heap,512,10000,10,5,68092232,-6734652578439422782
flat-heap,512,10000,10,6,67722610,-6734652578439422782
flat-heap-batch,512,10000,10,0,38629725,-6734652578439422782
flat-heap-batch,512,10000,10,1,38532355,-6734652578439422782
flat-heap-batch,512,10000,10,2,38755482,-6734652578439422782
flat-heap-batch,512,10000,10,3,38667869,-6734652578439422782
flat-heap-batch,512,10000,10,4,39007084,-6734652578439422782
flat-heap-batch,512,10000,10,5,38811356,-6734652578439422782
flat-heap-batch,512,10000,10,6,38744802,-6734652578439422782
flat-mapped,512,10000,10,0,118233044,-6734652578439422782
flat-mapped,512,10000,10,1,118157222,-6734652578439422782
flat-mapped,512,10000,10,2,117909208,-6734652578439422782
flat-mapped,512,10000,10,3,118085828,-6734652578439422782
flat-mapped,512,10000,10,4,118022559,-6734652578439422782
flat-mapped,512,10000,10,5,117515600,-6734652578439422782
flat-mapped,512,10000,10,6,117742163,-6734652578439422782
flat-heap,768,10000,10,0,86191674,8873259548146981865
flat-heap,768,10000,10,1,92487663,8873259548146981865
flat-heap,768,10000,10,2,92923010,8873259548146981865
flat-heap,768,10000,10,3,93508939,8873259548146981865
flat-heap,768,10000,10,4,91360763,8873259548146981865
flat-heap,768,10000,10,5,93140417,8873259548146981865
flat-heap,768,10000,10,6,90607472,8873259548146981865
flat-heap-batch,768,10000,10,0,51856907,8873259548146981865
flat-heap-batch,768,10000,10,1,51864512,8873259548146981865
flat-heap-batch,768,10000,10,2,51938501,8873259548146981865
flat-heap-batch,768,10000,10,3,51713578,8873259548146981865
flat-heap-batch,768,10000,10,4,51967614,8873259548146981865
flat-heap-batch,768,10000,10,5,51679745,8873259548146981865
flat-heap-batch,768,10000,10,6,55802091,8873259548146981865
flat-mapped,768,10000,10,0,187410796,8873259548146981865
flat-mapped,768,10000,10,1,188496290,8873259548146981865
flat-mapped,768,10000,10,2,188105509,8873259548146981865
flat-mapped,768,10000,10,3,190067315,8873259548146981865
flat-mapped,768,10000,10,4,186320324,8873259548146981865
flat-mapped,768,10000,10,5,186537480,8873259548146981865
flat-mapped,768,10000,10,6,188603563,8873259548146981865
hnsw-32,128,20000,10,0,51108354,-8965548529813746199
hnsw-32,128,20000,10,1,54103910,-8965548529813746199
hnsw-32,128,20000,10,2,46001023,-8965548529813746199
hnsw-32,128,20000,10,3,44850417,-8965548529813746199
hnsw-32,128,20000,10,4,44647177,-8965548529813746199
hnsw-32,128,20000,10,5,44878650,-8965548529813746199
hnsw-32,128,20000,10,6,45194892,-8965548529813746199
hnsw-32-filtered,128,20000,10,0,110955448,-2943556043748503893
hnsw-32-filtered,128,20000,10,1,113490830,-2943556043748503893
hnsw-32-filtered,128,20000,10,2,106722516,-2943556043748503893
hnsw-32-filtered,128,20000,10,3,105731177,-2943556043748503893
hnsw-32-filtered,128,20000,10,4,104645944,-2943556043748503893
hnsw-32-filtered,128,20000,10,5,106484299,-2943556043748503893
hnsw-32-filtered,128,20000,10,6,104855236,-2943556043748503893
hnsw-128,128,20000,10,0,153950801,7563515052669685445
hnsw-128,128,20000,10,1,157225889,7563515052669685445
hnsw-128,128,20000,10,2,158309169,7563515052669685445
hnsw-128,128,20000,10,3,158935223,7563515052669685445
hnsw-128,128,20000,10,4,161373021,7563515052669685445
hnsw-128,128,20000,10,5,157120601,7563515052669685445
hnsw-128,128,20000,10,6,157269100,7563515052669685445
hnsw-128-filtered,128,20000,10,0,362872730,35214458634541167
hnsw-128-filtered,128,20000,10,1,365281586,35214458634541167
hnsw-128-filtered,128,20000,10,2,362496996,35214458634541167
hnsw-128-filtered,128,20000,10,3,367304478,35214458634541167
hnsw-128-filtered,128,20000,10,4,373244461,35214458634541167
hnsw-128-filtered,128,20000,10,5,381296923,35214458634541167
hnsw-128-filtered,128,20000,10,6,363858221,35214458634541167
hnsw-512,128,20000,10,0,554331327,3315659479492244430
hnsw-512,128,20000,10,1,550083671,3315659479492244430
hnsw-512,128,20000,10,2,557920946,3315659479492244430
hnsw-512,128,20000,10,3,550580247,3315659479492244430
hnsw-512,128,20000,10,4,553126408,3315659479492244430
hnsw-512,128,20000,10,5,556571453,3315659479492244430
hnsw-512,128,20000,10,6,569868213,3315659479492244430
hnsw-512-filtered,128,20000,10,0,1050149015,4526840408469776386
hnsw-512-filtered,128,20000,10,1,1033259996,4526840408469776386
hnsw-512-filtered,128,20000,10,2,1001338329,4526840408469776386
hnsw-512-filtered,128,20000,10,3,1018008352,4526840408469776386
hnsw-512-filtered,128,20000,10,4,1039298379,4526840408469776386
hnsw-512-filtered,128,20000,10,5,1055194401,4526840408469776386
hnsw-512-filtered,128,20000,10,6,1046182920,4526840408469776386
SEARCHER_ALLOCATION_BYTES=85976
