WARNING: Using incubator modules: jdk.incubator.vector
workload,dimensions,rows,k,round,nanos,result_digest
Oct 03, 2026 11:29:21 PM com.integrallis.vectors.core.PanamaVectorUtilSupportProvider create
INFO: vectors-core: Using Panama Vector API SIMD provider (vector bits: 256)
Oct 03, 2026 11:29:21 PM com.integrallis.vectors.core.VectorizationProvider logActiveToggles
INFO: vectors-core: provider=PanamaVectorUtilSupport panama=true maxBits=256 preferredBits=256 fastVectorFMA=true fastScalarFMA=true sve=false ggufParallel=true ggufParallelThreshold=1048576 ggufExecutor=persistent ggufThreads=2 ggufChunksPerThread=2 mappedKQuantLongOffsets=auto(q4=true,q5=false,q6=false) q4ShortPairwiseSupported=true q4UnsignedPairwiseSupported=true toggles=[(defaults — no -Dvectors.* overrides)]
flat-heap,128,10000,10,0,20029498,2856748982586019286
flat-heap,128,10000,10,1,19936675,2856748982586019286
flat-heap,128,10000,10,2,20116460,2856748982586019286
flat-heap,128,10000,10,3,20108155,2856748982586019286
flat-heap,128,10000,10,4,19927678,2856748982586019286
flat-heap,128,10000,10,5,20172805,2856748982586019286
flat-heap,128,10000,10,6,20187902,2856748982586019286
flat-heap-batch,128,10000,10,0,15437086,2856748982586019286
flat-heap-batch,128,10000,10,1,15056107,2856748982586019286
flat-heap-batch,128,10000,10,2,14998729,2856748982586019286
flat-heap-batch,128,10000,10,3,14908501,2856748982586019286
flat-heap-batch,128,10000,10,4,16696141,2856748982586019286
flat-heap-batch,128,10000,10,5,15037983,2856748982586019286
flat-heap-batch,128,10000,10,6,14877635,2856748982586019286
flat-mapped,128,10000,10,0,59093364,2856748982586019286
flat-mapped,128,10000,10,1,58803505,2856748982586019286
flat-mapped,128,10000,10,2,60599469,2856748982586019286
flat-mapped,128,10000,10,3,59105636,2856748982586019286
flat-mapped,128,10000,10,4,60572970,2856748982586019286
flat-mapped,128,10000,10,5,58766846,2856748982586019286
flat-mapped,128,10000,10,6,59043341,2856748982586019286
flat-heap,512,10000,10,0,54433321,-6734652578439422782
flat-heap,512,10000,10,1,54946378,-6734652578439422782
flat-heap,512,10000,10,2,55686145,-6734652578439422782
flat-heap,512,10000,10,3,53591964,-6734652578439422782
flat-heap,512,10000,10,4,55520285,-6734652578439422782
flat-heap,512,10000,10,5,56480493,-6734652578439422782
flat-heap,512,10000,10,6,56912118,-6734652578439422782
flat-heap-batch,512,10000,10,0,39809094,-6734652578439422782
flat-heap-batch,512,10000,10,1,39912607,-6734652578439422782
flat-heap-batch,512,10000,10,2,40254273,-6734652578439422782
flat-heap-batch,512,10000,10,3,39680354,-6734652578439422782
flat-heap-batch,512,10000,10,4,40142556,-6734652578439422782
flat-heap-batch,512,10000,10,5,39298869,-6734652578439422782
flat-heap-batch,512,10000,10,6,39070433,-6734652578439422782
flat-mapped,512,10000,10,0,119445875,-6734652578439422782
flat-mapped,512,10000,10,1,119760401,-6734652578439422782
flat-mapped,512,10000,10,2,119520745,-6734652578439422782
flat-mapped,512,10000,10,3,117268728,-6734652578439422782
flat-mapped,512,10000,10,4,117231300,-6734652578439422782
flat-mapped,512,10000,10,5,117170505,-6734652578439422782
flat-mapped,512,10000,10,6,117277633,-6734652578439422782
flat-heap,768,10000,10,0,100092015,8873259548146981865
flat-heap,768,10000,10,1,99819138,8873259548146981865
flat-heap,768,10000,10,2,100722241,8873259548146981865
flat-heap,768,10000,10,3,100166876,8873259548146981865
flat-heap,768,10000,10,4,99908283,8873259548146981865
flat-heap,768,10000,10,5,100515826,8873259548146981865
flat-heap,768,10000,10,6,99659320,8873259548146981865
flat-heap-batch,768,10000,10,0,51135489,8873259548146981865
flat-heap-batch,768,10000,10,1,50811034,8873259548146981865
flat-heap-batch,768,10000,10,2,50940085,8873259548146981865
flat-heap-batch,768,10000,10,3,51315744,8873259548146981865
flat-heap-batch,768,10000,10,4,51221278,8873259548146981865
flat-heap-batch,768,10000,10,5,50696110,8873259548146981865
flat-heap-batch,768,10000,10,6,50760510,8873259548146981865
flat-mapped,768,10000,10,0,190051448,8873259548146981865
flat-mapped,768,10000,10,1,188879864,8873259548146981865
flat-mapped,768,10000,10,2,189627198,8873259548146981865
flat-mapped,768,10000,10,3,187702351,8873259548146981865
flat-mapped,768,10000,10,4,189761807,8873259548146981865
flat-mapped,768,10000,10,5,190304039,8873259548146981865
flat-mapped,768,10000,10,6,190252492,8873259548146981865
hnsw-32,128,20000,10,0,50623296,-8965548529813746199
hnsw-32,128,20000,10,1,53650598,-8965548529813746199
hnsw-32,128,20000,10,2,45961909,-8965548529813746199
hnsw-32,128,20000,10,3,44910351,-8965548529813746199
hnsw-32,128,20000,10,4,45720829,-8965548529813746199
hnsw-32,128,20000,10,5,45126533,-8965548529813746199
hnsw-32,128,20000,10,6,44962506,-8965548529813746199
hnsw-32-filtered,128,20000,10,0,110904315,-2943556043748503893
hnsw-32-filtered,128,20000,10,1,112588489,-2943556043748503893
hnsw-32-filtered,128,20000,10,2,106648999,-2943556043748503893
hnsw-32-filtered,128,20000,10,3,108342414,-2943556043748503893
hnsw-32-filtered,128,20000,10,4,112263212,-2943556043748503893
hnsw-32-filtered,128,20000,10,5,111972841,-2943556043748503893
hnsw-32-filtered,128,20000,10,6,111929570,-2943556043748503893
hnsw-128,128,20000,10,0,153317144,7563515052669685445
hnsw-128,128,20000,10,1,152990706,7563515052669685445
hnsw-128,128,20000,10,2,154368335,7563515052669685445
hnsw-128,128,20000,10,3,154558588,7563515052669685445
hnsw-128,128,20000,10,4,154138501,7563515052669685445
hnsw-128,128,20000,10,5,153193380,7563515052669685445
hnsw-128,128,20000,10,6,154010102,7563515052669685445
hnsw-128-filtered,128,20000,10,0,370929153,35214458634541167
hnsw-128-filtered,128,20000,10,1,367744417,35214458634541167
hnsw-128-filtered,128,20000,10,2,358297137,35214458634541167
hnsw-128-filtered,128,20000,10,3,364023075,35214458634541167
hnsw-128-filtered,128,20000,10,4,369213760,35214458634541167
hnsw-128-filtered,128,20000,10,5,369050755,35214458634541167
hnsw-128-filtered,128,20000,10,6,362970264,35214458634541167
hnsw-512,128,20000,10,0,545172425,3315659479492244430
hnsw-512,128,20000,10,1,552427834,3315659479492244430
hnsw-512,128,20000,10,2,545320459,3315659479492244430
hnsw-512,128,20000,10,3,542442604,3315659479492244430
hnsw-512,128,20000,10,4,547924928,3315659479492244430
hnsw-512,128,20000,10,5,550869698,3315659479492244430
hnsw-512,128,20000,10,6,543008160,3315659479492244430
hnsw-512-filtered,128,20000,10,0,990568421,4526840408469776386
hnsw-512-filtered,128,20000,10,1,996986718,4526840408469776386
hnsw-512-filtered,128,20000,10,2,1009918223,4526840408469776386
hnsw-512-filtered,128,20000,10,3,1001245261,4526840408469776386
hnsw-512-filtered,128,20000,10,4,1021995071,4526840408469776386
hnsw-512-filtered,128,20000,10,5,1009401193,4526840408469776386
hnsw-512-filtered,128,20000,10,6,1016877073,4526840408469776386
SEARCHER_ALLOCATION_BYTES=85976
