WARNING: Using incubator modules: jdk.incubator.vector
Oct 04, 2026 1:20:52 PM com.integrallis.vectors.core.PanamaVectorUtilSupportProvider create
INFO: vectors-core: Using Panama Vector API SIMD provider (vector bits: 256)
Oct 04, 2026 1:20:52 PM com.integrallis.vectors.core.VectorizationProvider logActiveToggles
INFO: vectors-core: provider=PanamaVectorUtilSupport panama=true maxBits=256 preferredBits=256 fastVectorFMA=true fastScalarFMA=true sve=false ggufParallel=true ggufParallelThreshold=1048576 ggufExecutor=persistent ggufThreads=8 ggufChunksPerThread=2 mappedKQuantLongOffsets=auto(q4=true,q5=false,q6=false) q4ShortPairwiseSupported=true q4UnsignedPairwiseSupported=true toggles=[(defaults — no -Dvectors.* overrides)]
WARMUP,fashion-flat-public-single,12,4100364887
ALLOCATION,fashion-flat-public-single,34624,32
RESULT,fashion-flat-public-single,0,325487061,-3449808930485460012,32
RESULT,fashion-flat-public-single,1,329574723,-3449808930485460012,32
RESULT,fashion-flat-public-single,2,327538807,-3449808930485460012,32
RESULT,fashion-flat-public-single,3,327814553,-3449808930485460012,32
RESULT,fashion-flat-public-single,4,327420564,-3449808930485460012,32
RESULT,fashion-flat-public-single,5,327805126,-3449808930485460012,32
RESULT,fashion-flat-public-single,6,327999752,-3449808930485460012,32
WARMUP,fashion-flat-public-batch4,255,3000053765
ALLOCATION,fashion-flat-public-batch4,2480,4
RESULT,fashion-flat-public-batch4,0,11565824,3519200865979862387,4
RESULT,fashion-flat-public-batch4,1,11668706,3519200865979862387,4
RESULT,fashion-flat-public-batch4,2,11777339,3519200865979862387,4
RESULT,fashion-flat-public-batch4,3,11708530,3519200865979862387,4
RESULT,fashion-flat-public-batch4,4,11693101,3519200865979862387,4
RESULT,fashion-flat-public-batch4,5,11670549,3519200865979862387,4
RESULT,fashion-flat-public-batch4,6,11740360,3519200865979862387,4
WARMUP,fashion-flat-public-batch16,100,3024578037
ALLOCATION,fashion-flat-public-batch16,8176,16
RESULT,fashion-flat-public-batch16,0,29661170,-5621565102746882368,16
RESULT,fashion-flat-public-batch16,1,29667331,-5621565102746882368,16
RESULT,fashion-flat-public-batch16,2,29447770,-5621565102746882368,16
RESULT,fashion-flat-public-batch16,3,29566944,-5621565102746882368,16
RESULT,fashion-flat-public-batch16,4,29465364,-5621565102746882368,16
RESULT,fashion-flat-public-batch16,5,29368181,-5621565102746882368,16
RESULT,fashion-flat-public-batch16,6,29382028,-5621565102746882368,16
WARMUP,fashion-flat-public-batch32,52,3036146052
ALLOCATION,fashion-flat-public-batch32,15608,32
RESULT,fashion-flat-public-batch32,0,57886650,-3449808930485460012,32
RESULT,fashion-flat-public-batch32,1,58222248,-3449808930485460012,32
RESULT,fashion-flat-public-batch32,2,58096572,-3449808930485460012,32
RESULT,fashion-flat-public-batch32,3,57988761,-3449808930485460012,32
RESULT,fashion-flat-public-batch32,4,58441680,-3449808930485460012,32
RESULT,fashion-flat-public-batch32,5,58334439,-3449808930485460012,32
RESULT,fashion-flat-public-batch32,6,58202231,-3449808930485460012,32
WARMUP,fashion-flat-independent4,260,3004275730
ALLOCATION,fashion-flat-independent4,728,4
RESULT,fashion-flat-independent4,0,11497194,3519200865979862387,4
RESULT,fashion-flat-independent4,1,11581572,3519200865979862387,4
RESULT,fashion-flat-independent4,2,11457699,3519200865979862387,4
RESULT,fashion-flat-independent4,3,11497895,3519200865979862387,4
RESULT,fashion-flat-independent4,4,11393730,3519200865979862387,4
RESULT,fashion-flat-independent4,5,11498336,3519200865979862387,4
RESULT,fashion-flat-independent4,6,11394340,3519200865979862387,4
WARMUP,fashion-flat-independent16,68,3003325449
ALLOCATION,fashion-flat-independent16,2304,16
RESULT,fashion-flat-independent16,0,39604222,-5621565102746882368,16
RESULT,fashion-flat-independent16,1,44899223,-5621565102746882368,16
RESULT,fashion-flat-independent16,2,40322887,-5621565102746882368,16
RESULT,fashion-flat-independent16,3,51226689,-5621565102746882368,16
RESULT,fashion-flat-independent16,4,47966722,-5621565102746882368,16
RESULT,fashion-flat-independent16,5,44461874,-5621565102746882368,16
RESULT,fashion-flat-independent16,6,44507138,-5621565102746882368,16
