WARNING: Using incubator modules: jdk.incubator.vector
Oct 04, 2026 11:33:16 AM com.integrallis.vectors.core.PanamaVectorUtilSupportProvider create
INFO: vectors-core: Using Panama Vector API SIMD provider (vector bits: 256)
Oct 04, 2026 11:33:16 AM com.integrallis.vectors.core.VectorizationProvider logActiveToggles
INFO: vectors-core: provider=PanamaVectorUtilSupport panama=true maxBits=256 preferredBits=256 fastVectorFMA=true fastScalarFMA=true sve=false ggufParallel=true ggufParallelThreshold=1048576 ggufExecutor=persistent ggufThreads=8 ggufChunksPerThread=2 mappedKQuantLongOffsets=auto(q4=true,q5=false,q6=false) q4ShortPairwiseSupported=true q4UnsignedPairwiseSupported=true toggles=[(defaults — no -Dvectors.* overrides)]
WARMUP,dbpedia-flat-public-single,12,7765450933
RESULT,dbpedia-flat-public-single,0,641066245,6760023043858905683,32
RESULT,dbpedia-flat-public-single,1,627878681,6760023043858905683,32
RESULT,dbpedia-flat-public-single,2,630996261,6760023043858905683,32
RESULT,dbpedia-flat-public-single,3,626511295,6760023043858905683,32
RESULT,dbpedia-flat-public-single,4,629348302,6760023043858905683,32
RESULT,dbpedia-flat-public-single,5,627506226,6760023043858905683,32
RESULT,dbpedia-flat-public-single,6,630274354,6760023043858905683,32
WARMUP,dbpedia-flat-public-batch32,61,3014848661
RESULT,dbpedia-flat-public-batch32,0,44779698,6760023043858905683,32
RESULT,dbpedia-flat-public-batch32,1,50396918,6760023043858905683,32
RESULT,dbpedia-flat-public-batch32,2,49031045,6760023043858905683,32
RESULT,dbpedia-flat-public-batch32,3,45377746,6760023043858905683,32
RESULT,dbpedia-flat-public-batch32,4,52306587,6760023043858905683,32
RESULT,dbpedia-flat-public-batch32,5,44587540,6760023043858905683,32
RESULT,dbpedia-flat-public-batch32,6,44828489,6760023043858905683,32
