WARNING: Using incubator modules: jdk.incubator.vector
Oct 04, 2026 11:36:54 AM com.integrallis.vectors.core.PanamaVectorUtilSupportProvider create
INFO: vectors-core: Using Panama Vector API SIMD provider (vector bits: 256)
Oct 04, 2026 11:36:54 AM com.integrallis.vectors.core.VectorizationProvider logActiveToggles
INFO: vectors-core: provider=PanamaVectorUtilSupport panama=true maxBits=256 preferredBits=256 fastVectorFMA=true fastScalarFMA=true sve=false ggufParallel=true ggufParallelThreshold=1048576 ggufExecutor=persistent ggufThreads=8 ggufChunksPerThread=2 mappedKQuantLongOffsets=auto(q4=true,q5=false,q6=false) q4ShortPairwiseSupported=true q4UnsignedPairwiseSupported=true toggles=[(defaults — no -Dvectors.* overrides)]
WARMUP,fashion-flat-public-single,12,4014538342
RESULT,fashion-flat-public-single,0,318499140,-3449808930485460012,32
RESULT,fashion-flat-public-single,1,316036583,-3449808930485460012,32
RESULT,fashion-flat-public-single,2,317799491,-3449808930485460012,32
RESULT,fashion-flat-public-single,3,316201065,-3449808930485460012,32
RESULT,fashion-flat-public-single,4,315058643,-3449808930485460012,32
RESULT,fashion-flat-public-single,5,318345287,-3449808930485460012,32
RESULT,fashion-flat-public-single,6,318992973,-3449808930485460012,32
WARMUP,fashion-flat-public-batch32,50,3017916640
RESULT,fashion-flat-public-batch32,0,58277034,-3449808930485460012,32
RESULT,fashion-flat-public-batch32,1,61727874,-3449808930485460012,32
RESULT,fashion-flat-public-batch32,2,58048645,-3449808930485460012,32
RESULT,fashion-flat-public-batch32,3,57973876,-3449808930485460012,32
RESULT,fashion-flat-public-batch32,4,67958006,-3449808930485460012,32
RESULT,fashion-flat-public-batch32,5,59312024,-3449808930485460012,32
RESULT,fashion-flat-public-batch32,6,57814517,-3449808930485460012,32
