WARNING: Using incubator modules: jdk.incubator.vector
Oct 04, 2026 11:31:09 AM com.integrallis.vectors.core.PanamaVectorUtilSupportProvider create
INFO: vectors-core: Using Panama Vector API SIMD provider (vector bits: 256)
Oct 04, 2026 11:31:09 AM com.integrallis.vectors.core.VectorizationProvider logActiveToggles
INFO: vectors-core: provider=PanamaVectorUtilSupport panama=true maxBits=256 preferredBits=256 fastVectorFMA=true fastScalarFMA=true sve=false ggufParallel=true ggufParallelThreshold=1048576 ggufExecutor=persistent ggufThreads=8 ggufChunksPerThread=2 mappedKQuantLongOffsets=auto(q4=true,q5=false,q6=false) q4ShortPairwiseSupported=true q4UnsignedPairwiseSupported=true toggles=[(defaults — no -Dvectors.* overrides)]
WARMUP,glove-flat-public-single,16,3151364392
RESULT,glove-flat-public-single,0,180880437,1177092119961519121,32
RESULT,glove-flat-public-single,1,184089912,1177092119961519121,32
RESULT,glove-flat-public-single,2,181594619,1177092119961519121,32
RESULT,glove-flat-public-single,3,183011551,1177092119961519121,32
RESULT,glove-flat-public-single,4,181817840,1177092119961519121,32
RESULT,glove-flat-public-single,5,183398225,1177092119961519121,32
RESULT,glove-flat-public-single,6,183143987,1177092119961519121,32
WARMUP,glove-flat-public-batch32,163,3000884986
RESULT,glove-flat-public-batch32,0,16992879,1177092119961519121,32
RESULT,glove-flat-public-batch32,1,17046839,1177092119961519121,32
RESULT,glove-flat-public-batch32,2,18367229,1177092119961519121,32
RESULT,glove-flat-public-batch32,3,17250061,1177092119961519121,32
RESULT,glove-flat-public-batch32,4,17244519,1177092119961519121,32
RESULT,glove-flat-public-batch32,5,16985023,1177092119961519121,32
RESULT,glove-flat-public-batch32,6,17026592,1177092119961519121,32
