WARNING: Using incubator modules: jdk.incubator.vector
Oct 04, 2026 11:31:17 AM com.integrallis.vectors.core.PanamaVectorUtilSupportProvider create
INFO: vectors-core: Using Panama Vector API SIMD provider (vector bits: 256)
Oct 04, 2026 11:31:17 AM com.integrallis.vectors.core.VectorizationProvider logActiveToggles
INFO: vectors-core: provider=PanamaVectorUtilSupport panama=true maxBits=256 preferredBits=256 fastVectorFMA=true fastScalarFMA=true sve=false ggufParallel=true ggufParallelThreshold=1048576 ggufExecutor=persistent ggufThreads=8 ggufChunksPerThread=2 mappedKQuantLongOffsets=auto(q4=true,q5=false,q6=false) q4ShortPairwiseSupported=true q4UnsignedPairwiseSupported=true toggles=[(defaults — no -Dvectors.* overrides)]
WARMUP,glove-flat-public-single,22,3048885059
RESULT,glove-flat-public-single,0,131578872,1177092119961519121,32
RESULT,glove-flat-public-single,1,129750671,1177092119961519121,32
RESULT,glove-flat-public-single,2,131106817,1177092119961519121,32
RESULT,glove-flat-public-single,3,128740535,1177092119961519121,32
RESULT,glove-flat-public-single,4,129839819,1177092119961519121,32
RESULT,glove-flat-public-single,5,130678473,1177092119961519121,32
RESULT,glove-flat-public-single,6,130999106,1177092119961519121,32
WARMUP,glove-flat-public-batch32,163,3011579433
RESULT,glove-flat-public-batch32,0,17028846,1177092119961519121,32
RESULT,glove-flat-public-batch32,1,17187495,1177092119961519121,32
RESULT,glove-flat-public-batch32,2,20790179,1177092119961519121,32
RESULT,glove-flat-public-batch32,3,17421676,1177092119961519121,32
RESULT,glove-flat-public-batch32,4,17134786,1177092119961519121,32
RESULT,glove-flat-public-batch32,5,16909885,1177092119961519121,32
RESULT,glove-flat-public-batch32,6,16875871,1177092119961519121,32
