WARNING: Using incubator modules: jdk.incubator.vector
Oct 04, 2026 11:31:25 AM com.integrallis.vectors.core.PanamaVectorUtilSupportProvider create
INFO: vectors-core: Using Panama Vector API SIMD provider (vector bits: 256)
Oct 04, 2026 11:31:25 AM com.integrallis.vectors.core.VectorizationProvider logActiveToggles
INFO: vectors-core: provider=PanamaVectorUtilSupport panama=true maxBits=256 preferredBits=256 fastVectorFMA=true fastScalarFMA=true sve=false ggufParallel=true ggufParallelThreshold=1048576 ggufExecutor=persistent ggufThreads=8 ggufChunksPerThread=2 mappedKQuantLongOffsets=auto(q4=true,q5=false,q6=false) q4ShortPairwiseSupported=true q4UnsignedPairwiseSupported=true toggles=[(defaults — no -Dvectors.* overrides)]
WARMUP,glove-hnsw-heap-ef32,239,3009721706
RESULT,glove-hnsw-heap-ef32,0,40990842,968596850537911539,1024
RESULT,glove-hnsw-heap-ef32,1,41242413,968596850537911539,1024
RESULT,glove-hnsw-heap-ef32,2,41438172,968596850537911539,1024
RESULT,glove-hnsw-heap-ef32,3,41140622,968596850537911539,1024
RESULT,glove-hnsw-heap-ef32,4,41069730,968596850537911539,1024
RESULT,glove-hnsw-heap-ef32,5,41235791,968596850537911539,1024
RESULT,glove-hnsw-heap-ef32,6,40992686,968596850537911539,1024
WARMUP,glove-hnsw-heap-ef128,81,3002668076
RESULT,glove-hnsw-heap-ef128,0,144554113,-2514401863691559910,1024
RESULT,glove-hnsw-heap-ef128,1,141481594,-2514401863691559910,1024
RESULT,glove-hnsw-heap-ef128,2,144516531,-2514401863691559910,1024
RESULT,glove-hnsw-heap-ef128,3,146788318,-2514401863691559910,1024
RESULT,glove-hnsw-heap-ef128,4,148696189,-2514401863691559910,1024
RESULT,glove-hnsw-heap-ef128,5,144423730,-2514401863691559910,1024
RESULT,glove-hnsw-heap-ef128,6,144474615,-2514401863691559910,1024
WARMUP,glove-hnsw-heap-ef512,24,3013749084
RESULT,glove-hnsw-heap-ef512,0,497951996,2109002028201814438,1024
RESULT,glove-hnsw-heap-ef512,1,485021594,2109002028201814438,1024
RESULT,glove-hnsw-heap-ef512,2,496500523,2109002028201814438,1024
RESULT,glove-hnsw-heap-ef512,3,485989405,2109002028201814438,1024
RESULT,glove-hnsw-heap-ef512,4,501413360,2109002028201814438,1024
RESULT,glove-hnsw-heap-ef512,5,487988050,2109002028201814438,1024
RESULT,glove-hnsw-heap-ef512,6,480632611,2109002028201814438,1024
WARMUP,glove-hnsw-heap-filtered128,16,3043813639
RESULT,glove-hnsw-heap-filtered128,0,821059858,4487054836497175703,1024
RESULT,glove-hnsw-heap-filtered128,1,818472147,4487054836497175703,1024
RESULT,glove-hnsw-heap-filtered128,2,709765293,4487054836497175703,1024
RESULT,glove-hnsw-heap-filtered128,3,658728740,4487054836497175703,1024
RESULT,glove-hnsw-heap-filtered128,4,656627428,4487054836497175703,1024
RESULT,glove-hnsw-heap-filtered128,5,662626614,4487054836497175703,1024
RESULT,glove-hnsw-heap-filtered128,6,659274402,4487054836497175703,1024
