WARNING: Using incubator modules: jdk.incubator.vector
Oct 04, 2026 1:22:07 AM com.integrallis.vectors.core.PanamaVectorUtilSupportProvider create
INFO: vectors-core: Using Panama Vector API SIMD provider (vector bits: 256)
Oct 04, 2026 1:22:07 AM com.integrallis.vectors.core.VectorizationProvider logActiveToggles
INFO: vectors-core: provider=PanamaVectorUtilSupport panama=true maxBits=256 preferredBits=256 fastVectorFMA=true fastScalarFMA=true sve=false ggufParallel=true ggufParallelThreshold=1048576 ggufExecutor=persistent ggufThreads=8 ggufChunksPerThread=2 mappedKQuantLongOffsets=auto(q4=true,q5=false,q6=false) q4ShortPairwiseSupported=true q4UnsignedPairwiseSupported=true toggles=[(defaults — no -Dvectors.* overrides)]
BUILD,20000,8,42,EUCLIDEAN,2519584818,06251a4dbd361b7b2fc8d7b8c2957683955c80960c6ea131a9ac162afd2ef737
RECALL,32,2557,2560,0.99882813
SEARCH,32,0,21258323,7485865783781081837
SEARCH,32,1,21042429,7485865783781081837
SEARCH,32,2,31084998,7485865783781081837
SEARCH,32,3,21235098,7485865783781081837
SEARCH,32,4,21076800,7485865783781081837
SEARCH,32,5,21403352,7485865783781081837
SEARCH,32,6,20766885,7485865783781081837
RECALL,128,2559,2560,0.99960938
SEARCH,128,0,54264111,-2276157913877774479
SEARCH,128,1,53266350,-2276157913877774479
SEARCH,128,2,53342034,-2276157913877774479
SEARCH,128,3,53944821,-2276157913877774479
SEARCH,128,4,53096585,-2276157913877774479
SEARCH,128,5,53607834,-2276157913877774479
SEARCH,128,6,53870828,-2276157913877774479
RECALL,512,2559,2560,0.99960938
SEARCH,512,0,155021586,-2276157913877774479
SEARCH,512,1,157809098,-2276157913877774479
SEARCH,512,2,153624206,-2276157913877774479
SEARCH,512,3,153963236,-2276157913877774479
SEARCH,512,4,155547798,-2276157913877774479
SEARCH,512,5,157214273,-2276157913877774479
SEARCH,512,6,154676449,-2276157913877774479
