WARNING: Using incubator modules: jdk.incubator.vector
Oct 04, 2026 1:20:11 AM com.integrallis.vectors.core.PanamaVectorUtilSupportProvider create
INFO: vectors-core: Using Panama Vector API SIMD provider (vector bits: 256)
Oct 04, 2026 1:20:11 AM com.integrallis.vectors.core.VectorizationProvider logActiveToggles
INFO: vectors-core: provider=PanamaVectorUtilSupport panama=true maxBits=256 preferredBits=256 fastVectorFMA=true fastScalarFMA=true sve=false ggufParallel=true ggufParallelThreshold=1048576 ggufExecutor=persistent ggufThreads=8 ggufChunksPerThread=2 mappedKQuantLongOffsets=auto(q4=true,q5=false,q6=false) q4ShortPairwiseSupported=true q4UnsignedPairwiseSupported=true toggles=[(defaults — no -Dvectors.* overrides)]
BUILD,20000,1,17,EUCLIDEAN,11372167568,5e17bbac933c3014e23905260eff5113dbb6e82c6b9221d1d6a5df41195c4946
RECALL,32,2557,2560,0.99882813
SEARCH,32,0,20175385,1976967295611881960
SEARCH,32,1,20199171,1976967295611881960
SEARCH,32,2,30745998,1976967295611881960
SEARCH,32,3,20991643,1976967295611881960
SEARCH,32,4,20678432,1976967295611881960
SEARCH,32,5,21283872,1976967295611881960
SEARCH,32,6,20987566,1976967295611881960
RECALL,128,2560,2560,1.00000000
SEARCH,128,0,52282920,-3561637912514899968
SEARCH,128,1,55459056,-3561637912514899968
SEARCH,128,2,52489261,-3561637912514899968
SEARCH,128,3,52356422,-3561637912514899968
SEARCH,128,4,53808325,-3561637912514899968
SEARCH,128,5,51054173,-3561637912514899968
SEARCH,128,6,52149851,-3561637912514899968
RECALL,512,2560,2560,1.00000000
SEARCH,512,0,152202747,-3561637912514899968
SEARCH,512,1,156605107,-3561637912514899968
SEARCH,512,2,156072646,-3561637912514899968
SEARCH,512,3,155999565,-3561637912514899968
SEARCH,512,4,153909353,-3561637912514899968
SEARCH,512,5,152669429,-3561637912514899968
SEARCH,512,6,155117159,-3561637912514899968
