WARNING: Using incubator modules: jdk.incubator.vector
Oct 04, 2026 1:21:46 AM com.integrallis.vectors.core.PanamaVectorUtilSupportProvider create
INFO: vectors-core: Using Panama Vector API SIMD provider (vector bits: 256)
Oct 04, 2026 1:21:46 AM com.integrallis.vectors.core.VectorizationProvider logActiveToggles
INFO: vectors-core: provider=PanamaVectorUtilSupport panama=true maxBits=256 preferredBits=256 fastVectorFMA=true fastScalarFMA=true sve=false ggufParallel=true ggufParallelThreshold=1048576 ggufExecutor=persistent ggufThreads=8 ggufChunksPerThread=2 mappedKQuantLongOffsets=auto(q4=true,q5=false,q6=false) q4ShortPairwiseSupported=true q4UnsignedPairwiseSupported=true toggles=[(defaults — no -Dvectors.* overrides)]
BUILD,20000,8,17,EUCLIDEAN,2719631058,9b1f1a8153ba4153ac24631a46ef2236f351c289b947f23728203bcb11adf7f9
RECALL,32,2556,2560,0.99843750
SEARCH,32,0,20524139,-6075009947085609537
SEARCH,32,1,20689349,-6075009947085609537
SEARCH,32,2,30691557,-6075009947085609537
SEARCH,32,3,20341015,-6075009947085609537
SEARCH,32,4,21035659,-6075009947085609537
SEARCH,32,5,20617341,-6075009947085609537
SEARCH,32,6,20530219,-6075009947085609537
RECALL,128,2559,2560,0.99960938
SEARCH,128,0,52412796,6833128918497160151
SEARCH,128,1,51843070,6833128918497160151
SEARCH,128,2,51540797,6833128918497160151
SEARCH,128,3,52528330,6833128918497160151
SEARCH,128,4,54767276,6833128918497160151
SEARCH,128,5,54165842,6833128918497160151
SEARCH,128,6,53425319,6833128918497160151
RECALL,512,2559,2560,0.99960938
SEARCH,512,0,149469458,6833128918497160151
SEARCH,512,1,149687436,6833128918497160151
SEARCH,512,2,154193181,6833128918497160151
SEARCH,512,3,149969241,6833128918497160151
SEARCH,512,4,153126206,6833128918497160151
SEARCH,512,5,147960810,6833128918497160151
SEARCH,512,6,151079459,6833128918497160151
