WARNING: Using incubator modules: jdk.incubator.vector
Oct 04, 2026 1:20:49 AM com.integrallis.vectors.core.PanamaVectorUtilSupportProvider create
INFO: vectors-core: Using Panama Vector API SIMD provider (vector bits: 256)
Oct 04, 2026 1:20:49 AM com.integrallis.vectors.core.VectorizationProvider logActiveToggles
INFO: vectors-core: provider=PanamaVectorUtilSupport panama=true maxBits=256 preferredBits=256 fastVectorFMA=true fastScalarFMA=true sve=false ggufParallel=true ggufParallelThreshold=1048576 ggufExecutor=persistent ggufThreads=8 ggufChunksPerThread=2 mappedKQuantLongOffsets=auto(q4=true,q5=false,q6=false) q4ShortPairwiseSupported=true q4UnsignedPairwiseSupported=true toggles=[(defaults — no -Dvectors.* overrides)]
BUILD,20000,1,42,EUCLIDEAN,11370959827,8f54e45dd9fe150974fd354fcc93d1ea7bb134de57f5422f90746e0e3f91bd43
RECALL,32,2558,2560,0.99921875
SEARCH,32,0,20620253,6200385785143956348
SEARCH,32,1,19668173,6200385785143956348
SEARCH,32,2,29334317,6200385785143956348
SEARCH,32,3,19858929,6200385785143956348
SEARCH,32,4,20227304,6200385785143956348
SEARCH,32,5,20287184,6200385785143956348
SEARCH,32,6,20682558,6200385785143956348
RECALL,128,2560,2560,1.00000000
SEARCH,128,0,54363929,-3561637912514899968
SEARCH,128,1,54063969,-3561637912514899968
SEARCH,128,2,53889057,-3561637912514899968
SEARCH,128,3,52858207,-3561637912514899968
SEARCH,128,4,52876664,-3561637912514899968
SEARCH,128,5,53499551,-3561637912514899968
SEARCH,128,6,53798830,-3561637912514899968
RECALL,512,2560,2560,1.00000000
SEARCH,512,0,154592762,-3561637912514899968
SEARCH,512,1,153535401,-3561637912514899968
SEARCH,512,2,152422168,-3561637912514899968
SEARCH,512,3,150917625,-3561637912514899968
SEARCH,512,4,152477300,-3561637912514899968
SEARCH,512,5,149264200,-3561637912514899968
SEARCH,512,6,150842503,-3561637912514899968
