WARNING: Using incubator modules: jdk.incubator.vector
Oct 04, 2026 1:21:27 AM com.integrallis.vectors.core.PanamaVectorUtilSupportProvider create
INFO: vectors-core: Using Panama Vector API SIMD provider (vector bits: 256)
Oct 04, 2026 1:21:27 AM com.integrallis.vectors.core.VectorizationProvider logActiveToggles
INFO: vectors-core: provider=PanamaVectorUtilSupport panama=true maxBits=256 preferredBits=256 fastVectorFMA=true fastScalarFMA=true sve=false ggufParallel=true ggufParallelThreshold=1048576 ggufExecutor=persistent ggufThreads=8 ggufChunksPerThread=2 mappedKQuantLongOffsets=auto(q4=true,q5=false,q6=false) q4ShortPairwiseSupported=true q4UnsignedPairwiseSupported=true toggles=[(defaults — no -Dvectors.* overrides)]
BUILD,20000,1,91,EUCLIDEAN,11526622389,df81a72b0da8841115fd214bc286465abdc88ddcc98adf8cfd849ca6614178eb
RECALL,32,2558,2560,0.99921875
SEARCH,32,0,21019263,6200385785143956348
SEARCH,32,1,19991289,6200385785143956348
SEARCH,32,2,20038270,6200385785143956348
SEARCH,32,3,20451060,6200385785143956348
SEARCH,32,4,19971569,6200385785143956348
SEARCH,32,5,20211970,6200385785143956348
SEARCH,32,6,30178877,6200385785143956348
RECALL,128,2560,2560,1.00000000
SEARCH,128,0,54411572,-3561637912514899968
SEARCH,128,1,53917919,-3561637912514899968
SEARCH,128,2,53796677,-3561637912514899968
SEARCH,128,3,53224727,-3561637912514899968
SEARCH,128,4,53624228,-3561637912514899968
SEARCH,128,5,54060384,-3561637912514899968
SEARCH,128,6,53734564,-3561637912514899968
RECALL,512,2560,2560,1.00000000
SEARCH,512,0,156740622,-3561637912514899968
SEARCH,512,1,158318033,-3561637912514899968
SEARCH,512,2,157372171,-3561637912514899968
SEARCH,512,3,158213346,-3561637912514899968
SEARCH,512,4,158057751,-3561637912514899968
SEARCH,512,5,156831187,-3561637912514899968
SEARCH,512,6,161136350,-3561637912514899968
