WARNING: Using incubator modules: jdk.incubator.vector
Oct 04, 2026 1:20:30 AM com.integrallis.vectors.core.PanamaVectorUtilSupportProvider create
INFO: vectors-core: Using Panama Vector API SIMD provider (vector bits: 256)
Oct 04, 2026 1:20:30 AM com.integrallis.vectors.core.VectorizationProvider logActiveToggles
INFO: vectors-core: provider=PanamaVectorUtilSupport panama=true maxBits=256 preferredBits=256 fastVectorFMA=true fastScalarFMA=true sve=false ggufParallel=true ggufParallelThreshold=1048576 ggufExecutor=persistent ggufThreads=8 ggufChunksPerThread=2 mappedKQuantLongOffsets=auto(q4=true,q5=false,q6=false) q4ShortPairwiseSupported=true q4UnsignedPairwiseSupported=true toggles=[(defaults — no -Dvectors.* overrides)]
BUILD,20000,1,42,EUCLIDEAN,11222517286,8f54e45dd9fe150974fd354fcc93d1ea7bb134de57f5422f90746e0e3f91bd43
RECALL,32,2558,2560,0.99921875
SEARCH,32,0,21351704,6200385785143956348
SEARCH,32,1,21573437,6200385785143956348
SEARCH,32,2,32565144,6200385785143956348
SEARCH,32,3,22306929,6200385785143956348
SEARCH,32,4,20951683,6200385785143956348
SEARCH,32,5,21111553,6200385785143956348
SEARCH,32,6,21043411,6200385785143956348
RECALL,128,2560,2560,1.00000000
SEARCH,128,0,55883975,-3561637912514899968
SEARCH,128,1,53921184,-3561637912514899968
SEARCH,128,2,55196052,-3561637912514899968
SEARCH,128,3,54002397,-3561637912514899968
SEARCH,128,4,53677197,-3561637912514899968
SEARCH,128,5,54484321,-3561637912514899968
SEARCH,128,6,53937098,-3561637912514899968
RECALL,512,2560,2560,1.00000000
SEARCH,512,0,156122340,-3561637912514899968
SEARCH,512,1,157787564,-3561637912514899968
SEARCH,512,2,158235328,-3561637912514899968
SEARCH,512,3,159569164,-3561637912514899968
SEARCH,512,4,157573232,-3561637912514899968
SEARCH,512,5,156565807,-3561637912514899968
SEARCH,512,6,157938242,-3561637912514899968
