WARNING: Using incubator modules: jdk.incubator.vector
Oct 04, 2026 1:22:27 AM com.integrallis.vectors.core.PanamaVectorUtilSupportProvider create
INFO: vectors-core: Using Panama Vector API SIMD provider (vector bits: 256)
Oct 04, 2026 1:22:27 AM com.integrallis.vectors.core.VectorizationProvider logActiveToggles
INFO: vectors-core: provider=PanamaVectorUtilSupport panama=true maxBits=256 preferredBits=256 fastVectorFMA=true fastScalarFMA=true sve=false ggufParallel=true ggufParallelThreshold=1048576 ggufExecutor=persistent ggufThreads=8 ggufChunksPerThread=2 mappedKQuantLongOffsets=auto(q4=true,q5=false,q6=false) q4ShortPairwiseSupported=true q4UnsignedPairwiseSupported=true toggles=[(defaults — no -Dvectors.* overrides)]
BUILD,20000,8,91,EUCLIDEAN,2730070263,5259929104679aa58aa305a07971442847a3f726165ffeb829443076a08db8b7
RECALL,32,2556,2560,0.99843750
SEARCH,32,0,20011670,-1303654397961543174
SEARCH,32,1,20194283,-1303654397961543174
SEARCH,32,2,20835908,-1303654397961543174
SEARCH,32,3,20495326,-1303654397961543174
SEARCH,32,4,20092179,-1303654397961543174
SEARCH,32,5,20290658,-1303654397961543174
SEARCH,32,6,31197617,-1303654397961543174
RECALL,128,2559,2560,0.99960938
SEARCH,128,0,52764165,-3259972503123915012
SEARCH,128,1,52631446,-3259972503123915012
SEARCH,128,2,52890664,-3259972503123915012
SEARCH,128,3,52584935,-3259972503123915012
SEARCH,128,4,52826059,-3259972503123915012
SEARCH,128,5,53182323,-3259972503123915012
SEARCH,128,6,52113287,-3259972503123915012
RECALL,512,2559,2560,0.99960938
SEARCH,512,0,152265853,-3259972503123915012
SEARCH,512,1,152589549,-3259972503123915012
SEARCH,512,2,154924971,-3259972503123915012
SEARCH,512,3,154278821,-3259972503123915012
SEARCH,512,4,153534371,-3259972503123915012
SEARCH,512,5,152112123,-3259972503123915012
SEARCH,512,6,152659194,-3259972503123915012
