WARNING: Using incubator modules: jdk.incubator.vector
Oct 04, 2026 1:19:50 AM com.integrallis.vectors.core.PanamaVectorUtilSupportProvider create
INFO: vectors-core: Using Panama Vector API SIMD provider (vector bits: 256)
Oct 04, 2026 1:19:51 AM com.integrallis.vectors.core.VectorizationProvider logActiveToggles
INFO: vectors-core: provider=PanamaVectorUtilSupport panama=true maxBits=256 preferredBits=256 fastVectorFMA=true fastScalarFMA=true sve=false ggufParallel=true ggufParallelThreshold=1048576 ggufExecutor=persistent ggufThreads=8 ggufChunksPerThread=2 mappedKQuantLongOffsets=auto(q4=true,q5=false,q6=false) q4ShortPairwiseSupported=true q4UnsignedPairwiseSupported=true toggles=[(defaults — no -Dvectors.* overrides)]
BUILD,20000,1,17,EUCLIDEAN,11585360860,5e17bbac933c3014e23905260eff5113dbb6e82c6b9221d1d6a5df41195c4946
RECALL,32,2557,2560,0.99882813
SEARCH,32,0,21398884,1976967295611881960
SEARCH,32,1,21110921,1976967295611881960
SEARCH,32,2,31666032,1976967295611881960
SEARCH,32,3,21299015,1976967295611881960
SEARCH,32,4,21110240,1976967295611881960
SEARCH,32,5,20810390,1976967295611881960
SEARCH,32,6,20898812,1976967295611881960
RECALL,128,2560,2560,1.00000000
SEARCH,128,0,54145571,-3561637912514899968
SEARCH,128,1,54932114,-3561637912514899968
SEARCH,128,2,53909497,-3561637912514899968
SEARCH,128,3,55163372,-3561637912514899968
SEARCH,128,4,55591515,-3561637912514899968
SEARCH,128,5,53306059,-3561637912514899968
SEARCH,128,6,54403509,-3561637912514899968
RECALL,512,2560,2560,1.00000000
SEARCH,512,0,155391583,-3561637912514899968
SEARCH,512,1,155706444,-3561637912514899968
SEARCH,512,2,154747123,-3561637912514899968
SEARCH,512,3,154401363,-3561637912514899968
SEARCH,512,4,162690778,-3561637912514899968
SEARCH,512,5,155276970,-3561637912514899968
SEARCH,512,6,154702106,-3561637912514899968
