WARNING: Using incubator modules: jdk.incubator.vector
Oct 04, 2026 1:22:37 AM com.integrallis.vectors.core.PanamaVectorUtilSupportProvider create
INFO: vectors-core: Using Panama Vector API SIMD provider (vector bits: 256)
Oct 04, 2026 1:22:38 AM com.integrallis.vectors.core.VectorizationProvider logActiveToggles
INFO: vectors-core: provider=PanamaVectorUtilSupport panama=true maxBits=256 preferredBits=256 fastVectorFMA=true fastScalarFMA=true sve=false ggufParallel=true ggufParallelThreshold=1048576 ggufExecutor=persistent ggufThreads=8 ggufChunksPerThread=2 mappedKQuantLongOffsets=auto(q4=true,q5=false,q6=false) q4ShortPairwiseSupported=true q4UnsignedPairwiseSupported=true toggles=[(defaults — no -Dvectors.* overrides)]
BUILD,20000,8,91,EUCLIDEAN,2449887087,0eac324f00009ecf1eb6187449ed6f39d817a3cd7a9cb5a48ed7afb470c1881e
RECALL,32,2557,2560,0.99882813
SEARCH,32,0,20107032,6502051194534941304
SEARCH,32,1,20074072,6502051194534941304
SEARCH,32,2,19981613,6502051194534941304
SEARCH,32,3,19575334,6502051194534941304
SEARCH,32,4,19744368,6502051194534941304
SEARCH,32,5,19865150,6502051194534941304
SEARCH,32,6,30063723,6502051194534941304
RECALL,128,2559,2560,0.99960938
SEARCH,128,0,50895475,-3259972503123915012
SEARCH,128,1,50556936,-3259972503123915012
SEARCH,128,2,51090108,-3259972503123915012
SEARCH,128,3,50754704,-3259972503123915012
SEARCH,128,4,51236839,-3259972503123915012
SEARCH,128,5,50892982,-3259972503123915012
SEARCH,128,6,50240691,-3259972503123915012
RECALL,512,2559,2560,0.99960938
SEARCH,512,0,146192393,-3259972503123915012
SEARCH,512,1,148796637,-3259972503123915012
SEARCH,512,2,153439118,-3259972503123915012
SEARCH,512,3,148809967,-3259972503123915012
SEARCH,512,4,150868954,-3259972503123915012
SEARCH,512,5,150336132,-3259972503123915012
SEARCH,512,6,150900210,-3259972503123915012
