WARNING: Using incubator modules: jdk.incubator.vector
Oct 04, 2026 1:21:56 AM com.integrallis.vectors.core.PanamaVectorUtilSupportProvider create
INFO: vectors-core: Using Panama Vector API SIMD provider (vector bits: 256)
Oct 04, 2026 1:21:56 AM com.integrallis.vectors.core.VectorizationProvider logActiveToggles
INFO: vectors-core: provider=PanamaVectorUtilSupport panama=true maxBits=256 preferredBits=256 fastVectorFMA=true fastScalarFMA=true sve=false ggufParallel=true ggufParallelThreshold=1048576 ggufExecutor=persistent ggufThreads=8 ggufChunksPerThread=2 mappedKQuantLongOffsets=auto(q4=true,q5=false,q6=false) q4ShortPairwiseSupported=true q4UnsignedPairwiseSupported=true toggles=[(defaults — no -Dvectors.* overrides)]
BUILD,20000,8,17,EUCLIDEAN,2588515608,8daf1eb4b67773d58ca90e5364b28f1209a64d06ff8b6f577de42961264174c2
RECALL,32,2552,2560,0.99687500
SEARCH,32,0,22179860,-4754824829582002779
SEARCH,32,1,22190044,-4754824829582002779
SEARCH,32,2,32757383,-4754824829582002779
SEARCH,32,3,23009867,-4754824829582002779
SEARCH,32,4,22455153,-4754824829582002779
SEARCH,32,5,22202594,-4754824829582002779
SEARCH,32,6,22476976,-4754824829582002779
RECALL,128,2555,2560,0.99804688
SEARCH,128,0,57101456,8153314036000766909
SEARCH,128,1,56690248,8153314036000766909
SEARCH,128,2,56652171,8153314036000766909
SEARCH,128,3,56548986,8153314036000766909
SEARCH,128,4,57164882,8153314036000766909
SEARCH,128,5,56473612,8153314036000766909
SEARCH,128,6,56021262,8153314036000766909
RECALL,512,2555,2560,0.99804688
SEARCH,512,0,164608131,8153314036000766909
SEARCH,512,1,165493622,8153314036000766909
SEARCH,512,2,169271833,8153314036000766909
SEARCH,512,3,164328630,8153314036000766909
SEARCH,512,4,166314376,8153314036000766909
SEARCH,512,5,165658791,8153314036000766909
SEARCH,512,6,163583561,8153314036000766909
