WARNING: Using incubator modules: jdk.incubator.vector
Oct 04, 2026 1:22:17 AM com.integrallis.vectors.core.PanamaVectorUtilSupportProvider create
INFO: vectors-core: Using Panama Vector API SIMD provider (vector bits: 256)
Oct 04, 2026 1:22:17 AM com.integrallis.vectors.core.VectorizationProvider logActiveToggles
INFO: vectors-core: provider=PanamaVectorUtilSupport panama=true maxBits=256 preferredBits=256 fastVectorFMA=true fastScalarFMA=true sve=false ggufParallel=true ggufParallelThreshold=1048576 ggufExecutor=persistent ggufThreads=8 ggufChunksPerThread=2 mappedKQuantLongOffsets=auto(q4=true,q5=false,q6=false) q4ShortPairwiseSupported=true q4UnsignedPairwiseSupported=true toggles=[(defaults — no -Dvectors.* overrides)]
BUILD,20000,8,42,EUCLIDEAN,2725652008,314bdf3175a31daeeff9f14e72fd86b39387e4fad9000523bb8a1005c67a424a
RECALL,32,2558,2560,0.99921875
SEARCH,32,0,21088628,6200385785143956348
SEARCH,32,1,21427398,6200385785143956348
SEARCH,32,2,31620434,6200385785143956348
SEARCH,32,3,21262620,6200385785143956348
SEARCH,32,4,21320798,6200385785143956348
SEARCH,32,5,21391724,6200385785143956348
SEARCH,32,6,21525496,6200385785143956348
RECALL,128,2560,2560,1.00000000
SEARCH,128,0,54586785,-3561637912514899968
SEARCH,128,1,55287058,-3561637912514899968
SEARCH,128,2,56488195,-3561637912514899968
SEARCH,128,3,55941563,-3561637912514899968
SEARCH,128,4,56843910,-3561637912514899968
SEARCH,128,5,55947732,-3561637912514899968
SEARCH,128,6,55955733,-3561637912514899968
RECALL,512,2560,2560,1.00000000
SEARCH,512,0,159346078,-3561637912514899968
SEARCH,512,1,161014258,-3561637912514899968
SEARCH,512,2,163368157,-3561637912514899968
SEARCH,512,3,163501587,-3561637912514899968
SEARCH,512,4,163155286,-3561637912514899968
SEARCH,512,5,163786996,-3561637912514899968
SEARCH,512,6,163975210,-3561637912514899968
