WARNING: Using incubator modules: jdk.incubator.vector
Oct 04, 2026 1:21:08 AM com.integrallis.vectors.core.PanamaVectorUtilSupportProvider create
INFO: vectors-core: Using Panama Vector API SIMD provider (vector bits: 256)
Oct 04, 2026 1:21:08 AM com.integrallis.vectors.core.VectorizationProvider logActiveToggles
INFO: vectors-core: provider=PanamaVectorUtilSupport panama=true maxBits=256 preferredBits=256 fastVectorFMA=true fastScalarFMA=true sve=false ggufParallel=true ggufParallelThreshold=1048576 ggufExecutor=persistent ggufThreads=8 ggufChunksPerThread=2 mappedKQuantLongOffsets=auto(q4=true,q5=false,q6=false) q4ShortPairwiseSupported=true q4UnsignedPairwiseSupported=true toggles=[(defaults — no -Dvectors.* overrides)]
BUILD,20000,1,91,EUCLIDEAN,11460365651,df81a72b0da8841115fd214bc286465abdc88ddcc98adf8cfd849ca6614178eb
RECALL,32,2558,2560,0.99921875
SEARCH,32,0,20598140,6200385785143956348
SEARCH,32,1,20225200,6200385785143956348
SEARCH,32,2,20366854,6200385785143956348
SEARCH,32,3,20144348,6200385785143956348
SEARCH,32,4,20683469,6200385785143956348
SEARCH,32,5,21039755,6200385785143956348
SEARCH,32,6,31131419,6200385785143956348
RECALL,128,2560,2560,1.00000000
SEARCH,128,0,55169922,-3561637912514899968
SEARCH,128,1,54907298,-3561637912514899968
SEARCH,128,2,55448851,-3561637912514899968
SEARCH,128,3,55464635,-3561637912514899968
SEARCH,128,4,55315240,-3561637912514899968
SEARCH,128,5,57322949,-3561637912514899968
SEARCH,128,6,55658076,-3561637912514899968
RECALL,512,2560,2560,1.00000000
SEARCH,512,0,154505711,-3561637912514899968
SEARCH,512,1,152947838,-3561637912514899968
SEARCH,512,2,152963051,-3561637912514899968
SEARCH,512,3,159861483,-3561637912514899968
SEARCH,512,4,157591210,-3561637912514899968
SEARCH,512,5,156407370,-3561637912514899968
SEARCH,512,6,155879065,-3561637912514899968
