WARNING: Using incubator modules: jdk.incubator.vector
Oct 04, 2026 1:17:58 AM com.integrallis.vectors.core.PanamaVectorUtilSupportProvider create
INFO: vectors-core: Using Panama Vector API SIMD provider (vector bits: 256)
Oct 04, 2026 1:17:58 AM com.integrallis.vectors.core.VectorizationProvider logActiveToggles
INFO: vectors-core: provider=PanamaVectorUtilSupport panama=true maxBits=256 preferredBits=256 fastVectorFMA=true fastScalarFMA=true sve=false ggufParallel=true ggufParallelThreshold=1048576 ggufExecutor=persistent ggufThreads=8 ggufChunksPerThread=2 mappedKQuantLongOffsets=auto(q4=true,q5=false,q6=false) q4ShortPairwiseSupported=true q4UnsignedPairwiseSupported=true toggles=[(defaults — no -Dvectors.* overrides)]
BUILD,20000,1,42,COSINE,12039922401,30b41c88f00a7cdcbb98b1299cf8f346e61714e1dd9d084cd4335baaf90e1a3a
RECALL,32,2132,2560,0.83281250
SEARCH,32,0,10553628,5450776964305403201
SEARCH,32,1,10368710,5450776964305403201
SEARCH,32,2,20882048,5450776964305403201
SEARCH,32,3,10753328,5450776964305403201
SEARCH,32,4,10465216,5450776964305403201
SEARCH,32,5,10468100,5450776964305403201
SEARCH,32,6,10436142,5450776964305403201
RECALL,128,2476,2560,0.96718750
SEARCH,128,0,33908915,-7506385398258259220
SEARCH,128,1,33964157,-7506385398258259220
SEARCH,128,2,52074828,-7506385398258259220
SEARCH,128,3,35762100,-7506385398258259220
SEARCH,128,4,33885298,-7506385398258259220
SEARCH,128,5,33737557,-7506385398258259220
SEARCH,128,6,34034964,-7506385398258259220
RECALL,512,2559,2560,0.99960938
SEARCH,512,0,119488097,3946214327104709544
SEARCH,512,1,121617849,3946214327104709544
SEARCH,512,2,120959950,3946214327104709544
SEARCH,512,3,119714898,3946214327104709544
SEARCH,512,4,120131204,3946214327104709544
SEARCH,512,5,120077223,3946214327104709544
SEARCH,512,6,118878871,3946214327104709544
