WARNING: Using incubator modules: jdk.incubator.vector
Oct 04, 2026 1:18:36 AM com.integrallis.vectors.core.PanamaVectorUtilSupportProvider create
INFO: vectors-core: Using Panama Vector API SIMD provider (vector bits: 256)
Oct 04, 2026 1:18:36 AM com.integrallis.vectors.core.VectorizationProvider logActiveToggles
INFO: vectors-core: provider=PanamaVectorUtilSupport panama=true maxBits=256 preferredBits=256 fastVectorFMA=true fastScalarFMA=true sve=false ggufParallel=true ggufParallelThreshold=1048576 ggufExecutor=persistent ggufThreads=8 ggufChunksPerThread=2 mappedKQuantLongOffsets=auto(q4=true,q5=false,q6=false) q4ShortPairwiseSupported=true q4UnsignedPairwiseSupported=true toggles=[(defaults — no -Dvectors.* overrides)]
BUILD,20000,1,91,COSINE,12187604569,5b42b82a4d3ce9e5b429e061f698becc292b08274f0389707b8bad90c2f4b837
RECALL,32,2150,2560,0.83984375
SEARCH,32,0,10173457,-325768441349220300
SEARCH,32,1,10225024,-325768441349220300
SEARCH,32,2,10597613,-325768441349220300
SEARCH,32,3,10268309,-325768441349220300
SEARCH,32,4,10208178,-325768441349220300
SEARCH,32,5,10220868,-325768441349220300
SEARCH,32,6,20160393,-325768441349220300
RECALL,128,2471,2560,0.96523438
SEARCH,128,0,35653296,-3515015949814356388
SEARCH,128,1,35454539,-3515015949814356388
SEARCH,128,2,36289233,-3515015949814356388
SEARCH,128,3,35177862,-3515015949814356388
SEARCH,128,4,35154448,-3515015949814356388
SEARCH,128,5,34651962,-3515015949814356388
SEARCH,128,6,35009950,-3515015949814356388
RECALL,512,2559,2560,0.99960938
SEARCH,512,0,124194124,-3393181892428397400
SEARCH,512,1,125716883,-3393181892428397400
SEARCH,512,2,122391743,-3393181892428397400
SEARCH,512,3,123812569,-3393181892428397400
SEARCH,512,4,121918101,-3393181892428397400
SEARCH,512,5,126450466,-3393181892428397400
SEARCH,512,6,122900258,-3393181892428397400
