WARNING: Using incubator modules: jdk.incubator.vector
Oct 04, 2026 1:19:41 AM com.integrallis.vectors.core.PanamaVectorUtilSupportProvider create
INFO: vectors-core: Using Panama Vector API SIMD provider (vector bits: 256)
Oct 04, 2026 1:19:41 AM com.integrallis.vectors.core.VectorizationProvider logActiveToggles
INFO: vectors-core: provider=PanamaVectorUtilSupport panama=true maxBits=256 preferredBits=256 fastVectorFMA=true fastScalarFMA=true sve=false ggufParallel=true ggufParallelThreshold=1048576 ggufExecutor=persistent ggufThreads=8 ggufChunksPerThread=2 mappedKQuantLongOffsets=auto(q4=true,q5=false,q6=false) q4ShortPairwiseSupported=true q4UnsignedPairwiseSupported=true toggles=[(defaults — no -Dvectors.* overrides)]
BUILD,20000,8,91,COSINE,2462724488,ccd2c72566ca0be8bb31ef490b701ebe6dd24a5d36217cabbca2272b9fd378c1
RECALL,32,2145,2560,0.83789063
SEARCH,32,0,10178413,2264695556800434639
SEARCH,32,1,10094237,2264695556800434639
SEARCH,32,2,10223321,2264695556800434639
SEARCH,32,3,10164383,2264695556800434639
SEARCH,32,4,10075659,2264695556800434639
SEARCH,32,5,10166185,2264695556800434639
SEARCH,32,6,20192661,2264695556800434639
RECALL,128,2466,2560,0.96328125
SEARCH,128,0,36070124,-139553644162625946
SEARCH,128,1,36369604,-139553644162625946
SEARCH,128,2,37058741,-139553644162625946
SEARCH,128,3,36537066,-139553644162625946
SEARCH,128,4,36147310,-139553644162625946
SEARCH,128,5,35915852,-139553644162625946
SEARCH,128,6,35771555,-139553644162625946
RECALL,512,2557,2560,0.99882813
SEARCH,512,0,124799204,-917981820667409363
SEARCH,512,1,127011139,-917981820667409363
SEARCH,512,2,128463654,-917981820667409363
SEARCH,512,3,129391168,-917981820667409363
SEARCH,512,4,127411371,-917981820667409363
SEARCH,512,5,128051685,-917981820667409363
SEARCH,512,6,127404591,-917981820667409363
