WARNING: Using incubator modules: jdk.incubator.vector
Oct 04, 2026 1:19:13 AM com.integrallis.vectors.core.PanamaVectorUtilSupportProvider create
INFO: vectors-core: Using Panama Vector API SIMD provider (vector bits: 256)
Oct 04, 2026 1:19:13 AM com.integrallis.vectors.core.VectorizationProvider logActiveToggles
INFO: vectors-core: provider=PanamaVectorUtilSupport panama=true maxBits=256 preferredBits=256 fastVectorFMA=true fastScalarFMA=true sve=false ggufParallel=true ggufParallelThreshold=1048576 ggufExecutor=persistent ggufThreads=8 ggufChunksPerThread=2 mappedKQuantLongOffsets=auto(q4=true,q5=false,q6=false) q4ShortPairwiseSupported=true q4UnsignedPairwiseSupported=true toggles=[(defaults — no -Dvectors.* overrides)]
BUILD,20000,8,42,COSINE,2512629866,5e439b13e1d541c701eac431fe0055efac21f166399e3bf7f2b430b96876ff94
RECALL,32,2128,2560,0.83125000
SEARCH,32,0,11747192,699345026072951197
SEARCH,32,1,11112579,699345026072951197
SEARCH,32,2,21073396,699345026072951197
SEARCH,32,3,12442828,699345026072951197
SEARCH,32,4,11527162,699345026072951197
SEARCH,32,5,10512676,699345026072951197
SEARCH,32,6,10219515,699345026072951197
RECALL,128,2473,2560,0.96601563
SEARCH,128,0,35737854,-799767821144062261
SEARCH,128,1,36611567,-799767821144062261
SEARCH,128,2,37912894,-799767821144062261
SEARCH,128,3,36624137,-799767821144062261
SEARCH,128,4,36567592,-799767821144062261
SEARCH,128,5,36506860,-799767821144062261
SEARCH,128,6,35750493,-799767821144062261
RECALL,512,2557,2560,0.99882813
SEARCH,512,0,135074763,329754640968000064
SEARCH,512,1,133835871,329754640968000064
SEARCH,512,2,132354565,329754640968000064
SEARCH,512,3,129174712,329754640968000064
SEARCH,512,4,133040485,329754640968000064
SEARCH,512,5,129007249,329754640968000064
SEARCH,512,6,128926810,329754640968000064
