WARNING: Using incubator modules: jdk.incubator.vector
Oct 04, 2026 1:17:39 AM com.integrallis.vectors.core.PanamaVectorUtilSupportProvider create
INFO: vectors-core: Using Panama Vector API SIMD provider (vector bits: 256)
Oct 04, 2026 1:17:39 AM com.integrallis.vectors.core.VectorizationProvider logActiveToggles
INFO: vectors-core: provider=PanamaVectorUtilSupport panama=true maxBits=256 preferredBits=256 fastVectorFMA=true fastScalarFMA=true sve=false ggufParallel=true ggufParallelThreshold=1048576 ggufExecutor=persistent ggufThreads=8 ggufChunksPerThread=2 mappedKQuantLongOffsets=auto(q4=true,q5=false,q6=false) q4ShortPairwiseSupported=true q4UnsignedPairwiseSupported=true toggles=[(defaults — no -Dvectors.* overrides)]
BUILD,20000,1,42,COSINE,12041759729,30b41c88f00a7cdcbb98b1299cf8f346e61714e1dd9d084cd4335baaf90e1a3a
RECALL,32,2132,2560,0.83281250
SEARCH,32,0,10591275,5450776964305403201
SEARCH,32,1,10747379,5450776964305403201
SEARCH,32,2,21232364,5450776964305403201
SEARCH,32,3,11435174,5450776964305403201
SEARCH,32,4,10907430,5450776964305403201
SEARCH,32,5,10615211,5450776964305403201
SEARCH,32,6,10331415,5450776964305403201
RECALL,128,2476,2560,0.96718750
SEARCH,128,0,35660608,-7506385398258259220
SEARCH,128,1,35436720,-7506385398258259220
SEARCH,128,2,35036139,-7506385398258259220
SEARCH,128,3,36832630,-7506385398258259220
SEARCH,128,4,35230861,-7506385398258259220
SEARCH,128,5,35169149,-7506385398258259220
SEARCH,128,6,34737279,-7506385398258259220
RECALL,512,2559,2560,0.99960938
SEARCH,512,0,122870954,3946214327104709544
SEARCH,512,1,122482629,3946214327104709544
SEARCH,512,2,123851779,3946214327104709544
SEARCH,512,3,123711337,3946214327104709544
SEARCH,512,4,124892332,3946214327104709544
SEARCH,512,5,124428755,3946214327104709544
SEARCH,512,6,122877212,3946214327104709544
