WARNING: Using incubator modules: jdk.incubator.vector
Oct 04, 2026 1:19:22 AM com.integrallis.vectors.core.PanamaVectorUtilSupportProvider create
INFO: vectors-core: Using Panama Vector API SIMD provider (vector bits: 256)
Oct 04, 2026 1:19:22 AM com.integrallis.vectors.core.VectorizationProvider logActiveToggles
INFO: vectors-core: provider=PanamaVectorUtilSupport panama=true maxBits=256 preferredBits=256 fastVectorFMA=true fastScalarFMA=true sve=false ggufParallel=true ggufParallelThreshold=1048576 ggufExecutor=persistent ggufThreads=8 ggufChunksPerThread=2 mappedKQuantLongOffsets=auto(q4=true,q5=false,q6=false) q4ShortPairwiseSupported=true q4UnsignedPairwiseSupported=true toggles=[(defaults — no -Dvectors.* overrides)]
BUILD,20000,8,42,COSINE,2568491820,f3444b0086ab372ff09435432b9e38417b8e228164bf32c7068ebd3561f35166
RECALL,32,2131,2560,0.83242188
SEARCH,32,0,10247818,7758794335213963017
SEARCH,32,1,10428020,7758794335213963017
SEARCH,32,2,20632171,7758794335213963017
SEARCH,32,3,12171140,7758794335213963017
SEARCH,32,4,10945749,7758794335213963017
SEARCH,32,5,10750615,7758794335213963017
SEARCH,32,6,10649232,7758794335213963017
RECALL,128,2474,2560,0.96640625
SEARCH,128,0,34708026,-7853355485206102370
SEARCH,128,1,34493743,-7853355485206102370
SEARCH,128,2,35393776,-7853355485206102370
SEARCH,128,3,34891882,-7853355485206102370
SEARCH,128,4,35330823,-7853355485206102370
SEARCH,128,5,34662107,-7853355485206102370
SEARCH,128,6,34359101,-7853355485206102370
RECALL,512,2559,2560,0.99960938
SEARCH,512,0,126425148,3946214327104709544
SEARCH,512,1,125404434,3946214327104709544
SEARCH,512,2,127150479,3946214327104709544
SEARCH,512,3,126923668,3946214327104709544
SEARCH,512,4,124805713,3946214327104709544
SEARCH,512,5,124822427,3946214327104709544
SEARCH,512,6,122455250,3946214327104709544
