WARNING: Using incubator modules: jdk.incubator.vector
Oct 04, 2026 1:18:54 AM com.integrallis.vectors.core.PanamaVectorUtilSupportProvider create
INFO: vectors-core: Using Panama Vector API SIMD provider (vector bits: 256)
Oct 04, 2026 1:18:55 AM com.integrallis.vectors.core.VectorizationProvider logActiveToggles
INFO: vectors-core: provider=PanamaVectorUtilSupport panama=true maxBits=256 preferredBits=256 fastVectorFMA=true fastScalarFMA=true sve=false ggufParallel=true ggufParallelThreshold=1048576 ggufExecutor=persistent ggufThreads=8 ggufChunksPerThread=2 mappedKQuantLongOffsets=auto(q4=true,q5=false,q6=false) q4ShortPairwiseSupported=true q4UnsignedPairwiseSupported=true toggles=[(defaults — no -Dvectors.* overrides)]
BUILD,20000,8,17,COSINE,2555979060,c56f551dd4deed6c97a36e01ffe72ed3091ec9d9137f217b22aa8b5d575d320a
RECALL,32,2128,2560,0.83125000
SEARCH,32,0,10642191,1007188157766691824
SEARCH,32,1,10610664,1007188157766691824
SEARCH,32,2,20602757,1007188157766691824
SEARCH,32,3,11401343,1007188157766691824
SEARCH,32,4,10825717,1007188157766691824
SEARCH,32,5,10641690,1007188157766691824
SEARCH,32,6,10778767,1007188157766691824
RECALL,128,2466,2560,0.96328125
SEARCH,128,0,37142356,7024403276171892922
SEARCH,128,1,37572943,7024403276171892922
SEARCH,128,2,36446029,7024403276171892922
SEARCH,128,3,35005343,7024403276171892922
SEARCH,128,4,35164702,7024403276171892922
SEARCH,128,5,37518110,7024403276171892922
SEARCH,128,6,35985576,7024403276171892922
RECALL,512,2556,2560,0.99843750
SEARCH,512,0,125517883,4659257855647330052
SEARCH,512,1,122491213,4659257855647330052
SEARCH,512,2,123327491,4659257855647330052
SEARCH,512,3,120556955,4659257855647330052
SEARCH,512,4,121293423,4659257855647330052
SEARCH,512,5,121970801,4659257855647330052
SEARCH,512,6,121746062,4659257855647330052
