WARNING: Using incubator modules: jdk.incubator.vector
Oct 04, 2026 1:19:32 AM com.integrallis.vectors.core.PanamaVectorUtilSupportProvider create
INFO: vectors-core: Using Panama Vector API SIMD provider (vector bits: 256)
Oct 04, 2026 1:19:32 AM com.integrallis.vectors.core.VectorizationProvider logActiveToggles
INFO: vectors-core: provider=PanamaVectorUtilSupport panama=true maxBits=256 preferredBits=256 fastVectorFMA=true fastScalarFMA=true sve=false ggufParallel=true ggufParallelThreshold=1048576 ggufExecutor=persistent ggufThreads=8 ggufChunksPerThread=2 mappedKQuantLongOffsets=auto(q4=true,q5=false,q6=false) q4ShortPairwiseSupported=true q4UnsignedPairwiseSupported=true toggles=[(defaults — no -Dvectors.* overrides)]
BUILD,20000,8,91,COSINE,2585351313,c064a02bff9240d35464863c3a5dec1a3dea575a50eeb324555bf86837124d43
RECALL,32,2144,2560,0.83750000
SEARCH,32,0,10130191,5138020120809091231
SEARCH,32,1,10164272,5138020120809091231
SEARCH,32,2,10330282,5138020120809091231
SEARCH,32,3,10410743,5138020120809091231
SEARCH,32,4,10406897,5138020120809091231
SEARCH,32,5,10367418,5138020120809091231
SEARCH,32,6,20087843,5138020120809091231
RECALL,128,2468,2560,0.96406250
SEARCH,128,0,36777598,-5444301283972553492
SEARCH,128,1,36493139,-5444301283972553492
SEARCH,128,2,36083684,-5444301283972553492
SEARCH,128,3,36533661,-5444301283972553492
SEARCH,128,4,36515062,-5444301283972553492
SEARCH,128,5,35974310,-5444301283972553492
SEARCH,128,6,35837403,-5444301283972553492
RECALL,512,2558,2560,0.99921875
SEARCH,512,0,126400101,-8182680175503602078
SEARCH,512,1,125498105,-8182680175503602078
SEARCH,512,2,124801377,-8182680175503602078
SEARCH,512,3,126919651,-8182680175503602078
SEARCH,512,4,126370196,-8182680175503602078
SEARCH,512,5,124155676,-8182680175503602078
SEARCH,512,6,127535989,-8182680175503602078
