WARNING: Using incubator modules: jdk.incubator.vector
Oct 04, 2026 1:17:21 AM com.integrallis.vectors.core.PanamaVectorUtilSupportProvider create
INFO: vectors-core: Using Panama Vector API SIMD provider (vector bits: 256)
Oct 04, 2026 1:17:21 AM com.integrallis.vectors.core.VectorizationProvider logActiveToggles
INFO: vectors-core: provider=PanamaVectorUtilSupport panama=true maxBits=256 preferredBits=256 fastVectorFMA=true fastScalarFMA=true sve=false ggufParallel=true ggufParallelThreshold=1048576 ggufExecutor=persistent ggufThreads=8 ggufChunksPerThread=2 mappedKQuantLongOffsets=auto(q4=true,q5=false,q6=false) q4ShortPairwiseSupported=true q4UnsignedPairwiseSupported=true toggles=[(defaults — no -Dvectors.* overrides)]
BUILD,20000,1,17,COSINE,11637274830,9cc3283087a3fcbc56526226fb7d9a6fb22d40bc2aa724c02d3982e97dcc684e
RECALL,32,2139,2560,0.83554688
SEARCH,32,0,10081569,968596850537911539
SEARCH,32,1,10105084,968596850537911539
SEARCH,32,2,20034973,968596850537911539
SEARCH,32,3,10884636,968596850537911539
SEARCH,32,4,10146746,968596850537911539
SEARCH,32,5,10088868,968596850537911539
SEARCH,32,6,10132235,968596850537911539
RECALL,128,2469,2560,0.96445313
SEARCH,128,0,33644676,-2514401863691559910
SEARCH,128,1,35003771,-2514401863691559910
SEARCH,128,2,34809197,-2514401863691559910
SEARCH,128,3,33615102,-2514401863691559910
SEARCH,128,4,33706981,-2514401863691559910
SEARCH,128,5,33648152,-2514401863691559910
SEARCH,128,6,33799450,-2514401863691559910
RECALL,512,2559,2560,0.99960938
SEARCH,512,0,117967130,2109002028201814438
SEARCH,512,1,118558719,2109002028201814438
SEARCH,512,2,119280084,2109002028201814438
SEARCH,512,3,119416790,2109002028201814438
SEARCH,512,4,119482497,2109002028201814438
SEARCH,512,5,119099662,2109002028201814438
SEARCH,512,6,120199586,2109002028201814438
