WARNING: Using incubator modules: jdk.incubator.vector
Oct 04, 2026 1:17:02 AM com.integrallis.vectors.core.PanamaVectorUtilSupportProvider create
INFO: vectors-core: Using Panama Vector API SIMD provider (vector bits: 256)
Oct 04, 2026 1:17:02 AM com.integrallis.vectors.core.VectorizationProvider logActiveToggles
INFO: vectors-core: provider=PanamaVectorUtilSupport panama=true maxBits=256 preferredBits=256 fastVectorFMA=true fastScalarFMA=true sve=false ggufParallel=true ggufParallelThreshold=1048576 ggufExecutor=persistent ggufThreads=8 ggufChunksPerThread=2 mappedKQuantLongOffsets=auto(q4=true,q5=false,q6=false) q4ShortPairwiseSupported=true q4UnsignedPairwiseSupported=true toggles=[(defaults — no -Dvectors.* overrides)]
BUILD,20000,1,17,COSINE,12268021134,9cc3283087a3fcbc56526226fb7d9a6fb22d40bc2aa724c02d3982e97dcc684e
RECALL,32,2139,2560,0.83554688
SEARCH,32,0,10403141,968596850537911539
SEARCH,32,1,10482252,968596850537911539
SEARCH,32,2,20517920,968596850537911539
SEARCH,32,3,11735105,968596850537911539
SEARCH,32,4,10647049,968596850537911539
SEARCH,32,5,10768270,968596850537911539
SEARCH,32,6,10528069,968596850537911539
RECALL,128,2469,2560,0.96445313
SEARCH,128,0,34032079,-2514401863691559910
SEARCH,128,1,34507544,-2514401863691559910
SEARCH,128,2,34475455,-2514401863691559910
SEARCH,128,3,34271308,-2514401863691559910
SEARCH,128,4,34123206,-2514401863691559910
SEARCH,128,5,34122263,-2514401863691559910
SEARCH,128,6,34082866,-2514401863691559910
RECALL,512,2559,2560,0.99960938
SEARCH,512,0,119966295,2109002028201814438
SEARCH,512,1,119400404,2109002028201814438
SEARCH,512,2,121001041,2109002028201814438
SEARCH,512,3,123681993,2109002028201814438
SEARCH,512,4,121475975,2109002028201814438
SEARCH,512,5,122065622,2109002028201814438
SEARCH,512,6,120422671,2109002028201814438
