WARNING: Using incubator modules: jdk.incubator.vector
Oct 04, 2026 1:19:04 AM com.integrallis.vectors.core.PanamaVectorUtilSupportProvider create
INFO: vectors-core: Using Panama Vector API SIMD provider (vector bits: 256)
Oct 04, 2026 1:19:04 AM com.integrallis.vectors.core.VectorizationProvider logActiveToggles
INFO: vectors-core: provider=PanamaVectorUtilSupport panama=true maxBits=256 preferredBits=256 fastVectorFMA=true fastScalarFMA=true sve=false ggufParallel=true ggufParallelThreshold=1048576 ggufExecutor=persistent ggufThreads=8 ggufChunksPerThread=2 mappedKQuantLongOffsets=auto(q4=true,q5=false,q6=false) q4ShortPairwiseSupported=true q4UnsignedPairwiseSupported=true toggles=[(defaults — no -Dvectors.* overrides)]
BUILD,20000,8,17,COSINE,2435384832,b150d6a2fe507db7b8b7a242b8918f1d46d78b00b7fee0c08d96c1a1ab8bb80e
RECALL,32,2132,2560,0.83281250
SEARCH,32,0,10752447,-27896740613519765
SEARCH,32,1,13048740,-27896740613519765
SEARCH,32,2,22704948,-27896740613519765
SEARCH,32,3,13129702,-27896740613519765
SEARCH,32,4,11613241,-27896740613519765
SEARCH,32,5,11601603,-27896740613519765
SEARCH,32,6,11061892,-27896740613519765
RECALL,128,2467,2560,0.96367188
SEARCH,128,0,38589421,9056036440872123287
SEARCH,128,1,39654973,9056036440872123287
SEARCH,128,2,38676433,9056036440872123287
SEARCH,128,3,37337879,9056036440872123287
SEARCH,128,4,37938102,9056036440872123287
SEARCH,128,5,38222540,9056036440872123287
SEARCH,128,6,38065044,9056036440872123287
RECALL,512,2557,2560,0.99882813
SEARCH,512,0,136686948,-5545055353882708993
SEARCH,512,1,137649274,-5545055353882708993
SEARCH,512,2,141369889,-5545055353882708993
SEARCH,512,3,135259531,-5545055353882708993
SEARCH,512,4,138432592,-5545055353882708993
SEARCH,512,5,137069362,-5545055353882708993
SEARCH,512,6,136325935,-5545055353882708993
