WARNING: Using incubator modules: jdk.incubator.vector
Oct 04, 2026 1:18:16 AM com.integrallis.vectors.core.PanamaVectorUtilSupportProvider create
INFO: vectors-core: Using Panama Vector API SIMD provider (vector bits: 256)
Oct 04, 2026 1:18:16 AM com.integrallis.vectors.core.VectorizationProvider logActiveToggles
INFO: vectors-core: provider=PanamaVectorUtilSupport panama=true maxBits=256 preferredBits=256 fastVectorFMA=true fastScalarFMA=true sve=false ggufParallel=true ggufParallelThreshold=1048576 ggufExecutor=persistent ggufThreads=8 ggufChunksPerThread=2 mappedKQuantLongOffsets=auto(q4=true,q5=false,q6=false) q4ShortPairwiseSupported=true q4UnsignedPairwiseSupported=true toggles=[(defaults — no -Dvectors.* overrides)]
BUILD,20000,1,91,COSINE,12568071328,5b42b82a4d3ce9e5b429e061f698becc292b08274f0389707b8bad90c2f4b837
RECALL,32,2150,2560,0.83984375
SEARCH,32,0,10696643,-325768441349220300
SEARCH,32,1,10748421,-325768441349220300
SEARCH,32,2,10861291,-325768441349220300
SEARCH,32,3,10980630,-325768441349220300
SEARCH,32,4,12335708,-325768441349220300
SEARCH,32,5,11402644,-325768441349220300
SEARCH,32,6,21421628,-325768441349220300
RECALL,128,2471,2560,0.96523438
SEARCH,128,0,36841013,-3515015949814356388
SEARCH,128,1,37910009,-3515015949814356388
SEARCH,128,2,37124489,-3515015949814356388
SEARCH,128,3,36235693,-3515015949814356388
SEARCH,128,4,36237415,-3515015949814356388
SEARCH,128,5,36066778,-3515015949814356388
SEARCH,128,6,36136343,-3515015949814356388
RECALL,512,2559,2560,0.99960938
SEARCH,512,0,133508938,-3393181892428397400
SEARCH,512,1,132672421,-3393181892428397400
SEARCH,512,2,126819611,-3393181892428397400
SEARCH,512,3,125827128,-3393181892428397400
SEARCH,512,4,124428485,-3393181892428397400
SEARCH,512,5,123948534,-3393181892428397400
SEARCH,512,6,123696005,-3393181892428397400
