WARNING: Using incubator modules: jdk.incubator.vector
Oct 04, 2026 12:56:36 AM com.integrallis.vectors.core.PanamaVectorUtilSupportProvider create
INFO: vectors-core: Using Panama Vector API SIMD provider (vector bits: 256)
Oct 04, 2026 12:56:36 AM com.integrallis.vectors.core.VectorizationProvider logActiveToggles
INFO: vectors-core: provider=PanamaVectorUtilSupport panama=true maxBits=256 preferredBits=256 fastVectorFMA=true fastScalarFMA=true sve=false ggufParallel=true ggufParallelThreshold=1048576 ggufExecutor=persistent ggufThreads=8 ggufChunksPerThread=2 mappedKQuantLongOffsets=auto(q4=true,q5=false,q6=false) q4ShortPairwiseSupported=true q4UnsignedPairwiseSupported=true toggles=[(defaults — no -Dvectors.* overrides)]
FLAT,fashion-control,single,60000,784,1,0,17137060,-5889716151259767543
FLAT,fashion-control,single,60000,784,1,1,17453155,-5889716151259767543
FLAT,fashion-control,single,60000,784,1,2,16972151,-5889716151259767543
FLAT,fashion-control,single,60000,784,1,3,17838494,-5889716151259767543
FLAT,fashion-control,single,60000,784,1,4,16962987,-5889716151259767543
FLAT,fashion-control,single,60000,784,1,5,16894295,-5889716151259767543
FLAT,fashion-control,single,60000,784,1,6,17135978,-5889716151259767543
FLAT,fashion-control,batch,60000,784,1,0,18888575,-5889716151259767543
FLAT,fashion-control,batch,60000,784,1,1,17541628,-5889716151259767543
FLAT,fashion-control,batch,60000,784,1,2,17531963,-5889716151259767543
FLAT,fashion-control,batch,60000,784,1,3,17660857,-5889716151259767543
FLAT,fashion-control,batch,60000,784,1,4,17786186,-5889716151259767543
FLAT,fashion-control,batch,60000,784,1,5,17602599,-5889716151259767543
FLAT,fashion-control,batch,60000,784,1,6,18239939,-5889716151259767543
FLAT,fashion-control,single,60000,784,2,0,34013026,-3658882809325304494
FLAT,fashion-control,single,60000,784,2,1,35215956,-3658882809325304494
FLAT,fashion-control,single,60000,784,2,2,34147098,-3658882809325304494
FLAT,fashion-control,single,60000,784,2,3,35514857,-3658882809325304494
FLAT,fashion-control,single,60000,784,2,4,37773015,-3658882809325304494
FLAT,fashion-control,single,60000,784,2,5,33889249,-3658882809325304494
FLAT,fashion-control,single,60000,784,2,6,33927558,-3658882809325304494
FLAT,fashion-control,batch,60000,784,2,0,23312913,-3658882809325304494
FLAT,fashion-control,batch,60000,784,2,1,23218842,-3658882809325304494
FLAT,fashion-control,batch,60000,784,2,2,23462959,-3658882809325304494
FLAT,fashion-control,batch,60000,784,2,3,23450861,-3658882809325304494
FLAT,fashion-control,batch,60000,784,2,4,23103969,-3658882809325304494
FLAT,fashion-control,batch,60000,784,2,5,23269869,-3658882809325304494
FLAT,fashion-control,batch,60000,784,2,6,23315827,-3658882809325304494
FLAT,fashion-control,single,60000,784,4,0,66698182,7347236782066100300
FLAT,fashion-control,single,60000,784,4,1,67279768,7347236782066100300
FLAT,fashion-control,single,60000,784,4,2,67906110,7347236782066100300
FLAT,fashion-control,single,60000,784,4,3,67897948,7347236782066100300
FLAT,fashion-control,single,60000,784,4,4,69156923,7347236782066100300
FLAT,fashion-control,single,60000,784,4,5,68321666,7347236782066100300
FLAT,fashion-control,single,60000,784,4,6,68955079,7347236782066100300
FLAT,fashion-control,batch,60000,784,4,0,32742873,7347236782066100300
FLAT,fashion-control,batch,60000,784,4,1,32445757,7347236782066100300
FLAT,fashion-control,batch,60000,784,4,2,32378195,7347236782066100300
FLAT,fashion-control,batch,60000,784,4,3,32410053,7347236782066100300
FLAT,fashion-control,batch,60000,784,4,4,32861131,7347236782066100300
FLAT,fashion-control,batch,60000,784,4,5,33128014,7347236782066100300
FLAT,fashion-control,batch,60000,784,4,6,33170949,7347236782066100300
FLAT,fashion-control,single,60000,784,16,0,273586589,-7145532576525031642
FLAT,fashion-control,single,60000,784,16,1,267318968,-7145532576525031642
FLAT,fashion-control,single,60000,784,16,2,271870497,-7145532576525031642
FLAT,fashion-control,single,60000,784,16,3,271813289,-7145532576525031642
FLAT,fashion-control,single,60000,784,16,4,276296667,-7145532576525031642
FLAT,fashion-control,single,60000,784,16,5,272857391,-7145532576525031642
FLAT,fashion-control,single,60000,784,16,6,276452520,-7145532576525031642
FLAT,fashion-control,batch,60000,784,16,0,83175455,-7145532576525031642
FLAT,fashion-control,batch,60000,784,16,1,82490546,-7145532576525031642
FLAT,fashion-control,batch,60000,784,16,2,81770012,-7145532576525031642
FLAT,fashion-control,batch,60000,784,16,3,81984693,-7145532576525031642
FLAT,fashion-control,batch,60000,784,16,4,81555439,-7145532576525031642
FLAT,fashion-control,batch,60000,784,16,5,81098351,-7145532576525031642
FLAT,fashion-control,batch,60000,784,16,6,81825956,-7145532576525031642
FLAT,fashion-control,single,60000,784,64,0,1088564829,-176892425030124251
FLAT,fashion-control,single,60000,784,64,1,1079186782,-176892425030124251
FLAT,fashion-control,single,60000,784,64,2,1109331798,-176892425030124251
FLAT,fashion-control,single,60000,784,64,3,1088276489,-176892425030124251
FLAT,fashion-control,single,60000,784,64,4,1094965378,-176892425030124251
FLAT,fashion-control,single,60000,784,64,5,1115738633,-176892425030124251
FLAT,fashion-control,single,60000,784,64,6,1113825137,-176892425030124251
FLAT,fashion-control,batch,60000,784,64,0,275544957,-176892425030124251
FLAT,fashion-control,batch,60000,784,64,1,274492363,-176892425030124251
FLAT,fashion-control,batch,60000,784,64,2,280384378,-176892425030124251
FLAT,fashion-control,batch,60000,784,64,3,279406487,-176892425030124251
FLAT,fashion-control,batch,60000,784,64,4,274079871,-176892425030124251
FLAT,fashion-control,batch,60000,784,64,5,274259872,-176892425030124251
FLAT,fashion-control,batch,60000,784,64,6,276602487,-176892425030124251
