WARNING: Using incubator modules: jdk.incubator.vector
Oct 04, 2026 12:51:35 AM com.integrallis.vectors.core.PanamaVectorUtilSupportProvider create
INFO: vectors-core: Using Panama Vector API SIMD provider (vector bits: 256)
Oct 04, 2026 12:51:35 AM com.integrallis.vectors.core.VectorizationProvider logActiveToggles
INFO: vectors-core: provider=PanamaVectorUtilSupport panama=true maxBits=256 preferredBits=256 fastVectorFMA=true fastScalarFMA=true sve=false ggufParallel=true ggufParallelThreshold=1048576 ggufExecutor=persistent ggufThreads=8 ggufChunksPerThread=2 mappedKQuantLongOffsets=auto(q4=true,q5=false,q6=false) q4ShortPairwiseSupported=true q4UnsignedPairwiseSupported=true toggles=[(defaults — no -Dvectors.* overrides)]
FLAT,glove,single,100000,100,1,0,6134280,9123688640271969882
FLAT,glove,single,100000,100,1,1,6089651,9123688640271969882
FLAT,glove,single,100000,100,1,2,6038855,9123688640271969882
FLAT,glove,single,100000,100,1,3,6120789,9123688640271969882
FLAT,glove,single,100000,100,1,4,6052674,9123688640271969882
FLAT,glove,single,100000,100,1,5,6046106,9123688640271969882
FLAT,glove,single,100000,100,1,6,6035159,9123688640271969882
FLAT,glove,batch,100000,100,1,0,4867709,9123688640271969882
FLAT,glove,batch,100000,100,1,1,4497890,9123688640271969882
FLAT,glove,batch,100000,100,1,2,4383689,9123688640271969882
FLAT,glove,batch,100000,100,1,3,4385472,9123688640271969882
FLAT,glove,batch,100000,100,1,4,4512494,9123688640271969882
FLAT,glove,batch,100000,100,1,5,4570951,9123688640271969882
FLAT,glove,batch,100000,100,1,6,5731401,9123688640271969882
FLAT,glove,single,100000,100,2,0,11081287,-8839688515274822432
FLAT,glove,single,100000,100,2,1,11622784,-8839688515274822432
FLAT,glove,single,100000,100,2,2,11562343,-8839688515274822432
FLAT,glove,single,100000,100,2,3,11207428,-8839688515274822432
FLAT,glove,single,100000,100,2,4,11061488,-8839688515274822432
FLAT,glove,single,100000,100,2,5,10995878,-8839688515274822432
FLAT,glove,single,100000,100,2,6,11251374,-8839688515274822432
FLAT,glove,batch,100000,100,2,0,6588223,-8839688515274822432
FLAT,glove,batch,100000,100,2,1,6408031,-8839688515274822432
FLAT,glove,batch,100000,100,2,2,6599420,-8839688515274822432
FLAT,glove,batch,100000,100,2,3,6598107,-8839688515274822432
FLAT,glove,batch,100000,100,2,4,6546009,-8839688515274822432
FLAT,glove,batch,100000,100,2,5,6615704,-8839688515274822432
FLAT,glove,batch,100000,100,2,6,6448733,-8839688515274822432
FLAT,glove,single,100000,100,4,0,22851002,-8035847026677169637
FLAT,glove,single,100000,100,4,1,21899026,-8035847026677169637
FLAT,glove,single,100000,100,4,2,21676883,-8035847026677169637
FLAT,glove,single,100000,100,4,3,21384351,-8035847026677169637
FLAT,glove,single,100000,100,4,4,21442549,-8035847026677169637
FLAT,glove,single,100000,100,4,5,20950747,-8035847026677169637
FLAT,glove,single,100000,100,4,6,22009673,-8035847026677169637
FLAT,glove,batch,100000,100,4,0,9662267,-8035847026677169637
FLAT,glove,batch,100000,100,4,1,9709520,-8035847026677169637
FLAT,glove,batch,100000,100,4,2,9685072,-8035847026677169637
FLAT,glove,batch,100000,100,4,3,9690840,-8035847026677169637
FLAT,glove,batch,100000,100,4,4,9733485,-8035847026677169637
FLAT,glove,batch,100000,100,4,5,9583189,-8035847026677169637
FLAT,glove,batch,100000,100,4,6,9668788,-8035847026677169637
FLAT,glove,single,100000,100,16,0,87581243,4439317876800093591
FLAT,glove,single,100000,100,16,1,89814951,4439317876800093591
FLAT,glove,single,100000,100,16,2,86896680,4439317876800093591
FLAT,glove,single,100000,100,16,3,92683795,4439317876800093591
FLAT,glove,single,100000,100,16,4,90386702,4439317876800093591
FLAT,glove,single,100000,100,16,5,91757138,4439317876800093591
FLAT,glove,single,100000,100,16,6,90264678,4439317876800093591
FLAT,glove,batch,100000,100,16,0,36320559,4439317876800093591
FLAT,glove,batch,100000,100,16,1,33040134,4439317876800093591
FLAT,glove,batch,100000,100,16,2,33049447,4439317876800093591
FLAT,glove,batch,100000,100,16,3,32909336,4439317876800093591
FLAT,glove,batch,100000,100,16,4,34008543,4439317876800093591
FLAT,glove,batch,100000,100,16,5,33909894,4439317876800093591
FLAT,glove,batch,100000,100,16,6,33038050,4439317876800093591
FLAT,glove,single,100000,100,64,0,362649280,-6504456432332121007
FLAT,glove,single,100000,100,64,1,344551345,-6504456432332121007
FLAT,glove,single,100000,100,64,2,343287524,-6504456432332121007
FLAT,glove,single,100000,100,64,3,350694742,-6504456432332121007
FLAT,glove,single,100000,100,64,4,341986782,-6504456432332121007
FLAT,glove,single,100000,100,64,5,342615667,-6504456432332121007
FLAT,glove,single,100000,100,64,6,352502031,-6504456432332121007
FLAT,glove,batch,100000,100,64,0,127043725,-6504456432332121007
FLAT,glove,batch,100000,100,64,1,127339459,-6504456432332121007
FLAT,glove,batch,100000,100,64,2,127578319,-6504456432332121007
FLAT,glove,batch,100000,100,64,3,127215152,-6504456432332121007
FLAT,glove,batch,100000,100,64,4,125799046,-6504456432332121007
FLAT,glove,batch,100000,100,64,5,126307173,-6504456432332121007
FLAT,glove,batch,100000,100,64,6,126515117,-6504456432332121007
