WARNING: Using incubator modules: jdk.incubator.vector
Oct 04, 2026 12:57:31 AM com.integrallis.vectors.core.PanamaVectorUtilSupportProvider create
INFO: vectors-core: Using Panama Vector API SIMD provider (vector bits: 256)
Oct 04, 2026 12:57:32 AM com.integrallis.vectors.core.VectorizationProvider logActiveToggles
INFO: vectors-core: provider=PanamaVectorUtilSupport panama=true maxBits=256 preferredBits=256 fastVectorFMA=true fastScalarFMA=true sve=false ggufParallel=true ggufParallelThreshold=1048576 ggufExecutor=persistent ggufThreads=8 ggufChunksPerThread=2 mappedKQuantLongOffsets=auto(q4=true,q5=false,q6=false) q4ShortPairwiseSupported=true q4UnsignedPairwiseSupported=true toggles=[(defaults — no -Dvectors.* overrides)]
FLAT,collection,single,100000,512,1,0,20234566,5295670917787159230
FLAT,collection,single,100000,512,1,1,20482459,5295670917787159230
FLAT,collection,single,100000,512,1,2,20536891,5295670917787159230
FLAT,collection,single,100000,512,1,3,20869882,5295670917787159230
FLAT,collection,single,100000,512,1,4,21004093,5295670917787159230
FLAT,collection,single,100000,512,1,5,21166278,5295670917787159230
FLAT,collection,single,100000,512,1,6,21053298,5295670917787159230
FLAT,collection,batch,100000,512,1,0,22829690,5295670917787159230
FLAT,collection,batch,100000,512,1,1,20927749,5295670917787159230
FLAT,collection,batch,100000,512,1,2,21015491,5295670917787159230
FLAT,collection,batch,100000,512,1,3,21634602,5295670917787159230
FLAT,collection,batch,100000,512,1,4,21659350,5295670917787159230
FLAT,collection,batch,100000,512,1,5,20954469,5295670917787159230
FLAT,collection,batch,100000,512,1,6,21211185,5295670917787159230
FLAT,collection,single,100000,512,2,0,40269932,7357427968086772174
FLAT,collection,single,100000,512,2,1,40479506,7357427968086772174
FLAT,collection,single,100000,512,2,2,40450884,7357427968086772174
FLAT,collection,single,100000,512,2,3,40637655,7357427968086772174
FLAT,collection,single,100000,512,2,4,39986857,7357427968086772174
FLAT,collection,single,100000,512,2,5,40092175,7357427968086772174
FLAT,collection,single,100000,512,2,6,39987357,7357427968086772174
FLAT,collection,batch,100000,512,2,0,29775672,7357427968086772174
FLAT,collection,batch,100000,512,2,1,29961251,7357427968086772174
FLAT,collection,batch,100000,512,2,2,29976314,7357427968086772174
FLAT,collection,batch,100000,512,2,3,29638885,7357427968086772174
FLAT,collection,batch,100000,512,2,4,29639497,7357427968086772174
FLAT,collection,batch,100000,512,2,5,29548139,7357427968086772174
FLAT,collection,batch,100000,512,2,6,29691175,7357427968086772174
FLAT,collection,single,100000,512,4,0,82777620,-7941854946009114996
FLAT,collection,single,100000,512,4,1,81852777,-7941854946009114996
FLAT,collection,single,100000,512,4,2,82568515,-7941854946009114996
FLAT,collection,single,100000,512,4,3,84904480,-7941854946009114996
FLAT,collection,single,100000,512,4,4,88481112,-7941854946009114996
FLAT,collection,single,100000,512,4,5,89220795,-7941854946009114996
FLAT,collection,single,100000,512,4,6,84916658,-7941854946009114996
FLAT,collection,batch,100000,512,4,0,42298514,-7941854946009114996
FLAT,collection,batch,100000,512,4,1,46250009,-7941854946009114996
FLAT,collection,batch,100000,512,4,2,41508295,-7941854946009114996
FLAT,collection,batch,100000,512,4,3,41171909,-7941854946009114996
FLAT,collection,batch,100000,512,4,4,40801771,-7941854946009114996
FLAT,collection,batch,100000,512,4,5,40716673,-7941854946009114996
FLAT,collection,batch,100000,512,4,6,41299320,-7941854946009114996
FLAT,collection,single,100000,512,16,0,329632591,-6059471343997055021
FLAT,collection,single,100000,512,16,1,326016770,-6059471343997055021
FLAT,collection,single,100000,512,16,2,330752494,-6059471343997055021
FLAT,collection,single,100000,512,16,3,338744989,-6059471343997055021
FLAT,collection,single,100000,512,16,4,345045210,-6059471343997055021
FLAT,collection,single,100000,512,16,5,344565275,-6059471343997055021
FLAT,collection,single,100000,512,16,6,333412876,-6059471343997055021
FLAT,collection,batch,100000,512,16,0,99730005,-6059471343997055021
FLAT,collection,batch,100000,512,16,1,99826219,-6059471343997055021
FLAT,collection,batch,100000,512,16,2,99143572,-6059471343997055021
FLAT,collection,batch,100000,512,16,3,99004263,-6059471343997055021
FLAT,collection,batch,100000,512,16,4,98897952,-6059471343997055021
FLAT,collection,batch,100000,512,16,5,99959038,-6059471343997055021
FLAT,collection,batch,100000,512,16,6,102295604,-6059471343997055021
FLAT,collection,single,100000,512,64,0,1362424972,4383894143533102471
FLAT,collection,single,100000,512,64,1,1372404779,4383894143533102471
FLAT,collection,single,100000,512,64,2,1347593473,4383894143533102471
FLAT,collection,single,100000,512,64,3,1387391405,4383894143533102471
FLAT,collection,single,100000,512,64,4,1360881574,4383894143533102471
FLAT,collection,single,100000,512,64,5,1378427544,4383894143533102471
FLAT,collection,single,100000,512,64,6,1381769217,4383894143533102471
FLAT,collection,batch,100000,512,64,0,343742594,4383894143533102471
FLAT,collection,batch,100000,512,64,1,353915048,4383894143533102471
FLAT,collection,batch,100000,512,64,2,342809299,4383894143533102471
FLAT,collection,batch,100000,512,64,3,342871403,4383894143533102471
FLAT,collection,batch,100000,512,64,4,342919093,4383894143533102471
FLAT,collection,batch,100000,512,64,5,352971036,4383894143533102471
FLAT,collection,batch,100000,512,64,6,346419260,4383894143533102471
