WARNING: Using incubator modules: jdk.incubator.vector
Oct 04, 2026 12:51:59 AM com.integrallis.vectors.core.PanamaVectorUtilSupportProvider create
INFO: vectors-core: Using Panama Vector API SIMD provider (vector bits: 256)
Oct 04, 2026 12:51:59 AM com.integrallis.vectors.core.VectorizationProvider logActiveToggles
INFO: vectors-core: provider=PanamaVectorUtilSupport panama=true maxBits=256 preferredBits=256 fastVectorFMA=true fastScalarFMA=true sve=false ggufParallel=true ggufParallelThreshold=1048576 ggufExecutor=persistent ggufThreads=8 ggufChunksPerThread=2 mappedKQuantLongOffsets=auto(q4=true,q5=false,q6=false) q4ShortPairwiseSupported=true q4UnsignedPairwiseSupported=true toggles=[(defaults — no -Dvectors.* overrides)]
FLAT,collection,single,100000,512,1,0,21166355,5295670917787159230
FLAT,collection,single,100000,512,1,1,22063677,5295670917787159230
FLAT,collection,single,100000,512,1,2,21929094,5295670917787159230
FLAT,collection,single,100000,512,1,3,22609299,5295670917787159230
FLAT,collection,single,100000,512,1,4,21621772,5295670917787159230
FLAT,collection,single,100000,512,1,5,21079834,5295670917787159230
FLAT,collection,single,100000,512,1,6,21319345,5295670917787159230
FLAT,collection,batch,100000,512,1,0,22190830,5295670917787159230
FLAT,collection,batch,100000,512,1,1,21997378,5295670917787159230
FLAT,collection,batch,100000,512,1,2,21972499,5295670917787159230
FLAT,collection,batch,100000,512,1,3,21973842,5295670917787159230
FLAT,collection,batch,100000,512,1,4,22323218,5295670917787159230
FLAT,collection,batch,100000,512,1,5,21745828,5295670917787159230
FLAT,collection,batch,100000,512,1,6,21606038,5295670917787159230
FLAT,collection,single,100000,512,2,0,41584550,7357427968086772174
FLAT,collection,single,100000,512,2,1,42074539,7357427968086772174
FLAT,collection,single,100000,512,2,2,42074810,7357427968086772174
FLAT,collection,single,100000,512,2,3,42597458,7357427968086772174
FLAT,collection,single,100000,512,2,4,42585178,7357427968086772174
FLAT,collection,single,100000,512,2,5,42486260,7357427968086772174
FLAT,collection,single,100000,512,2,6,43241579,7357427968086772174
FLAT,collection,batch,100000,512,2,0,30338961,7357427968086772174
FLAT,collection,batch,100000,512,2,1,30682007,7357427968086772174
FLAT,collection,batch,100000,512,2,2,30080139,7357427968086772174
FLAT,collection,batch,100000,512,2,3,30587665,7357427968086772174
FLAT,collection,batch,100000,512,2,4,30328515,7357427968086772174
FLAT,collection,batch,100000,512,2,5,30525821,7357427968086772174
FLAT,collection,batch,100000,512,2,6,30574435,7357427968086772174
FLAT,collection,single,100000,512,4,0,83841174,-7941854946009114996
FLAT,collection,single,100000,512,4,1,84938829,-7941854946009114996
FLAT,collection,single,100000,512,4,2,86116362,-7941854946009114996
FLAT,collection,single,100000,512,4,3,85782499,-7941854946009114996
FLAT,collection,single,100000,512,4,4,85133260,-7941854946009114996
FLAT,collection,single,100000,512,4,5,85245499,-7941854946009114996
FLAT,collection,single,100000,512,4,6,84464052,-7941854946009114996
FLAT,collection,batch,100000,512,4,0,42068620,-7941854946009114996
FLAT,collection,batch,100000,512,4,1,41878233,-7941854946009114996
FLAT,collection,batch,100000,512,4,2,42007087,-7941854946009114996
FLAT,collection,batch,100000,512,4,3,41681696,-7941854946009114996
FLAT,collection,batch,100000,512,4,4,41830809,-7941854946009114996
FLAT,collection,batch,100000,512,4,5,42468251,-7941854946009114996
FLAT,collection,batch,100000,512,4,6,42368981,-7941854946009114996
FLAT,collection,single,100000,512,16,0,440198901,-6059471343997055021
FLAT,collection,single,100000,512,16,1,337308151,-6059471343997055021
FLAT,collection,single,100000,512,16,2,337071580,-6059471343997055021
FLAT,collection,single,100000,512,16,3,348688709,-6059471343997055021
FLAT,collection,single,100000,512,16,4,331274492,-6059471343997055021
FLAT,collection,single,100000,512,16,5,332421847,-6059471343997055021
FLAT,collection,single,100000,512,16,6,331535702,-6059471343997055021
FLAT,collection,batch,100000,512,16,0,102065522,-6059471343997055021
FLAT,collection,batch,100000,512,16,1,102140966,-6059471343997055021
FLAT,collection,batch,100000,512,16,2,101565718,-6059471343997055021
FLAT,collection,batch,100000,512,16,3,101655374,-6059471343997055021
FLAT,collection,batch,100000,512,16,4,102496610,-6059471343997055021
FLAT,collection,batch,100000,512,16,5,110094322,-6059471343997055021
FLAT,collection,batch,100000,512,16,6,104330374,-6059471343997055021
FLAT,collection,single,100000,512,64,0,1358028763,4383894143533102471
FLAT,collection,single,100000,512,64,1,1334743158,4383894143533102471
FLAT,collection,single,100000,512,64,2,1314081287,4383894143533102471
FLAT,collection,single,100000,512,64,3,1334991077,4383894143533102471
FLAT,collection,single,100000,512,64,4,1322966993,4383894143533102471
FLAT,collection,single,100000,512,64,5,1327537306,4383894143533102471
FLAT,collection,single,100000,512,64,6,1365392700,4383894143533102471
FLAT,collection,batch,100000,512,64,0,365849389,4383894143533102471
FLAT,collection,batch,100000,512,64,1,368058726,4383894143533102471
FLAT,collection,batch,100000,512,64,2,358014470,4383894143533102471
FLAT,collection,batch,100000,512,64,3,359032432,4383894143533102471
FLAT,collection,batch,100000,512,64,4,361195971,4383894143533102471
FLAT,collection,batch,100000,512,64,5,360333759,4383894143533102471
FLAT,collection,batch,100000,512,64,6,359818762,4383894143533102471
