WARNING: Using incubator modules: jdk.incubator.vector
Oct 04, 2026 12:57:08 AM com.integrallis.vectors.core.PanamaVectorUtilSupportProvider create
INFO: vectors-core: Using Panama Vector API SIMD provider (vector bits: 256)
Oct 04, 2026 12:57:08 AM com.integrallis.vectors.core.VectorizationProvider logActiveToggles
INFO: vectors-core: provider=PanamaVectorUtilSupport panama=true maxBits=256 preferredBits=256 fastVectorFMA=true fastScalarFMA=true sve=false ggufParallel=true ggufParallelThreshold=1048576 ggufExecutor=persistent ggufThreads=8 ggufChunksPerThread=2 mappedKQuantLongOffsets=auto(q4=true,q5=false,q6=false) q4ShortPairwiseSupported=true q4UnsignedPairwiseSupported=true toggles=[(defaults — no -Dvectors.* overrides)]
FLAT,glove,single,100000,100,1,0,5909322,9123688640271969882
FLAT,glove,single,100000,100,1,1,5797214,9123688640271969882
FLAT,glove,single,100000,100,1,2,5789462,9123688640271969882
FLAT,glove,single,100000,100,1,3,5796783,9123688640271969882
FLAT,glove,single,100000,100,1,4,5671604,9123688640271969882
FLAT,glove,single,100000,100,1,5,5645244,9123688640271969882
FLAT,glove,single,100000,100,1,6,5645755,9123688640271969882
FLAT,glove,batch,100000,100,1,0,4986984,9123688640271969882
FLAT,glove,batch,100000,100,1,1,4732611,9123688640271969882
FLAT,glove,batch,100000,100,1,2,5001997,9123688640271969882
FLAT,glove,batch,100000,100,1,3,4849878,9123688640271969882
FLAT,glove,batch,100000,100,1,4,4794134,9123688640271969882
FLAT,glove,batch,100000,100,1,5,4722756,9123688640271969882
FLAT,glove,batch,100000,100,1,6,5892947,9123688640271969882
FLAT,glove,single,100000,100,2,0,11117339,-8839688515274822432
FLAT,glove,single,100000,100,2,1,11994297,-8839688515274822432
FLAT,glove,single,100000,100,2,2,11603941,-8839688515274822432
FLAT,glove,single,100000,100,2,3,11330729,-8839688515274822432
FLAT,glove,single,100000,100,2,4,11406504,-8839688515274822432
FLAT,glove,single,100000,100,2,5,11660727,-8839688515274822432
FLAT,glove,single,100000,100,2,6,11684893,-8839688515274822432
FLAT,glove,batch,100000,100,2,0,6844490,-8839688515274822432
FLAT,glove,batch,100000,100,2,1,6644879,-8839688515274822432
FLAT,glove,batch,100000,100,2,2,6549615,-8839688515274822432
FLAT,glove,batch,100000,100,2,3,6534953,-8839688515274822432
FLAT,glove,batch,100000,100,2,4,6512360,-8839688515274822432
FLAT,glove,batch,100000,100,2,5,6623466,-8839688515274822432
FLAT,glove,batch,100000,100,2,6,6456135,-8839688515274822432
FLAT,glove,single,100000,100,4,0,20962654,-8035847026677169637
FLAT,glove,single,100000,100,4,1,21339441,-8035847026677169637
FLAT,glove,single,100000,100,4,2,22539796,-8035847026677169637
FLAT,glove,single,100000,100,4,3,22161868,-8035847026677169637
FLAT,glove,single,100000,100,4,4,23858471,-8035847026677169637
FLAT,glove,single,100000,100,4,5,21500673,-8035847026677169637
FLAT,glove,single,100000,100,4,6,20665176,-8035847026677169637
FLAT,glove,batch,100000,100,4,0,9710431,-8035847026677169637
FLAT,glove,batch,100000,100,4,1,9566365,-8035847026677169637
FLAT,glove,batch,100000,100,4,2,9728690,-8035847026677169637
FLAT,glove,batch,100000,100,4,3,9669651,-8035847026677169637
FLAT,glove,batch,100000,100,4,4,9583561,-8035847026677169637
FLAT,glove,batch,100000,100,4,5,9718964,-8035847026677169637
FLAT,glove,batch,100000,100,4,6,9931894,-8035847026677169637
FLAT,glove,single,100000,100,16,0,87344730,4439317876800093591
FLAT,glove,single,100000,100,16,1,83712444,4439317876800093591
FLAT,glove,single,100000,100,16,2,87453694,4439317876800093591
FLAT,glove,single,100000,100,16,3,82834224,4439317876800093591
FLAT,glove,single,100000,100,16,4,85105781,4439317876800093591
FLAT,glove,single,100000,100,16,5,88424936,4439317876800093591
FLAT,glove,single,100000,100,16,6,85703621,4439317876800093591
FLAT,glove,batch,100000,100,16,0,36123256,4439317876800093591
FLAT,glove,batch,100000,100,16,1,33363413,4439317876800093591
FLAT,glove,batch,100000,100,16,2,33404184,4439317876800093591
FLAT,glove,batch,100000,100,16,3,33150392,4439317876800093591
FLAT,glove,batch,100000,100,16,4,33257093,4439317876800093591
FLAT,glove,batch,100000,100,16,5,33368501,4439317876800093591
FLAT,glove,batch,100000,100,16,6,33149000,4439317876800093591
FLAT,glove,single,100000,100,64,0,351897716,-6504456432332121007
FLAT,glove,single,100000,100,64,1,339081319,-6504456432332121007
FLAT,glove,single,100000,100,64,2,343589644,-6504456432332121007
FLAT,glove,single,100000,100,64,3,363112040,-6504456432332121007
FLAT,glove,single,100000,100,64,4,367964999,-6504456432332121007
FLAT,glove,single,100000,100,64,5,373894893,-6504456432332121007
FLAT,glove,single,100000,100,64,6,369788182,-6504456432332121007
FLAT,glove,batch,100000,100,64,0,125758289,-6504456432332121007
FLAT,glove,batch,100000,100,64,1,125785980,-6504456432332121007
FLAT,glove,batch,100000,100,64,2,125576194,-6504456432332121007
FLAT,glove,batch,100000,100,64,3,125812269,-6504456432332121007
FLAT,glove,batch,100000,100,64,4,125836706,-6504456432332121007
FLAT,glove,batch,100000,100,64,5,125695704,-6504456432332121007
FLAT,glove,batch,100000,100,64,6,126224549,-6504456432332121007
