WARNING: Using incubator modules: jdk.incubator.vector
Oct 04, 2026 12:55:24 AM com.integrallis.vectors.core.PanamaVectorUtilSupportProvider create
INFO: vectors-core: Using Panama Vector API SIMD provider (vector bits: 256)
Oct 04, 2026 12:55:25 AM com.integrallis.vectors.core.VectorizationProvider logActiveToggles
INFO: vectors-core: provider=PanamaVectorUtilSupport panama=true maxBits=256 preferredBits=256 fastVectorFMA=true fastScalarFMA=true sve=false ggufParallel=true ggufParallelThreshold=1048576 ggufExecutor=persistent ggufThreads=8 ggufChunksPerThread=2 mappedKQuantLongOffsets=auto(q4=true,q5=false,q6=false) q4ShortPairwiseSupported=true q4UnsignedPairwiseSupported=true toggles=[(defaults — no -Dvectors.* overrides)]
FLAT,collection,single,100000,512,1,0,21411250,5295670917787159230
FLAT,collection,single,100000,512,1,1,21536338,5295670917787159230
FLAT,collection,single,100000,512,1,2,21640386,5295670917787159230
FLAT,collection,single,100000,512,1,3,21919035,5295670917787159230
FLAT,collection,single,100000,512,1,4,21220934,5295670917787159230
FLAT,collection,single,100000,512,1,5,21330108,5295670917787159230
FLAT,collection,single,100000,512,1,6,21811853,5295670917787159230
FLAT,collection,batch,100000,512,1,0,22048950,5295670917787159230
FLAT,collection,batch,100000,512,1,1,21685663,5295670917787159230
FLAT,collection,batch,100000,512,1,2,21456549,5295670917787159230
FLAT,collection,batch,100000,512,1,3,21516620,5295670917787159230
FLAT,collection,batch,100000,512,1,4,22097773,5295670917787159230
FLAT,collection,batch,100000,512,1,5,22048970,5295670917787159230
FLAT,collection,batch,100000,512,1,6,21778172,5295670917787159230
FLAT,collection,single,100000,512,2,0,41938198,7357427968086772174
FLAT,collection,single,100000,512,2,1,42594697,7357427968086772174
FLAT,collection,single,100000,512,2,2,42797773,7357427968086772174
FLAT,collection,single,100000,512,2,3,42595929,7357427968086772174
FLAT,collection,single,100000,512,2,4,41147719,7357427968086772174
FLAT,collection,single,100000,512,2,5,41205407,7357427968086772174
FLAT,collection,single,100000,512,2,6,41724217,7357427968086772174
FLAT,collection,batch,100000,512,2,0,29888231,7357427968086772174
FLAT,collection,batch,100000,512,2,1,30323456,7357427968086772174
FLAT,collection,batch,100000,512,2,2,29978156,7357427968086772174
FLAT,collection,batch,100000,512,2,3,29821681,7357427968086772174
FLAT,collection,batch,100000,512,2,4,29546266,7357427968086772174
FLAT,collection,batch,100000,512,2,5,29590642,7357427968086772174
FLAT,collection,batch,100000,512,2,6,30105087,7357427968086772174
FLAT,collection,single,100000,512,4,0,85383546,-7941854946009114996
FLAT,collection,single,100000,512,4,1,86409098,-7941854946009114996
FLAT,collection,single,100000,512,4,2,84602279,-7941854946009114996
FLAT,collection,single,100000,512,4,3,84626817,-7941854946009114996
FLAT,collection,single,100000,512,4,4,83851420,-7941854946009114996
FLAT,collection,single,100000,512,4,5,84176298,-7941854946009114996
FLAT,collection,single,100000,512,4,6,83606780,-7941854946009114996
FLAT,collection,batch,100000,512,4,0,42519834,-7941854946009114996
FLAT,collection,batch,100000,512,4,1,42492852,-7941854946009114996
FLAT,collection,batch,100000,512,4,2,42231761,-7941854946009114996
FLAT,collection,batch,100000,512,4,3,42567405,-7941854946009114996
FLAT,collection,batch,100000,512,4,4,42682089,-7941854946009114996
FLAT,collection,batch,100000,512,4,5,42834348,-7941854946009114996
FLAT,collection,batch,100000,512,4,6,42045389,-7941854946009114996
FLAT,collection,single,100000,512,16,0,341790019,-6059471343997055021
FLAT,collection,single,100000,512,16,1,335844339,-6059471343997055021
FLAT,collection,single,100000,512,16,2,335761361,-6059471343997055021
FLAT,collection,single,100000,512,16,3,343409814,-6059471343997055021
FLAT,collection,single,100000,512,16,4,332191658,-6059471343997055021
FLAT,collection,single,100000,512,16,5,326998409,-6059471343997055021
FLAT,collection,single,100000,512,16,6,328858088,-6059471343997055021
FLAT,collection,batch,100000,512,16,0,100201336,-6059471343997055021
FLAT,collection,batch,100000,512,16,1,99453599,-6059471343997055021
FLAT,collection,batch,100000,512,16,2,99525799,-6059471343997055021
FLAT,collection,batch,100000,512,16,3,99450996,-6059471343997055021
FLAT,collection,batch,100000,512,16,4,99787472,-6059471343997055021
FLAT,collection,batch,100000,512,16,5,99240218,-6059471343997055021
FLAT,collection,batch,100000,512,16,6,99356364,-6059471343997055021
FLAT,collection,single,100000,512,64,0,1355985876,4383894143533102471
FLAT,collection,single,100000,512,64,1,1392148303,4383894143533102471
FLAT,collection,single,100000,512,64,2,1348279925,4383894143533102471
FLAT,collection,single,100000,512,64,3,1372770535,4383894143533102471
FLAT,collection,single,100000,512,64,4,1361777709,4383894143533102471
FLAT,collection,single,100000,512,64,5,1332011527,4383894143533102471
FLAT,collection,single,100000,512,64,6,1391254444,4383894143533102471
FLAT,collection,batch,100000,512,64,0,360594791,4383894143533102471
FLAT,collection,batch,100000,512,64,1,364334039,4383894143533102471
FLAT,collection,batch,100000,512,64,2,345110485,4383894143533102471
FLAT,collection,batch,100000,512,64,3,344685796,4383894143533102471
FLAT,collection,batch,100000,512,64,4,352104021,4383894143533102471
FLAT,collection,batch,100000,512,64,5,349378207,4383894143533102471
FLAT,collection,batch,100000,512,64,6,345659158,4383894143533102471
