WARNING: Using incubator modules: jdk.incubator.vector
Oct 04, 2026 12:53:18 AM com.integrallis.vectors.core.PanamaVectorUtilSupportProvider create
INFO: vectors-core: Using Panama Vector API SIMD provider (vector bits: 256)
Oct 04, 2026 12:53:18 AM com.integrallis.vectors.core.VectorizationProvider logActiveToggles
INFO: vectors-core: provider=PanamaVectorUtilSupport panama=true maxBits=256 preferredBits=256 fastVectorFMA=true fastScalarFMA=true sve=false ggufParallel=true ggufParallelThreshold=1048576 ggufExecutor=persistent ggufThreads=8 ggufChunksPerThread=2 mappedKQuantLongOffsets=auto(q4=true,q5=false,q6=false) q4ShortPairwiseSupported=true q4UnsignedPairwiseSupported=true toggles=[(defaults — no -Dvectors.* overrides)]
FLAT,fashion-control,single,60000,784,1,0,16872095,-5889716151259767543
FLAT,fashion-control,single,60000,784,1,1,17115942,-5889716151259767543
FLAT,fashion-control,single,60000,784,1,2,17007559,-5889716151259767543
FLAT,fashion-control,single,60000,784,1,3,17374512,-5889716151259767543
FLAT,fashion-control,single,60000,784,1,4,17053069,-5889716151259767543
FLAT,fashion-control,single,60000,784,1,5,17173008,-5889716151259767543
FLAT,fashion-control,single,60000,784,1,6,17308983,-5889716151259767543
FLAT,fashion-control,batch,60000,784,1,0,17818902,-5889716151259767543
FLAT,fashion-control,batch,60000,784,1,1,17611218,-5889716151259767543
FLAT,fashion-control,batch,60000,784,1,2,17321132,-5889716151259767543
FLAT,fashion-control,batch,60000,784,1,3,17496465,-5889716151259767543
FLAT,fashion-control,batch,60000,784,1,4,18487959,-5889716151259767543
FLAT,fashion-control,batch,60000,784,1,5,17351737,-5889716151259767543
FLAT,fashion-control,batch,60000,784,1,6,17318449,-5889716151259767543
FLAT,fashion-control,single,60000,784,2,0,33239119,-3658882809325304494
FLAT,fashion-control,single,60000,784,2,1,33929930,-3658882809325304494
FLAT,fashion-control,single,60000,784,2,2,33544629,-3658882809325304494
FLAT,fashion-control,single,60000,784,2,3,33084056,-3658882809325304494
FLAT,fashion-control,single,60000,784,2,4,33164737,-3658882809325304494
FLAT,fashion-control,single,60000,784,2,5,32602911,-3658882809325304494
FLAT,fashion-control,single,60000,784,2,6,32924245,-3658882809325304494
FLAT,fashion-control,batch,60000,784,2,0,26219446,-3658882809325304494
FLAT,fashion-control,batch,60000,784,2,1,25057005,-3658882809325304494
FLAT,fashion-control,batch,60000,784,2,2,23237684,-3658882809325304494
FLAT,fashion-control,batch,60000,784,2,3,22852954,-3658882809325304494
FLAT,fashion-control,batch,60000,784,2,4,23069891,-3658882809325304494
FLAT,fashion-control,batch,60000,784,2,5,22726274,-3658882809325304494
FLAT,fashion-control,batch,60000,784,2,6,22839004,-3658882809325304494
FLAT,fashion-control,single,60000,784,4,0,67583923,7347236782066100300
FLAT,fashion-control,single,60000,784,4,1,67030620,7347236782066100300
FLAT,fashion-control,single,60000,784,4,2,67486337,7347236782066100300
FLAT,fashion-control,single,60000,784,4,3,69386198,7347236782066100300
FLAT,fashion-control,single,60000,784,4,4,68012147,7347236782066100300
FLAT,fashion-control,single,60000,784,4,5,66987726,7347236782066100300
FLAT,fashion-control,single,60000,784,4,6,67919117,7347236782066100300
FLAT,fashion-control,batch,60000,784,4,0,32560416,7347236782066100300
FLAT,fashion-control,batch,60000,784,4,1,32485955,7347236782066100300
FLAT,fashion-control,batch,60000,784,4,2,32141576,7347236782066100300
FLAT,fashion-control,batch,60000,784,4,3,32296958,7347236782066100300
FLAT,fashion-control,batch,60000,784,4,4,32263270,7347236782066100300
FLAT,fashion-control,batch,60000,784,4,5,32081064,7347236782066100300
FLAT,fashion-control,batch,60000,784,4,6,32306354,7347236782066100300
FLAT,fashion-control,single,60000,784,16,0,271957417,-7145532576525031642
FLAT,fashion-control,single,60000,784,16,1,268219034,-7145532576525031642
FLAT,fashion-control,single,60000,784,16,2,278166087,-7145532576525031642
FLAT,fashion-control,single,60000,784,16,3,275914506,-7145532576525031642
FLAT,fashion-control,single,60000,784,16,4,271653336,-7145532576525031642
FLAT,fashion-control,single,60000,784,16,5,273273544,-7145532576525031642
FLAT,fashion-control,single,60000,784,16,6,275345667,-7145532576525031642
FLAT,fashion-control,batch,60000,784,16,0,82366726,-7145532576525031642
FLAT,fashion-control,batch,60000,784,16,1,81682515,-7145532576525031642
FLAT,fashion-control,batch,60000,784,16,2,81436735,-7145532576525031642
FLAT,fashion-control,batch,60000,784,16,3,81487792,-7145532576525031642
FLAT,fashion-control,batch,60000,784,16,4,81591288,-7145532576525031642
FLAT,fashion-control,batch,60000,784,16,5,81313379,-7145532576525031642
FLAT,fashion-control,batch,60000,784,16,6,81134630,-7145532576525031642
FLAT,fashion-control,single,60000,784,64,0,1087789439,-176892425030124251
FLAT,fashion-control,single,60000,784,64,1,1086555500,-176892425030124251
FLAT,fashion-control,single,60000,784,64,2,1094156075,-176892425030124251
FLAT,fashion-control,single,60000,784,64,3,1083928970,-176892425030124251
FLAT,fashion-control,single,60000,784,64,4,1086367391,-176892425030124251
FLAT,fashion-control,single,60000,784,64,5,1082104999,-176892425030124251
FLAT,fashion-control,single,60000,784,64,6,1088961805,-176892425030124251
FLAT,fashion-control,batch,60000,784,64,0,274047772,-176892425030124251
FLAT,fashion-control,batch,60000,784,64,1,274730620,-176892425030124251
FLAT,fashion-control,batch,60000,784,64,2,270142530,-176892425030124251
FLAT,fashion-control,batch,60000,784,64,3,270615843,-176892425030124251
FLAT,fashion-control,batch,60000,784,64,4,272501842,-176892425030124251
FLAT,fashion-control,batch,60000,784,64,5,270400316,-176892425030124251
FLAT,fashion-control,batch,60000,784,64,6,270113714,-176892425030124251
