WARNING: Using incubator modules: jdk.incubator.vector
Oct 04, 2026 12:54:34 AM com.integrallis.vectors.core.PanamaVectorUtilSupportProvider create
INFO: vectors-core: Using Panama Vector API SIMD provider (vector bits: 256)
Oct 04, 2026 12:54:34 AM com.integrallis.vectors.core.VectorizationProvider logActiveToggles
INFO: vectors-core: provider=PanamaVectorUtilSupport panama=true maxBits=256 preferredBits=256 fastVectorFMA=true fastScalarFMA=true sve=false ggufParallel=true ggufParallelThreshold=1048576 ggufExecutor=persistent ggufThreads=8 ggufChunksPerThread=2 mappedKQuantLongOffsets=auto(q4=true,q5=false,q6=false) q4ShortPairwiseSupported=true q4UnsignedPairwiseSupported=true toggles=[(defaults — no -Dvectors.* overrides)]
FLAT,glove,single,100000,100,1,0,5884070,9123688640271969882
FLAT,glove,single,100000,100,1,1,5832582,9123688640271969882
FLAT,glove,single,100000,100,1,2,5697047,9123688640271969882
FLAT,glove,single,100000,100,1,3,5761234,9123688640271969882
FLAT,glove,single,100000,100,1,4,5831941,9123688640271969882
FLAT,glove,single,100000,100,1,5,5565059,9123688640271969882
FLAT,glove,single,100000,100,1,6,5687162,9123688640271969882
FLAT,glove,batch,100000,100,1,0,5001530,9123688640271969882
FLAT,glove,batch,100000,100,1,1,4881540,9123688640271969882
FLAT,glove,batch,100000,100,1,2,4697382,9123688640271969882
FLAT,glove,batch,100000,100,1,3,4601167,9123688640271969882
FLAT,glove,batch,100000,100,1,4,4889212,9123688640271969882
FLAT,glove,batch,100000,100,1,5,4868721,9123688640271969882
FLAT,glove,batch,100000,100,1,6,6374728,9123688640271969882
FLAT,glove,single,100000,100,2,0,11292122,-8839688515274822432
FLAT,glove,single,100000,100,2,1,12012317,-8839688515274822432
FLAT,glove,single,100000,100,2,2,11300424,-8839688515274822432
FLAT,glove,single,100000,100,2,3,11347185,-8839688515274822432
FLAT,glove,single,100000,100,2,4,10832219,-8839688515274822432
FLAT,glove,single,100000,100,2,5,11093433,-8839688515274822432
FLAT,glove,single,100000,100,2,6,11502198,-8839688515274822432
FLAT,glove,batch,100000,100,2,0,6319655,-8839688515274822432
FLAT,glove,batch,100000,100,2,1,6251893,-8839688515274822432
FLAT,glove,batch,100000,100,2,2,6681040,-8839688515274822432
FLAT,glove,batch,100000,100,2,3,6648761,-8839688515274822432
FLAT,glove,batch,100000,100,2,4,6407288,-8839688515274822432
FLAT,glove,batch,100000,100,2,5,6719077,-8839688515274822432
FLAT,glove,batch,100000,100,2,6,6547378,-8839688515274822432
FLAT,glove,single,100000,100,4,0,21976510,-8035847026677169637
FLAT,glove,single,100000,100,4,1,23084687,-8035847026677169637
FLAT,glove,single,100000,100,4,2,23245209,-8035847026677169637
FLAT,glove,single,100000,100,4,3,22503022,-8035847026677169637
FLAT,glove,single,100000,100,4,4,23953225,-8035847026677169637
FLAT,glove,single,100000,100,4,5,22459856,-8035847026677169637
FLAT,glove,single,100000,100,4,6,21832192,-8035847026677169637
FLAT,glove,batch,100000,100,4,0,9859946,-8035847026677169637
FLAT,glove,batch,100000,100,4,1,10090612,-8035847026677169637
FLAT,glove,batch,100000,100,4,2,10320269,-8035847026677169637
FLAT,glove,batch,100000,100,4,3,10120468,-8035847026677169637
FLAT,glove,batch,100000,100,4,4,9955598,-8035847026677169637
FLAT,glove,batch,100000,100,4,5,9847878,-8035847026677169637
FLAT,glove,batch,100000,100,4,6,9801318,-8035847026677169637
FLAT,glove,single,100000,100,16,0,83977410,4439317876800093591
FLAT,glove,single,100000,100,16,1,82051610,4439317876800093591
FLAT,glove,single,100000,100,16,2,82568930,4439317876800093591
FLAT,glove,single,100000,100,16,3,84912738,4439317876800093591
FLAT,glove,single,100000,100,16,4,86137172,4439317876800093591
FLAT,glove,single,100000,100,16,5,86557464,4439317876800093591
FLAT,glove,single,100000,100,16,6,83760785,4439317876800093591
FLAT,glove,batch,100000,100,16,0,35760972,4439317876800093591
FLAT,glove,batch,100000,100,16,1,33061549,4439317876800093591
FLAT,glove,batch,100000,100,16,2,32964883,4439317876800093591
FLAT,glove,batch,100000,100,16,3,32955629,4439317876800093591
FLAT,glove,batch,100000,100,16,4,33139345,4439317876800093591
FLAT,glove,batch,100000,100,16,5,32858644,4439317876800093591
FLAT,glove,batch,100000,100,16,6,32968228,4439317876800093591
FLAT,glove,single,100000,100,64,0,344648717,-6504456432332121007
FLAT,glove,single,100000,100,64,1,346550670,-6504456432332121007
FLAT,glove,single,100000,100,64,2,351542433,-6504456432332121007
FLAT,glove,single,100000,100,64,3,356132986,-6504456432332121007
FLAT,glove,single,100000,100,64,4,362920321,-6504456432332121007
FLAT,glove,single,100000,100,64,5,356346904,-6504456432332121007
FLAT,glove,single,100000,100,64,6,354643831,-6504456432332121007
FLAT,glove,batch,100000,100,64,0,125019066,-6504456432332121007
FLAT,glove,batch,100000,100,64,1,125011665,-6504456432332121007
FLAT,glove,batch,100000,100,64,2,124580947,-6504456432332121007
FLAT,glove,batch,100000,100,64,3,132531998,-6504456432332121007
FLAT,glove,batch,100000,100,64,4,125760953,-6504456432332121007
FLAT,glove,batch,100000,100,64,5,127259339,-6504456432332121007
FLAT,glove,batch,100000,100,64,6,129978563,-6504456432332121007
