WARNING: Using incubator modules: jdk.incubator.vector
Oct 04, 2026 12:58:50 AM com.integrallis.vectors.core.PanamaVectorUtilSupportProvider create
INFO: vectors-core: Using Panama Vector API SIMD provider (vector bits: 256)
Oct 04, 2026 12:58:50 AM com.integrallis.vectors.core.VectorizationProvider logActiveToggles
INFO: vectors-core: provider=PanamaVectorUtilSupport panama=true maxBits=256 preferredBits=256 fastVectorFMA=true fastScalarFMA=true sve=false ggufParallel=true ggufParallelThreshold=1048576 ggufExecutor=persistent ggufThreads=8 ggufChunksPerThread=2 mappedKQuantLongOffsets=auto(q4=true,q5=false,q6=false) q4ShortPairwiseSupported=true q4UnsignedPairwiseSupported=true toggles=[(defaults — no -Dvectors.* overrides)]
FLAT,fashion-control,single,60000,784,1,0,17081537,-5889716151259767543
FLAT,fashion-control,single,60000,784,1,1,17127578,-5889716151259767543
FLAT,fashion-control,single,60000,784,1,2,17639756,-5889716151259767543
FLAT,fashion-control,single,60000,784,1,3,17472465,-5889716151259767543
FLAT,fashion-control,single,60000,784,1,4,16989077,-5889716151259767543
FLAT,fashion-control,single,60000,784,1,5,17319846,-5889716151259767543
FLAT,fashion-control,single,60000,784,1,6,19246373,-5889716151259767543
FLAT,fashion-control,batch,60000,784,1,0,19044009,-5889716151259767543
FLAT,fashion-control,batch,60000,784,1,1,17914781,-5889716151259767543
FLAT,fashion-control,batch,60000,784,1,2,17988892,-5889716151259767543
FLAT,fashion-control,batch,60000,784,1,3,18788836,-5889716151259767543
FLAT,fashion-control,batch,60000,784,1,4,17690682,-5889716151259767543
FLAT,fashion-control,batch,60000,784,1,5,17774919,-5889716151259767543
FLAT,fashion-control,batch,60000,784,1,6,17748290,-5889716151259767543
FLAT,fashion-control,single,60000,784,2,0,34335393,-3658882809325304494
FLAT,fashion-control,single,60000,784,2,1,35691193,-3658882809325304494
FLAT,fashion-control,single,60000,784,2,2,35304342,-3658882809325304494
FLAT,fashion-control,single,60000,784,2,3,34219548,-3658882809325304494
FLAT,fashion-control,single,60000,784,2,4,33564242,-3658882809325304494
FLAT,fashion-control,single,60000,784,2,5,33717635,-3658882809325304494
FLAT,fashion-control,single,60000,784,2,6,34164966,-3658882809325304494
FLAT,fashion-control,batch,60000,784,2,0,23049535,-3658882809325304494
FLAT,fashion-control,batch,60000,784,2,1,23065039,-3658882809325304494
FLAT,fashion-control,batch,60000,784,2,2,23064868,-3658882809325304494
FLAT,fashion-control,batch,60000,784,2,3,23001923,-3658882809325304494
FLAT,fashion-control,batch,60000,784,2,4,22885208,-3658882809325304494
FLAT,fashion-control,batch,60000,784,2,5,22961212,-3658882809325304494
FLAT,fashion-control,batch,60000,784,2,6,22769965,-3658882809325304494
FLAT,fashion-control,single,60000,784,4,0,68073558,7347236782066100300
FLAT,fashion-control,single,60000,784,4,1,68177774,7347236782066100300
FLAT,fashion-control,single,60000,784,4,2,68230103,7347236782066100300
FLAT,fashion-control,single,60000,784,4,3,68223242,7347236782066100300
FLAT,fashion-control,single,60000,784,4,4,67622409,7347236782066100300
FLAT,fashion-control,single,60000,784,4,5,68474983,7347236782066100300
FLAT,fashion-control,single,60000,784,4,6,69208595,7347236782066100300
FLAT,fashion-control,batch,60000,784,4,0,33659056,7347236782066100300
FLAT,fashion-control,batch,60000,784,4,1,31632237,7347236782066100300
FLAT,fashion-control,batch,60000,784,4,2,30662218,7347236782066100300
FLAT,fashion-control,batch,60000,784,4,3,30602197,7347236782066100300
FLAT,fashion-control,batch,60000,784,4,4,31091894,7347236782066100300
FLAT,fashion-control,batch,60000,784,4,5,31559406,7347236782066100300
FLAT,fashion-control,batch,60000,784,4,6,32556177,7347236782066100300
FLAT,fashion-control,single,60000,784,16,0,272940230,-7145532576525031642
FLAT,fashion-control,single,60000,784,16,1,272430534,-7145532576525031642
FLAT,fashion-control,single,60000,784,16,2,273032990,-7145532576525031642
FLAT,fashion-control,single,60000,784,16,3,280011907,-7145532576525031642
FLAT,fashion-control,single,60000,784,16,4,275774903,-7145532576525031642
FLAT,fashion-control,single,60000,784,16,5,277021629,-7145532576525031642
FLAT,fashion-control,single,60000,784,16,6,279309391,-7145532576525031642
FLAT,fashion-control,batch,60000,784,16,0,78325299,-7145532576525031642
FLAT,fashion-control,batch,60000,784,16,1,77289620,-7145532576525031642
FLAT,fashion-control,batch,60000,784,16,2,77341488,-7145532576525031642
FLAT,fashion-control,batch,60000,784,16,3,77249031,-7145532576525031642
FLAT,fashion-control,batch,60000,784,16,4,77647088,-7145532576525031642
FLAT,fashion-control,batch,60000,784,16,5,77603332,-7145532576525031642
FLAT,fashion-control,batch,60000,784,16,6,77255488,-7145532576525031642
FLAT,fashion-control,single,60000,784,64,0,1072495940,-176892425030124251
FLAT,fashion-control,single,60000,784,64,1,1080878716,-176892425030124251
FLAT,fashion-control,single,60000,784,64,2,1106195058,-176892425030124251
FLAT,fashion-control,single,60000,784,64,3,1101477489,-176892425030124251
FLAT,fashion-control,single,60000,784,64,4,1095706835,-176892425030124251
FLAT,fashion-control,single,60000,784,64,5,1115531604,-176892425030124251
FLAT,fashion-control,single,60000,784,64,6,1093729344,-176892425030124251
FLAT,fashion-control,batch,60000,784,64,0,258745750,-176892425030124251
FLAT,fashion-control,batch,60000,784,64,1,256099360,-176892425030124251
FLAT,fashion-control,batch,60000,784,64,2,261216377,-176892425030124251
FLAT,fashion-control,batch,60000,784,64,3,256493231,-176892425030124251
FLAT,fashion-control,batch,60000,784,64,4,255434550,-176892425030124251
FLAT,fashion-control,batch,60000,784,64,5,255207637,-176892425030124251
FLAT,fashion-control,batch,60000,784,64,6,258454412,-176892425030124251
