WARNING: Using incubator modules: jdk.incubator.vector
Oct 04, 2026 12:54:45 AM com.integrallis.vectors.core.PanamaVectorUtilSupportProvider create
INFO: vectors-core: Using Panama Vector API SIMD provider (vector bits: 256)
Oct 04, 2026 12:54:45 AM com.integrallis.vectors.core.VectorizationProvider logActiveToggles
INFO: vectors-core: provider=PanamaVectorUtilSupport panama=true maxBits=256 preferredBits=256 fastVectorFMA=true fastScalarFMA=true sve=false ggufParallel=true ggufParallelThreshold=1048576 ggufExecutor=persistent ggufThreads=8 ggufChunksPerThread=2 mappedKQuantLongOffsets=auto(q4=true,q5=false,q6=false) q4ShortPairwiseSupported=true q4UnsignedPairwiseSupported=true toggles=[(defaults — no -Dvectors.* overrides)]
FLAT,collection,single,100000,512,1,0,20611112,5295670917787159230
FLAT,collection,single,100000,512,1,1,20865725,5295670917787159230
FLAT,collection,single,100000,512,1,2,20944013,5295670917787159230
FLAT,collection,single,100000,512,1,3,21578599,5295670917787159230
FLAT,collection,single,100000,512,1,4,20869940,5295670917787159230
FLAT,collection,single,100000,512,1,5,21116693,5295670917787159230
FLAT,collection,single,100000,512,1,6,21271325,5295670917787159230
FLAT,collection,batch,100000,512,1,0,22913087,5295670917787159230
FLAT,collection,batch,100000,512,1,1,23883228,5295670917787159230
FLAT,collection,batch,100000,512,1,2,21806161,5295670917787159230
FLAT,collection,batch,100000,512,1,3,21840953,5295670917787159230
FLAT,collection,batch,100000,512,1,4,22364721,5295670917787159230
FLAT,collection,batch,100000,512,1,5,22206073,5295670917787159230
FLAT,collection,batch,100000,512,1,6,22870663,5295670917787159230
FLAT,collection,single,100000,512,2,0,41420691,7357427968086772174
FLAT,collection,single,100000,512,2,1,42084070,7357427968086772174
FLAT,collection,single,100000,512,2,2,41800844,7357427968086772174
FLAT,collection,single,100000,512,2,3,41420371,7357427968086772174
FLAT,collection,single,100000,512,2,4,41546030,7357427968086772174
FLAT,collection,single,100000,512,2,5,41208542,7357427968086772174
FLAT,collection,single,100000,512,2,6,41656687,7357427968086772174
FLAT,collection,batch,100000,512,2,0,34983139,7357427968086772174
FLAT,collection,batch,100000,512,2,1,35570343,7357427968086772174
FLAT,collection,batch,100000,512,2,2,34607313,7357427968086772174
FLAT,collection,batch,100000,512,2,3,35215529,7357427968086772174
FLAT,collection,batch,100000,512,2,4,34984862,7357427968086772174
FLAT,collection,batch,100000,512,2,5,35491605,7357427968086772174
FLAT,collection,batch,100000,512,2,6,35019794,7357427968086772174
FLAT,collection,single,100000,512,4,0,82863165,-7941854946009114996
FLAT,collection,single,100000,512,4,1,82518786,-7941854946009114996
FLAT,collection,single,100000,512,4,2,83149867,-7941854946009114996
FLAT,collection,single,100000,512,4,3,84256272,-7941854946009114996
FLAT,collection,single,100000,512,4,4,84559218,-7941854946009114996
FLAT,collection,single,100000,512,4,5,83803871,-7941854946009114996
FLAT,collection,single,100000,512,4,6,85858724,-7941854946009114996
FLAT,collection,batch,100000,512,4,0,46760459,-7941854946009114996
FLAT,collection,batch,100000,512,4,1,46446998,-7941854946009114996
FLAT,collection,batch,100000,512,4,2,46282881,-7941854946009114996
FLAT,collection,batch,100000,512,4,3,46632398,-7941854946009114996
FLAT,collection,batch,100000,512,4,4,46738558,-7941854946009114996
FLAT,collection,batch,100000,512,4,5,46979660,-7941854946009114996
FLAT,collection,batch,100000,512,4,6,46827100,-7941854946009114996
FLAT,collection,single,100000,512,16,0,340766098,-6059471343997055021
FLAT,collection,single,100000,512,16,1,342688362,-6059471343997055021
FLAT,collection,single,100000,512,16,2,335252326,-6059471343997055021
FLAT,collection,single,100000,512,16,3,331720527,-6059471343997055021
FLAT,collection,single,100000,512,16,4,336779202,-6059471343997055021
FLAT,collection,single,100000,512,16,5,329191048,-6059471343997055021
FLAT,collection,single,100000,512,16,6,335821879,-6059471343997055021
FLAT,collection,batch,100000,512,16,0,100758281,-6059471343997055021
FLAT,collection,batch,100000,512,16,1,100206269,-6059471343997055021
FLAT,collection,batch,100000,512,16,2,101401138,-6059471343997055021
FLAT,collection,batch,100000,512,16,3,102140281,-6059471343997055021
FLAT,collection,batch,100000,512,16,4,103523193,-6059471343997055021
FLAT,collection,batch,100000,512,16,5,102108253,-6059471343997055021
FLAT,collection,batch,100000,512,16,6,100457938,-6059471343997055021
FLAT,collection,single,100000,512,64,0,1379280383,4383894143533102471
FLAT,collection,single,100000,512,64,1,1355125948,4383894143533102471
FLAT,collection,single,100000,512,64,2,1357524045,4383894143533102471
FLAT,collection,single,100000,512,64,3,1358428555,4383894143533102471
FLAT,collection,single,100000,512,64,4,1351548676,4383894143533102471
FLAT,collection,single,100000,512,64,5,1347499778,4383894143533102471
FLAT,collection,single,100000,512,64,6,1367050446,4383894143533102471
FLAT,collection,batch,100000,512,64,0,355094228,4383894143533102471
FLAT,collection,batch,100000,512,64,1,364495529,4383894143533102471
FLAT,collection,batch,100000,512,64,2,356633584,4383894143533102471
FLAT,collection,batch,100000,512,64,3,356611249,4383894143533102471
FLAT,collection,batch,100000,512,64,4,352674022,4383894143533102471
FLAT,collection,batch,100000,512,64,5,353701829,4383894143533102471
FLAT,collection,batch,100000,512,64,6,357880137,4383894143533102471
