WARNING: Using incubator modules: jdk.incubator.vector
Oct 04, 2026 12:57:19 AM com.integrallis.vectors.core.PanamaVectorUtilSupportProvider create
INFO: vectors-core: Using Panama Vector API SIMD provider (vector bits: 256)
Oct 04, 2026 12:57:19 AM com.integrallis.vectors.core.VectorizationProvider logActiveToggles
INFO: vectors-core: provider=PanamaVectorUtilSupport panama=true maxBits=256 preferredBits=256 fastVectorFMA=true fastScalarFMA=true sve=false ggufParallel=true ggufParallelThreshold=1048576 ggufExecutor=persistent ggufThreads=8 ggufChunksPerThread=2 mappedKQuantLongOffsets=auto(q4=true,q5=false,q6=false) q4ShortPairwiseSupported=true q4UnsignedPairwiseSupported=true toggles=[(defaults — no -Dvectors.* overrides)]
FLAT,glove,single,100000,100,1,0,5443541,9123688640271969882
FLAT,glove,single,100000,100,1,1,5621719,9123688640271969882
FLAT,glove,single,100000,100,1,2,5544914,9123688640271969882
FLAT,glove,single,100000,100,1,3,5733287,9123688640271969882
FLAT,glove,single,100000,100,1,4,6369374,9123688640271969882
FLAT,glove,single,100000,100,1,5,5652746,9123688640271969882
FLAT,glove,single,100000,100,1,6,5785906,9123688640271969882
FLAT,glove,batch,100000,100,1,0,4972352,9123688640271969882
FLAT,glove,batch,100000,100,1,1,4778390,9123688640271969882
FLAT,glove,batch,100000,100,1,2,4585018,9123688640271969882
FLAT,glove,batch,100000,100,1,3,4561113,9123688640271969882
FLAT,glove,batch,100000,100,1,4,5197070,9123688640271969882
FLAT,glove,batch,100000,100,1,5,4942157,9123688640271969882
FLAT,glove,batch,100000,100,1,6,6039488,9123688640271969882
FLAT,glove,single,100000,100,2,0,11062376,-8839688515274822432
FLAT,glove,single,100000,100,2,1,12178834,-8839688515274822432
FLAT,glove,single,100000,100,2,2,12642753,-8839688515274822432
FLAT,glove,single,100000,100,2,3,12061409,-8839688515274822432
FLAT,glove,single,100000,100,2,4,11228355,-8839688515274822432
FLAT,glove,single,100000,100,2,5,10711518,-8839688515274822432
FLAT,glove,single,100000,100,2,6,11070057,-8839688515274822432
FLAT,glove,batch,100000,100,2,0,8149793,-8839688515274822432
FLAT,glove,batch,100000,100,2,1,8083734,-8839688515274822432
FLAT,glove,batch,100000,100,2,2,8220800,-8839688515274822432
FLAT,glove,batch,100000,100,2,3,8009682,-8839688515274822432
FLAT,glove,batch,100000,100,2,4,8154310,-8839688515274822432
FLAT,glove,batch,100000,100,2,5,8078286,-8839688515274822432
FLAT,glove,batch,100000,100,2,6,8088130,-8839688515274822432
FLAT,glove,single,100000,100,4,0,21708324,-8035847026677169637
FLAT,glove,single,100000,100,4,1,22060414,-8035847026677169637
FLAT,glove,single,100000,100,4,2,22491293,-8035847026677169637
FLAT,glove,single,100000,100,4,3,23488942,-8035847026677169637
FLAT,glove,single,100000,100,4,4,22019582,-8035847026677169637
FLAT,glove,single,100000,100,4,5,24022997,-8035847026677169637
FLAT,glove,single,100000,100,4,6,24367155,-8035847026677169637
FLAT,glove,batch,100000,100,4,0,12321700,-8035847026677169637
FLAT,glove,batch,100000,100,4,1,12305886,-8035847026677169637
FLAT,glove,batch,100000,100,4,2,12254079,-8035847026677169637
FLAT,glove,batch,100000,100,4,3,12355532,-8035847026677169637
FLAT,glove,batch,100000,100,4,4,12445968,-8035847026677169637
FLAT,glove,batch,100000,100,4,5,12310493,-8035847026677169637
FLAT,glove,batch,100000,100,4,6,12735984,-8035847026677169637
FLAT,glove,single,100000,100,16,0,87530516,4439317876800093591
FLAT,glove,single,100000,100,16,1,86853766,4439317876800093591
FLAT,glove,single,100000,100,16,2,88221055,4439317876800093591
FLAT,glove,single,100000,100,16,3,83960904,4439317876800093591
FLAT,glove,single,100000,100,16,4,83612169,4439317876800093591
FLAT,glove,single,100000,100,16,5,83877069,4439317876800093591
FLAT,glove,single,100000,100,16,6,80477923,4439317876800093591
FLAT,glove,batch,100000,100,16,0,40704927,4439317876800093591
FLAT,glove,batch,100000,100,16,1,40697256,4439317876800093591
FLAT,glove,batch,100000,100,16,2,41001675,4439317876800093591
FLAT,glove,batch,100000,100,16,3,41681077,4439317876800093591
FLAT,glove,batch,100000,100,16,4,40834012,4439317876800093591
FLAT,glove,batch,100000,100,16,5,41550300,4439317876800093591
FLAT,glove,batch,100000,100,16,6,46507018,4439317876800093591
FLAT,glove,single,100000,100,64,0,350384191,-6504456432332121007
FLAT,glove,single,100000,100,64,1,356878513,-6504456432332121007
FLAT,glove,single,100000,100,64,2,356479191,-6504456432332121007
FLAT,glove,single,100000,100,64,3,353124743,-6504456432332121007
FLAT,glove,single,100000,100,64,4,346366143,-6504456432332121007
FLAT,glove,single,100000,100,64,5,356239349,-6504456432332121007
FLAT,glove,single,100000,100,64,6,351468671,-6504456432332121007
FLAT,glove,batch,100000,100,64,0,170014713,-6504456432332121007
FLAT,glove,batch,100000,100,64,1,163924810,-6504456432332121007
FLAT,glove,batch,100000,100,64,2,166754768,-6504456432332121007
FLAT,glove,batch,100000,100,64,3,157645972,-6504456432332121007
FLAT,glove,batch,100000,100,64,4,159675655,-6504456432332121007
FLAT,glove,batch,100000,100,64,5,171154838,-6504456432332121007
FLAT,glove,batch,100000,100,64,6,171045853,-6504456432332121007
