WARNING: Using incubator modules: jdk.incubator.vector
Oct 04, 2026 12:54:21 AM com.integrallis.vectors.core.PanamaVectorUtilSupportProvider create
INFO: vectors-core: Using Panama Vector API SIMD provider (vector bits: 256)
Oct 04, 2026 12:54:21 AM com.integrallis.vectors.core.VectorizationProvider logActiveToggles
INFO: vectors-core: provider=PanamaVectorUtilSupport panama=true maxBits=256 preferredBits=256 fastVectorFMA=true fastScalarFMA=true sve=false ggufParallel=true ggufParallelThreshold=1048576 ggufExecutor=persistent ggufThreads=8 ggufChunksPerThread=2 mappedKQuantLongOffsets=auto(q4=true,q5=false,q6=false) q4ShortPairwiseSupported=true q4UnsignedPairwiseSupported=true toggles=[(defaults — no -Dvectors.* overrides)]
FLAT,glove,single,100000,100,1,0,5711460,9123688640271969882
FLAT,glove,single,100000,100,1,1,5874646,9123688640271969882
FLAT,glove,single,100000,100,1,2,5665451,9123688640271969882
FLAT,glove,single,100000,100,1,3,5700083,9123688640271969882
FLAT,glove,single,100000,100,1,4,5673873,9123688640271969882
FLAT,glove,single,100000,100,1,5,5581706,9123688640271969882
FLAT,glove,single,100000,100,1,6,5904270,9123688640271969882
FLAT,glove,batch,100000,100,1,0,5326390,9123688640271969882
FLAT,glove,batch,100000,100,1,1,5162294,9123688640271969882
FLAT,glove,batch,100000,100,1,2,5121051,9123688640271969882
FLAT,glove,batch,100000,100,1,3,4990835,9123688640271969882
FLAT,glove,batch,100000,100,1,4,5574123,9123688640271969882
FLAT,glove,batch,100000,100,1,5,5103865,9123688640271969882
FLAT,glove,batch,100000,100,1,6,6488490,9123688640271969882
FLAT,glove,single,100000,100,2,0,10890779,-8839688515274822432
FLAT,glove,single,100000,100,2,1,12305328,-8839688515274822432
FLAT,glove,single,100000,100,2,2,11600889,-8839688515274822432
FLAT,glove,single,100000,100,2,3,11306676,-8839688515274822432
FLAT,glove,single,100000,100,2,4,11113314,-8839688515274822432
FLAT,glove,single,100000,100,2,5,11450061,-8839688515274822432
FLAT,glove,single,100000,100,2,6,12222374,-8839688515274822432
FLAT,glove,batch,100000,100,2,0,8064964,-8839688515274822432
FLAT,glove,batch,100000,100,2,1,8086196,-8839688515274822432
FLAT,glove,batch,100000,100,2,2,8161260,-8839688515274822432
FLAT,glove,batch,100000,100,2,3,8099256,-8839688515274822432
FLAT,glove,batch,100000,100,2,4,8114138,-8839688515274822432
FLAT,glove,batch,100000,100,2,5,8113016,-8839688515274822432
FLAT,glove,batch,100000,100,2,6,8071342,-8839688515274822432
FLAT,glove,single,100000,100,4,0,21757891,-8035847026677169637
FLAT,glove,single,100000,100,4,1,22469875,-8035847026677169637
FLAT,glove,single,100000,100,4,2,24327441,-8035847026677169637
FLAT,glove,single,100000,100,4,3,22547972,-8035847026677169637
FLAT,glove,single,100000,100,4,4,23657022,-8035847026677169637
FLAT,glove,single,100000,100,4,5,23072531,-8035847026677169637
FLAT,glove,single,100000,100,4,6,22282601,-8035847026677169637
FLAT,glove,batch,100000,100,4,0,12486241,-8035847026677169637
FLAT,glove,batch,100000,100,4,1,12409184,-8035847026677169637
FLAT,glove,batch,100000,100,4,2,12494844,-8035847026677169637
FLAT,glove,batch,100000,100,4,3,12626572,-8035847026677169637
FLAT,glove,batch,100000,100,4,4,12408615,-8035847026677169637
FLAT,glove,batch,100000,100,4,5,12386060,-8035847026677169637
FLAT,glove,batch,100000,100,4,6,12450106,-8035847026677169637
FLAT,glove,single,100000,100,16,0,94559431,4439317876800093591
FLAT,glove,single,100000,100,16,1,94651611,4439317876800093591
FLAT,glove,single,100000,100,16,2,90035680,4439317876800093591
FLAT,glove,single,100000,100,16,3,89292962,4439317876800093591
FLAT,glove,single,100000,100,16,4,89563489,4439317876800093591
FLAT,glove,single,100000,100,16,5,93335808,4439317876800093591
FLAT,glove,single,100000,100,16,6,95241027,4439317876800093591
FLAT,glove,batch,100000,100,16,0,41487059,4439317876800093591
FLAT,glove,batch,100000,100,16,1,41313336,4439317876800093591
FLAT,glove,batch,100000,100,16,2,41208739,4439317876800093591
FLAT,glove,batch,100000,100,16,3,41353126,4439317876800093591
FLAT,glove,batch,100000,100,16,4,42333413,4439317876800093591
FLAT,glove,batch,100000,100,16,5,41544474,4439317876800093591
FLAT,glove,batch,100000,100,16,6,41410403,4439317876800093591
FLAT,glove,single,100000,100,64,0,355227237,-6504456432332121007
FLAT,glove,single,100000,100,64,1,370194953,-6504456432332121007
FLAT,glove,single,100000,100,64,2,360628057,-6504456432332121007
FLAT,glove,single,100000,100,64,3,355456420,-6504456432332121007
FLAT,glove,single,100000,100,64,4,358371766,-6504456432332121007
FLAT,glove,single,100000,100,64,5,356323552,-6504456432332121007
FLAT,glove,single,100000,100,64,6,358459589,-6504456432332121007
FLAT,glove,batch,100000,100,64,0,160299088,-6504456432332121007
FLAT,glove,batch,100000,100,64,1,157302867,-6504456432332121007
FLAT,glove,batch,100000,100,64,2,158569514,-6504456432332121007
FLAT,glove,batch,100000,100,64,3,158341701,-6504456432332121007
FLAT,glove,batch,100000,100,64,4,157857000,-6504456432332121007
FLAT,glove,batch,100000,100,64,5,157725752,-6504456432332121007
FLAT,glove,batch,100000,100,64,6,157348115,-6504456432332121007
