WARNING: Using incubator modules: jdk.incubator.vector
Oct 04, 2026 12:52:39 AM com.integrallis.vectors.core.PanamaVectorUtilSupportProvider create
INFO: vectors-core: Using Panama Vector API SIMD provider (vector bits: 256)
Oct 04, 2026 12:52:39 AM com.integrallis.vectors.core.VectorizationProvider logActiveToggles
INFO: vectors-core: provider=PanamaVectorUtilSupport panama=true maxBits=256 preferredBits=256 fastVectorFMA=true fastScalarFMA=true sve=false ggufParallel=true ggufParallelThreshold=1048576 ggufExecutor=persistent ggufThreads=8 ggufChunksPerThread=2 mappedKQuantLongOffsets=auto(q4=true,q5=false,q6=false) q4ShortPairwiseSupported=true q4UnsignedPairwiseSupported=true toggles=[(defaults — no -Dvectors.* overrides)]
FLAT,collection,single,100000,512,1,0,21303701,5295670917787159230
FLAT,collection,single,100000,512,1,1,21620176,5295670917787159230
FLAT,collection,single,100000,512,1,2,21014245,5295670917787159230
FLAT,collection,single,100000,512,1,3,21146244,5295670917787159230
FLAT,collection,single,100000,512,1,4,21646927,5295670917787159230
FLAT,collection,single,100000,512,1,5,21744075,5295670917787159230
FLAT,collection,single,100000,512,1,6,21855572,5295670917787159230
FLAT,collection,batch,100000,512,1,0,21941471,5295670917787159230
FLAT,collection,batch,100000,512,1,1,20872781,5295670917787159230
FLAT,collection,batch,100000,512,1,2,21639135,5295670917787159230
FLAT,collection,batch,100000,512,1,3,21906869,5295670917787159230
FLAT,collection,batch,100000,512,1,4,21491623,5295670917787159230
FLAT,collection,batch,100000,512,1,5,21681590,5295670917787159230
FLAT,collection,batch,100000,512,1,6,21540948,5295670917787159230
FLAT,collection,single,100000,512,2,0,41287883,7357427968086772174
FLAT,collection,single,100000,512,2,1,41639091,7357427968086772174
FLAT,collection,single,100000,512,2,2,41435064,7357427968086772174
FLAT,collection,single,100000,512,2,3,41787905,7357427968086772174
FLAT,collection,single,100000,512,2,4,42155931,7357427968086772174
FLAT,collection,single,100000,512,2,5,42573118,7357427968086772174
FLAT,collection,single,100000,512,2,6,42546569,7357427968086772174
FLAT,collection,batch,100000,512,2,0,34059020,7357427968086772174
FLAT,collection,batch,100000,512,2,1,34115083,7357427968086772174
FLAT,collection,batch,100000,512,2,2,33818147,7357427968086772174
FLAT,collection,batch,100000,512,2,3,35115402,7357427968086772174
FLAT,collection,batch,100000,512,2,4,33650234,7357427968086772174
FLAT,collection,batch,100000,512,2,5,34200703,7357427968086772174
FLAT,collection,batch,100000,512,2,6,33975113,7357427968086772174
FLAT,collection,single,100000,512,4,0,83115877,-7941854946009114996
FLAT,collection,single,100000,512,4,1,82962126,-7941854946009114996
FLAT,collection,single,100000,512,4,2,86271331,-7941854946009114996
FLAT,collection,single,100000,512,4,3,85960393,-7941854946009114996
FLAT,collection,single,100000,512,4,4,83703151,-7941854946009114996
FLAT,collection,single,100000,512,4,5,83404901,-7941854946009114996
FLAT,collection,single,100000,512,4,6,83355749,-7941854946009114996
FLAT,collection,batch,100000,512,4,0,45322781,-7941854946009114996
FLAT,collection,batch,100000,512,4,1,45302840,-7941854946009114996
FLAT,collection,batch,100000,512,4,2,44996059,-7941854946009114996
FLAT,collection,batch,100000,512,4,3,45065603,-7941854946009114996
FLAT,collection,batch,100000,512,4,4,46133734,-7941854946009114996
FLAT,collection,batch,100000,512,4,5,45411875,-7941854946009114996
FLAT,collection,batch,100000,512,4,6,45450944,-7941854946009114996
FLAT,collection,single,100000,512,16,0,336364336,-6059471343997055021
FLAT,collection,single,100000,512,16,1,338529285,-6059471343997055021
FLAT,collection,single,100000,512,16,2,342113766,-6059471343997055021
FLAT,collection,single,100000,512,16,3,340856390,-6059471343997055021
FLAT,collection,single,100000,512,16,4,330572253,-6059471343997055021
FLAT,collection,single,100000,512,16,5,332942143,-6059471343997055021
FLAT,collection,single,100000,512,16,6,331618529,-6059471343997055021
FLAT,collection,batch,100000,512,16,0,100848475,-6059471343997055021
FLAT,collection,batch,100000,512,16,1,100684088,-6059471343997055021
FLAT,collection,batch,100000,512,16,2,100648535,-6059471343997055021
FLAT,collection,batch,100000,512,16,3,100092797,-6059471343997055021
FLAT,collection,batch,100000,512,16,4,99527806,-6059471343997055021
FLAT,collection,batch,100000,512,16,5,101193756,-6059471343997055021
FLAT,collection,batch,100000,512,16,6,100698881,-6059471343997055021
FLAT,collection,single,100000,512,64,0,1335117782,4383894143533102471
FLAT,collection,single,100000,512,64,1,1335127397,4383894143533102471
FLAT,collection,single,100000,512,64,2,1330782693,4383894143533102471
FLAT,collection,single,100000,512,64,3,1353933587,4383894143533102471
FLAT,collection,single,100000,512,64,4,1347749592,4383894143533102471
FLAT,collection,single,100000,512,64,5,1339269128,4383894143533102471
FLAT,collection,single,100000,512,64,6,1366346756,4383894143533102471
FLAT,collection,batch,100000,512,64,0,356499827,4383894143533102471
FLAT,collection,batch,100000,512,64,1,353605815,4383894143533102471
FLAT,collection,batch,100000,512,64,2,352562733,4383894143533102471
FLAT,collection,batch,100000,512,64,3,351975508,4383894143533102471
FLAT,collection,batch,100000,512,64,4,361951533,4383894143533102471
FLAT,collection,batch,100000,512,64,5,355255085,4383894143533102471
FLAT,collection,batch,100000,512,64,6,354797816,4383894143533102471
