WARNING: Using incubator modules: jdk.incubator.vector
Oct 04, 2026 12:58:11 AM com.integrallis.vectors.core.PanamaVectorUtilSupportProvider create
INFO: vectors-core: Using Panama Vector API SIMD provider (vector bits: 256)
Oct 04, 2026 12:58:11 AM com.integrallis.vectors.core.VectorizationProvider logActiveToggles
INFO: vectors-core: provider=PanamaVectorUtilSupport panama=true maxBits=256 preferredBits=256 fastVectorFMA=true fastScalarFMA=true sve=false ggufParallel=true ggufParallelThreshold=1048576 ggufExecutor=persistent ggufThreads=8 ggufChunksPerThread=2 mappedKQuantLongOffsets=auto(q4=true,q5=false,q6=false) q4ShortPairwiseSupported=true q4UnsignedPairwiseSupported=true toggles=[(defaults — no -Dvectors.* overrides)]
FLAT,collection,single,100000,512,1,0,21217482,5295670917787159230
FLAT,collection,single,100000,512,1,1,20990549,5295670917787159230
FLAT,collection,single,100000,512,1,2,21306215,5295670917787159230
FLAT,collection,single,100000,512,1,3,21147486,5295670917787159230
FLAT,collection,single,100000,512,1,4,20988918,5295670917787159230
FLAT,collection,single,100000,512,1,5,20855757,5295670917787159230
FLAT,collection,single,100000,512,1,6,20825723,5295670917787159230
FLAT,collection,batch,100000,512,1,0,21848050,5295670917787159230
FLAT,collection,batch,100000,512,1,1,21782011,5295670917787159230
FLAT,collection,batch,100000,512,1,2,21817414,5295670917787159230
FLAT,collection,batch,100000,512,1,3,24093209,5295670917787159230
FLAT,collection,batch,100000,512,1,4,21837214,5295670917787159230
FLAT,collection,batch,100000,512,1,5,21266105,5295670917787159230
FLAT,collection,batch,100000,512,1,6,21723423,5295670917787159230
FLAT,collection,single,100000,512,2,0,41917986,7357427968086772174
FLAT,collection,single,100000,512,2,1,42506611,7357427968086772174
FLAT,collection,single,100000,512,2,2,41311493,7357427968086772174
FLAT,collection,single,100000,512,2,3,41674429,7357427968086772174
FLAT,collection,single,100000,512,2,4,41766167,7357427968086772174
FLAT,collection,single,100000,512,2,5,42106058,7357427968086772174
FLAT,collection,single,100000,512,2,6,41834399,7357427968086772174
FLAT,collection,batch,100000,512,2,0,33848705,7357427968086772174
FLAT,collection,batch,100000,512,2,1,33539270,7357427968086772174
FLAT,collection,batch,100000,512,2,2,33058317,7357427968086772174
FLAT,collection,batch,100000,512,2,3,34909060,7357427968086772174
FLAT,collection,batch,100000,512,2,4,34210580,7357427968086772174
FLAT,collection,batch,100000,512,2,5,34639475,7357427968086772174
FLAT,collection,batch,100000,512,2,6,34397832,7357427968086772174
FLAT,collection,single,100000,512,4,0,83735198,-7941854946009114996
FLAT,collection,single,100000,512,4,1,88602051,-7941854946009114996
FLAT,collection,single,100000,512,4,2,88031582,-7941854946009114996
FLAT,collection,single,100000,512,4,3,87500854,-7941854946009114996
FLAT,collection,single,100000,512,4,4,83062247,-7941854946009114996
FLAT,collection,single,100000,512,4,5,84383283,-7941854946009114996
FLAT,collection,single,100000,512,4,6,84220289,-7941854946009114996
FLAT,collection,batch,100000,512,4,0,46041038,-7941854946009114996
FLAT,collection,batch,100000,512,4,1,46244354,-7941854946009114996
FLAT,collection,batch,100000,512,4,2,44478828,-7941854946009114996
FLAT,collection,batch,100000,512,4,3,44815264,-7941854946009114996
FLAT,collection,batch,100000,512,4,4,44478607,-7941854946009114996
FLAT,collection,batch,100000,512,4,5,45201926,-7941854946009114996
FLAT,collection,batch,100000,512,4,6,46590937,-7941854946009114996
FLAT,collection,single,100000,512,16,0,331353694,-6059471343997055021
FLAT,collection,single,100000,512,16,1,331212650,-6059471343997055021
FLAT,collection,single,100000,512,16,2,330531366,-6059471343997055021
FLAT,collection,single,100000,512,16,3,327217549,-6059471343997055021
FLAT,collection,single,100000,512,16,4,324960363,-6059471343997055021
FLAT,collection,single,100000,512,16,5,328769154,-6059471343997055021
FLAT,collection,single,100000,512,16,6,331553012,-6059471343997055021
FLAT,collection,batch,100000,512,16,0,98257505,-6059471343997055021
FLAT,collection,batch,100000,512,16,1,96920595,-6059471343997055021
FLAT,collection,batch,100000,512,16,2,96748665,-6059471343997055021
FLAT,collection,batch,100000,512,16,3,97072012,-6059471343997055021
FLAT,collection,batch,100000,512,16,4,96586129,-6059471343997055021
FLAT,collection,batch,100000,512,16,5,97023318,-6059471343997055021
FLAT,collection,batch,100000,512,16,6,97099093,-6059471343997055021
FLAT,collection,single,100000,512,64,0,1320076313,4383894143533102471
FLAT,collection,single,100000,512,64,1,1333858801,4383894143533102471
FLAT,collection,single,100000,512,64,2,1329443094,4383894143533102471
FLAT,collection,single,100000,512,64,3,1334507137,4383894143533102471
FLAT,collection,single,100000,512,64,4,1330695677,4383894143533102471
FLAT,collection,single,100000,512,64,5,1331305039,4383894143533102471
FLAT,collection,single,100000,512,64,6,1334587613,4383894143533102471
FLAT,collection,batch,100000,512,64,0,345411132,4383894143533102471
FLAT,collection,batch,100000,512,64,1,346050274,4383894143533102471
FLAT,collection,batch,100000,512,64,2,345145010,4383894143533102471
FLAT,collection,batch,100000,512,64,3,346727841,4383894143533102471
FLAT,collection,batch,100000,512,64,4,347831923,4383894143533102471
FLAT,collection,batch,100000,512,64,5,349355153,4383894143533102471
FLAT,collection,batch,100000,512,64,6,345836170,4383894143533102471
