WARNING: Using incubator modules: jdk.incubator.vector
Oct 04, 2026 12:59:21 AM com.integrallis.vectors.core.PanamaVectorUtilSupportProvider create
INFO: vectors-core: Using Panama Vector API SIMD provider (vector bits: 256)
Oct 04, 2026 12:59:21 AM com.integrallis.vectors.core.VectorizationProvider logActiveToggles
INFO: vectors-core: provider=PanamaVectorUtilSupport panama=true maxBits=256 preferredBits=256 fastVectorFMA=true fastScalarFMA=true sve=false ggufParallel=true ggufParallelThreshold=1048576 ggufExecutor=persistent ggufThreads=8 ggufChunksPerThread=2 mappedKQuantLongOffsets=auto(q4=true,q5=false,q6=false) q4ShortPairwiseSupported=true q4UnsignedPairwiseSupported=true toggles=[(defaults — no -Dvectors.* overrides)]
FLAT,fashion-control,single,60000,784,1,0,17274135,-5889716151259767543
FLAT,fashion-control,single,60000,784,1,1,18002903,-5889716151259767543
FLAT,fashion-control,single,60000,784,1,2,17238001,-5889716151259767543
FLAT,fashion-control,single,60000,784,1,3,17250339,-5889716151259767543
FLAT,fashion-control,single,60000,784,1,4,17125141,-5889716151259767543
FLAT,fashion-control,single,60000,784,1,5,17905305,-5889716151259767543
FLAT,fashion-control,single,60000,784,1,6,17194315,-5889716151259767543
FLAT,fashion-control,batch,60000,784,1,0,17906096,-5889716151259767543
FLAT,fashion-control,batch,60000,784,1,1,17619545,-5889716151259767543
FLAT,fashion-control,batch,60000,784,1,2,17734297,-5889716151259767543
FLAT,fashion-control,batch,60000,784,1,3,17499675,-5889716151259767543
FLAT,fashion-control,batch,60000,784,1,4,17311142,-5889716151259767543
FLAT,fashion-control,batch,60000,784,1,5,17525213,-5889716151259767543
FLAT,fashion-control,batch,60000,784,1,6,17417160,-5889716151259767543
FLAT,fashion-control,single,60000,784,2,0,34157062,-3658882809325304494
FLAT,fashion-control,single,60000,784,2,1,34968603,-3658882809325304494
FLAT,fashion-control,single,60000,784,2,2,34213808,-3658882809325304494
FLAT,fashion-control,single,60000,784,2,3,34207848,-3658882809325304494
FLAT,fashion-control,single,60000,784,2,4,34908993,-3658882809325304494
FLAT,fashion-control,single,60000,784,2,5,34106666,-3658882809325304494
FLAT,fashion-control,single,60000,784,2,6,35497798,-3658882809325304494
FLAT,fashion-control,batch,60000,784,2,0,23618579,-3658882809325304494
FLAT,fashion-control,batch,60000,784,2,1,25165457,-3658882809325304494
FLAT,fashion-control,batch,60000,784,2,2,23229865,-3658882809325304494
FLAT,fashion-control,batch,60000,784,2,3,22835612,-3658882809325304494
FLAT,fashion-control,batch,60000,784,2,4,23262873,-3658882809325304494
FLAT,fashion-control,batch,60000,784,2,5,22983023,-3658882809325304494
FLAT,fashion-control,batch,60000,784,2,6,23225818,-3658882809325304494
FLAT,fashion-control,single,60000,784,4,0,68823740,7347236782066100300
FLAT,fashion-control,single,60000,784,4,1,68331219,7347236782066100300
FLAT,fashion-control,single,60000,784,4,2,67934894,7347236782066100300
FLAT,fashion-control,single,60000,784,4,3,68904713,7347236782066100300
FLAT,fashion-control,single,60000,784,4,4,69116422,7347236782066100300
FLAT,fashion-control,single,60000,784,4,5,68072009,7347236782066100300
FLAT,fashion-control,single,60000,784,4,6,67927842,7347236782066100300
FLAT,fashion-control,batch,60000,784,4,0,31538853,7347236782066100300
FLAT,fashion-control,batch,60000,784,4,1,31859485,7347236782066100300
FLAT,fashion-control,batch,60000,784,4,2,31776701,7347236782066100300
FLAT,fashion-control,batch,60000,784,4,3,31931975,7347236782066100300
FLAT,fashion-control,batch,60000,784,4,4,31764393,7347236782066100300
FLAT,fashion-control,batch,60000,784,4,5,31755409,7347236782066100300
FLAT,fashion-control,batch,60000,784,4,6,31958163,7347236782066100300
FLAT,fashion-control,single,60000,784,16,0,274073242,-7145532576525031642
FLAT,fashion-control,single,60000,784,16,1,274230919,-7145532576525031642
FLAT,fashion-control,single,60000,784,16,2,271579910,-7145532576525031642
FLAT,fashion-control,single,60000,784,16,3,361622639,-7145532576525031642
FLAT,fashion-control,single,60000,784,16,4,272946456,-7145532576525031642
FLAT,fashion-control,single,60000,784,16,5,273897607,-7145532576525031642
FLAT,fashion-control,single,60000,784,16,6,271791068,-7145532576525031642
FLAT,fashion-control,batch,60000,784,16,0,79816576,-7145532576525031642
FLAT,fashion-control,batch,60000,784,16,1,77554743,-7145532576525031642
FLAT,fashion-control,batch,60000,784,16,2,78830452,-7145532576525031642
FLAT,fashion-control,batch,60000,784,16,3,80276748,-7145532576525031642
FLAT,fashion-control,batch,60000,784,16,4,78285382,-7145532576525031642
FLAT,fashion-control,batch,60000,784,16,5,77879732,-7145532576525031642
FLAT,fashion-control,batch,60000,784,16,6,77669405,-7145532576525031642
FLAT,fashion-control,single,60000,784,64,0,1104025523,-176892425030124251
FLAT,fashion-control,single,60000,784,64,1,1065140658,-176892425030124251
FLAT,fashion-control,single,60000,784,64,2,1081716939,-176892425030124251
FLAT,fashion-control,single,60000,784,64,3,1103097157,-176892425030124251
FLAT,fashion-control,single,60000,784,64,4,1102324532,-176892425030124251
FLAT,fashion-control,single,60000,784,64,5,1084180357,-176892425030124251
FLAT,fashion-control,single,60000,784,64,6,1092966270,-176892425030124251
FLAT,fashion-control,batch,60000,784,64,0,265764418,-176892425030124251
FLAT,fashion-control,batch,60000,784,64,1,263257547,-176892425030124251
FLAT,fashion-control,batch,60000,784,64,2,259176379,-176892425030124251
FLAT,fashion-control,batch,60000,784,64,3,257870384,-176892425030124251
FLAT,fashion-control,batch,60000,784,64,4,259406915,-176892425030124251
FLAT,fashion-control,batch,60000,784,64,5,263211778,-176892425030124251
FLAT,fashion-control,batch,60000,784,64,6,261130779,-176892425030124251
