WARNING: Using incubator modules: jdk.incubator.vector
Oct 04, 2026 12:53:50 AM com.integrallis.vectors.core.PanamaVectorUtilSupportProvider create
INFO: vectors-core: Using Panama Vector API SIMD provider (vector bits: 256)
Oct 04, 2026 12:53:50 AM com.integrallis.vectors.core.VectorizationProvider logActiveToggles
INFO: vectors-core: provider=PanamaVectorUtilSupport panama=true maxBits=256 preferredBits=256 fastVectorFMA=true fastScalarFMA=true sve=false ggufParallel=true ggufParallelThreshold=1048576 ggufExecutor=persistent ggufThreads=8 ggufChunksPerThread=2 mappedKQuantLongOffsets=auto(q4=true,q5=false,q6=false) q4ShortPairwiseSupported=true q4UnsignedPairwiseSupported=true toggles=[(defaults — no -Dvectors.* overrides)]
FLAT,fashion-control,single,60000,784,1,0,17421327,-5889716151259767543
FLAT,fashion-control,single,60000,784,1,1,19071422,-5889716151259767543
FLAT,fashion-control,single,60000,784,1,2,18393651,-5889716151259767543
FLAT,fashion-control,single,60000,784,1,3,17497502,-5889716151259767543
FLAT,fashion-control,single,60000,784,1,4,17174845,-5889716151259767543
FLAT,fashion-control,single,60000,784,1,5,16874152,-5889716151259767543
FLAT,fashion-control,single,60000,784,1,6,16892041,-5889716151259767543
FLAT,fashion-control,batch,60000,784,1,0,17774870,-5889716151259767543
FLAT,fashion-control,batch,60000,784,1,1,17521799,-5889716151259767543
FLAT,fashion-control,batch,60000,784,1,2,17645115,-5889716151259767543
FLAT,fashion-control,batch,60000,784,1,3,17172112,-5889716151259767543
FLAT,fashion-control,batch,60000,784,1,4,17389990,-5889716151259767543
FLAT,fashion-control,batch,60000,784,1,5,17436531,-5889716151259767543
FLAT,fashion-control,batch,60000,784,1,6,17347425,-5889716151259767543
FLAT,fashion-control,single,60000,784,2,0,33788126,-3658882809325304494
FLAT,fashion-control,single,60000,784,2,1,33750970,-3658882809325304494
FLAT,fashion-control,single,60000,784,2,2,33536688,-3658882809325304494
FLAT,fashion-control,single,60000,784,2,3,33881316,-3658882809325304494
FLAT,fashion-control,single,60000,784,2,4,34263782,-3658882809325304494
FLAT,fashion-control,single,60000,784,2,5,34566137,-3658882809325304494
FLAT,fashion-control,single,60000,784,2,6,34919520,-3658882809325304494
FLAT,fashion-control,batch,60000,784,2,0,22645594,-3658882809325304494
FLAT,fashion-control,batch,60000,784,2,1,23034861,-3658882809325304494
FLAT,fashion-control,batch,60000,784,2,2,22808520,-3658882809325304494
FLAT,fashion-control,batch,60000,784,2,3,22418513,-3658882809325304494
FLAT,fashion-control,batch,60000,784,2,4,22378132,-3658882809325304494
FLAT,fashion-control,batch,60000,784,2,5,22630963,-3658882809325304494
FLAT,fashion-control,batch,60000,784,2,6,22473977,-3658882809325304494
FLAT,fashion-control,single,60000,784,4,0,67457512,7347236782066100300
FLAT,fashion-control,single,60000,784,4,1,66327450,7347236782066100300
FLAT,fashion-control,single,60000,784,4,2,67048935,7347236782066100300
FLAT,fashion-control,single,60000,784,4,3,68111357,7347236782066100300
FLAT,fashion-control,single,60000,784,4,4,66808926,7347236782066100300
FLAT,fashion-control,single,60000,784,4,5,66246248,7347236782066100300
FLAT,fashion-control,single,60000,784,4,6,67158481,7347236782066100300
FLAT,fashion-control,batch,60000,784,4,0,31394210,7347236782066100300
FLAT,fashion-control,batch,60000,784,4,1,31610936,7347236782066100300
FLAT,fashion-control,batch,60000,784,4,2,31640251,7347236782066100300
FLAT,fashion-control,batch,60000,784,4,3,31431877,7347236782066100300
FLAT,fashion-control,batch,60000,784,4,4,31605258,7347236782066100300
FLAT,fashion-control,batch,60000,784,4,5,31530586,7347236782066100300
FLAT,fashion-control,batch,60000,784,4,6,31590075,7347236782066100300
FLAT,fashion-control,single,60000,784,16,0,269867454,-7145532576525031642
FLAT,fashion-control,single,60000,784,16,1,267357035,-7145532576525031642
FLAT,fashion-control,single,60000,784,16,2,360599333,-7145532576525031642
FLAT,fashion-control,single,60000,784,16,3,272255791,-7145532576525031642
FLAT,fashion-control,single,60000,784,16,4,266921357,-7145532576525031642
FLAT,fashion-control,single,60000,784,16,5,267004331,-7145532576525031642
FLAT,fashion-control,single,60000,784,16,6,271134989,-7145532576525031642
FLAT,fashion-control,batch,60000,784,16,0,79072769,-7145532576525031642
FLAT,fashion-control,batch,60000,784,16,1,78955664,-7145532576525031642
FLAT,fashion-control,batch,60000,784,16,2,79458890,-7145532576525031642
FLAT,fashion-control,batch,60000,784,16,3,79299071,-7145532576525031642
FLAT,fashion-control,batch,60000,784,16,4,77208033,-7145532576525031642
FLAT,fashion-control,batch,60000,784,16,5,77199799,-7145532576525031642
FLAT,fashion-control,batch,60000,784,16,6,76755100,-7145532576525031642
FLAT,fashion-control,single,60000,784,64,0,1090418317,-176892425030124251
FLAT,fashion-control,single,60000,784,64,1,1074131722,-176892425030124251
FLAT,fashion-control,single,60000,784,64,2,1089162946,-176892425030124251
FLAT,fashion-control,single,60000,784,64,3,1087963981,-176892425030124251
FLAT,fashion-control,single,60000,784,64,4,1076354980,-176892425030124251
FLAT,fashion-control,single,60000,784,64,5,1081755834,-176892425030124251
FLAT,fashion-control,single,60000,784,64,6,1082655908,-176892425030124251
FLAT,fashion-control,batch,60000,784,64,0,256035673,-176892425030124251
FLAT,fashion-control,batch,60000,784,64,1,256962418,-176892425030124251
FLAT,fashion-control,batch,60000,784,64,2,257981712,-176892425030124251
FLAT,fashion-control,batch,60000,784,64,3,257157439,-176892425030124251
FLAT,fashion-control,batch,60000,784,64,4,255537221,-176892425030124251
FLAT,fashion-control,batch,60000,784,64,5,255867348,-176892425030124251
FLAT,fashion-control,batch,60000,784,64,6,258951199,-176892425030124251
