WARNING: Using incubator modules: jdk.incubator.vector
Oct 04, 2026 12:56:04 AM com.integrallis.vectors.core.PanamaVectorUtilSupportProvider create
INFO: vectors-core: Using Panama Vector API SIMD provider (vector bits: 256)
Oct 04, 2026 12:56:04 AM com.integrallis.vectors.core.VectorizationProvider logActiveToggles
INFO: vectors-core: provider=PanamaVectorUtilSupport panama=true maxBits=256 preferredBits=256 fastVectorFMA=true fastScalarFMA=true sve=false ggufParallel=true ggufParallelThreshold=1048576 ggufExecutor=persistent ggufThreads=8 ggufChunksPerThread=2 mappedKQuantLongOffsets=auto(q4=true,q5=false,q6=false) q4ShortPairwiseSupported=true q4UnsignedPairwiseSupported=true toggles=[(defaults — no -Dvectors.* overrides)]
FLAT,fashion-control,single,60000,784,1,0,17185105,-5889716151259767543
FLAT,fashion-control,single,60000,784,1,1,17781111,-5889716151259767543
FLAT,fashion-control,single,60000,784,1,2,16956740,-5889716151259767543
FLAT,fashion-control,single,60000,784,1,3,17287589,-5889716151259767543
FLAT,fashion-control,single,60000,784,1,4,16937352,-5889716151259767543
FLAT,fashion-control,single,60000,784,1,5,17768092,-5889716151259767543
FLAT,fashion-control,single,60000,784,1,6,17380610,-5889716151259767543
FLAT,fashion-control,batch,60000,784,1,0,18431831,-5889716151259767543
FLAT,fashion-control,batch,60000,784,1,1,18354295,-5889716151259767543
FLAT,fashion-control,batch,60000,784,1,2,18660175,-5889716151259767543
FLAT,fashion-control,batch,60000,784,1,3,17907451,-5889716151259767543
FLAT,fashion-control,batch,60000,784,1,4,17955994,-5889716151259767543
FLAT,fashion-control,batch,60000,784,1,5,18119481,-5889716151259767543
FLAT,fashion-control,batch,60000,784,1,6,18291120,-5889716151259767543
FLAT,fashion-control,single,60000,784,2,0,33894983,-3658882809325304494
FLAT,fashion-control,single,60000,784,2,1,33715473,-3658882809325304494
FLAT,fashion-control,single,60000,784,2,2,33560922,-3658882809325304494
FLAT,fashion-control,single,60000,784,2,3,34270910,-3658882809325304494
FLAT,fashion-control,single,60000,784,2,4,34313594,-3658882809325304494
FLAT,fashion-control,single,60000,784,2,5,34108575,-3658882809325304494
FLAT,fashion-control,single,60000,784,2,6,33935825,-3658882809325304494
FLAT,fashion-control,batch,60000,784,2,0,24707496,-3658882809325304494
FLAT,fashion-control,batch,60000,784,2,1,24392441,-3658882809325304494
FLAT,fashion-control,batch,60000,784,2,2,24454285,-3658882809325304494
FLAT,fashion-control,batch,60000,784,2,3,23895564,-3658882809325304494
FLAT,fashion-control,batch,60000,784,2,4,23504004,-3658882809325304494
FLAT,fashion-control,batch,60000,784,2,5,23539858,-3658882809325304494
FLAT,fashion-control,batch,60000,784,2,6,23192507,-3658882809325304494
FLAT,fashion-control,single,60000,784,4,0,68479675,7347236782066100300
FLAT,fashion-control,single,60000,784,4,1,69787262,7347236782066100300
FLAT,fashion-control,single,60000,784,4,2,69213820,7347236782066100300
FLAT,fashion-control,single,60000,784,4,3,68575519,7347236782066100300
FLAT,fashion-control,single,60000,784,4,4,68224139,7347236782066100300
FLAT,fashion-control,single,60000,784,4,5,67657197,7347236782066100300
FLAT,fashion-control,single,60000,784,4,6,68225793,7347236782066100300
FLAT,fashion-control,batch,60000,784,4,0,32288706,7347236782066100300
FLAT,fashion-control,batch,60000,784,4,1,31899841,7347236782066100300
FLAT,fashion-control,batch,60000,784,4,2,32317058,7347236782066100300
FLAT,fashion-control,batch,60000,784,4,3,32233292,7347236782066100300
FLAT,fashion-control,batch,60000,784,4,4,31561231,7347236782066100300
FLAT,fashion-control,batch,60000,784,4,5,31608502,7347236782066100300
FLAT,fashion-control,batch,60000,784,4,6,31789815,7347236782066100300
FLAT,fashion-control,single,60000,784,16,0,280483044,-7145532576525031642
FLAT,fashion-control,single,60000,784,16,1,288509413,-7145532576525031642
FLAT,fashion-control,single,60000,784,16,2,280102990,-7145532576525031642
FLAT,fashion-control,single,60000,784,16,3,283392311,-7145532576525031642
FLAT,fashion-control,single,60000,784,16,4,278584916,-7145532576525031642
FLAT,fashion-control,single,60000,784,16,5,282319034,-7145532576525031642
FLAT,fashion-control,single,60000,784,16,6,293361022,-7145532576525031642
FLAT,fashion-control,batch,60000,784,16,0,77881422,-7145532576525031642
FLAT,fashion-control,batch,60000,784,16,1,77085283,-7145532576525031642
FLAT,fashion-control,batch,60000,784,16,2,77057883,-7145532576525031642
FLAT,fashion-control,batch,60000,784,16,3,77087858,-7145532576525031642
FLAT,fashion-control,batch,60000,784,16,4,78013821,-7145532576525031642
FLAT,fashion-control,batch,60000,784,16,5,77725848,-7145532576525031642
FLAT,fashion-control,batch,60000,784,16,6,77680620,-7145532576525031642
FLAT,fashion-control,single,60000,784,64,0,1120972478,-176892425030124251
FLAT,fashion-control,single,60000,784,64,1,1099301298,-176892425030124251
FLAT,fashion-control,single,60000,784,64,2,1092078421,-176892425030124251
FLAT,fashion-control,single,60000,784,64,3,1075330102,-176892425030124251
FLAT,fashion-control,single,60000,784,64,4,1101790496,-176892425030124251
FLAT,fashion-control,single,60000,784,64,5,1088403724,-176892425030124251
FLAT,fashion-control,single,60000,784,64,6,1091410041,-176892425030124251
FLAT,fashion-control,batch,60000,784,64,0,257357358,-176892425030124251
FLAT,fashion-control,batch,60000,784,64,1,257926334,-176892425030124251
FLAT,fashion-control,batch,60000,784,64,2,257514273,-176892425030124251
FLAT,fashion-control,batch,60000,784,64,3,257091296,-176892425030124251
FLAT,fashion-control,batch,60000,784,64,4,257158317,-176892425030124251
FLAT,fashion-control,batch,60000,784,64,5,257175812,-176892425030124251
FLAT,fashion-control,batch,60000,784,64,6,256458604,-176892425030124251
