WARNING: Using incubator modules: jdk.incubator.vector
Oct 04, 2026 12:51:47 AM com.integrallis.vectors.core.PanamaVectorUtilSupportProvider create
INFO: vectors-core: Using Panama Vector API SIMD provider (vector bits: 256)
Oct 04, 2026 12:51:47 AM com.integrallis.vectors.core.VectorizationProvider logActiveToggles
INFO: vectors-core: provider=PanamaVectorUtilSupport panama=true maxBits=256 preferredBits=256 fastVectorFMA=true fastScalarFMA=true sve=false ggufParallel=true ggufParallelThreshold=1048576 ggufExecutor=persistent ggufThreads=8 ggufChunksPerThread=2 mappedKQuantLongOffsets=auto(q4=true,q5=false,q6=false) q4ShortPairwiseSupported=true q4UnsignedPairwiseSupported=true toggles=[(defaults — no -Dvectors.* overrides)]
FLAT,glove,single,100000,100,1,0,5490346,9123688640271969882
FLAT,glove,single,100000,100,1,1,5775697,9123688640271969882
FLAT,glove,single,100000,100,1,2,5715167,9123688640271969882
FLAT,glove,single,100000,100,1,3,5687023,9123688640271969882
FLAT,glove,single,100000,100,1,4,5497167,9123688640271969882
FLAT,glove,single,100000,100,1,5,5539791,9123688640271969882
FLAT,glove,single,100000,100,1,6,5655185,9123688640271969882
FLAT,glove,batch,100000,100,1,0,5235553,9123688640271969882
FLAT,glove,batch,100000,100,1,1,5051775,9123688640271969882
FLAT,glove,batch,100000,100,1,2,4982060,9123688640271969882
FLAT,glove,batch,100000,100,1,3,5019166,9123688640271969882
FLAT,glove,batch,100000,100,1,4,4865035,9123688640271969882
FLAT,glove,batch,100000,100,1,5,4931734,9123688640271969882
FLAT,glove,batch,100000,100,1,6,6238535,9123688640271969882
FLAT,glove,single,100000,100,2,0,11358112,-8839688515274822432
FLAT,glove,single,100000,100,2,1,12545964,-8839688515274822432
FLAT,glove,single,100000,100,2,2,11860760,-8839688515274822432
FLAT,glove,single,100000,100,2,3,11350030,-8839688515274822432
FLAT,glove,single,100000,100,2,4,11166694,-8839688515274822432
FLAT,glove,single,100000,100,2,5,10975627,-8839688515274822432
FLAT,glove,single,100000,100,2,6,10856136,-8839688515274822432
FLAT,glove,batch,100000,100,2,0,8051247,-8839688515274822432
FLAT,glove,batch,100000,100,2,1,8181072,-8839688515274822432
FLAT,glove,batch,100000,100,2,2,8341485,-8839688515274822432
FLAT,glove,batch,100000,100,2,3,8054312,-8839688515274822432
FLAT,glove,batch,100000,100,2,4,8257458,-8839688515274822432
FLAT,glove,batch,100000,100,2,5,8144278,-8839688515274822432
FLAT,glove,batch,100000,100,2,6,8267214,-8839688515274822432
FLAT,glove,single,100000,100,4,0,22308761,-8035847026677169637
FLAT,glove,single,100000,100,4,1,23015445,-8035847026677169637
FLAT,glove,single,100000,100,4,2,23521460,-8035847026677169637
FLAT,glove,single,100000,100,4,3,23458675,-8035847026677169637
FLAT,glove,single,100000,100,4,4,23426054,-8035847026677169637
FLAT,glove,single,100000,100,4,5,23184370,-8035847026677169637
FLAT,glove,single,100000,100,4,6,22666229,-8035847026677169637
FLAT,glove,batch,100000,100,4,0,12319632,-8035847026677169637
FLAT,glove,batch,100000,100,4,1,12214253,-8035847026677169637
FLAT,glove,batch,100000,100,4,2,12277528,-8035847026677169637
FLAT,glove,batch,100000,100,4,3,12334394,-8035847026677169637
FLAT,glove,batch,100000,100,4,4,12376679,-8035847026677169637
FLAT,glove,batch,100000,100,4,5,12359823,-8035847026677169637
FLAT,glove,batch,100000,100,4,6,12260612,-8035847026677169637
FLAT,glove,single,100000,100,16,0,90789174,4439317876800093591
FLAT,glove,single,100000,100,16,1,88673956,4439317876800093591
FLAT,glove,single,100000,100,16,2,87187714,4439317876800093591
FLAT,glove,single,100000,100,16,3,89472248,4439317876800093591
FLAT,glove,single,100000,100,16,4,90771497,4439317876800093591
FLAT,glove,single,100000,100,16,5,88646222,4439317876800093591
FLAT,glove,single,100000,100,16,6,87814347,4439317876800093591
FLAT,glove,batch,100000,100,16,0,40281473,4439317876800093591
FLAT,glove,batch,100000,100,16,1,40082463,4439317876800093591
FLAT,glove,batch,100000,100,16,2,40472541,4439317876800093591
FLAT,glove,batch,100000,100,16,3,40768587,4439317876800093591
FLAT,glove,batch,100000,100,16,4,40900036,4439317876800093591
FLAT,glove,batch,100000,100,16,5,40666785,4439317876800093591
FLAT,glove,batch,100000,100,16,6,40458380,4439317876800093591
FLAT,glove,single,100000,100,64,0,358755164,-6504456432332121007
FLAT,glove,single,100000,100,64,1,368232370,-6504456432332121007
FLAT,glove,single,100000,100,64,2,362301355,-6504456432332121007
FLAT,glove,single,100000,100,64,3,366499703,-6504456432332121007
FLAT,glove,single,100000,100,64,4,360967042,-6504456432332121007
FLAT,glove,single,100000,100,64,5,359191242,-6504456432332121007
FLAT,glove,single,100000,100,64,6,364074221,-6504456432332121007
FLAT,glove,batch,100000,100,64,0,156742828,-6504456432332121007
FLAT,glove,batch,100000,100,64,1,156955809,-6504456432332121007
FLAT,glove,batch,100000,100,64,2,157423514,-6504456432332121007
FLAT,glove,batch,100000,100,64,3,157635394,-6504456432332121007
FLAT,glove,batch,100000,100,64,4,158720198,-6504456432332121007
FLAT,glove,batch,100000,100,64,5,161292874,-6504456432332121007
FLAT,glove,batch,100000,100,64,6,158480454,-6504456432332121007
