WARNING: A restricted method in java.lang.System has been called
WARNING: java.lang.System::load has been called by net.rubygrapefruit.platform.internal.NativeLibraryLoader in an unnamed module (file:/root/.gradle/wrapper/dists/gradle-9.4.1-all/eckclv9s5vi9exbmnyvpg2a3h/gradle-9.4.1/lib/native-platform-0.22-milestone-29.jar)
WARNING: Use --enable-native-access=ALL-UNNAMED to avoid a warning for callers in this module
WARNING: Restricted methods will be blocked in a future release unless native access is enabled

To honour the JVM settings for this build a single-use Daemon process will be forked. For more on this, please refer to https://docs.gradle.org/9.4.1/userguide/gradle_daemon.html#sec:disabling_the_daemon in the Gradle documentation.
Daemon will be stopped at the end of the build 
> Task :vectors-db:processResources NO-SOURCE
> Task :vectors-hnsw:processResources NO-SOURCE
> Task :vectors-db:processTestResources NO-SOURCE
> Task :vectors-quantization:processResources NO-SOURCE
> Task :vectors-storage:processResources NO-SOURCE
> Task :vectors-ivf:processResources NO-SOURCE
> Task :vectors-vamana:processResources NO-SOURCE
> Task :vectors-hnsw:processTestResources NO-SOURCE
> Task :vectors-gpu:processResources UP-TO-DATE
> Task :vectors-core:compileJava
> Task :vectors-core:processResources UP-TO-DATE
> Task :vectors-core:classes
> Task :vectors-storage:compileJava UP-TO-DATE
> Task :vectors-core:jar
> Task :vectors-storage:classes UP-TO-DATE
> Task :vectors-storage:jar UP-TO-DATE
> Task :vectors-quantization:compileJava UP-TO-DATE
> Task :vectors-gpu:compileJava UP-TO-DATE
> Task :vectors-gpu:classes UP-TO-DATE
> Task :vectors-gpu:jar UP-TO-DATE
> Task :vectors-quantization:classes UP-TO-DATE
> Task :vectors-quantization:jar UP-TO-DATE
> Task :vectors-ivf:compileJava UP-TO-DATE
> Task :vectors-ivf:classes UP-TO-DATE
> Task :vectors-hnsw:compileJava UP-TO-DATE
> Task :vectors-hnsw:classes UP-TO-DATE
> Task :vectors-vamana:compileJava UP-TO-DATE
> Task :vectors-vamana:classes UP-TO-DATE
> Task :vectors-ivf:jar UP-TO-DATE
> Task :vectors-hnsw:jar UP-TO-DATE
> Task :vectors-vamana:jar UP-TO-DATE
> Task :vectors-db:compileJava UP-TO-DATE
> Task :vectors-db:classes UP-TO-DATE
> Task :vectors-hnsw:compileTestJava
> Task :vectors-hnsw:testClasses

> Task :vectors-db:compileTestJava FAILED
/opt/query/source/vectors-db/src/test/java/com/integrallis/vectors/db/index/ParallelFlatScanTest.java:32: error: cannot find symbol
    var budget = new FlatScanAdapter.QueryBudget(now::get);
                                    ^
  symbol:   class QueryBudget
  location: class FlatScanAdapter
1 error

> Task :vectors-hnsw:test
WARNING: Using incubator modules: jdk.incubator.vector
WARNING: Using incubator modules: jdk.incubator.vector

PreparedQuerySearchTest > matchesOriginalScorerAcrossFiltersStorageAndMutatedQueries() FAILED
    org.opentest4j.AssertionFailedError: unaccelerated storage must retain its original scorer ==> expected: <0> but was: <4147>
        at app//org.junit.jupiter.api.AssertionFailureBuilder.build(AssertionFailureBuilder.java:151)
        at app//org.junit.jupiter.api.AssertionFailureBuilder.buildAndThrow(AssertionFailureBuilder.java:132)
        at app//org.junit.jupiter.api.AssertEquals.failNotEqual(AssertEquals.java:197)
        at app//org.junit.jupiter.api.AssertEquals.assertEquals(AssertEquals.java:150)
        at app//org.junit.jupiter.api.Assertions.assertEquals(Assertions.java:563)
        at app//com.integrallis.vectors.hnsw.PreparedQuerySearchTest.matchesOriginalScorerAcrossFiltersStorageAndMutatedQueries(PreparedQuerySearchTest.java:126)

1 test completed, 1 failed

> Task :vectors-hnsw:test FAILED

[Incubating] Problems report is available at: file:///opt/query/source/build/reports/problems/problems-report.html

FAILURE: Build completed with 2 failures.

1: Task failed with an exception.
-----------
* What went wrong:
Execution failed for task ':vectors-db:compileTestJava'.
> Compilation failed; see the compiler output below.
  /opt/query/source/vectors-db/src/test/java/com/integrallis/vectors/db/index/ParallelFlatScanTest.java:32: error: cannot find symbol
      var budget = new FlatScanAdapter.QueryBudget(now::get);
                                      ^
    symbol:   class QueryBudget
    location: class FlatScanAdapter
  1 error

* Try:
> Check your code and dependencies to fix the compilation error(s)
> Run with --scan to get full insights from a Build Scan (powered by Develocity).
==============================================================================

2: Task failed with an exception.
-----------
* What went wrong:
Execution failed for task ':vectors-hnsw:test'.
> There were failing tests. See the report at: file:///opt/query/source/vectors-hnsw/build/reports/tests/test/index.html

* Try:
> Run with --scan to get full insights from a Build Scan (powered by Develocity).
==============================================================================

BUILD FAILED in 13s
20 actionable tasks: 5 executed, 15 up-to-date
