dbpedia-hnsw-heap-ef32: 1.748% less time; identical result digest
dbpedia-hnsw-heap-ef100: 2.822% less time; identical result digest
dbpedia-hnsw-heap-ef128: 1.445% less time; identical result digest
dbpedia-hnsw-heap-ef512: -0.538% less time; identical result digest
dbpedia-hnsw-heap-filtered128: -0.544% less time; identical result digest
dbpedia-hnsw-mapped-ef32: 10.796% less time; identical result digest
dbpedia-hnsw-mapped-ef100: 7.068% less time; identical result digest
dbpedia-hnsw-mapped-ef128: 20.270% less time; identical result digest
dbpedia-hnsw-mapped-ef512: 7.392% less time; identical result digest
dbpedia-hnsw-mapped-filtered128: 4.669% less time; identical result digest
dbpedia-hnsw-public-ef32: 9.069% less time; identical result digest
dbpedia-hnsw-public-ef100: 18.210% less time; identical result digest
dbpedia-hnsw-public-ef128: 5.934% less time; identical result digest
dbpedia-hnsw-public-ef512: 3.986% less time; identical result digest
fashion-hnsw-heap-ef32: -1.310% less time; identical result digest
fashion-hnsw-heap-ef100: 1.575% less time; identical result digest
fashion-hnsw-heap-ef128: 2.091% less time; identical result digest
fashion-hnsw-heap-ef512: 1.000% less time; identical result digest
fashion-hnsw-heap-filtered128: -0.049% less time; identical result digest
fashion-hnsw-mapped-ef32: 0.416% less time; identical result digest
fashion-hnsw-mapped-ef100: 3.243% less time; identical result digest
fashion-hnsw-mapped-ef128: 2.402% less time; identical result digest
fashion-hnsw-mapped-ef512: -0.338% less time; identical result digest
fashion-hnsw-mapped-filtered128: -0.978% less time; identical result digest
glove-hnsw-heap-ef32: -3.294% less time; identical result digest
glove-hnsw-heap-ef100: -1.359% less time; identical result digest
glove-hnsw-heap-ef128: -1.404% less time; identical result digest
glove-hnsw-heap-ef512: 0.095% less time; identical result digest
glove-hnsw-heap-filtered128: -0.389% less time; identical result digest
glove-hnsw-mapped-ef32: 22.722% less time; identical result digest
glove-hnsw-mapped-ef100: 16.877% less time; identical result digest
glove-hnsw-mapped-ef128: 16.106% less time; identical result digest
glove-hnsw-mapped-ef512: 15.915% less time; identical result digest
glove-hnsw-mapped-filtered128: 3.694% less time; identical result digest
glove-hnsw-public-ef32: 8.474% less time; identical result digest
glove-hnsw-public-ef100: 10.712% less time; identical result digest
glove-hnsw-public-ef128: 10.036% less time; identical result digest
glove-hnsw-public-ef512: 8.818% less time; identical result digest
Audited 38 cases across 3 pairs.
