WARNING: A restricted method in java.lang.System has been called
WARNING: java.lang.System::load has been called by net.rubygrapefruit.platform.internal.NativeLibraryLoader in an unnamed module (file:/root/.gradle/wrapper/dists/gradle-9.4.1-all/eckclv9s5vi9exbmnyvpg2a3h/gradle-9.4.1/lib/native-platform-0.22-milestone-29.jar)
WARNING: Use --enable-native-access=ALL-UNNAMED to avoid a warning for callers in this module
WARNING: Restricted methods will be blocked in a future release unless native access is enabled

To honour the JVM settings for this build a single-use Daemon process will be forked. For more on this, please refer to https://docs.gradle.org/9.4.1/userguide/gradle_daemon.html#sec:disabling_the_daemon in the Gradle documentation.
Daemon will be stopped at the end of the build 
> Task :vectors-quantization:processResources NO-SOURCE
> Task :vectors-hnsw:processResources NO-SOURCE
> Task :vectors-storage:processResources NO-SOURCE
> Task :vectors-hnsw:processTestResources NO-SOURCE
> Task :vectors-db:processResources NO-SOURCE
> Task :spotlessInternalRegisterDependencies UP-TO-DATE
> Task :vectors-db:processTestResources NO-SOURCE
> Task :vectors-gpu:processResources UP-TO-DATE
> Task :vectors-ivf:processResources NO-SOURCE
> Task :vectors-vamana:processResources NO-SOURCE
> Task :vectors-hnsw:spotlessJava
> Task :vectors-hnsw:spotlessJavaApply
> Task :vectors-hnsw:spotlessApply
> Task :vectors-core:compileJava
> Task :vectors-storage:compileJava UP-TO-DATE
> Task :vectors-storage:classes UP-TO-DATE
> Task :vectors-storage:jar UP-TO-DATE
> Task :vectors-gpu:compileJava UP-TO-DATE
> Task :vectors-gpu:classes UP-TO-DATE
> Task :vectors-gpu:jar UP-TO-DATE
> Task :vectors-quantization:compileJava
> Task :vectors-quantization:classes
> Task :vectors-quantization:jar UP-TO-DATE
> Task :vectors-vamana:compileJava UP-TO-DATE
> Task :vectors-vamana:classes UP-TO-DATE
> Task :vectors-vamana:jar UP-TO-DATE
> Task :vectors-hnsw:compileJava
> Task :vectors-hnsw:classes
> Task :vectors-hnsw:jar
> Task :vectors-ivf:compileJava
> Task :vectors-ivf:classes
> Task :vectors-ivf:jar UP-TO-DATE
> Task :vectors-db:compileJava
> Task :vectors-db:classes
> Task :vectors-db:jar UP-TO-DATE
> Task :vectors-core:spotlessJava
> Task :vectors-core:spotlessJavaApply
> Task :vectors-core:spotlessApply
> Task :vectors-core:processResources UP-TO-DATE
> Task :vectors-core:classes
> Task :vectors-hnsw:compileTestJava
> Task :vectors-hnsw:testClasses
> Task :vectors-core:jar
> Task :vectors-db:compileTestJava
> Task :vectors-db:testClasses

> Task :vectors-hnsw:test
WARNING: Using incubator modules: jdk.incubator.vector
WARNING: Using incubator modules: jdk.incubator.vector

> Task :vectors-core:compileTestJava
> Task :vectors-core:processTestResources UP-TO-DATE
> Task :vectors-core:testClasses

> Task :vectors-db:test
WARNING: Using incubator modules: jdk.incubator.vector
WARNING: Using incubator modules: jdk.incubator.vector

FlatCollectionBatchTest > eligiblePublicBatchUsesAtMostOneTaskPerProcessor() PASSED

FlatCollectionBatchTest > closedCollectionKeepsTheBatchFailureCause() PASSED

FlatCollectionBatchTest > filtersMixedKAndInvalidQueriesKeepIndividualSearchSemantics() PASSED

FlatCollectionBatchTest > batchRetainsProjectionCutoffsTombstonesTiesAndRequestOrder() PASSED

MemorySegmentRandomAccessVectorsTest > Bounds > ordinalAtSizeThrows(Path) PASSED

MemorySegmentRandomAccessVectorsTest > Bounds > negativeOrdinalThrows(Path) PASSED

MemorySegmentRandomAccessVectorsTest > NullGuards > nullMappedThrows() PASSED

MemorySegmentRandomAccessVectorsTest > ThreadIsolation > separateThreadsHaveIndependentScratch(Path) PASSED

MemorySegmentRandomAccessVectorsTest > ThreadIsolation > twoThreadsHoldDistinctScratchReferences(Path) PASSED

MemorySegmentRandomAccessVectorsTest > SharedBufferContract > secondCallOverwritesFirstCallContents(Path) PASSED

MemorySegmentRandomAccessVectorsTest > SharedBufferContract > consecutiveCallsReturnSameArrayReference(Path) PASSED

MemorySegmentRandomAccessVectorsTest > Basics > sizeAndDimensionDelegateToMapped(Path) PASSED

MemorySegmentRandomAccessVectorsTest > Basics > getVectorReturnsExpectedValues(Path) PASSED

> Task :vectors-hnsw:test

PreparedQuerySearchTest > matchesOriginalScorerAcrossFiltersStorageAndMutatedQueries() PASSED

> Task :vectors-core:test
WARNING: Using incubator modules: jdk.incubator.vector
WARNING: Using incubator modules: jdk.incubator.vector

OffsetBatchCosineTest > offsetsPreserveRowOrderPaddingDuplicatesAndTails() PASSED

OffsetBatchCosineTest > validatesBoundsAndKeepsScalarAndZeroVectorSemantics() PASSED

> Task :vectors-db:test

ParallelFlatScanTest > largeSearchPreservesTieOrderAndConcurrentQueryIsolation() PASSED

ParallelFlatScanTest > competingQueriesDoNotAllocateAnotherFullScoreBuffer() PASSED

ParallelFlatScanTest > collectionBatchContextKeepsSerialScansAndRestoresBudgetAfterFailure() PASSED

ParallelFlatScanTest > parallelScoresPreserveOrdinalOrderMetricsAndMutations() PASSED

> Task :vectors-db:freezePerf

> Task :vectors-core:test

OffsetBatchCosineBitsTest > offsetBatchPreservesWarmedScoreBits() PASSED

BUILD SUCCESSFUL in 22s
31 actionable tasks: 18 executed, 13 up-to-date
