WARNING: A restricted method in java.lang.System has been called
WARNING: java.lang.System::load has been called by net.rubygrapefruit.platform.internal.NativeLibraryLoader in an unnamed module (file:/root/.gradle/wrapper/dists/gradle-9.4.1-all/eckclv9s5vi9exbmnyvpg2a3h/gradle-9.4.1/lib/native-platform-0.22-milestone-29.jar)
WARNING: Use --enable-native-access=ALL-UNNAMED to avoid a warning for callers in this module
WARNING: Restricted methods will be blocked in a future release unless native access is enabled

To honour the JVM settings for this build a single-use Daemon process will be forked. For more on this, please refer to https://docs.gradle.org/9.4.1/userguide/gradle_daemon.html#sec:disabling_the_daemon in the Gradle documentation.
Daemon will be stopped at the end of the build 
> Task :vectors-db:processResources NO-SOURCE
> Task :vectors-db:processTestResources NO-SOURCE
> Task :vectors-hnsw:processResources NO-SOURCE
> Task :vectors-gpu:processResources UP-TO-DATE
> Task :spotlessInternalRegisterDependencies UP-TO-DATE
> Task :vectors-ivf:processResources NO-SOURCE
> Task :vectors-storage:processResources NO-SOURCE
> Task :vectors-quantization:processResources NO-SOURCE
> Task :vectors-vamana:processResources NO-SOURCE
> Task :vectors-core:compileJava UP-TO-DATE
> Task :vectors-core:processResources UP-TO-DATE
> Task :vectors-core:classes UP-TO-DATE
> Task :vectors-core:jar UP-TO-DATE
> Task :vectors-storage:compileJava UP-TO-DATE
> Task :vectors-gpu:compileJava UP-TO-DATE
> Task :vectors-quantization:compileJava UP-TO-DATE
> Task :vectors-vamana:compileJava UP-TO-DATE
> Task :vectors-gpu:classes UP-TO-DATE
> Task :vectors-ivf:compileJava UP-TO-DATE
> Task :vectors-ivf:classes UP-TO-DATE
> Task :vectors-gpu:jar UP-TO-DATE
> Task :vectors-quantization:classes UP-TO-DATE
> Task :vectors-ivf:jar UP-TO-DATE
> Task :vectors-storage:classes UP-TO-DATE
> Task :vectors-quantization:jar UP-TO-DATE
> Task :vectors-vamana:classes UP-TO-DATE
> Task :vectors-storage:jar UP-TO-DATE
> Task :vectors-vamana:jar UP-TO-DATE
> Task :vectors-hnsw:spotlessJava
> Task :vectors-db:spotlessJava
> Task :vectors-hnsw:spotlessJavaApply
> Task :vectors-db:spotlessJavaApply
> Task :vectors-hnsw:spotlessApply
> Task :vectors-db:spotlessApply
> Task :vectors-hnsw:compileJava
> Task :vectors-hnsw:classes
> Task :vectors-hnsw:jar
> Task :vectors-db:compileJava
> Task :vectors-db:classes
> Task :vectors-db:jar
> Task :vectors-hnsw:compileTestJava
> Task :vectors-hnsw:processTestResources NO-SOURCE
> Task :vectors-hnsw:testClasses
> Task :vectors-db:compileTestJava
> Task :vectors-db:testClasses

> Task :vectors-hnsw:test
WARNING: Using incubator modules: jdk.incubator.vector
WARNING: Using incubator modules: jdk.incubator.vector

PreparedQuerySearchTest > matchesOriginalScorerAcrossFiltersStorageAndMutatedQueries() PASSED

> Task :vectors-db:test
WARNING: Using incubator modules: jdk.incubator.vector
WARNING: Using incubator modules: jdk.incubator.vector

ParallelFlatScanTest > queryBudgetRemembersRecentContentionAndRecoversWithoutSleeping() PASSED

ParallelFlatScanTest > largeSearchPreservesTieOrderAndConcurrentQueryIsolation() PASSED

ParallelFlatScanTest > competingQueriesDoNotAllocateAnotherFullScoreBuffer() PASSED

ParallelFlatScanTest > collectionBatchContextKeepsSerialScansAndRestoresBudgetAfterFailure() PASSED

ParallelFlatScanTest > parallelScoresPreserveOrdinalOrderMetricsAndMutations() PASSED

FlatCollectionBatchTest > eligiblePublicBatchUsesAtMostOneTaskPerProcessor() PASSED

FlatCollectionBatchTest > closedCollectionKeepsTheBatchFailureCause() PASSED

FlatCollectionBatchTest > filtersMixedKAndInvalidQueriesKeepIndividualSearchSemantics() PASSED

FlatCollectionBatchTest > batchRetainsProjectionCutoffsTombstonesTiesAndRequestOrder() PASSED

> Task :vectors-db:freezePerf

BUILD SUCCESSFUL in 17s
28 actionable tasks: 13 executed, 15 up-to-date
