WARNING: Using incubator modules: jdk.incubator.vector
Oct 04, 2026 1:48:08 AM com.integrallis.vectors.core.PanamaVectorUtilSupportProvider create
INFO: vectors-core: Using Panama Vector API SIMD provider (vector bits: 256)
Oct 04, 2026 1:48:08 AM com.integrallis.vectors.core.VectorizationProvider logActiveToggles
INFO: vectors-core: provider=PanamaVectorUtilSupport panama=true maxBits=256 preferredBits=256 fastVectorFMA=true fastScalarFMA=true sve=false ggufParallel=true ggufParallelThreshold=1048576 ggufExecutor=persistent ggufThreads=8 ggufChunksPerThread=2 mappedKQuantLongOffsets=auto(q4=true,q5=false,q6=false) q4ShortPairwiseSupported=true q4UnsignedPairwiseSupported=true toggles=[(defaults — no -Dvectors.* overrides)]
BUILD,20000,8,17,EUCLIDEAN,2577596075,cd91859b164ca6301d4d5538c641343ffa8772863d27cda088f4bab2066468b6
RECALL,32,2550,2560,0.99609375
SEARCH,32,0,20473044,1251336180314683451
SEARCH,32,1,19955155,1251336180314683451
SEARCH,32,2,29907715,1251336180314683451
SEARCH,32,3,20716241,1251336180314683451
SEARCH,32,4,19430195,1251336180314683451
SEARCH,32,5,19890298,1251336180314683451
SEARCH,32,6,20475558,1251336180314683451
RECALL,128,2553,2560,0.99726563
SEARCH,128,0,52357835,-4287269027812098477
SEARCH,128,1,55319543,-4287269027812098477
SEARCH,128,2,54394712,-4287269027812098477
SEARCH,128,3,51726155,-4287269027812098477
SEARCH,128,4,51710351,-4287269027812098477
SEARCH,128,5,50902105,-4287269027812098477
SEARCH,128,6,50612749,-4287269027812098477
RECALL,512,2553,2560,0.99726563
SEARCH,512,0,148998832,-4287269027812098477
SEARCH,512,1,148368274,-4287269027812098477
SEARCH,512,2,147964185,-4287269027812098477
SEARCH,512,3,149679687,-4287269027812098477
SEARCH,512,4,151050009,-4287269027812098477
SEARCH,512,5,150330926,-4287269027812098477
SEARCH,512,6,148919523,-4287269027812098477
