WARNING: Using incubator modules: jdk.incubator.vector
Oct 04, 2026 1:48:38 AM com.integrallis.vectors.core.PanamaVectorUtilSupportProvider create
INFO: vectors-core: Using Panama Vector API SIMD provider (vector bits: 256)
Oct 04, 2026 1:48:38 AM com.integrallis.vectors.core.VectorizationProvider logActiveToggles
INFO: vectors-core: provider=PanamaVectorUtilSupport panama=true maxBits=256 preferredBits=256 fastVectorFMA=true fastScalarFMA=true sve=false ggufParallel=true ggufParallelThreshold=1048576 ggufExecutor=persistent ggufThreads=8 ggufChunksPerThread=2 mappedKQuantLongOffsets=auto(q4=true,q5=false,q6=false) q4ShortPairwiseSupported=true q4UnsignedPairwiseSupported=true toggles=[(defaults — no -Dvectors.* overrides)]
BUILD,20000,8,91,EUCLIDEAN,2641316312,376406a980c0a08c982b1b01ba9596c130c4ae26402b824927872caf95bdd85b
RECALL,32,2556,2560,0.99843750
SEARCH,32,0,21054699,-1303654397961543174
SEARCH,32,1,21443554,-1303654397961543174
SEARCH,32,2,21760891,-1303654397961543174
SEARCH,32,3,21666679,-1303654397961543174
SEARCH,32,4,22239752,-1303654397961543174
SEARCH,32,5,21490845,-1303654397961543174
SEARCH,32,6,31423675,-1303654397961543174
RECALL,128,2559,2560,0.99960938
SEARCH,128,0,53619201,-3259972503123915012
SEARCH,128,1,53204928,-3259972503123915012
SEARCH,128,2,53651218,-3259972503123915012
SEARCH,128,3,55482534,-3259972503123915012
SEARCH,128,4,54876612,-3259972503123915012
SEARCH,128,5,54877734,-3259972503123915012
SEARCH,128,6,54267135,-3259972503123915012
RECALL,512,2559,2560,0.99960938
SEARCH,512,0,159775843,-3259972503123915012
SEARCH,512,1,160722837,-3259972503123915012
SEARCH,512,2,158049163,-3259972503123915012
SEARCH,512,3,157992648,-3259972503123915012
SEARCH,512,4,160984891,-3259972503123915012
SEARCH,512,5,160386841,-3259972503123915012
SEARCH,512,6,160599581,-3259972503123915012
