WARNING: Using incubator modules: jdk.incubator.vector
Oct 04, 2026 1:48:28 AM com.integrallis.vectors.core.PanamaVectorUtilSupportProvider create
INFO: vectors-core: Using Panama Vector API SIMD provider (vector bits: 256)
Oct 04, 2026 1:48:28 AM com.integrallis.vectors.core.VectorizationProvider logActiveToggles
INFO: vectors-core: provider=PanamaVectorUtilSupport panama=true maxBits=256 preferredBits=256 fastVectorFMA=true fastScalarFMA=true sve=false ggufParallel=true ggufParallelThreshold=1048576 ggufExecutor=persistent ggufThreads=8 ggufChunksPerThread=2 mappedKQuantLongOffsets=auto(q4=true,q5=false,q6=false) q4ShortPairwiseSupported=true q4UnsignedPairwiseSupported=true toggles=[(defaults — no -Dvectors.* overrides)]
BUILD,20000,8,42,EUCLIDEAN,2552667136,b57e0b890cc09a2e47fa296e7ad8aed6b4ea73eacf8d36c5ad6a295feaa691d3
RECALL,32,2557,2560,0.99882813
SEARCH,32,0,19956777,7485865783781081837
SEARCH,32,1,19971770,7485865783781081837
SEARCH,32,2,30217801,7485865783781081837
SEARCH,32,3,20281445,7485865783781081837
SEARCH,32,4,19888063,7485865783781081837
SEARCH,32,5,20200833,7485865783781081837
SEARCH,32,6,20543169,7485865783781081837
RECALL,128,2559,2560,0.99960938
SEARCH,128,0,50238344,-2276157913877774479
SEARCH,128,1,50349590,-2276157913877774479
SEARCH,128,2,49922267,-2276157913877774479
SEARCH,128,3,49476016,-2276157913877774479
SEARCH,128,4,50038422,-2276157913877774479
SEARCH,128,5,52480798,-2276157913877774479
SEARCH,128,6,51759923,-2276157913877774479
RECALL,512,2559,2560,0.99960938
SEARCH,512,0,156508768,-2276157913877774479
SEARCH,512,1,154188988,-2276157913877774479
SEARCH,512,2,152563350,-2276157913877774479
SEARCH,512,3,149478658,-2276157913877774479
SEARCH,512,4,151743887,-2276157913877774479
SEARCH,512,5,150854478,-2276157913877774479
SEARCH,512,6,151144084,-2276157913877774479
