WARNING: Using incubator modules: jdk.incubator.vector
Oct 04, 2026 1:48:48 AM com.integrallis.vectors.core.PanamaVectorUtilSupportProvider create
INFO: vectors-core: Using Panama Vector API SIMD provider (vector bits: 256)
Oct 04, 2026 1:48:48 AM com.integrallis.vectors.core.VectorizationProvider logActiveToggles
INFO: vectors-core: provider=PanamaVectorUtilSupport panama=true maxBits=256 preferredBits=256 fastVectorFMA=true fastScalarFMA=true sve=false ggufParallel=true ggufParallelThreshold=1048576 ggufExecutor=persistent ggufThreads=8 ggufChunksPerThread=2 mappedKQuantLongOffsets=auto(q4=true,q5=false,q6=false) q4ShortPairwiseSupported=true q4UnsignedPairwiseSupported=true toggles=[(defaults — no -Dvectors.* overrides)]
BUILD,20000,8,91,EUCLIDEAN,2634096728,17a7f13857b5a1475df52246f7543815f9d0eb2f1a5cf8cd65eb96f212fa42de
RECALL,32,2555,2560,0.99804688
SEARCH,32,0,23760801,324298707386447738
SEARCH,32,1,20583219,324298707386447738
SEARCH,32,2,20882750,324298707386447738
SEARCH,32,3,20444799,324298707386447738
SEARCH,32,4,20296657,324298707386447738
SEARCH,32,5,20207272,324298707386447738
SEARCH,32,6,30363918,324298707386447738
RECALL,128,2557,2560,0.99882813
SEARCH,128,0,52672995,9009019083437143038
SEARCH,128,1,52516110,9009019083437143038
SEARCH,128,2,52385302,9009019083437143038
SEARCH,128,3,52788319,9009019083437143038
SEARCH,128,4,52248426,9009019083437143038
SEARCH,128,5,52473255,9009019083437143038
SEARCH,128,6,51674153,9009019083437143038
RECALL,512,2557,2560,0.99882813
SEARCH,512,0,150354140,9009019083437143038
SEARCH,512,1,152363492,9009019083437143038
SEARCH,512,2,148376721,9009019083437143038
SEARCH,512,3,147749569,9009019083437143038
SEARCH,512,4,151473053,9009019083437143038
SEARCH,512,5,162672838,9009019083437143038
SEARCH,512,6,158859520,9009019083437143038
