WARNING: Using incubator modules: jdk.incubator.vector
Oct 04, 2026 1:47:56 AM com.integrallis.vectors.core.PanamaVectorUtilSupportProvider create
INFO: vectors-core: Using Panama Vector API SIMD provider (vector bits: 256)
Oct 04, 2026 1:47:56 AM com.integrallis.vectors.core.VectorizationProvider logActiveToggles
INFO: vectors-core: provider=PanamaVectorUtilSupport panama=true maxBits=256 preferredBits=256 fastVectorFMA=true fastScalarFMA=true sve=false ggufParallel=true ggufParallelThreshold=1048576 ggufExecutor=persistent ggufThreads=8 ggufChunksPerThread=2 mappedKQuantLongOffsets=auto(q4=true,q5=false,q6=false) q4ShortPairwiseSupported=true q4UnsignedPairwiseSupported=true toggles=[(defaults — no -Dvectors.* overrides)]
BUILD,20000,8,17,EUCLIDEAN,2694418815,e0a995da3764cc719be219da39e781c22d0185cf18ad9c4073fdbc65e713c5c0
RECALL,32,2551,2560,0.99648438
SEARCH,32,0,22095256,-237571531045193898
SEARCH,32,1,20162528,-237571531045193898
SEARCH,32,2,30723695,-237571531045193898
SEARCH,32,3,20539765,-237571531045193898
SEARCH,32,4,20344020,-237571531045193898
SEARCH,32,5,19761735,-237571531045193898
SEARCH,32,6,19696977,-237571531045193898
RECALL,128,2554,2560,0.99765625
SEARCH,128,0,53501509,-5776176739171975826
SEARCH,128,1,53657092,-5776176739171975826
SEARCH,128,2,53910444,-5776176739171975826
SEARCH,128,3,53184993,-5776176739171975826
SEARCH,128,4,53712395,-5776176739171975826
SEARCH,128,5,52918101,-5776176739171975826
SEARCH,128,6,53585524,-5776176739171975826
RECALL,512,2554,2560,0.99765625
SEARCH,512,0,153837478,-5776176739171975826
SEARCH,512,1,155609906,-5776176739171975826
SEARCH,512,2,154460106,-5776176739171975826
SEARCH,512,3,154283200,-5776176739171975826
SEARCH,512,4,154632275,-5776176739171975826
SEARCH,512,5,151792750,-5776176739171975826
SEARCH,512,6,153876336,-5776176739171975826
