WARNING: Using incubator modules: jdk.incubator.vector
Oct 04, 2026 1:48:18 AM com.integrallis.vectors.core.PanamaVectorUtilSupportProvider create
INFO: vectors-core: Using Panama Vector API SIMD provider (vector bits: 256)
Oct 04, 2026 1:48:18 AM com.integrallis.vectors.core.VectorizationProvider logActiveToggles
INFO: vectors-core: provider=PanamaVectorUtilSupport panama=true maxBits=256 preferredBits=256 fastVectorFMA=true fastScalarFMA=true sve=false ggufParallel=true ggufParallelThreshold=1048576 ggufExecutor=persistent ggufThreads=8 ggufChunksPerThread=2 mappedKQuantLongOffsets=auto(q4=true,q5=false,q6=false) q4ShortPairwiseSupported=true q4UnsignedPairwiseSupported=true toggles=[(defaults — no -Dvectors.* overrides)]
BUILD,20000,8,42,EUCLIDEAN,2669010004,2a59ba0d05e738e4fb8641fdc3984d655d77bcabb261c06c097241faef6d5789
RECALL,32,2558,2560,0.99921875
SEARCH,32,0,20019502,6200385785143956348
SEARCH,32,1,20441458,6200385785143956348
SEARCH,32,2,30885596,6200385785143956348
SEARCH,32,3,20767547,6200385785143956348
SEARCH,32,4,20340764,6200385785143956348
SEARCH,32,5,20339362,6200385785143956348
SEARCH,32,6,20772535,6200385785143956348
RECALL,128,2560,2560,1.00000000
SEARCH,128,0,52713369,-3561637912514899968
SEARCH,128,1,55901958,-3561637912514899968
SEARCH,128,2,53616949,-3561637912514899968
SEARCH,128,3,52496112,-3561637912514899968
SEARCH,128,4,52775022,-3561637912514899968
SEARCH,128,5,52921172,-3561637912514899968
SEARCH,128,6,53619083,-3561637912514899968
RECALL,512,2560,2560,1.00000000
SEARCH,512,0,152338515,-3561637912514899968
SEARCH,512,1,152908211,-3561637912514899968
SEARCH,512,2,151667175,-3561637912514899968
SEARCH,512,3,154168700,-3561637912514899968
SEARCH,512,4,153101353,-3561637912514899968
SEARCH,512,5,151509406,-3561637912514899968
SEARCH,512,6,155029315,-3561637912514899968
