WARNING: Using incubator modules: jdk.incubator.vector
Oct 04, 2026 1:47:00 AM com.integrallis.vectors.core.PanamaVectorUtilSupportProvider create
INFO: vectors-core: Using Panama Vector API SIMD provider (vector bits: 256)
Oct 04, 2026 1:47:00 AM com.integrallis.vectors.core.VectorizationProvider logActiveToggles
INFO: vectors-core: provider=PanamaVectorUtilSupport panama=true maxBits=256 preferredBits=256 fastVectorFMA=true fastScalarFMA=true sve=false ggufParallel=true ggufParallelThreshold=1048576 ggufExecutor=persistent ggufThreads=8 ggufChunksPerThread=2 mappedKQuantLongOffsets=auto(q4=true,q5=false,q6=false) q4ShortPairwiseSupported=true q4UnsignedPairwiseSupported=true toggles=[(defaults — no -Dvectors.* overrides)]
BUILD,20000,8,17,COSINE,2619880350,eb7d11d05077932723e3b75d953025db684f551e647b92fe9f34ac367b2f3249
RECALL,32,2127,2560,0.83085938
SEARCH,32,0,10210729,5368909143819908095
SEARCH,32,1,10316870,5368909143819908095
SEARCH,32,2,20346088,5368909143819908095
SEARCH,32,3,10809321,5368909143819908095
SEARCH,32,4,10170670,5368909143819908095
SEARCH,32,5,10197451,5368909143819908095
SEARCH,32,6,10046372,5368909143819908095
RECALL,128,2463,2560,0.96210938
SEARCH,128,0,34408815,5726742877428176973
SEARCH,128,1,34447263,5726742877428176973
SEARCH,128,2,34317458,5726742877428176973
SEARCH,128,3,33781881,5726742877428176973
SEARCH,128,4,34700354,5726742877428176973
SEARCH,128,5,34137106,5726742877428176973
SEARCH,128,6,34184618,5726742877428176973
RECALL,512,2557,2560,0.99882813
SEARCH,512,0,129764203,-5545055353882708993
SEARCH,512,1,129967129,-5545055353882708993
SEARCH,512,2,131013523,-5545055353882708993
SEARCH,512,3,130826873,-5545055353882708993
SEARCH,512,4,128784147,-5545055353882708993
SEARCH,512,5,126498026,-5545055353882708993
SEARCH,512,6,125595959,-5545055353882708993
