WARNING: Using incubator modules: jdk.incubator.vector
Oct 04, 2026 1:47:28 AM com.integrallis.vectors.core.PanamaVectorUtilSupportProvider create
INFO: vectors-core: Using Panama Vector API SIMD provider (vector bits: 256)
Oct 04, 2026 1:47:28 AM com.integrallis.vectors.core.VectorizationProvider logActiveToggles
INFO: vectors-core: provider=PanamaVectorUtilSupport panama=true maxBits=256 preferredBits=256 fastVectorFMA=true fastScalarFMA=true sve=false ggufParallel=true ggufParallelThreshold=1048576 ggufExecutor=persistent ggufThreads=8 ggufChunksPerThread=2 mappedKQuantLongOffsets=auto(q4=true,q5=false,q6=false) q4ShortPairwiseSupported=true q4UnsignedPairwiseSupported=true toggles=[(defaults — no -Dvectors.* overrides)]
BUILD,20000,8,42,COSINE,2612669095,8fb9a21a4c5e020e1afef8738266a58465e821ef3f996c8ef5c13b612abd22ad
RECALL,32,2130,2560,0.83203125
SEARCH,32,0,10099923,763852319632725322
SEARCH,32,1,10065201,763852319632725322
SEARCH,32,2,19688125,763852319632725322
SEARCH,32,3,10241215,763852319632725322
SEARCH,32,4,10131480,763852319632725322
SEARCH,32,5,10036427,763852319632725322
SEARCH,32,6,9911769,763852319632725322
RECALL,128,2472,2560,0.96562500
SEARCH,128,0,33547557,-7698578504156250505
SEARCH,128,1,33291210,-7698578504156250505
SEARCH,128,2,33575039,-7698578504156250505
SEARCH,128,3,33602349,-7698578504156250505
SEARCH,128,4,34124896,-7698578504156250505
SEARCH,128,5,33916782,-7698578504156250505
SEARCH,128,6,33836921,-7698578504156250505
RECALL,512,2557,2560,0.99882813
SEARCH,512,0,121288666,329754640968000064
SEARCH,512,1,122454251,329754640968000064
SEARCH,512,2,126049603,329754640968000064
SEARCH,512,3,124111134,329754640968000064
SEARCH,512,4,123352344,329754640968000064
SEARCH,512,5,123785444,329754640968000064
SEARCH,512,6,125576631,329754640968000064
