WARNING: Using incubator modules: jdk.incubator.vector
Oct 04, 2026 1:47:37 AM com.integrallis.vectors.core.PanamaVectorUtilSupportProvider create
INFO: vectors-core: Using Panama Vector API SIMD provider (vector bits: 256)
Oct 04, 2026 1:47:37 AM com.integrallis.vectors.core.VectorizationProvider logActiveToggles
INFO: vectors-core: provider=PanamaVectorUtilSupport panama=true maxBits=256 preferredBits=256 fastVectorFMA=true fastScalarFMA=true sve=false ggufParallel=true ggufParallelThreshold=1048576 ggufExecutor=persistent ggufThreads=8 ggufChunksPerThread=2 mappedKQuantLongOffsets=auto(q4=true,q5=false,q6=false) q4ShortPairwiseSupported=true q4UnsignedPairwiseSupported=true toggles=[(defaults — no -Dvectors.* overrides)]
BUILD,20000,8,91,COSINE,2608599639,336f74f975ac82344373f7e2f386ed15dead540e76203005d6f53dc5a28fff62
RECALL,32,2145,2560,0.83789063
SEARCH,32,0,10338221,-8464849436944624433
SEARCH,32,1,10211880,-8464849436944624433
SEARCH,32,2,10128966,-8464849436944624433
SEARCH,32,3,10108214,-8464849436944624433
SEARCH,32,4,10082046,-8464849436944624433
SEARCH,32,5,10154995,-8464849436944624433
SEARCH,32,6,19892203,-8464849436944624433
RECALL,128,2468,2560,0.96406250
SEARCH,128,0,34731749,1482031892406074320
SEARCH,128,1,34595834,1482031892406074320
SEARCH,128,2,34557656,1482031892406074320
SEARCH,128,3,34353648,1482031892406074320
SEARCH,128,4,34638418,1482031892406074320
SEARCH,128,5,34787704,1482031892406074320
SEARCH,128,6,34610265,1482031892406074320
RECALL,512,2557,2560,0.99882813
SEARCH,512,0,123670288,-5728748673140948728
SEARCH,512,1,123669066,-5728748673140948728
SEARCH,512,2,123202614,-5728748673140948728
SEARCH,512,3,124023731,-5728748673140948728
SEARCH,512,4,124459896,-5728748673140948728
SEARCH,512,5,121994707,-5728748673140948728
SEARCH,512,6,124048678,-5728748673140948728
