WARNING: Using incubator modules: jdk.incubator.vector
Oct 04, 2026 1:47:09 AM com.integrallis.vectors.core.PanamaVectorUtilSupportProvider create
INFO: vectors-core: Using Panama Vector API SIMD provider (vector bits: 256)
Oct 04, 2026 1:47:09 AM com.integrallis.vectors.core.VectorizationProvider logActiveToggles
INFO: vectors-core: provider=PanamaVectorUtilSupport panama=true maxBits=256 preferredBits=256 fastVectorFMA=true fastScalarFMA=true sve=false ggufParallel=true ggufParallelThreshold=1048576 ggufExecutor=persistent ggufThreads=8 ggufChunksPerThread=2 mappedKQuantLongOffsets=auto(q4=true,q5=false,q6=false) q4ShortPairwiseSupported=true q4UnsignedPairwiseSupported=true toggles=[(defaults — no -Dvectors.* overrides)]
BUILD,20000,8,17,COSINE,2544077570,3d6b4f05d3cf8e27eab9aca12f70e93bcdea5e5376deb4460387d07644fe4bf5
RECALL,32,2134,2560,0.83359375
SEARCH,32,0,9816046,-2750371155649372219
SEARCH,32,1,9829716,-2750371155649372219
SEARCH,32,2,19785222,-2750371155649372219
SEARCH,32,3,10659555,-2750371155649372219
SEARCH,32,4,10131701,-2750371155649372219
SEARCH,32,5,9929717,-2750371155649372219
SEARCH,32,6,9855676,-2750371155649372219
RECALL,128,2464,2560,0.96250000
SEARCH,128,0,34148753,-7016901650373017137
SEARCH,128,1,34811301,-7016901650373017137
SEARCH,128,2,33788762,-7016901650373017137
SEARCH,128,3,34942247,-7016901650373017137
SEARCH,128,4,34212499,-7016901650373017137
SEARCH,128,5,35024261,-7016901650373017137
SEARCH,128,6,34660744,-7016901650373017137
RECALL,512,2557,2560,0.99882813
SEARCH,512,0,122425313,8345438041758637119
SEARCH,512,1,126357993,8345438041758637119
SEARCH,512,2,123660843,8345438041758637119
SEARCH,512,3,133367143,8345438041758637119
SEARCH,512,4,128409982,8345438041758637119
SEARCH,512,5,120274056,8345438041758637119
SEARCH,512,6,119452919,8345438041758637119
