WARNING: Using incubator modules: jdk.incubator.vector
Oct 04, 2026 1:47:19 AM com.integrallis.vectors.core.PanamaVectorUtilSupportProvider create
INFO: vectors-core: Using Panama Vector API SIMD provider (vector bits: 256)
Oct 04, 2026 1:47:19 AM com.integrallis.vectors.core.VectorizationProvider logActiveToggles
INFO: vectors-core: provider=PanamaVectorUtilSupport panama=true maxBits=256 preferredBits=256 fastVectorFMA=true fastScalarFMA=true sve=false ggufParallel=true ggufParallelThreshold=1048576 ggufExecutor=persistent ggufThreads=8 ggufChunksPerThread=2 mappedKQuantLongOffsets=auto(q4=true,q5=false,q6=false) q4ShortPairwiseSupported=true q4UnsignedPairwiseSupported=true toggles=[(defaults — no -Dvectors.* overrides)]
BUILD,20000,8,42,COSINE,2531322598,91b6afdc842e937af8736d339b06c2c20a35ac41536fbea20a5b57750048a06a
RECALL,32,2131,2560,0.83242188
SEARCH,32,0,10263458,4369103520955149288
SEARCH,32,1,10496580,4369103520955149288
SEARCH,32,2,21016535,4369103520955149288
SEARCH,32,3,11595803,4369103520955149288
SEARCH,32,4,10671884,4369103520955149288
SEARCH,32,5,10780487,4369103520955149288
SEARCH,32,6,10576591,4369103520955149288
RECALL,128,2475,2560,0.96679688
SEARCH,128,0,34870670,-8017632924836782781
SEARCH,128,1,34555084,-8017632924836782781
SEARCH,128,2,34284506,-8017632924836782781
SEARCH,128,3,34314181,-8017632924836782781
SEARCH,128,4,34185708,-8017632924836782781
SEARCH,128,5,34409615,-8017632924836782781
SEARCH,128,6,34086139,-8017632924836782781
RECALL,512,2559,2560,0.99960938
SEARCH,512,0,124288786,3946214327104709544
SEARCH,512,1,122184137,3946214327104709544
SEARCH,512,2,123961783,3946214327104709544
SEARCH,512,3,122514804,3946214327104709544
SEARCH,512,4,121114687,3946214327104709544
SEARCH,512,5,120166620,3946214327104709544
SEARCH,512,6,122055274,3946214327104709544
