WARNING: Using incubator modules: jdk.incubator.vector
Oct 04, 2026 1:47:47 AM com.integrallis.vectors.core.PanamaVectorUtilSupportProvider create
INFO: vectors-core: Using Panama Vector API SIMD provider (vector bits: 256)
Oct 04, 2026 1:47:47 AM com.integrallis.vectors.core.VectorizationProvider logActiveToggles
INFO: vectors-core: provider=PanamaVectorUtilSupport panama=true maxBits=256 preferredBits=256 fastVectorFMA=true fastScalarFMA=true sve=false ggufParallel=true ggufParallelThreshold=1048576 ggufExecutor=persistent ggufThreads=8 ggufChunksPerThread=2 mappedKQuantLongOffsets=auto(q4=true,q5=false,q6=false) q4ShortPairwiseSupported=true q4UnsignedPairwiseSupported=true toggles=[(defaults — no -Dvectors.* overrides)]
BUILD,20000,8,91,COSINE,2532294546,7256023d6f07f29f186d5c4d99a4de6b12865b58b941fbee3860d88bdffffebd
RECALL,32,2148,2560,0.83906250
SEARCH,32,0,9985790,-9002607220240729697
SEARCH,32,1,9991909,-9002607220240729697
SEARCH,32,2,9927022,-9002607220240729697
SEARCH,32,3,9940693,-9002607220240729697
SEARCH,32,4,9973353,-9002607220240729697
SEARCH,32,5,10121845,-9002607220240729697
SEARCH,32,6,20028265,-9002607220240729697
RECALL,128,2469,2560,0.96445313
SEARCH,128,0,34018304,-7364447045754733253
SEARCH,128,1,34301210,-7364447045754733253
SEARCH,128,2,34144102,-7364447045754733253
SEARCH,128,3,33857311,-7364447045754733253
SEARCH,128,4,33666674,-7364447045754733253
SEARCH,128,5,33967458,-7364447045754733253
SEARCH,128,6,34267408,-7364447045754733253
RECALL,512,2558,2560,0.99921875
SEARCH,512,0,120722079,3871516462407795315
SEARCH,512,1,122565954,3871516462407795315
SEARCH,512,2,123622423,3871516462407795315
SEARCH,512,3,121718387,3871516462407795315
SEARCH,512,4,122450410,3871516462407795315
SEARCH,512,5,124930903,3871516462407795315
SEARCH,512,6,122309978,3871516462407795315
