WARNING: Using incubator modules: jdk.incubator.vector
Oct 04, 2026 11:42:07 AM com.integrallis.vectors.core.PanamaVectorUtilSupportProvider create
INFO: vectors-core: Using Panama Vector API SIMD provider (vector bits: 256)
Oct 04, 2026 11:42:07 AM com.integrallis.vectors.core.VectorizationProvider logActiveToggles
INFO: vectors-core: provider=PanamaVectorUtilSupport panama=true maxBits=256 preferredBits=256 fastVectorFMA=true fastScalarFMA=true sve=false ggufParallel=true ggufParallelThreshold=1048576 ggufExecutor=persistent ggufThreads=8 ggufChunksPerThread=2 mappedKQuantLongOffsets=auto(q4=true,q5=false,q6=false) q4ShortPairwiseSupported=true q4UnsignedPairwiseSupported=true toggles=[(defaults — no -Dvectors.* overrides)]
WARMUP,dbpedia-flat-public-single,12,7151952238
RESULT,dbpedia-flat-public-single,0,581642197,6760023043858905683,32
RESULT,dbpedia-flat-public-single,1,579943904,6760023043858905683,32
RESULT,dbpedia-flat-public-single,2,578589218,6760023043858905683,32
RESULT,dbpedia-flat-public-single,3,583973309,6760023043858905683,32
RESULT,dbpedia-flat-public-single,4,579537123,6760023043858905683,32
RESULT,dbpedia-flat-public-single,5,586529247,6760023043858905683,32
RESULT,dbpedia-flat-public-single,6,580530805,6760023043858905683,32
WARMUP,dbpedia-flat-public-batch32,63,3043080510
RESULT,dbpedia-flat-public-batch32,0,51380455,6760023043858905683,32
RESULT,dbpedia-flat-public-batch32,1,45205215,6760023043858905683,32
RESULT,dbpedia-flat-public-batch32,2,45051786,6760023043858905683,32
RESULT,dbpedia-flat-public-batch32,3,53210654,6760023043858905683,32
RESULT,dbpedia-flat-public-batch32,4,45102193,6760023043858905683,32
RESULT,dbpedia-flat-public-batch32,5,44991754,6760023043858905683,32
RESULT,dbpedia-flat-public-batch32,6,45498626,6760023043858905683,32
