WARNING: Using incubator modules: jdk.incubator.vector
Oct 04, 2026 11:43:01 AM com.integrallis.vectors.core.PanamaVectorUtilSupportProvider create
INFO: vectors-core: Using Panama Vector API SIMD provider (vector bits: 256)
Oct 04, 2026 11:43:01 AM com.integrallis.vectors.core.VectorizationProvider logActiveToggles
INFO: vectors-core: provider=PanamaVectorUtilSupport panama=true maxBits=256 preferredBits=256 fastVectorFMA=true fastScalarFMA=true sve=false ggufParallel=true ggufParallelThreshold=1048576 ggufExecutor=persistent ggufThreads=8 ggufChunksPerThread=2 mappedKQuantLongOffsets=auto(q4=true,q5=false,q6=false) q4ShortPairwiseSupported=true q4UnsignedPairwiseSupported=true toggles=[(defaults — no -Dvectors.* overrides)]
WARMUP,dbpedia-flat-public-single,12,4808330986
RESULT,dbpedia-flat-public-single,0,383305412,6760023043858905683,32
RESULT,dbpedia-flat-public-single,1,394698980,6760023043858905683,32
RESULT,dbpedia-flat-public-single,2,394913452,6760023043858905683,32
RESULT,dbpedia-flat-public-single,3,397939965,6760023043858905683,32
RESULT,dbpedia-flat-public-single,4,397561124,6760023043858905683,32
RESULT,dbpedia-flat-public-single,5,395136769,6760023043858905683,32
RESULT,dbpedia-flat-public-single,6,394653350,6760023043858905683,32
WARMUP,dbpedia-flat-public-batch32,76,3008056024
RESULT,dbpedia-flat-public-batch32,0,35731529,6760023043858905683,32
RESULT,dbpedia-flat-public-batch32,1,35751445,6760023043858905683,32
RESULT,dbpedia-flat-public-batch32,2,39891982,6760023043858905683,32
RESULT,dbpedia-flat-public-batch32,3,36081024,6760023043858905683,32
RESULT,dbpedia-flat-public-batch32,4,35890998,6760023043858905683,32
RESULT,dbpedia-flat-public-batch32,5,36300576,6760023043858905683,32
RESULT,dbpedia-flat-public-batch32,6,35740746,6760023043858905683,32
