WARNING: Using incubator modules: jdk.incubator.vector
Oct 04, 2026 11:43:13 AM com.integrallis.vectors.core.PanamaVectorUtilSupportProvider create
INFO: vectors-core: Using Panama Vector API SIMD provider (vector bits: 256)
Oct 04, 2026 11:43:13 AM com.integrallis.vectors.core.VectorizationProvider logActiveToggles
INFO: vectors-core: provider=PanamaVectorUtilSupport panama=true maxBits=256 preferredBits=256 fastVectorFMA=true fastScalarFMA=true sve=false ggufParallel=true ggufParallelThreshold=1048576 ggufExecutor=persistent ggufThreads=8 ggufChunksPerThread=2 mappedKQuantLongOffsets=auto(q4=true,q5=false,q6=false) q4ShortPairwiseSupported=true q4UnsignedPairwiseSupported=true toggles=[(defaults — no -Dvectors.* overrides)]
WARMUP,dbpedia-flat-public-single,12,7603102350
RESULT,dbpedia-flat-public-single,0,613254334,6760023043858905683,32
RESULT,dbpedia-flat-public-single,1,618086517,6760023043858905683,32
RESULT,dbpedia-flat-public-single,2,612241889,6760023043858905683,32
RESULT,dbpedia-flat-public-single,3,610946274,6760023043858905683,32
RESULT,dbpedia-flat-public-single,4,617855939,6760023043858905683,32
RESULT,dbpedia-flat-public-single,5,615580402,6760023043858905683,32
RESULT,dbpedia-flat-public-single,6,617866915,6760023043858905683,32
WARMUP,dbpedia-flat-public-batch32,63,3036846616
RESULT,dbpedia-flat-public-batch32,0,49824530,6760023043858905683,32
RESULT,dbpedia-flat-public-batch32,1,44951889,6760023043858905683,32
RESULT,dbpedia-flat-public-batch32,2,45225705,6760023043858905683,32
RESULT,dbpedia-flat-public-batch32,3,44818070,6760023043858905683,32
RESULT,dbpedia-flat-public-batch32,4,45398029,6760023043858905683,32
RESULT,dbpedia-flat-public-batch32,5,45371689,6760023043858905683,32
RESULT,dbpedia-flat-public-batch32,6,45078688,6760023043858905683,32
