WARNING: Using incubator modules: jdk.incubator.vector
Oct 04, 2026 11:43:30 AM com.integrallis.vectors.core.PanamaVectorUtilSupportProvider create
INFO: vectors-core: Using Panama Vector API SIMD provider (vector bits: 256)
Oct 04, 2026 11:43:30 AM com.integrallis.vectors.core.VectorizationProvider logActiveToggles
INFO: vectors-core: provider=PanamaVectorUtilSupport panama=true maxBits=256 preferredBits=256 fastVectorFMA=true fastScalarFMA=true sve=false ggufParallel=true ggufParallelThreshold=1048576 ggufExecutor=persistent ggufThreads=8 ggufChunksPerThread=2 mappedKQuantLongOffsets=auto(q4=true,q5=false,q6=false) q4ShortPairwiseSupported=true q4UnsignedPairwiseSupported=true toggles=[(defaults — no -Dvectors.* overrides)]
WARMUP,fashion-flat-public-single,12,4121965764
RESULT,fashion-flat-public-single,0,328406772,-3449808930485460012,32
RESULT,fashion-flat-public-single,1,329401981,-3449808930485460012,32
RESULT,fashion-flat-public-single,2,330815486,-3449808930485460012,32
RESULT,fashion-flat-public-single,3,328306882,-3449808930485460012,32
RESULT,fashion-flat-public-single,4,317749294,-3449808930485460012,32
RESULT,fashion-flat-public-single,5,330100580,-3449808930485460012,32
RESULT,fashion-flat-public-single,6,328364239,-3449808930485460012,32
WARMUP,fashion-flat-public-batch32,51,3022138461
RESULT,fashion-flat-public-batch32,0,57826866,-3449808930485460012,32
RESULT,fashion-flat-public-batch32,1,57959154,-3449808930485460012,32
RESULT,fashion-flat-public-batch32,2,58654631,-3449808930485460012,32
RESULT,fashion-flat-public-batch32,3,58060334,-3449808930485460012,32
RESULT,fashion-flat-public-batch32,4,58054084,-3449808930485460012,32
RESULT,fashion-flat-public-batch32,5,68597433,-3449808930485460012,32
RESULT,fashion-flat-public-batch32,6,64761097,-3449808930485460012,32
