WARNING: Using incubator modules: jdk.incubator.vector
Oct 04, 2026 11:42:23 AM com.integrallis.vectors.core.PanamaVectorUtilSupportProvider create
INFO: vectors-core: Using Panama Vector API SIMD provider (vector bits: 256)
Oct 04, 2026 11:42:23 AM com.integrallis.vectors.core.VectorizationProvider logActiveToggles
INFO: vectors-core: provider=PanamaVectorUtilSupport panama=true maxBits=256 preferredBits=256 fastVectorFMA=true fastScalarFMA=true sve=false ggufParallel=true ggufParallelThreshold=1048576 ggufExecutor=persistent ggufThreads=8 ggufChunksPerThread=2 mappedKQuantLongOffsets=auto(q4=true,q5=false,q6=false) q4ShortPairwiseSupported=true q4UnsignedPairwiseSupported=true toggles=[(defaults — no -Dvectors.* overrides)]
WARMUP,fashion-flat-public-single,12,4046611761
RESULT,fashion-flat-public-single,0,324600507,-3449808930485460012,32
RESULT,fashion-flat-public-single,1,330722879,-3449808930485460012,32
RESULT,fashion-flat-public-single,2,324088925,-3449808930485460012,32
RESULT,fashion-flat-public-single,3,322344569,-3449808930485460012,32
RESULT,fashion-flat-public-single,4,326243352,-3449808930485460012,32
RESULT,fashion-flat-public-single,5,323333063,-3449808930485460012,32
RESULT,fashion-flat-public-single,6,323948690,-3449808930485460012,32
WARMUP,fashion-flat-public-batch32,47,3051070240
RESULT,fashion-flat-public-batch32,0,58381452,-3449808930485460012,32
RESULT,fashion-flat-public-batch32,1,61382859,-3449808930485460012,32
RESULT,fashion-flat-public-batch32,2,61552839,-3449808930485460012,32
RESULT,fashion-flat-public-batch32,3,63054277,-3449808930485460012,32
RESULT,fashion-flat-public-batch32,4,64483141,-3449808930485460012,32
RESULT,fashion-flat-public-batch32,5,70385209,-3449808930485460012,32
RESULT,fashion-flat-public-batch32,6,58209618,-3449808930485460012,32
