WARNING: Using incubator modules: jdk.incubator.vector
Oct 04, 2026 11:41:39 AM com.integrallis.vectors.core.PanamaVectorUtilSupportProvider create
INFO: vectors-core: Using Panama Vector API SIMD provider (vector bits: 256)
Oct 04, 2026 11:41:39 AM com.integrallis.vectors.core.VectorizationProvider logActiveToggles
INFO: vectors-core: provider=PanamaVectorUtilSupport panama=true maxBits=256 preferredBits=256 fastVectorFMA=true fastScalarFMA=true sve=false ggufParallel=true ggufParallelThreshold=1048576 ggufExecutor=persistent ggufThreads=8 ggufChunksPerThread=2 mappedKQuantLongOffsets=auto(q4=true,q5=false,q6=false) q4ShortPairwiseSupported=true q4UnsignedPairwiseSupported=true toggles=[(defaults — no -Dvectors.* overrides)]
WARMUP,glove-flat-public-single,22,3011951336
RESULT,glove-flat-public-single,0,126888823,1177092119961519121,32
RESULT,glove-flat-public-single,1,126040548,1177092119961519121,32
RESULT,glove-flat-public-single,2,126208112,1177092119961519121,32
RESULT,glove-flat-public-single,3,127579189,1177092119961519121,32
RESULT,glove-flat-public-single,4,128733136,1177092119961519121,32
RESULT,glove-flat-public-single,5,128530075,1177092119961519121,32
RESULT,glove-flat-public-single,6,129809340,1177092119961519121,32
WARMUP,glove-flat-public-batch32,165,3015884343
RESULT,glove-flat-public-batch32,0,18353911,1177092119961519121,32
RESULT,glove-flat-public-batch32,1,19344081,1177092119961519121,32
RESULT,glove-flat-public-batch32,2,17217046,1177092119961519121,32
RESULT,glove-flat-public-batch32,3,17100758,1177092119961519121,32
RESULT,glove-flat-public-batch32,4,17422722,1177092119961519121,32
RESULT,glove-flat-public-batch32,5,17190596,1177092119961519121,32
RESULT,glove-flat-public-batch32,6,17065782,1177092119961519121,32
