WARNING: Using incubator modules: jdk.incubator.vector
Oct 04, 2026 11:42:54 AM com.integrallis.vectors.core.PanamaVectorUtilSupportProvider create
INFO: vectors-core: Using Panama Vector API SIMD provider (vector bits: 256)
Oct 04, 2026 11:42:54 AM com.integrallis.vectors.core.VectorizationProvider logActiveToggles
INFO: vectors-core: provider=PanamaVectorUtilSupport panama=true maxBits=256 preferredBits=256 fastVectorFMA=true fastScalarFMA=true sve=false ggufParallel=true ggufParallelThreshold=1048576 ggufExecutor=persistent ggufThreads=8 ggufChunksPerThread=2 mappedKQuantLongOffsets=auto(q4=true,q5=false,q6=false) q4ShortPairwiseSupported=true q4UnsignedPairwiseSupported=true toggles=[(defaults — no -Dvectors.* overrides)]
WARMUP,glove-flat-public-single,23,3056241828
RESULT,glove-flat-public-single,0,122846400,1177092119961519121,32
RESULT,glove-flat-public-single,1,123993986,1177092119961519121,32
RESULT,glove-flat-public-single,2,124790963,1177092119961519121,32
RESULT,glove-flat-public-single,3,127107735,1177092119961519121,32
RESULT,glove-flat-public-single,4,127672775,1177092119961519121,32
RESULT,glove-flat-public-single,5,126209778,1177092119961519121,32
RESULT,glove-flat-public-single,6,121719514,1177092119961519121,32
WARMUP,glove-flat-public-batch32,169,3016599826
RESULT,glove-flat-public-batch32,0,16535166,1177092119961519121,32
RESULT,glove-flat-public-batch32,1,16630034,1177092119961519121,32
RESULT,glove-flat-public-batch32,2,16602632,1177092119961519121,32
RESULT,glove-flat-public-batch32,3,17042739,1177092119961519121,32
RESULT,glove-flat-public-batch32,4,16546217,1177092119961519121,32
RESULT,glove-flat-public-batch32,5,16534645,1177092119961519121,32
RESULT,glove-flat-public-batch32,6,16633420,1177092119961519121,32
