WARNING: A restricted method in java.lang.System has been called
WARNING: java.lang.System::load has been called by net.rubygrapefruit.platform.internal.NativeLibraryLoader in an unnamed module (file:/Users/briansam-bodden/.gradle/wrapper/dists/gradle-9.4.1-all/eckclv9s5vi9exbmnyvpg2a3h/gradle-9.4.1/lib/native-platform-0.22-milestone-29.jar)
WARNING: Use --enable-native-access=ALL-UNNAMED to avoid a warning for callers in this module
WARNING: Restricted methods will be blocked in a future release unless native access is enabled

> Task :vectors-db:processResources NO-SOURCE
> Task :vectors-hnsw:processResources NO-SOURCE
> Task :spotlessInternalRegisterDependencies UP-TO-DATE
> Task :demos:spotlessJava UP-TO-DATE
> Task :vectors-core:compileJava UP-TO-DATE
> Task :demos:spotlessJavaCheck UP-TO-DATE
> Task :demos:spotlessCheck UP-TO-DATE
> Task :vectors:spotlessJava UP-TO-DATE
> Task :vectors:spotlessJavaCheck UP-TO-DATE
> Task :vectors:spotlessCheck UP-TO-DATE
> Task :vectors-bench:spotlessJava UP-TO-DATE
> Task :vectors-bench:spotlessJavaCheck UP-TO-DATE
> Task :vectors-bench:spotlessCheck UP-TO-DATE
> Task :vectors-storage:compileJava UP-TO-DATE
> Task :vectors-cache:spotlessJava UP-TO-DATE
> Task :vectors-gpu:compileJava UP-TO-DATE
> Task :vectors-cache:spotlessJavaCheck UP-TO-DATE
> Task :vectors-cache:spotlessCheck UP-TO-DATE
> Task :vectors-quantization:compileJava UP-TO-DATE
> Task :vectors-hnsw:compileJava UP-TO-DATE
> Task :vectors-cache-jcache:spotlessJava UP-TO-DATE
> Task :vectors-ivf:compileJava UP-TO-DATE
> Task :vectors-hnsw:classes UP-TO-DATE
> Task :vectors-vamana:compileJava UP-TO-DATE
> Task :vectors-db:compileJava UP-TO-DATE
> Task :vectors-db:classes UP-TO-DATE
> Task :vectors-hnsw:spotbugsMain
> Task :vectors-cache-jcache:spotlessJavaCheck UP-TO-DATE
> Task :vectors-cache-jcache:spotlessCheck UP-TO-DATE
> Task :vectors-cache-langchain4j:spotlessJava UP-TO-DATE
> Task :vectors-cache-langchain4j:spotlessJavaCheck UP-TO-DATE
> Task :vectors-cache-langchain4j:spotlessCheck UP-TO-DATE
> Task :vectors-cache-semantic-db:spotlessJava UP-TO-DATE
> Task :vectors-cache-semantic-db:spotlessJavaCheck UP-TO-DATE
> Task :vectors-cache-semantic-db:spotlessCheck UP-TO-DATE
> Task :vectors-cache-semantic-langchain4j:spotlessJava UP-TO-DATE
> Task :vectors-cache-semantic-langchain4j:spotlessJavaCheck UP-TO-DATE
> Task :vectors-cache-semantic-langchain4j:spotlessCheck UP-TO-DATE
> Task :vectors-cache-semantic-spring-ai:spotlessJava UP-TO-DATE
> Task :vectors-cache-semantic-spring-ai:spotlessJavaCheck UP-TO-DATE
> Task :vectors-cache-semantic-spring-ai:spotlessCheck UP-TO-DATE
> Task :vectors-cache-spring-ai:spotlessJava UP-TO-DATE
> Task :vectors-cache-spring-ai:spotlessJavaCheck UP-TO-DATE
> Task :vectors-cache-spring-ai:spotlessCheck UP-TO-DATE
> Task :vectors-cluster:spotlessJava UP-TO-DATE
> Task :vectors-cluster:spotlessJavaCheck UP-TO-DATE
> Task :vectors-cluster:spotlessCheck UP-TO-DATE
> Task :vectors-core:spotlessJava UP-TO-DATE
> Task :vectors-core:spotlessJavaCheck UP-TO-DATE
> Task :vectors-core:spotlessCheck UP-TO-DATE
> Task :vectors-db:spotlessJava
> Task :vectors-db:spotlessJavaCheck
> Task :vectors-db:spotlessCheck
> Task :vectors-db-arrow:spotlessJava UP-TO-DATE
> Task :vectors-db-arrow:spotlessJavaCheck UP-TO-DATE
> Task :vectors-db-arrow:spotlessCheck UP-TO-DATE
> Task :vectors-db-jackson:spotlessJava UP-TO-DATE
> Task :vectors-db-jackson:spotlessJavaCheck UP-TO-DATE
> Task :vectors-db-jackson:spotlessCheck UP-TO-DATE
> Task :vectors-distributed:spotlessJava UP-TO-DATE
> Task :vectors-distributed:spotlessJavaCheck UP-TO-DATE
> Task :vectors-distributed:spotlessCheck UP-TO-DATE
> Task :vectors-gpu:spotlessJava UP-TO-DATE
> Task :vectors-gpu:spotlessJavaCheck UP-TO-DATE
> Task :vectors-gpu:spotlessCheck UP-TO-DATE
> Task :vectors-hnsw:spotlessJava UP-TO-DATE
> Task :vectors-hnsw:spotlessJavaCheck UP-TO-DATE
> Task :vectors-hnsw:spotlessCheck UP-TO-DATE
> Task :vectors-hybrid:spotlessJava UP-TO-DATE
> Task :vectors-hybrid:spotlessJavaCheck UP-TO-DATE
> Task :vectors-hybrid:spotlessCheck UP-TO-DATE
> Task :vectors-ingest:spotlessJava UP-TO-DATE
> Task :vectors-ingest:spotlessJavaCheck UP-TO-DATE
> Task :vectors-ingest:spotlessCheck UP-TO-DATE
> Task :vectors-ivf:spotlessJava UP-TO-DATE
> Task :vectors-ivf:spotlessJavaCheck UP-TO-DATE
> Task :vectors-ivf:spotlessCheck UP-TO-DATE
> Task :vectors-jakarta-batch:spotlessJava UP-TO-DATE
> Task :vectors-jakarta-batch:spotlessJavaCheck UP-TO-DATE
> Task :vectors-jakarta-batch:spotlessCheck UP-TO-DATE
> Task :vectors-langchain4j:spotlessJava UP-TO-DATE
> Task :vectors-langchain4j:spotlessJavaCheck UP-TO-DATE
> Task :vectors-langchain4j:spotlessCheck UP-TO-DATE
> Task :vectors-optimizer:spotlessJava UP-TO-DATE
> Task :vectors-optimizer:spotlessJavaCheck UP-TO-DATE
> Task :vectors-optimizer:spotlessCheck UP-TO-DATE
> Task :vectors-quantization:spotlessJava UP-TO-DATE
> Task :vectors-quantization:spotlessJavaCheck UP-TO-DATE
> Task :vectors-quantization:spotlessCheck UP-TO-DATE
> Task :vectors-router:spotlessJava UP-TO-DATE
> Task :vectors-router:spotlessJavaCheck UP-TO-DATE
> Task :vectors-router:spotlessCheck UP-TO-DATE
> Task :vectors-server:spotlessJava UP-TO-DATE
> Task :vectors-server:spotlessJavaCheck UP-TO-DATE
> Task :vectors-server:spotlessCheck UP-TO-DATE
> Task :vectors-server-client:spotlessJava UP-TO-DATE
> Task :vectors-server-client:spotlessJavaCheck UP-TO-DATE
> Task :vectors-server-client:spotlessCheck UP-TO-DATE
> Task :vectors-spring-ai:spotlessJava UP-TO-DATE
> Task :vectors-spring-ai:spotlessJavaCheck UP-TO-DATE
> Task :vectors-spring-ai:spotlessCheck UP-TO-DATE
> Task :vectors-spring-batch:spotlessJava UP-TO-DATE
> Task :vectors-spring-batch:spotlessJavaCheck UP-TO-DATE
> Task :vectors-spring-batch:spotlessCheck UP-TO-DATE
> Task :vectors-spring-boot-starter:spotlessJava UP-TO-DATE
> Task :vectors-spring-boot-starter:spotlessJavaCheck UP-TO-DATE
> Task :vectors-spring-boot-starter:spotlessCheck UP-TO-DATE
> Task :vectors-storage:spotlessJava UP-TO-DATE
> Task :vectors-storage:spotlessJavaCheck UP-TO-DATE
> Task :vectors-storage:spotlessCheck UP-TO-DATE
> Task :vectors-storage-s3:spotlessJava UP-TO-DATE
> Task :vectors-storage-s3:spotlessJavaCheck UP-TO-DATE
> Task :vectors-storage-s3:spotlessCheck UP-TO-DATE
> Task :vectors-studio-core:spotlessJava UP-TO-DATE
> Task :vectors-studio-core:spotlessJavaCheck UP-TO-DATE
> Task :vectors-studio-core:spotlessCheck UP-TO-DATE
> Task :vectors-studio-distributed:spotlessJava UP-TO-DATE
> Task :vectors-studio-distributed:spotlessJavaCheck UP-TO-DATE
> Task :vectors-studio-distributed:spotlessCheck UP-TO-DATE
> Task :vectors-studio-sidecart:spotlessJava UP-TO-DATE
> Task :vectors-studio-sidecart:spotlessJavaCheck UP-TO-DATE
> Task :vectors-studio-sidecart:spotlessCheck UP-TO-DATE
> Task :vectors-studio-web:spotlessJava UP-TO-DATE
> Task :vectors-studio-web:spotlessJavaCheck UP-TO-DATE
> Task :vectors-studio-web:spotlessCheck UP-TO-DATE
> Task :vectors-text-h2:spotlessJava UP-TO-DATE
> Task :vectors-text-h2:spotlessJavaCheck UP-TO-DATE
> Task :vectors-text-h2:spotlessCheck UP-TO-DATE
> Task :vectors-vamana:spotlessJava UP-TO-DATE
> Task :vectors-vamana:spotlessJavaCheck UP-TO-DATE
> Task :vectors-vamana:spotlessCheck UP-TO-DATE
> Task :vectors-vcr-core:spotlessJava UP-TO-DATE
> Task :vectors-vcr-core:spotlessJavaCheck UP-TO-DATE
> Task :vectors-vcr-core:spotlessCheck UP-TO-DATE
> Task :vectors-vcr-junit5:spotlessJava UP-TO-DATE
> Task :vectors-vcr-junit5:spotlessJavaCheck UP-TO-DATE
> Task :vectors-vcr-junit5:spotlessCheck UP-TO-DATE
> Task :vectors-vcr-langchain4j:spotlessJava UP-TO-DATE
> Task :vectors-vcr-langchain4j:spotlessJavaCheck UP-TO-DATE
> Task :vectors-vcr-langchain4j:spotlessCheck UP-TO-DATE
> Task :vectors-vcr-semantic-db:spotlessJava UP-TO-DATE
> Task :vectors-vcr-semantic-db:spotlessJavaCheck UP-TO-DATE
> Task :vectors-vcr-semantic-db:spotlessCheck UP-TO-DATE
> Task :vectors-vcr-serde-avaje:spotlessJava UP-TO-DATE
> Task :vectors-vcr-serde-avaje:spotlessJavaCheck UP-TO-DATE
> Task :vectors-vcr-serde-avaje:spotlessCheck UP-TO-DATE
> Task :vectors-vcr-serde-jackson:spotlessJava UP-TO-DATE
> Task :vectors-vcr-serde-jackson:spotlessJavaCheck UP-TO-DATE
> Task :vectors-vcr-serde-jackson:spotlessCheck UP-TO-DATE
> Task :vectors-vcr-spring-ai:spotlessJava UP-TO-DATE
> Task :vectors-vcr-spring-ai:spotlessJavaCheck UP-TO-DATE
> Task :vectors-vcr-spring-ai:spotlessCheck UP-TO-DATE
> Task :vectors-vcr-testng:spotlessJava UP-TO-DATE
> Task :vectors-vcr-testng:spotlessJavaCheck UP-TO-DATE
> Task :vectors-vcr-testng:spotlessCheck UP-TO-DATE
> Task :demos:embedding-cache:spotlessJava UP-TO-DATE
> Task :demos:embedding-cache:spotlessJavaCheck UP-TO-DATE
> Task :demos:embedding-cache:spotlessCheck UP-TO-DATE
> Task :demos:langchain4j-rag:spotlessJava UP-TO-DATE
> Task :demos:langchain4j-rag:spotlessJavaCheck UP-TO-DATE
> Task :demos:langchain4j-rag:spotlessCheck UP-TO-DATE
> Task :demos:optimizer-tutorial:spotlessJava UP-TO-DATE
> Task :demos:optimizer-tutorial:spotlessJavaCheck UP-TO-DATE
> Task :demos:optimizer-tutorial:spotlessCheck UP-TO-DATE
> Task :demos:quickstart:spotlessJava UP-TO-DATE
> Task :demos:quickstart:spotlessJavaCheck UP-TO-DATE
> Task :demos:quickstart:spotlessCheck UP-TO-DATE
> Task :demos:rag-multimodal:spotlessJava UP-TO-DATE
> Task :demos:rag-multimodal:spotlessJavaCheck UP-TO-DATE
> Task :demos:rag-multimodal:spotlessCheck UP-TO-DATE
> Task :demos:rerank-after-retrieval:spotlessJava UP-TO-DATE
> Task :demos:rerank-after-retrieval:spotlessJavaCheck UP-TO-DATE
> Task :demos:rerank-after-retrieval:spotlessCheck UP-TO-DATE
> Task :demos:semantic-cache:spotlessJava UP-TO-DATE
> Task :demos:semantic-cache:spotlessJavaCheck UP-TO-DATE
> Task :demos:semantic-cache:spotlessCheck UP-TO-DATE
> Task :demos:server-client:spotlessJava UP-TO-DATE
> Task :demos:server-client:spotlessJavaCheck UP-TO-DATE
> Task :demos:server-client:spotlessCheck UP-TO-DATE
> Task :demos:spring-ai-rag:spotlessJava UP-TO-DATE
> Task :demos:spring-ai-rag:spotlessJavaCheck UP-TO-DATE
> Task :demos:spring-ai-rag:spotlessCheck UP-TO-DATE
> Task :demos:studio-r2-sidecart:spotlessJava UP-TO-DATE
> Task :demos:studio-r2-sidecart:spotlessJavaCheck UP-TO-DATE
> Task :demos:studio-r2-sidecart:spotlessCheck UP-TO-DATE
> Task :demos:vcr-e2e:spotlessJava UP-TO-DATE
> Task :demos:vcr-e2e:spotlessJavaCheck UP-TO-DATE
> Task :demos:vcr-e2e:spotlessCheck UP-TO-DATE
> Task :vectors-db:spotbugsMain

BUILD SUCCESSFUL in 15s
127 actionable tasks: 4 executed, 123 up-to-date
