WARNING: A restricted method in java.lang.System has been called
WARNING: java.lang.System::load has been called by net.rubygrapefruit.platform.internal.NativeLibraryLoader in an unnamed module (file:/Users/briansam-bodden/.gradle/wrapper/dists/gradle-9.4.1-all/eckclv9s5vi9exbmnyvpg2a3h/gradle-9.4.1/lib/native-platform-0.22-milestone-29.jar)
WARNING: Use --enable-native-access=ALL-UNNAMED to avoid a warning for callers in this module
WARNING: Restricted methods will be blocked in a future release unless native access is enabled

> Task :vectors-hnsw:processResources NO-SOURCE
> Task :vectors-db:processResources NO-SOURCE
> Task :vectors-gpu:processResources UP-TO-DATE
> Task :vectors-db:processTestResources NO-SOURCE
> Task :vectors-ivf:processResources NO-SOURCE
> Task :vectors-quantization:processResources NO-SOURCE
> Task :vectors-storage:processResources NO-SOURCE
> Task :vectors-vamana:processResources NO-SOURCE
> Task :vectors-core:compileJava UP-TO-DATE
> Task :vectors-core:processResources UP-TO-DATE
> Task :vectors-core:classes UP-TO-DATE
> Task :vectors-core:jar UP-TO-DATE
> Task :vectors-storage:compileJava UP-TO-DATE
> Task :vectors-storage:classes UP-TO-DATE
> Task :vectors-storage:jar UP-TO-DATE
> Task :vectors-quantization:compileJava UP-TO-DATE
> Task :vectors-gpu:compileJava UP-TO-DATE
> Task :vectors-gpu:classes UP-TO-DATE
> Task :vectors-gpu:jar UP-TO-DATE
> Task :vectors-quantization:classes UP-TO-DATE
> Task :vectors-quantization:jar UP-TO-DATE
> Task :vectors-hnsw:compileJava UP-TO-DATE
> Task :vectors-ivf:compileJava UP-TO-DATE
> Task :vectors-vamana:compileJava UP-TO-DATE
> Task :vectors-hnsw:classes UP-TO-DATE
> Task :vectors-ivf:classes UP-TO-DATE
> Task :vectors-vamana:classes UP-TO-DATE
> Task :vectors-vamana:jar UP-TO-DATE
> Task :vectors-hnsw:jar UP-TO-DATE
> Task :vectors-ivf:jar UP-TO-DATE
> Task :vectors-db:compileJava UP-TO-DATE
> Task :vectors-db:classes UP-TO-DATE
> Task :vectors-db:compileTestJava
> Task :vectors-db:testClasses

> Task :vectors-db:test
WARNING: Using incubator modules: jdk.incubator.vector
WARNING: Using incubator modules: jdk.incubator.vector
WARNING: Using incubator modules: jdk.incubator.vector

WriterGraphLifecycleTest > refreshReleasesGraphAndLocksBeforeTheNextAppend() FAILED
    org.opentest4j.AssertionFailedError: 
    expected: 
      null
     but was: 
      [java.util.concurrent.locks.ReentrantLock@6e685e6c[Unlocked],
          java.util.concurrent.locks.ReentrantLock@5b0902b4[Unlocked],
          java.util.concurrent.locks.ReentrantLock@9d3d54e[Unlocked],
          java.util.concurrent.locks.ReentrantLock@2f04993d[Unlocked],
          java.util.concurrent.locks.ReentrantLock@333398f[Unlocked],
          java.util.concurrent.locks.ReentrantLock@103c97ff[Unlocked],
          java.util.concurrent.locks.ReentrantLock@7d25913[Unlocked],
          java.util.concurrent.locks.ReentrantLock@c14e5a5[Unlocked],
          java.util.concurrent.locks.ReentrantLock@16f15ae9[Unlocked],
          java.util.concurrent.locks.ReentrantLock@6206b4a7[Unlocked],
          java.util.concurrent.locks.ReentrantLock@77896335[Unlocked],
          java.util.concurrent.locks.ReentrantLock@5c1b89ac[Unlocked],
          java.util.concurrent.locks.ReentrantLock@40a1b6d4[Unlocked],
          java.util.concurrent.locks.ReentrantLock@175581eb[Unlocked],
          java.util.concurrent.locks.ReentrantLock@2b79c8ff[Unlocked],
          java.util.concurrent.locks.ReentrantLock@2baf72d5[Unlocked],
          java.util.concurrent.locks.ReentrantLock@66756662[Unlocked],
          java.util.concurrent.locks.ReentrantLock@5d14e99e[Unlocked],
          java.util.concurrent.locks.ReentrantLock@38cfecf3[Unlocked],
          java.util.concurrent.locks.ReentrantLock@682618e5[Unlocked],
          java.util.concurrent.locks.ReentrantLock@25ad25f5[Unlocked],
          java.util.concurrent.locks.ReentrantLock@5f0f70c7[Unlocked],
          java.util.concurrent.locks.ReentrantLock@1860a7a1[Unlocked],
          java.util.concurrent.locks.ReentrantLock@40d96578[Unlocked],
          java.util.concurrent.locks.ReentrantLock@c97721b[Unlocked],
          java.util.concurrent.locks.ReentrantLock@283ab206[Unlocked],
          java.util.concurrent.locks.ReentrantLock@35fa450f[Unlocked],
          java.util.concurrent.locks.ReentrantLock@3e03046d[Unlocked],
          java.util.concurrent.locks.ReentrantLock@9b3be1c[Unlocked],
          java.util.concurrent.locks.ReentrantLock@74e497ae[Unlocked],
          java.util.concurrent.locks.ReentrantLock@13516600[Unlocked],
          java.util.concurrent.locks.ReentrantLock@35d7386b[Unlocked],
          java.util.concurrent.locks.ReentrantLock@21002393[Unlocked],
          java.util.concurrent.locks.ReentrantLock@718989fa[Unlocked],
          java.util.concurrent.locks.ReentrantLock@69f080ad[Unlocked],
          java.util.concurrent.locks.ReentrantLock@6568f998[Unlocked],
          java.util.concurrent.locks.ReentrantLock@45d4421d[Unlocked],
          java.util.concurrent.locks.ReentrantLock@782fd504[Unlocked],
          java.util.concurrent.locks.ReentrantLock@1537c744[Unlocked],
          java.util.concurrent.locks.ReentrantLock@37314843[Unlocked],
          java.util.concurrent.locks.ReentrantLock@50122012[Unlocked],
          java.util.concurrent.locks.ReentrantLock@569348e1[Unlocked],
          java.util.concurrent.locks.ReentrantLock@7db5b890[Unlocked],
          java.util.concurrent.locks.ReentrantLock@407b8435[Unlocked],
          java.util.concurrent.locks.ReentrantLock@1282e98[Unlocked],
          java.util.concurrent.locks.ReentrantLock@4db0ba1c[Unlocked],
          java.util.concurrent.locks.ReentrantLock@1d91fa02[Unlocked],
          java.util.concurrent.locks.ReentrantLock@1578fa9[Unlocked],
          java.util.concurrent.locks.ReentrantLock@414b2df5[Unlocked],
          java.util.concurrent.locks.ReentrantLock@9e30f9a[Unlocked],
          java.util.concurrent.locks.ReentrantLock@1b30a54e[Unlocked],
          java.util.concurrent.locks.ReentrantLock@26275b46[Unlocked],
          java.util.concurrent.locks.ReentrantLock@3e9beef2[Unlocked],
          java.util.concurrent.locks.ReentrantLock@2f15a964[Unlocked],
          java.util.concurrent.locks.ReentrantLock@3111631d[Unlocked],
          java.util.concurrent.locks.ReentrantLock@2d70f312[Unlocked],
          java.util.concurrent.locks.ReentrantLock@4c7d7430[Unlocked],
          java.util.concurrent.locks.ReentrantLock@4ea1aa52[Unlocked],
          java.util.concurrent.locks.ReentrantLock@74123110[Unlocked],
          java.util.concurrent.locks.ReentrantLock@5ed0b4e3[Unlocked],
          java.util.concurrent.locks.ReentrantLock@79ab97fd[Unlocked],
          java.util.concurrent.locks.ReentrantLock@3a9b41a0[Unlocked],
          java.util.concurrent.locks.ReentrantLock@5fe46d52[Unlocked],
          java.util.concurrent.locks.ReentrantLock@448ade1[Unlocked],
          java.util.concurrent.locks.ReentrantLock@21f9c6ea[Unlocked],
          java.util.concurrent.locks.ReentrantLock@418f0534[Unlocked],
          java.util.concurrent.locks.ReentrantLock@3dfd7eaa[Unlocked],
          java.util.concurrent.locks.ReentrantLock@7c9beb51[Unlocked],
          java.util.concurrent.locks.ReentrantLock@133aacbe[Unlocked],
          java.util.concurrent.locks.ReentrantLock@2aa5bd48[Unlocked],
          java.util.concurrent.locks.ReentrantLock@7cfb8e98[Unlocked],
          java.util.concurrent.locks.ReentrantLock@5f193335[Unlocked],
          java.util.concurrent.locks.ReentrantLock@19002b34[Unlocked],
          java.util.concurrent.locks.ReentrantLock@1ec88aa1[Unlocked],
          java.util.concurrent.locks.ReentrantLock@3e6748ae[Unlocked],
          java.util.concurrent.locks.ReentrantLock@28f154cc[Unlocked],
          java.util.concurrent.locks.ReentrantLock@3030836d[Unlocked],
          java.util.concurrent.locks.ReentrantLock@6af78a48[Unlocked],
          java.util.concurrent.locks.ReentrantLock@6ed18d80[Unlocked],
          java.util.concurrent.locks.ReentrantLock@4c24f3a2[Unlocked],
          java.util.concurrent.locks.ReentrantLock@783b3aa0[Unlocked],
          java.util.concurrent.locks.ReentrantLock@2ec85a25[Unlocked],
          java.util.concurrent.locks.ReentrantLock@4c176ff1[Unlocked],
          java.util.concurrent.locks.ReentrantLock@27c53c32[Unlocked],
          java.util.concurrent.locks.ReentrantLock@68aec50[Unlocked],
          java.util.concurrent.locks.ReentrantLock@6aff97d6[Unlocked],
          java.util.concurrent.locks.ReentrantLock@1d60059f[Unlocked],
          java.util.concurrent.locks.ReentrantLock@134a8ead[Unlocked],
          java.util.concurrent.locks.ReentrantLock@427308f8[Unlocked],
          java.util.concurrent.locks.ReentrantLock@54247647[Unlocked],
          java.util.concurrent.locks.ReentrantLock@4975dda1[Unlocked],
          java.util.concurrent.locks.ReentrantLock@e0d1dc4[Unlocked],
          java.util.concurrent.locks.ReentrantLock@5463f035[Unlocked],
          java.util.concurrent.locks.ReentrantLock@230232b0[Unlocked],
          java.util.concurrent.locks.ReentrantLock@44fd7ba4[Unlocked],
          java.util.concurrent.locks.ReentrantLock@22f8adc2[Unlocked],
          java.util.concurrent.locks.ReentrantLock@69d103f0[Unlocked],
          java.util.concurrent.locks.ReentrantLock@5b742bc8[Unlocked],
          java.util.concurrent.locks.ReentrantLock@74fb5b59[Unlocked],
          java.util.concurrent.locks.ReentrantLock@130a6eb9[Unlocked],
          java.util.concurrent.locks.ReentrantLock@722531ab[Unlocked],
          java.util.concurrent.locks.ReentrantLock@8f57e4c[Unlocked],
          java.util.concurrent.locks.ReentrantLock@26fadd98[Unlocked],
          java.util.concurrent.locks.ReentrantLock@66451058[Unlocked],
          java.util.concurrent.locks.ReentrantLock@3db6dd52[Unlocked],
          java.util.concurrent.locks.ReentrantLock@1e92c3b6[Unlocked],
          java.util.concurrent.locks.ReentrantLock@6ef4cbe1[Unlocked],
          java.util.concurrent.locks.ReentrantLock@207dd1b7[Unlocked],
          java.util.concurrent.locks.ReentrantLock@2baac4a7[Unlocked],
          java.util.concurrent.locks.ReentrantLock@23ad2d17[Unlocked],
          java.util.concurrent.locks.ReentrantLock@6bce4140[Unlocked],
          java.util.concurrent.locks.ReentrantLock@25f0c5e7[Unlocked],
          java.util.concurrent.locks.ReentrantLock@5882b202[Unlocked],
          java.util.concurrent.locks.ReentrantLock@120df990[Unlocked],
          java.util.concurrent.locks.ReentrantLock@b506ed0[Unlocked],
          java.util.concurrent.locks.ReentrantLock@282c4da0[Unlocked],
          java.util.concurrent.locks.ReentrantLock@65f3e805[Unlocked],
          java.util.concurrent.locks.ReentrantLock@18cf5c52[Unlocked],
          java.util.concurrent.locks.ReentrantLock@10618775[Unlocked],
          java.util.concurrent.locks.ReentrantLock@5aea8994[Unlocked],
          java.util.concurrent.locks.ReentrantLock@20a3e10c[Unlocked],
          java.util.concurrent.locks.ReentrantLock@426c0486[Unlocked],
          java.util.concurrent.locks.ReentrantLock@5e2a6991[Unlocked],
          java.util.concurrent.locks.ReentrantLock@5002fde9[Unlocked],
          java.util.concurrent.locks.ReentrantLock@6f96dd64[Unlocked],
          java.util.concurrent.locks.ReentrantLock@4d7cac24[Unlocked],
          java.util.concurrent.locks.ReentrantLock@409732fb[Unlocked],
          java.util.concurrent.locks.ReentrantLock@73d62b5[Unlocked],
          java.util.concurrent.locks.ReentrantLock@5e99e2cb[Unlocked],
          java.util.concurrent.locks.ReentrantLock@76ac68b0[Unlocked],
          java.util.concurrent.locks.ReentrantLock@f559c74[Unlocked],
          java.util.concurrent.locks.ReentrantLock@63917fe1[Unlocked],
          java.util.concurrent.locks.ReentrantLock@720f56e2[Unlocked],
          java.util.concurrent.locks.ReentrantLock@677349fb[Unlocked],
          java.util.concurrent.locks.ReentrantLock@4466cf5d[Unlocked],
          java.util.concurrent.locks.ReentrantLock@2c60ce47[Unlocked],
          java.util.concurrent.locks.ReentrantLock@2450256f[Unlocked],
          java.util.concurrent.locks.ReentrantLock@59918c8f[Unlocked],
          java.util.concurrent.locks.ReentrantLock@2b7facc7[Unlocked],
          java.util.concurrent.locks.ReentrantLock@1c74d19[Unlocked],
          java.util.concurrent.locks.ReentrantLock@24197b13[Unlocked],
          java.util.concurrent.locks.ReentrantLock@71b97eeb[Unlocked],
          java.util.concurrent.locks.ReentrantLock@2776fd8f[Unlocked],
          java.util.concurrent.locks.ReentrantLock@1c62c3fd[Unlocked],
          java.util.concurrent.locks.ReentrantLock@734ce281[Unlocked],
          java.util.concurrent.locks.ReentrantLock@49b89425[Unlocked],
          java.util.concurrent.locks.ReentrantLock@59328218[Unlocked],
          java.util.concurrent.locks.ReentrantLock@5345dfe8[Unlocked],
          java.util.concurrent.locks.ReentrantLock@478967eb[Unlocked],
          java.util.concurrent.locks.ReentrantLock@4a1dda83[Unlocked],
          java.util.concurrent.locks.ReentrantLock@7f2b39a[Unlocked],
          java.util.concurrent.locks.ReentrantLock@7a358613[Unlocked],
          java.util.concurrent.locks.ReentrantLock@760f1081[Unlocked],
          java.util.concurrent.locks.ReentrantLock@52621501[Unlocked],
          java.util.concurrent.locks.ReentrantLock@401e02b4[Unlocked],
          java.util.concurrent.locks.ReentrantLock@164d01ba[Unlocked],
          java.util.concurrent.locks.ReentrantLock@18c880ea[Unlocked],
          java.util.concurrent.locks.ReentrantLock@5ac044ef[Unlocked],
          java.util.concurrent.locks.ReentrantLock@6afbe6a1[Unlocked],
          java.util.concurrent.locks.ReentrantLock@14457a95[Unlocked],
          java.util.concurrent.locks.ReentrantLock@48567727[Unlocked],
          java.util.concurrent.locks.ReentrantLock@10e9a5fe[Unlocked],
          java.util.concurrent.locks.ReentrantLock@259287ac[Unlocked],
          java.util.concurrent.locks.ReentrantLock@1abcd059[Unlocked],
          java.util.concurrent.locks.ReentrantLock@61a87366[Unlocked],
          java.util.concurrent.locks.ReentrantLock@3c33fcf8[Unlocked],
          java.util.concurrent.locks.ReentrantLock@dada335[Unlocked],
          java.util.concurrent.locks.ReentrantLock@716f94c1[Unlocked],
          java.util.concurrent.locks.ReentrantLock@53feeac9[Unlocked],
          java.util.concurrent.locks.ReentrantLock@70091872[Unlocked],
          java.util.concurrent.locks.ReentrantLock@105db94d[Unlocked],
          java.util.concurrent.locks.ReentrantLock@1d99ee1b[Unlocked],
          java.util.concurrent.locks.ReentrantLock@3915e7c3[Unlocked],
          java.util.concurrent.locks.ReentrantLock@167a21b[Unlocked],
          java.util.concurrent.locks.ReentrantLock@7c0df4ab[Unlocked],
          java.util.concurrent.locks.ReentrantLock@2e362407[Unlocked],
          java.util.concurrent.locks.ReentrantLock@388be5fd[Unlocked],
          java.util.concurrent.locks.ReentrantLock@440ef8d[Unlocked],
          java.util.concurrent.locks.ReentrantLock@17fbfb02[Unlocked],
          java.util.concurrent.locks.ReentrantLock@8f2e3e6[Unlocked],
          java.util.concurrent.locks.ReentrantLock@6f315b08[Unlocked],
          java.util.concurrent.locks.ReentrantLock@6c8efde4[Unlocked],
          java.util.concurrent.locks.ReentrantLock@24e5389c[Unlocked],
          java.util.concurrent.locks.ReentrantLock@3b170235[Unlocked],
          java.util.concurrent.locks.ReentrantLock@5e9bf744[Unlocked],
          java.util.concurrent.locks.ReentrantLock@45e140ae[Unlocked],
          java.util.concurrent.locks.ReentrantLock@48cdb156[Unlocked],
          java.util.concurrent.locks.ReentrantLock@4b4814d0[Unlocked],
          java.util.concurrent.locks.ReentrantLock@4ae8fb2a[Unlocked],
          java.util.concurrent.locks.ReentrantLock@54326e9[Unlocked],
          java.util.concurrent.locks.ReentrantLock@20216016[Unlocked],
          java.util.concurrent.locks.ReentrantLock@2b441e56[Unlocked],
          java.util.concurrent.locks.ReentrantLock@267891bf[Unlocked],
          java.util.concurrent.locks.ReentrantLock@3a109ff7[Unlocked],
          java.util.concurrent.locks.ReentrantLock@111a7973[Unlocked],
          java.util.concurrent.locks.ReentrantLock@1a2773a8[Unlocked],
          java.util.concurrent.locks.ReentrantLock@78b0ec3a[Unlocked],
          java.util.concurrent.locks.ReentrantLock@46612bfc[Unlocked],
          java.util.concurrent.locks.ReentrantLock@4f213a2[Unlocked],
          java.util.concurrent.locks.ReentrantLock@25699aa7[Unlocked],
          java.util.concurrent.locks.ReentrantLock@5a47730c[Unlocked],
          java.util.concurrent.locks.ReentrantLock@15369d73[Unlocked],
          java.util.concurrent.locks.ReentrantLock@1cde374[Unlocked],
          java.util.concurrent.locks.ReentrantLock@6818fd48[Unlocked],
          java.util.concurrent.locks.ReentrantLock@9263c54[Unlocked],
          java.util.concurrent.locks.ReentrantLock@28daf506[Unlocked],
          java.util.concurrent.locks.ReentrantLock@4662752a[Unlocked],
          java.util.concurrent.locks.ReentrantLock@693f2213[Unlocked],
          java.util.concurrent.locks.ReentrantLock@514377fc[Unlocked],
          java.util.concurrent.locks.ReentrantLock@2e4eda17[Unlocked],
          java.util.concurrent.locks.ReentrantLock@7b5021d1[Unlocked],
          java.util.concurrent.locks.ReentrantLock@6befbb12[Unlocked],
          java.util.concurrent.locks.ReentrantLock@21d9cd04[Unlocked],
          java.util.concurrent.locks.ReentrantLock@799f354a[Unlocked],
          java.util.concurrent.locks.ReentrantLock@33bdd01[Unlocked],
          java.util.concurrent.locks.ReentrantLock@159ac15f[Unlocked],
          java.util.concurrent.locks.ReentrantLock@7ac48f05[Unlocked],
          java.util.concurrent.locks.ReentrantLock@7af1d072[Unlocked],
          java.util.concurrent.locks.ReentrantLock@27ffd9f8[Unlocked],
          java.util.concurrent.locks.ReentrantLock@642c6461[Unlocked],
          java.util.concurrent.locks.ReentrantLock@3ace6346[Unlocked],
          java.util.concurrent.locks.ReentrantLock@4e48462d[Unlocked],
          java.util.concurrent.locks.ReentrantLock@17216605[Unlocked],
          java.util.concurrent.locks.ReentrantLock@10a907ec[Unlocked],
          java.util.concurrent.locks.ReentrantLock@59b492ec[Unlocked],
          java.util.concurrent.locks.ReentrantLock@55c1ced9[Unlocked],
          java.util.concurrent.locks.ReentrantLock@49cc9b2a[Unlocked],
          java.util.concurrent.locks.ReentrantLock@11826398[Unlocked],
          java.util.concurrent.locks.ReentrantLock@6c5ca0b6[Unlocked],
          java.util.concurrent.locks.ReentrantLock@37b01ce2[Unlocked],
          java.util.concurrent.locks.ReentrantLock@1a88c4f5[Unlocked],
          java.util.concurrent.locks.ReentrantLock@1894fa9f[Unlocked],
          java.util.concurrent.locks.ReentrantLock@1144a02b[Unlocked],
          java.util.concurrent.locks.ReentrantLock@26a4f9ed[Unlocked],
          java.util.concurrent.locks.ReentrantLock@7a572ea0[Unlocked],
          java.util.concurrent.locks.ReentrantLock@45287377[Unlocked],
          java.util.concurrent.locks.ReentrantLock@7159d601[Unlocked],
          java.util.concurrent.locks.ReentrantLock@70b33256[Unlocked],
          java.util.concurrent.locks.ReentrantLock@33d230ce[Unlocked],
          java.util.concurrent.locks.ReentrantLock@35e74e08[Unlocked],
          java.util.concurrent.locks.ReentrantLock@a316f6b[Unlocked],
          java.util.concurrent.locks.ReentrantLock@63f9ddf9[Unlocked],
          java.util.concurrent.locks.ReentrantLock@410fc508[Unlocked],
          java.util.concurrent.locks.ReentrantLock@4e17442f[Unlocked],
          java.util.concurrent.locks.ReentrantLock@4f5c30b1[Unlocked],
          java.util.concurrent.locks.ReentrantLock@62e73ab6[Unlocked],
          java.util.concurrent.locks.ReentrantLock@5d7f8467[Unlocked],
          java.util.concurrent.locks.ReentrantLock@29bd85db[Unlocked],
          java.util.concurrent.locks.ReentrantLock@7caf1e5[Unlocked],
          java.util.concurrent.locks.ReentrantLock@5c234920[Unlocked],
          java.util.concurrent.locks.ReentrantLock@7ddeb27f[Unlocked],
          java.util.concurrent.locks.ReentrantLock@38087342[Unlocked],
          java.util.concurrent.locks.ReentrantLock@681de87f[Unlocked],
          java.util.concurrent.locks.ReentrantLock@2eb1c615[Unlocked],
          java.util.concurrent.locks.ReentrantLock@2674d4f6[Unlocked],
          java.util.concurrent.locks.ReentrantLock@5d9d2119[Unlocked],
          java.util.concurrent.locks.ReentrantLock@5a4464c5[Unlocked],
          java.util.concurrent.locks.ReentrantLock@7ae590f6[Unlocked],
          java.util.concurrent.locks.ReentrantLock@7ab63838[Unlocked],
          java.util.concurrent.locks.ReentrantLock@4e974b9e[Unlocked],
          java.util.concurrent.locks.ReentrantLock@370c7cc5[Unlocked],
          java.util.concurrent.locks.ReentrantLock@61b838f2[Unlocked],
          java.util.concurrent.locks.ReentrantLock@2a04ab05[Unlocked],
          java.util.concurrent.locks.ReentrantLock@5ebbde60[Unlocked],
          java.util.concurrent.locks.ReentrantLock@a056b26[Unlocked],
          java.util.concurrent.locks.ReentrantLock@2a5abd3c[Unlocked],
          java.util.concurrent.locks.ReentrantLock@250967f1[Unlocked],
          java.util.concurrent.locks.ReentrantLock@25c1f5ee[Unlocked],
          java.util.concurrent.locks.ReentrantLock@4bce62b[Unlocked],
          java.util.concurrent.locks.ReentrantLock@7bf018dd[Unlocked],
          java.util.concurrent.locks.ReentrantLock@15a8cebd[Unlocked],
          java.util.concurrent.locks.ReentrantLock@3f6c2763[Unlocked],
          java.util.concurrent.locks.ReentrantLock@5c82031b[Unlocked],
          java.util.concurrent.locks.ReentrantLock@274fdea6[Unlocked],
          java.util.concurrent.locks.ReentrantLock@74c121d4[Unlocked],
          java.util.concurrent.locks.ReentrantLock@2a484710[Unlocked],
          java.util.concurrent.locks.ReentrantLock@661e1399[Unlocked],
          java.util.concurrent.locks.ReentrantLock@3ffd4b12[Unlocked],
          java.util.concurrent.locks.ReentrantLock@424f02b8[Unlocked],
          java.util.concurrent.locks.ReentrantLock@2ad7bd26[Unlocked],
          java.util.concurrent.locks.ReentrantLock@3cc3f13e[Unlocked],
          java.util.concurrent.locks.ReentrantLock@69b3886f[Unlocked],
          java.util.concurrent.locks.ReentrantLock@53d30d23[Unlocked],
          java.util.concurrent.locks.ReentrantLock@44faa4f2[Unlocked],
          java.util.concurrent.locks.ReentrantLock@6793f752[Unlocked],
          java.util.concurrent.locks.ReentrantLock@1216eb3f[Unlocked],
          java.util.concurrent.locks.ReentrantLock@59e7564b[Unlocked],
          java.util.concurrent.locks.ReentrantLock@482ba4b1[Unlocked],
          java.util.concurrent.locks.ReentrantLock@307af381[Unlocked],
          java.util.concurrent.locks.ReentrantLock@1510b9a2[Unlocked],
          java.util.concurrent.locks.ReentrantLock@76a6f045[Unlocked],
          java.util.concurrent.locks.ReentrantLock@633ddc0c[Unlocked],
          java.util.concurrent.locks.ReentrantLock@4bcdd11[Unlocked],
          java.util.concurrent.locks.ReentrantLock@1471b98d[Unlocked],
          java.util.concurrent.locks.ReentrantLock@5514579e[Unlocked],
          java.util.concurrent.locks.ReentrantLock@58c42c8c[Unlocked],
          java.util.concurrent.locks.ReentrantLock@3af236d0[Unlocked],
          java.util.concurrent.locks.ReentrantLock@23564dd2[Unlocked],
          java.util.concurrent.locks.ReentrantLock@54895681[Unlocked],
          java.util.concurrent.locks.ReentrantLock@2dd0a0d0[Unlocked],
          java.util.concurrent.locks.ReentrantLock@6bf570c[Unlocked],
          java.util.concurrent.locks.ReentrantLock@1796b2d4[Unlocked],
          java.util.concurrent.locks.ReentrantLock@935d3f9[Unlocked],
          java.util.concurrent.locks.ReentrantLock@214b342f[Unlocked],
          java.util.concurrent.locks.ReentrantLock@5db0003d[Unlocked],
          java.util.concurrent.locks.ReentrantLock@7f12094d[Unlocked],
          java.util.concurrent.locks.ReentrantLock@589fb74d[Unlocked],
          java.util.concurrent.locks.ReentrantLock@200d1a3d[Unlocked],
          java.util.concurrent.locks.ReentrantLock@7de147e9[Unlocked],
          java.util.concurrent.locks.ReentrantLock@12567179[Unlocked],
          java.util.concurrent.locks.ReentrantLock@37d699a1[Unlocked],
          java.util.concurrent.locks.ReentrantLock@7f42b194[Unlocked],
          java.util.concurrent.locks.ReentrantLock@8eb6f9a[Unlocked],
          java.util.concurrent.locks.ReentrantLock@29170a47[Unlocked],
          java.util.concurrent.locks.ReentrantLock@2a8f8555[Unlocked],
          java.util.concurrent.locks.ReentrantLock@402b4f81[Unlocked],
          java.util.concurrent.locks.ReentrantLock@13ef7fa1[Unlocked],
          java.util.concurrent.locks.ReentrantLock@23b1aa9[Unlocked],
          java.util.concurrent.locks.ReentrantLock@54489296[Unlocked],
          java.util.concurrent.locks.ReentrantLock@4e8598d9[Unlocked],
          java.util.concurrent.locks.ReentrantLock@267ff4df[Unlocked],
          java.util.concurrent.locks.ReentrantLock@7c4b5ceb[Unlocked],
          java.util.concurrent.locks.ReentrantLock@6c07add6[Unlocked],
          java.util.concurrent.locks.ReentrantLock@e26a3df[Unlocked],
          java.util.concurrent.locks.ReentrantLock@57a667c8[Unlocked],
          java.util.concurrent.locks.ReentrantLock@712cd5d3[Unlocked],
          java.util.concurrent.locks.ReentrantLock@2094bf3d[Unlocked],
          java.util.concurrent.locks.ReentrantLock@1b17d8ab[Unlocked],
          java.util.concurrent.locks.ReentrantLock@7f6b7426[Unlocked],
          java.util.concurrent.locks.ReentrantLock@687eb455[Unlocked],
          java.util.concurrent.locks.ReentrantLock@6d969330[Unlocked],
          java.util.concurrent.locks.ReentrantLock@4861cca9[Unlocked],
          java.util.concurrent.locks.ReentrantLock@6c8f4bc7[Unlocked],
          java.util.concurrent.locks.ReentrantLock@714e861f[Unlocked],
          java.util.concurrent.locks.ReentrantLock@28989415[Unlocked],
          java.util.concurrent.locks.ReentrantLock@6eda012b[Unlocked],
          java.util.concurrent.locks.ReentrantLock@781dbe44[Unlocked],
          java.util.concurrent.locks.ReentrantLock@7d66a126[Unlocked],
          java.util.concurrent.locks.ReentrantLock@1132baa3[Unlocked],
          java.util.concurrent.locks.ReentrantLock@2fdf22f7[Unlocked],
          java.util.concurrent.locks.ReentrantLock@3a2546d6[Unlocked],
          java.util.concurrent.locks.ReentrantLock@7282af25[Unlocked],
          java.util.concurrent.locks.ReentrantLock@7661e474[Unlocked],
          java.util.concurrent.locks.ReentrantLock@20ffb8d5[Unlocked],
          java.util.concurrent.locks.ReentrantLock@307c59ea[Unlocked],
          java.util.concurrent.locks.ReentrantLock@57e03347[Unlocked],
          java.util.concurrent.locks.ReentrantLock@2edb2f8b[Unlocked],
          java.util.concurrent.locks.ReentrantLock@733f1395[Unlocked],
          java.util.concurrent.locks.ReentrantLock@21dea711[Unlocked],
          java.util.concurrent.locks.ReentrantLock@7772d266[Unlocked],
          java.util.concurrent.locks.ReentrantLock@a21c74[Unlocked],
          java.util.concurrent.locks.ReentrantLock@b8a144e[Unlocked],
          java.util.concurrent.locks.ReentrantLock@5fb8dc01[Unlocked],
          java.util.concurrent.locks.ReentrantLock@3e38c472[Unlocked],
          java.util.concurrent.locks.ReentrantLock@2ee92e7d[Unlocked],
          java.util.concurrent.locks.ReentrantLock@759a678a[Unlocked],
          java.util.concurrent.locks.ReentrantLock@6cdbe5ec[Unlocked],
          java.util.concurrent.locks.ReentrantLock@14b8a751[Unlocked],
          java.util.concurrent.locks.ReentrantLock@7345f97d[Unlocked],
          java.util.concurrent.locks.ReentrantLock@554566a8[Unlocked],
          java.util.concurrent.locks.ReentrantLock@66020d69[Unlocked],
          java.util.concurrent.locks.ReentrantLock@3751acd7[Unlocked],
          java.util.concurrent.locks.ReentrantLock@6b832551[Unlocked],
          java.util.concurrent.locks.ReentrantLock@150d6eaf[Unlocked],
          java.util.concurrent.locks.ReentrantLock@63124022[Unlocked],
          java.util.concurrent.locks.ReentrantLock@591f6f83[Unlocked],
          java.util.concurrent.locks.ReentrantLock@2b44605c[Unlocked],
          java.util.concurrent.locks.ReentrantLock@55421b8d[Unlocked],
          java.util.concurrent.locks.ReentrantLock@24a04257[Unlocked],
          java.util.concurrent.locks.ReentrantLock@6615237[Unlocked],
          java.util.concurrent.locks.ReentrantLock@eaf8427[Unlocked],
          java.util.concurrent.locks.ReentrantLock@4bf4680c[Unlocked],
          java.util.concurrent.locks.ReentrantLock@6d6039df[Unlocked],
          java.util.concurrent.locks.ReentrantLock@611c3eae[Unlocked],
          java.util.concurrent.locks.ReentrantLock@13e00016[Unlocked],
          java.util.concurrent.locks.ReentrantLock@7b3cbe6e[Unlocked],
          java.util.concurrent.locks.ReentrantLock@177ede17[Unlocked],
          java.util.concurrent.locks.ReentrantLock@17176b18[Unlocked],
          java.util.concurrent.locks.ReentrantLock@4e4395c[Unlocked],
          java.util.concurrent.locks.ReentrantLock@1ab53860[Unlocked],
          java.util.concurrent.locks.ReentrantLock@7b5ac347[Unlocked],
          java.util.concurrent.locks.ReentrantLock@57b9389f[Unlocked],
          java.util.concurrent.locks.ReentrantLock@72b2c5ed[Unlocked],
          java.util.concurrent.locks.ReentrantLock@41f785e3[Unlocked],
          java.util.concurrent.locks.ReentrantLock@6c9a3661[Unlocked],
          java.util.concurrent.locks.ReentrantLock@727986ad[Unlocked],
          java.util.concurrent.locks.ReentrantLock@1600a8a2[Unlocked],
          java.util.concurrent.locks.ReentrantLock@6b25ef1c[Unlocked],
          java.util.concurrent.locks.ReentrantLock@56b1e527[Unlocked],
          java.util.concurrent.locks.ReentrantLock@68c34db2[Unlocked],
          java.util.concurrent.locks.ReentrantLock@7b95bdb0[Unlocked],
          java.util.concurrent.locks.ReentrantLock@3f0ce0d1[Unlocked],
          java.util.concurrent.locks.ReentrantLock@664db2ca[Unlocked],
          java.util.concurrent.locks.ReentrantLock@1491cd6c[Unlocked],
          java.util.concurrent.locks.ReentrantLock@423f8a73[Unlocked],
          java.util.concurrent.locks.ReentrantLock@1aedf08d[Unlocked],
          java.util.concurrent.locks.ReentrantLock@113dcaf8[Unlocked],
          java.util.concurrent.locks.ReentrantLock@b5d9f1e[Unlocked],
          java.util.concurrent.locks.ReentrantLock@350ff014[Unlocked],
          java.util.concurrent.locks.ReentrantLock@401317a0[Unlocked],
          java.util.concurrent.locks.ReentrantLock@3f866f50[Unlocked],
          java.util.concurrent.locks.ReentrantLock@5844a2d1[Unlocked],
          java.util.concurrent.locks.ReentrantLock@1201769d[Unlocked],
          java.util.concurrent.locks.ReentrantLock@4af7dd6a[Unlocked],
          java.util.concurrent.locks.ReentrantLock@4607d78b[Unlocked],
          java.util.concurrent.locks.ReentrantLock@3b28b7b0[Unlocked],
          java.util.concurrent.locks.ReentrantLock@22048bd6[Unlocked],
          java.util.concurrent.locks.ReentrantLock@566c1e71[Unlocked],
          java.util.concurrent.locks.ReentrantLock@2e2f20b8[Unlocked],
          java.util.concurrent.locks.ReentrantLock@504497fa[Unlocked],
          java.util.concurrent.locks.ReentrantLock@5618fc1f[Unlocked],
          java.util.concurrent.locks.ReentrantLock@60b1ff3b[Unlocked],
          java.util.concurrent.locks.ReentrantLock@374c3975[Unlocked],
          java.util.concurrent.locks.ReentrantLock@43c39321[Unlocked],
          java.util.concurrent.locks.ReentrantLock@52aa7742[Unlocked],
          java.util.concurrent.locks.ReentrantLock@3d0d120b[Unlocked],
          java.util.concurrent.locks.ReentrantLock@6b5c134e[Unlocked],
          java.util.concurrent.locks.ReentrantLock@34d9df9f[Unlocked],
          java.util.concurrent.locks.ReentrantLock@35c8be21[Unlocked],
          java.util.concurrent.locks.ReentrantLock@60807fd9[Unlocked],
          java.util.concurrent.locks.ReentrantLock@6bcdd6e4[Unlocked],
          java.util.concurrent.locks.ReentrantLock@1192c925[Unlocked],
          java.util.concurrent.locks.ReentrantLock@615b5480[Unlocked],
          java.util.concurrent.locks.ReentrantLock@24691c5[Unlocked],
          java.util.concurrent.locks.ReentrantLock@7b91d9f[Unlocked],
          java.util.concurrent.locks.ReentrantLock@6537ac[Unlocked],
          java.util.concurrent.locks.ReentrantLock@3b218c74[Unlocked],
          java.util.concurrent.locks.ReentrantLock@ddffa6c[Unlocked],
          java.util.concurrent.locks.ReentrantLock@42c54bad[Unlocked],
          java.util.concurrent.locks.ReentrantLock@6bb4cc0e[Unlocked],
          java.util.concurrent.locks.ReentrantLock@5cc1bf20[Unlocked],
          java.util.concurrent.locks.ReentrantLock@2e3f324e[Unlocked],
          java.util.concurrent.locks.ReentrantLock@46cf8c07[Unlocked],
          java.util.concurrent.locks.ReentrantLock@b56ec6c[Unlocked],
          java.util.concurrent.locks.ReentrantLock@5abf6a99[Unlocked],
          java.util.concurrent.locks.ReentrantLock@dc59ec2[Unlocked],
          java.util.concurrent.locks.ReentrantLock@375084c9[Unlocked],
          java.util.concurrent.locks.ReentrantLock@bd93bc3[Unlocked],
          java.util.concurrent.locks.ReentrantLock@2a136383[Unlocked],
          java.util.concurrent.locks.ReentrantLock@b01cb8d[Unlocked],
          java.util.concurrent.locks.ReentrantLock@38c460e8[Unlocked],
          java.util.concurrent.locks.ReentrantLock@7a814310[Unlocked],
          java.util.concurrent.locks.ReentrantLock@4bbf38b8[Unlocked],
          java.util.concurrent.locks.ReentrantLock@4e67cfe1[Unlocked],
          java.util.concurrent.locks.ReentrantLock@55bf35e5[Unlocked],
          java.util.concurrent.locks.ReentrantLock@25567581[Unlocked],
          java.util.concurrent.locks.ReentrantLock@179ee36b[Unlocked],
          java.util.concurrent.locks.ReentrantLock@67763ebe[Unlocked],
          java.util.concurrent.locks.ReentrantLock@4b4a2fa8[Unlocked],
          java.util.concurrent.locks.ReentrantLock@5da6b13d[Unlocked],
          java.util.concurrent.locks.ReentrantLock@3dc39459[Unlocked],
          java.util.concurrent.locks.ReentrantLock@6b16de91[Unlocked],
          java.util.concurrent.locks.ReentrantLock@71bb8b34[Unlocked],
          java.util.concurrent.locks.ReentrantLock@197ce367[Unlocked],
          java.util.concurrent.locks.ReentrantLock@383cdd4d[Unlocked],
          java.util.concurrent.locks.ReentrantLock@65036e8d[Unlocked],
          java.util.concurrent.locks.ReentrantLock@48ccbb32[Unlocked],
          java.util.concurrent.locks.ReentrantLock@36551e97[Unlocked],
          java.util.concurrent.locks.ReentrantLock@685d7ba5[Unlocked],
          java.util.concurrent.locks.ReentrantLock@16d41725[Unlocked],
          java.util.concurrent.locks.ReentrantLock@3b6c2be6[Unlocked],
          java.util.concurrent.locks.ReentrantLock@25533bba[Unlocked],
          java.util.concurrent.locks.ReentrantLock@26d0ece6[Unlocked],
          java.util.concurrent.locks.ReentrantLock@100bba26[Unlocked],
          java.util.concurrent.locks.ReentrantLock@4ae280da[Unlocked],
          java.util.concurrent.locks.ReentrantLock@76d0ecd7[Unlocked],
          java.util.concurrent.locks.ReentrantLock@57c69937[Unlocked],
          java.util.concurrent.locks.ReentrantLock@1ad1c363[Unlocked],
          java.util.concurrent.locks.ReentrantLock@446b64b3[Unlocked],
          java.util.concurrent.locks.ReentrantLock@35ac9ebd[Unlocked],
          java.util.concurrent.locks.ReentrantLock@56c0a61e[Unlocked],
          java.util.concurrent.locks.ReentrantLock@421ead7e[Unlocked],
          java.util.concurrent.locks.ReentrantLock@5dcf0772[Unlocked],
          java.util.concurrent.locks.ReentrantLock@c472300[Unlocked],
          java.util.concurrent.locks.ReentrantLock@5f6494c0[Unlocked],
          java.util.concurrent.locks.ReentrantLock@6826b70f[Unlocked],
          java.util.concurrent.locks.ReentrantLock@4df7d9ee[Unlocked],
          java.util.concurrent.locks.ReentrantLock@781dac73[Unlocked],
          java.util.concurrent.locks.ReentrantLock@3a4e524[Unlocked],
          java.util.concurrent.locks.ReentrantLock@5e67a490[Unlocked],
          java.util.concurrent.locks.ReentrantLock@2dac2e1b[Unlocked],
          java.util.concurrent.locks.ReentrantLock@38c761e9[Unlocked],
          java.util.concurrent.locks.ReentrantLock@1cee2e10[Unlocked],
          java.util.concurrent.locks.ReentrantLock@7f4e5a39[Unlocked],
          java.util.concurrent.locks.ReentrantLock@33de7f3d[Unlocked],
          java.util.concurrent.locks.ReentrantLock@30159886[Unlocked],
          java.util.concurrent.locks.ReentrantLock@5d66ae3a[Unlocked],
          java.util.concurrent.locks.ReentrantLock@50f4b83d[Unlocked],
          java.util.concurrent.locks.ReentrantLock@10131289[Unlocked],
          java.util.concurrent.locks.ReentrantLock@c5e69a5[Unlocked],
          java.util.concurrent.locks.ReentrantLock@64a1116a[Unlocked],
          java.util.concurrent.locks.ReentrantLock@11e17893[Unlocked],
          java.util.concurrent.locks.ReentrantLock@19eea77c[Unlocked],
          java.util.concurrent.locks.ReentrantLock@6682e6a5[Unlocked],
          java.util.concurrent.locks.ReentrantLock@ac4915e[Unlocked],
          java.util.concurrent.locks.ReentrantLock@10fb4575[Unlocked],
          java.util.concurrent.locks.ReentrantLock@7cc2c551[Unlocked],
          java.util.concurrent.locks.ReentrantLock@d84b3a2[Unlocked],
          java.util.concurrent.locks.ReentrantLock@23648d2d[Unlocked],
          java.util.concurrent.locks.ReentrantLock@69feb4d9[Unlocked],
          ...
          java.util.concurrent.locks.ReentrantLock@37c1cfa[Unlocked],
          java.util.concurrent.locks.ReentrantLock@2bcda694[Unlocked],
          java.util.concurrent.locks.ReentrantLock@2cc75b25[Unlocked],
          java.util.concurrent.locks.ReentrantLock@30036a18[Unlocked],
          java.util.concurrent.locks.ReentrantLock@537b3b2e[Unlocked],
          java.util.concurrent.locks.ReentrantLock@1544ded3[Unlocked],
          java.util.concurrent.locks.ReentrantLock@3ccb12d[Unlocked],
          java.util.concurrent.locks.ReentrantLock@28b458e6[Unlocked],
          java.util.concurrent.locks.ReentrantLock@221ca495[Unlocked],
          java.util.concurrent.locks.ReentrantLock@119d4443[Unlocked],
          java.util.concurrent.locks.ReentrantLock@773eca84[Unlocked],
          java.util.concurrent.locks.ReentrantLock@7d47dfed[Unlocked],
          java.util.concurrent.locks.ReentrantLock@3a38e4dc[Unlocked],
          java.util.concurrent.locks.ReentrantLock@41fc0084[Unlocked],
          java.util.concurrent.locks.ReentrantLock@401788d5[Unlocked],
          java.util.concurrent.locks.ReentrantLock@3ec9f8d[Unlocked],
          java.util.concurrent.locks.ReentrantLock@7e0f9528[Unlocked],
          java.util.concurrent.locks.ReentrantLock@5f56424d[Unlocked],
          java.util.concurrent.locks.ReentrantLock@237b2852[Unlocked],
          java.util.concurrent.locks.ReentrantLock@448cdb47[Unlocked],
          java.util.concurrent.locks.ReentrantLock@4628a02b[Unlocked],
          java.util.concurrent.locks.ReentrantLock@2b01c689[Unlocked],
          java.util.concurrent.locks.ReentrantLock@51424203[Unlocked],
          java.util.concurrent.locks.ReentrantLock@7336fd8f[Unlocked],
          java.util.concurrent.locks.ReentrantLock@701c223a[Unlocked],
          java.util.concurrent.locks.ReentrantLock@550c973e[Unlocked],
          java.util.concurrent.locks.ReentrantLock@161d95c6[Unlocked],
          java.util.concurrent.locks.ReentrantLock@5203c80f[Unlocked],
          java.util.concurrent.locks.ReentrantLock@439f2d87[Unlocked],
          java.util.concurrent.locks.ReentrantLock@721bf7ad[Unlocked],
          java.util.concurrent.locks.ReentrantLock@852ef8d[Unlocked],
          java.util.concurrent.locks.ReentrantLock@44dd0d38[Unlocked],
          java.util.concurrent.locks.ReentrantLock@7e94e331[Unlocked],
          java.util.concurrent.locks.ReentrantLock@539fc5d1[Unlocked],
          java.util.concurrent.locks.ReentrantLock@4cae66a8[Unlocked],
          java.util.concurrent.locks.ReentrantLock@60b616c8[Unlocked],
          java.util.concurrent.locks.ReentrantLock@3962ec84[Unlocked],
          java.util.concurrent.locks.ReentrantLock@147e0734[Unlocked],
          java.util.concurrent.locks.ReentrantLock@2bdab835[Unlocked],
          java.util.concurrent.locks.ReentrantLock@7b8aebd0[Unlocked],
          java.util.concurrent.locks.ReentrantLock@55222ee9[Unlocked],
          java.util.concurrent.locks.ReentrantLock@3181d4de[Unlocked],
          java.util.concurrent.locks.ReentrantLock@4f64d9cb[Unlocked],
          java.util.concurrent.locks.ReentrantLock@639c7f9c[Unlocked],
          java.util.concurrent.locks.ReentrantLock@270d5060[Unlocked],
          java.util.concurrent.locks.ReentrantLock@1815577b[Unlocked],
          java.util.concurrent.locks.ReentrantLock@71567f33[Unlocked],
          java.util.concurrent.locks.ReentrantLock@71369e1a[Unlocked],
          java.util.concurrent.locks.ReentrantLock@3cf55e0c[Unlocked],
          java.util.concurrent.locks.ReentrantLock@ee96866[Unlocked],
          java.util.concurrent.locks.ReentrantLock@4c04216f[Unlocked],
          java.util.concurrent.locks.ReentrantLock@987a0bb[Unlocked],
          java.util.concurrent.locks.ReentrantLock@1f949ab9[Unlocked],
          java.util.concurrent.locks.ReentrantLock@5a7b6b75[Unlocked],
          java.util.concurrent.locks.ReentrantLock@3719360c[Unlocked],
          java.util.concurrent.locks.ReentrantLock@3afca2c[Unlocked],
          java.util.concurrent.locks.ReentrantLock@3855d9b2[Unlocked],
          java.util.concurrent.locks.ReentrantLock@39f42d0e[Unlocked],
          java.util.concurrent.locks.ReentrantLock@47a3d56a[Unlocked],
          java.util.concurrent.locks.ReentrantLock@3a209918[Unlocked],
          java.util.concurrent.locks.ReentrantLock@2cae5fa7[Unlocked],
          java.util.concurrent.locks.ReentrantLock@34aa8b61[Unlocked],
          java.util.concurrent.locks.ReentrantLock@6d7b001b[Unlocked],
          java.util.concurrent.locks.ReentrantLock@532dacf5[Unlocked],
          java.util.concurrent.locks.ReentrantLock@da09250[Unlocked],
          java.util.concurrent.locks.ReentrantLock@6d31f106[Unlocked],
          java.util.concurrent.locks.ReentrantLock@587f4f63[Unlocked],
          java.util.concurrent.locks.ReentrantLock@660b1a9d[Unlocked],
          java.util.concurrent.locks.ReentrantLock@6fb0261e[Unlocked],
          java.util.concurrent.locks.ReentrantLock@d6b532f[Unlocked],
          java.util.concurrent.locks.ReentrantLock@2f4d01b6[Unlocked],
          java.util.concurrent.locks.ReentrantLock@112c2930[Unlocked],
          java.util.concurrent.locks.ReentrantLock@7f426ddd[Unlocked],
          java.util.concurrent.locks.ReentrantLock@28e7bb31[Unlocked],
          java.util.concurrent.locks.ReentrantLock@6fe04f2a[Unlocked],
          java.util.concurrent.locks.ReentrantLock@1f758e4f[Unlocked],
          java.util.concurrent.locks.ReentrantLock@733534f9[Unlocked],
          java.util.concurrent.locks.ReentrantLock@661e279d[Unlocked],
          java.util.concurrent.locks.ReentrantLock@beabd6b[Unlocked],
          java.util.concurrent.locks.ReentrantLock@38de5daf[Unlocked],
          java.util.concurrent.locks.ReentrantLock@621624b1[Unlocked],
          java.util.concurrent.locks.ReentrantLock@7523d5a1[Unlocked],
          java.util.concurrent.locks.ReentrantLock@2bfc2f8b[Unlocked],
          java.util.concurrent.locks.ReentrantLock@61853c7e[Unlocked],
          java.util.concurrent.locks.ReentrantLock@32e5af53[Unlocked],
          java.util.concurrent.locks.ReentrantLock@5980fa73[Unlocked],
          java.util.concurrent.locks.ReentrantLock@13ca16bf[Unlocked],
          java.util.concurrent.locks.ReentrantLock@5be4be74[Unlocked],
          java.util.concurrent.locks.ReentrantLock@44641d6c[Unlocked],
          java.util.concurrent.locks.ReentrantLock@1ae924f1[Unlocked],
          java.util.concurrent.locks.ReentrantLock@59d5a6fd[Unlocked],
          java.util.concurrent.locks.ReentrantLock@27bcb4ad[Unlocked],
          java.util.concurrent.locks.ReentrantLock@4357524b[Unlocked],
          java.util.concurrent.locks.ReentrantLock@104a287c[Unlocked],
          java.util.concurrent.locks.ReentrantLock@64dc86c6[Unlocked],
          java.util.concurrent.locks.ReentrantLock@26874f2c[Unlocked],
          java.util.concurrent.locks.ReentrantLock@5f3b84bd[Unlocked],
          java.util.concurrent.locks.ReentrantLock@1e734eee[Unlocked],
          java.util.concurrent.locks.ReentrantLock@1e191150[Unlocked],
          java.util.concurrent.locks.ReentrantLock@2fbd390[Unlocked],
          java.util.concurrent.locks.ReentrantLock@166b11e[Unlocked],
          java.util.concurrent.locks.ReentrantLock@5e68be2[Unlocked],
          java.util.concurrent.locks.ReentrantLock@5323999f[Unlocked],
          java.util.concurrent.locks.ReentrantLock@f18b738[Unlocked],
          java.util.concurrent.locks.ReentrantLock@3bc20984[Unlocked],
          java.util.concurrent.locks.ReentrantLock@aca3c85[Unlocked],
          java.util.concurrent.locks.ReentrantLock@45eab322[Unlocked],
          java.util.concurrent.locks.ReentrantLock@f017dd0[Unlocked],
          java.util.concurrent.locks.ReentrantLock@2424cb9d[Unlocked],
          java.util.concurrent.locks.ReentrantLock@7f51f588[Unlocked],
          java.util.concurrent.locks.ReentrantLock@6fb22ae3[Unlocked],
          java.util.concurrent.locks.ReentrantLock@6bd92538[Unlocked],
          java.util.concurrent.locks.ReentrantLock@69a373fd[Unlocked],
          java.util.concurrent.locks.ReentrantLock@19ae36f4[Unlocked],
          java.util.concurrent.locks.ReentrantLock@6735f210[Unlocked],
          java.util.concurrent.locks.ReentrantLock@4567fb2b[Unlocked],
          java.util.concurrent.locks.ReentrantLock@372954e1[Unlocked],
          java.util.concurrent.locks.ReentrantLock@5fd8dd66[Unlocked],
          java.util.concurrent.locks.ReentrantLock@173511ff[Unlocked],
          java.util.concurrent.locks.ReentrantLock@6df11e91[Unlocked],
          java.util.concurrent.locks.ReentrantLock@1002d192[Unlocked],
          java.util.concurrent.locks.ReentrantLock@9281d19[Unlocked],
          java.util.concurrent.locks.ReentrantLock@36ad5f2a[Unlocked],
          java.util.concurrent.locks.ReentrantLock@53cddaf8[Unlocked],
          java.util.concurrent.locks.ReentrantLock@55c50f52[Unlocked],
          java.util.concurrent.locks.ReentrantLock@1ccc1026[Unlocked],
          java.util.concurrent.locks.ReentrantLock@4044589a[Unlocked],
          java.util.concurrent.locks.ReentrantLock@7de35070[Unlocked],
          java.util.concurrent.locks.ReentrantLock@216f01[Unlocked],
          java.util.concurrent.locks.ReentrantLock@7c901203[Unlocked],
          java.util.concurrent.locks.ReentrantLock@1e721583[Unlocked],
          java.util.concurrent.locks.ReentrantLock@79f5a6ed[Unlocked],
          java.util.concurrent.locks.ReentrantLock@722787b5[Unlocked],
          java.util.concurrent.locks.ReentrantLock@edb83f8[Unlocked],
          java.util.concurrent.locks.ReentrantLock@8b41ad[Unlocked],
          java.util.concurrent.locks.ReentrantLock@541d4d9f[Unlocked],
          java.util.concurrent.locks.ReentrantLock@1a497286[Unlocked],
          java.util.concurrent.locks.ReentrantLock@48dff674[Unlocked],
          java.util.concurrent.locks.ReentrantLock@120350eb[Unlocked],
          java.util.concurrent.locks.ReentrantLock@2ccc9681[Unlocked],
          java.util.concurrent.locks.ReentrantLock@7d401cdc[Unlocked],
          java.util.concurrent.locks.ReentrantLock@4a9b3956[Unlocked],
          java.util.concurrent.locks.ReentrantLock@4217bce6[Unlocked],
          java.util.concurrent.locks.ReentrantLock@aa752bb[Unlocked],
          java.util.concurrent.locks.ReentrantLock@77fc19cf[Unlocked],
          java.util.concurrent.locks.ReentrantLock@643ecfef[Unlocked],
          java.util.concurrent.locks.ReentrantLock@1b31af02[Unlocked],
          java.util.concurrent.locks.ReentrantLock@2bb31455[Unlocked],
          java.util.concurrent.locks.ReentrantLock@3c16528d[Unlocked],
          java.util.concurrent.locks.ReentrantLock@2e45a357[Unlocked],
          java.util.concurrent.locks.ReentrantLock@389a5022[Unlocked],
          java.util.concurrent.locks.ReentrantLock@bb8ead8[Unlocked],
          java.util.concurrent.locks.ReentrantLock@5b44318[Unlocked],
          java.util.concurrent.locks.ReentrantLock@6e807e2[Unlocked],
          java.util.concurrent.locks.ReentrantLock@6c995c5d[Unlocked],
          java.util.concurrent.locks.ReentrantLock@203b953c[Unlocked],
          java.util.concurrent.locks.ReentrantLock@730bea0[Unlocked],
          java.util.concurrent.locks.ReentrantLock@41a16eb3[Unlocked],
          java.util.concurrent.locks.ReentrantLock@677cb96e[Unlocked],
          java.util.concurrent.locks.ReentrantLock@1b1252c8[Unlocked],
          java.util.concurrent.locks.ReentrantLock@19d53ab4[Unlocked],
          java.util.concurrent.locks.ReentrantLock@53cb0bcb[Unlocked],
          java.util.concurrent.locks.ReentrantLock@51fe7f15[Unlocked],
          java.util.concurrent.locks.ReentrantLock@5873f3f0[Unlocked],
          java.util.concurrent.locks.ReentrantLock@684372d0[Unlocked],
          java.util.concurrent.locks.ReentrantLock@63dda940[Unlocked],
          java.util.concurrent.locks.ReentrantLock@41f964f9[Unlocked],
          java.util.concurrent.locks.ReentrantLock@652e345[Unlocked],
          java.util.concurrent.locks.ReentrantLock@7574d4ad[Unlocked],
          java.util.concurrent.locks.ReentrantLock@7bede4ea[Unlocked],
          java.util.concurrent.locks.ReentrantLock@713999c2[Unlocked],
          java.util.concurrent.locks.ReentrantLock@6060146b[Unlocked],
          java.util.concurrent.locks.ReentrantLock@33627576[Unlocked],
          java.util.concurrent.locks.ReentrantLock@27bc1d44[Unlocked],
          java.util.concurrent.locks.ReentrantLock@1af677f8[Unlocked],
          java.util.concurrent.locks.ReentrantLock@7a55fb81[Unlocked],
          java.util.concurrent.locks.ReentrantLock@5a3cf878[Unlocked],
          java.util.concurrent.locks.ReentrantLock@1d2d8846[Unlocked],
          java.util.concurrent.locks.ReentrantLock@34cd65ac[Unlocked],
          java.util.concurrent.locks.ReentrantLock@61911947[Unlocked],
          java.util.concurrent.locks.ReentrantLock@5c53c235[Unlocked],
          java.util.concurrent.locks.ReentrantLock@2dcd0e41[Unlocked],
          java.util.concurrent.locks.ReentrantLock@7272ee51[Unlocked],
          java.util.concurrent.locks.ReentrantLock@1b409a79[Unlocked],
          java.util.concurrent.locks.ReentrantLock@5940b14e[Unlocked],
          java.util.concurrent.locks.ReentrantLock@1cba0321[Unlocked],
          java.util.concurrent.locks.ReentrantLock@795f6681[Unlocked],
          java.util.concurrent.locks.ReentrantLock@66d3b881[Unlocked],
          java.util.concurrent.locks.ReentrantLock@3a45afd4[Unlocked],
          java.util.concurrent.locks.ReentrantLock@762a10b6[Unlocked],
          java.util.concurrent.locks.ReentrantLock@74431b9c[Unlocked],
          java.util.concurrent.locks.ReentrantLock@f2fb225[Unlocked],
          java.util.concurrent.locks.ReentrantLock@1883871b[Unlocked],
          java.util.concurrent.locks.ReentrantLock@3e0a9b1d[Unlocked],
          java.util.concurrent.locks.ReentrantLock@52f9e8bb[Unlocked],
          java.util.concurrent.locks.ReentrantLock@2035d65b[Unlocked],
          java.util.concurrent.locks.ReentrantLock@240a2619[Unlocked],
          java.util.concurrent.locks.ReentrantLock@4e3283f6[Unlocked],
          java.util.concurrent.locks.ReentrantLock@539316bb[Unlocked],
          java.util.concurrent.locks.ReentrantLock@5d1a859c[Unlocked],
          java.util.concurrent.locks.ReentrantLock@28554ac8[Unlocked],
          java.util.concurrent.locks.ReentrantLock@72224107[Unlocked],
          java.util.concurrent.locks.ReentrantLock@394fb736[Unlocked],
          java.util.concurrent.locks.ReentrantLock@3070f3e6[Unlocked],
          java.util.concurrent.locks.ReentrantLock@3271ec2a[Unlocked],
          java.util.concurrent.locks.ReentrantLock@52bba91a[Unlocked],
          java.util.concurrent.locks.ReentrantLock@1689527c[Unlocked],
          java.util.concurrent.locks.ReentrantLock@21516c88[Unlocked],
          java.util.concurrent.locks.ReentrantLock@1c7cd434[Unlocked],
          java.util.concurrent.locks.ReentrantLock@13004dd8[Unlocked],
          java.util.concurrent.locks.ReentrantLock@4fc6e776[Unlocked],
          java.util.concurrent.locks.ReentrantLock@65d9e72a[Unlocked],
          java.util.concurrent.locks.ReentrantLock@1f7e52d1[Unlocked],
          java.util.concurrent.locks.ReentrantLock@e01a26b[Unlocked],
          java.util.concurrent.locks.ReentrantLock@7604198a[Unlocked],
          java.util.concurrent.locks.ReentrantLock@5cce40d7[Unlocked],
          java.util.concurrent.locks.ReentrantLock@314b7945[Unlocked],
          java.util.concurrent.locks.ReentrantLock@32da97fd[Unlocked],
          java.util.concurrent.locks.ReentrantLock@64440065[Unlocked],
          java.util.concurrent.locks.ReentrantLock@4aa22cc2[Unlocked],
          java.util.concurrent.locks.ReentrantLock@2049e582[Unlocked],
          java.util.concurrent.locks.ReentrantLock@464aeb09[Unlocked],
          java.util.concurrent.locks.ReentrantLock@2c99c8d[Unlocked],
          java.util.concurrent.locks.ReentrantLock@59d6642a[Unlocked],
          java.util.concurrent.locks.ReentrantLock@365cef67[Unlocked],
          java.util.concurrent.locks.ReentrantLock@27df5806[Unlocked],
          java.util.concurrent.locks.ReentrantLock@69bc9584[Unlocked],
          java.util.concurrent.locks.ReentrantLock@3214bad[Unlocked],
          java.util.concurrent.locks.ReentrantLock@52d7ab79[Unlocked],
          java.util.concurrent.locks.ReentrantLock@f95d64d[Unlocked],
          java.util.concurrent.locks.ReentrantLock@288728e[Unlocked],
          java.util.concurrent.locks.ReentrantLock@b7d2d51[Unlocked],
          java.util.concurrent.locks.ReentrantLock@641ed324[Unlocked],
          java.util.concurrent.locks.ReentrantLock@45984654[Unlocked],
          java.util.concurrent.locks.ReentrantLock@4c5406b[Unlocked],
          java.util.concurrent.locks.ReentrantLock@66b0e207[Unlocked],
          java.util.concurrent.locks.ReentrantLock@74a58a06[Unlocked],
          java.util.concurrent.locks.ReentrantLock@7308c820[Unlocked],
          java.util.concurrent.locks.ReentrantLock@5d601832[Unlocked],
          java.util.concurrent.locks.ReentrantLock@3ca17943[Unlocked],
          java.util.concurrent.locks.ReentrantLock@640c216b[Unlocked],
          java.util.concurrent.locks.ReentrantLock@5170bc02[Unlocked],
          java.util.concurrent.locks.ReentrantLock@c0c8f96[Unlocked],
          java.util.concurrent.locks.ReentrantLock@3bd08435[Unlocked],
          java.util.concurrent.locks.ReentrantLock@3e52ed5d[Unlocked],
          java.util.concurrent.locks.ReentrantLock@6a96d639[Unlocked],
          java.util.concurrent.locks.ReentrantLock@28e94c2[Unlocked],
          java.util.concurrent.locks.ReentrantLock@3d40498a[Unlocked],
          java.util.concurrent.locks.ReentrantLock@14d1737a[Unlocked],
          java.util.concurrent.locks.ReentrantLock@482a58c7[Unlocked],
          java.util.concurrent.locks.ReentrantLock@3e74fd84[Unlocked],
          java.util.concurrent.locks.ReentrantLock@147efd9[Unlocked],
          java.util.concurrent.locks.ReentrantLock@1e120628[Unlocked],
          java.util.concurrent.locks.ReentrantLock@4e4894d[Unlocked],
          java.util.concurrent.locks.ReentrantLock@1de5cc88[Unlocked],
          java.util.concurrent.locks.ReentrantLock@23e2c1ca[Unlocked],
          java.util.concurrent.locks.ReentrantLock@2d4fb0d8[Unlocked],
          java.util.concurrent.locks.ReentrantLock@dc1fadd[Unlocked],
          java.util.concurrent.locks.ReentrantLock@3ef3f661[Unlocked],
          java.util.concurrent.locks.ReentrantLock@baa9ce4[Unlocked],
          java.util.concurrent.locks.ReentrantLock@5b332439[Unlocked],
          java.util.concurrent.locks.ReentrantLock@59262a90[Unlocked],
          java.util.concurrent.locks.ReentrantLock@78479f2b[Unlocked],
          java.util.concurrent.locks.ReentrantLock@2755617b[Unlocked],
          java.util.concurrent.locks.ReentrantLock@65859b44[Unlocked],
          java.util.concurrent.locks.ReentrantLock@d9f5fce[Unlocked],
          java.util.concurrent.locks.ReentrantLock@49653791[Unlocked],
          java.util.concurrent.locks.ReentrantLock@45b7c97f[Unlocked],
          java.util.concurrent.locks.ReentrantLock@c212536[Unlocked],
          java.util.concurrent.locks.ReentrantLock@7b377a53[Unlocked],
          java.util.concurrent.locks.ReentrantLock@1b0e031b[Unlocked],
          java.util.concurrent.locks.ReentrantLock@6009cd34[Unlocked],
          java.util.concurrent.locks.ReentrantLock@65844c96[Unlocked],
          java.util.concurrent.locks.ReentrantLock@25214797[Unlocked],
          java.util.concurrent.locks.ReentrantLock@4e5c8ef3[Unlocked],
          java.util.concurrent.locks.ReentrantLock@60928a61[Unlocked],
          java.util.concurrent.locks.ReentrantLock@27358a19[Unlocked],
          java.util.concurrent.locks.ReentrantLock@8077c97[Unlocked],
          java.util.concurrent.locks.ReentrantLock@22865072[Unlocked],
          java.util.concurrent.locks.ReentrantLock@563317c1[Unlocked],
          java.util.concurrent.locks.ReentrantLock@5d5d3a5c[Unlocked],
          java.util.concurrent.locks.ReentrantLock@6e0d16a4[Unlocked],
          java.util.concurrent.locks.ReentrantLock@7e18ced7[Unlocked],
          java.util.concurrent.locks.ReentrantLock@305b43ca[Unlocked],
          java.util.concurrent.locks.ReentrantLock@4601047[Unlocked],
          java.util.concurrent.locks.ReentrantLock@25e8e59[Unlocked],
          java.util.concurrent.locks.ReentrantLock@3a0896b3[Unlocked],
          java.util.concurrent.locks.ReentrantLock@50a7c72b[Unlocked],
          java.util.concurrent.locks.ReentrantLock@54c11750[Unlocked],
          java.util.concurrent.locks.ReentrantLock@221b77d7[Unlocked],
          java.util.concurrent.locks.ReentrantLock@5cd8d029[Unlocked],
          java.util.concurrent.locks.ReentrantLock@32a8ca06[Unlocked],
          java.util.concurrent.locks.ReentrantLock@6e8f2094[Unlocked],
          java.util.concurrent.locks.ReentrantLock@1753475d[Unlocked],
          java.util.concurrent.locks.ReentrantLock@d108406[Unlocked],
          java.util.concurrent.locks.ReentrantLock@799c8758[Unlocked],
          java.util.concurrent.locks.ReentrantLock@6e00837f[Unlocked],
          java.util.concurrent.locks.ReentrantLock@63e4484d[Unlocked],
          java.util.concurrent.locks.ReentrantLock@6a5dd083[Unlocked],
          java.util.concurrent.locks.ReentrantLock@77663cd7[Unlocked],
          java.util.concurrent.locks.ReentrantLock@1d17423f[Unlocked],
          java.util.concurrent.locks.ReentrantLock@5c70d7f0[Unlocked],
          java.util.concurrent.locks.ReentrantLock@582dcd35[Unlocked],
          java.util.concurrent.locks.ReentrantLock@1e6bd263[Unlocked],
          java.util.concurrent.locks.ReentrantLock@394a6d2b[Unlocked],
          java.util.concurrent.locks.ReentrantLock@635ff2a5[Unlocked],
          java.util.concurrent.locks.ReentrantLock@55adcf9e[Unlocked],
          java.util.concurrent.locks.ReentrantLock@1515f782[Unlocked],
          java.util.concurrent.locks.ReentrantLock@7f5ce33e[Unlocked],
          java.util.concurrent.locks.ReentrantLock@638afcaa[Unlocked],
          java.util.concurrent.locks.ReentrantLock@58601e7a[Unlocked],
          java.util.concurrent.locks.ReentrantLock@62735b13[Unlocked],
          java.util.concurrent.locks.ReentrantLock@7aae1170[Unlocked],
          java.util.concurrent.locks.ReentrantLock@4ef5dd23[Unlocked],
          java.util.concurrent.locks.ReentrantLock@163e8949[Unlocked],
          java.util.concurrent.locks.ReentrantLock@6eede35e[Unlocked],
          java.util.concurrent.locks.ReentrantLock@64c25a62[Unlocked],
          java.util.concurrent.locks.ReentrantLock@43e8f1c[Unlocked],
          java.util.concurrent.locks.ReentrantLock@66a82a13[Unlocked],
          java.util.concurrent.locks.ReentrantLock@675ec28b[Unlocked],
          java.util.concurrent.locks.ReentrantLock@11399548[Unlocked],
          java.util.concurrent.locks.ReentrantLock@610fbe1c[Unlocked],
          java.util.concurrent.locks.ReentrantLock@46d0f89c[Unlocked],
          java.util.concurrent.locks.ReentrantLock@570b2057[Unlocked],
          java.util.concurrent.locks.ReentrantLock@a457c2b[Unlocked],
          java.util.concurrent.locks.ReentrantLock@16a6dc21[Unlocked],
          java.util.concurrent.locks.ReentrantLock@5773d271[Unlocked],
          java.util.concurrent.locks.ReentrantLock@59f45950[Unlocked],
          java.util.concurrent.locks.ReentrantLock@7871d261[Unlocked],
          java.util.concurrent.locks.ReentrantLock@58164e9a[Unlocked],
          java.util.concurrent.locks.ReentrantLock@11bfffb3[Unlocked],
          java.util.concurrent.locks.ReentrantLock@6a7a1a0d[Unlocked],
          java.util.concurrent.locks.ReentrantLock@1c6e3ff9[Unlocked],
          java.util.concurrent.locks.ReentrantLock@76e6c070[Unlocked],
          java.util.concurrent.locks.ReentrantLock@184afb78[Unlocked],
          java.util.concurrent.locks.ReentrantLock@22da200e[Unlocked],
          java.util.concurrent.locks.ReentrantLock@4f26425b[Unlocked],
          java.util.concurrent.locks.ReentrantLock@f03ee8f[Unlocked],
          java.util.concurrent.locks.ReentrantLock@40dd552c[Unlocked],
          java.util.concurrent.locks.ReentrantLock@33f4c769[Unlocked],
          java.util.concurrent.locks.ReentrantLock@4ebd6fd6[Unlocked],
          java.util.concurrent.locks.ReentrantLock@5e5a8718[Unlocked],
          java.util.concurrent.locks.ReentrantLock@7404ddca[Unlocked],
          java.util.concurrent.locks.ReentrantLock@615e83ac[Unlocked],
          java.util.concurrent.locks.ReentrantLock@4438938e[Unlocked],
          java.util.concurrent.locks.ReentrantLock@4e50ae56[Unlocked],
          java.util.concurrent.locks.ReentrantLock@1c68d0db[Unlocked],
          java.util.concurrent.locks.ReentrantLock@9be7319[Unlocked],
          java.util.concurrent.locks.ReentrantLock@91a2543[Unlocked],
          java.util.concurrent.locks.ReentrantLock@42730828[Unlocked],
          java.util.concurrent.locks.ReentrantLock@18c7f6b5[Unlocked],
          java.util.concurrent.locks.ReentrantLock@629b780f[Unlocked],
          java.util.concurrent.locks.ReentrantLock@3af36922[Unlocked],
          java.util.concurrent.locks.ReentrantLock@609b041c[Unlocked],
          java.util.concurrent.locks.ReentrantLock@474e34e4[Unlocked],
          java.util.concurrent.locks.ReentrantLock@7e2c6702[Unlocked],
          java.util.concurrent.locks.ReentrantLock@5fb7ab9c[Unlocked],
          java.util.concurrent.locks.ReentrantLock@6734ff92[Unlocked],
          java.util.concurrent.locks.ReentrantLock@51eb0e84[Unlocked],
          java.util.concurrent.locks.ReentrantLock@4ce267cc[Unlocked],
          java.util.concurrent.locks.ReentrantLock@2eebce87[Unlocked],
          java.util.concurrent.locks.ReentrantLock@6ee37ca7[Unlocked],
          java.util.concurrent.locks.ReentrantLock@6775c0d1[Unlocked],
          java.util.concurrent.locks.ReentrantLock@38f617f4[Unlocked],
          java.util.concurrent.locks.ReentrantLock@4899799b[Unlocked],
          java.util.concurrent.locks.ReentrantLock@3dea226b[Unlocked],
          java.util.concurrent.locks.ReentrantLock@74500e4f[Unlocked],
          java.util.concurrent.locks.ReentrantLock@7c91fe86[Unlocked],
          java.util.concurrent.locks.ReentrantLock@7fc7152e[Unlocked],
          java.util.concurrent.locks.ReentrantLock@13d289c7[Unlocked],
          java.util.concurrent.locks.ReentrantLock@6704df84[Unlocked],
          java.util.concurrent.locks.ReentrantLock@1412682c[Unlocked],
          java.util.concurrent.locks.ReentrantLock@53bb71e5[Unlocked],
          java.util.concurrent.locks.ReentrantLock@54a056e4[Unlocked],
          java.util.concurrent.locks.ReentrantLock@15994b0b[Unlocked],
          java.util.concurrent.locks.ReentrantLock@12cd129c[Unlocked],
          java.util.concurrent.locks.ReentrantLock@1a717d79[Unlocked],
          java.util.concurrent.locks.ReentrantLock@4cb00fa5[Unlocked],
          java.util.concurrent.locks.ReentrantLock@13aed42b[Unlocked],
          java.util.concurrent.locks.ReentrantLock@698d6d30[Unlocked],
          java.util.concurrent.locks.ReentrantLock@78065fcd[Unlocked],
          java.util.concurrent.locks.ReentrantLock@3407aa4f[Unlocked],
          java.util.concurrent.locks.ReentrantLock@51ed2f68[Unlocked],
          java.util.concurrent.locks.ReentrantLock@538b3c88[Unlocked],
          java.util.concurrent.locks.ReentrantLock@19b9f903[Unlocked],
          java.util.concurrent.locks.ReentrantLock@10e56da9[Unlocked],
          java.util.concurrent.locks.ReentrantLock@28cb86b2[Unlocked],
          java.util.concurrent.locks.ReentrantLock@22ae905f[Unlocked],
          java.util.concurrent.locks.ReentrantLock@748904e8[Unlocked],
          java.util.concurrent.locks.ReentrantLock@4fbaa7f5[Unlocked],
          java.util.concurrent.locks.ReentrantLock@3b3056a6[Unlocked],
          java.util.concurrent.locks.ReentrantLock@6d4a05f7[Unlocked],
          java.util.concurrent.locks.ReentrantLock@51d8f2f2[Unlocked],
          java.util.concurrent.locks.ReentrantLock@4b476233[Unlocked],
          java.util.concurrent.locks.ReentrantLock@72fb989b[Unlocked],
          java.util.concurrent.locks.ReentrantLock@4f235e8e[Unlocked],
          java.util.concurrent.locks.ReentrantLock@597a7afa[Unlocked],
          java.util.concurrent.locks.ReentrantLock@29dcdd1c[Unlocked],
          java.util.concurrent.locks.ReentrantLock@7cdb7fc[Unlocked],
          java.util.concurrent.locks.ReentrantLock@524f5ea5[Unlocked],
          java.util.concurrent.locks.ReentrantLock@586843bc[Unlocked],
          java.util.concurrent.locks.ReentrantLock@17134190[Unlocked],
          java.util.concurrent.locks.ReentrantLock@7d8b66d9[Unlocked],
          java.util.concurrent.locks.ReentrantLock@5599b5bb[Unlocked],
          java.util.concurrent.locks.ReentrantLock@4ff66917[Unlocked],
          java.util.concurrent.locks.ReentrantLock@4264beb8[Unlocked],
          java.util.concurrent.locks.ReentrantLock@647fb583[Unlocked],
          java.util.concurrent.locks.ReentrantLock@7cd3e0da[Unlocked],
          java.util.concurrent.locks.ReentrantLock@919086[Unlocked],
          java.util.concurrent.locks.ReentrantLock@67e77f52[Unlocked],
          java.util.concurrent.locks.ReentrantLock@7ead1d80[Unlocked],
          java.util.concurrent.locks.ReentrantLock@1d1bf7bf[Unlocked],
          java.util.concurrent.locks.ReentrantLock@1182413a[Unlocked],
          java.util.concurrent.locks.ReentrantLock@4d43a1b7[Unlocked],
          java.util.concurrent.locks.ReentrantLock@5b14f482[Unlocked],
          java.util.concurrent.locks.ReentrantLock@19705650[Unlocked],
          java.util.concurrent.locks.ReentrantLock@1a785fd5[Unlocked],
          java.util.concurrent.locks.ReentrantLock@4a660b34[Unlocked],
          java.util.concurrent.locks.ReentrantLock@362a561e[Unlocked],
          java.util.concurrent.locks.ReentrantLock@2df3545d[Unlocked],
          java.util.concurrent.locks.ReentrantLock@75ad30c1[Unlocked],
          java.util.concurrent.locks.ReentrantLock@fe8aaeb[Unlocked],
          java.util.concurrent.locks.ReentrantLock@6b9697ae[Unlocked],
          java.util.concurrent.locks.ReentrantLock@5cf0673d[Unlocked],
          java.util.concurrent.locks.ReentrantLock@40c76f5a[Unlocked],
          java.util.concurrent.locks.ReentrantLock@a323a5b[Unlocked],
          java.util.concurrent.locks.ReentrantLock@5546e754[Unlocked],
          java.util.concurrent.locks.ReentrantLock@ad0bb4e[Unlocked],
          java.util.concurrent.locks.ReentrantLock@7196a8f1[Unlocked],
          java.util.concurrent.locks.ReentrantLock@6a6da47a[Unlocked],
          java.util.concurrent.locks.ReentrantLock@8f39224[Unlocked],
          java.util.concurrent.locks.ReentrantLock@7f642bf[Unlocked],
          java.util.concurrent.locks.ReentrantLock@43e3a390[Unlocked],
          java.util.concurrent.locks.ReentrantLock@44aa91e2[Unlocked],
          java.util.concurrent.locks.ReentrantLock@50dc49e1[Unlocked],
          java.util.concurrent.locks.ReentrantLock@650a1aff[Unlocked],
          java.util.concurrent.locks.ReentrantLock@3babcaed[Unlocked],
          java.util.concurrent.locks.ReentrantLock@2b9e69fb[Unlocked],
          java.util.concurrent.locks.ReentrantLock@19bfbe28[Unlocked],
          java.util.concurrent.locks.ReentrantLock@2c579202[Unlocked],
          java.util.concurrent.locks.ReentrantLock@49ced9c7[Unlocked],
          java.util.concurrent.locks.ReentrantLock@11c7a0b4[Unlocked],
          java.util.concurrent.locks.ReentrantLock@75ed125a[Unlocked],
          java.util.concurrent.locks.ReentrantLock@653a5967[Unlocked],
          java.util.concurrent.locks.ReentrantLock@5a85b4e6[Unlocked],
          java.util.concurrent.locks.ReentrantLock@766b6d02[Unlocked],
          java.util.concurrent.locks.ReentrantLock@6b09ce57[Unlocked],
          java.util.concurrent.locks.ReentrantLock@5c4f4330[Unlocked],
          java.util.concurrent.locks.ReentrantLock@2b9aeedb[Unlocked],
          java.util.concurrent.locks.ReentrantLock@63485d7[Unlocked],
          java.util.concurrent.locks.ReentrantLock@23ea8830[Unlocked],
          java.util.concurrent.locks.ReentrantLock@59a09be[Unlocked],
          java.util.concurrent.locks.ReentrantLock@790ac3e0[Unlocked],
          java.util.concurrent.locks.ReentrantLock@5bb2fb2b[Unlocked],
          java.util.concurrent.locks.ReentrantLock@2cee5365[Unlocked],
          java.util.concurrent.locks.ReentrantLock@796c68bf[Unlocked],
          java.util.concurrent.locks.ReentrantLock@56d6a1b1[Unlocked],
          java.util.concurrent.locks.ReentrantLock@1a7163e3[Unlocked],
          java.util.concurrent.locks.ReentrantLock@44da7eb3[Unlocked],
          java.util.concurrent.locks.ReentrantLock@5e69cf07[Unlocked],
          java.util.concurrent.locks.ReentrantLock@3d512652[Unlocked],
          java.util.concurrent.locks.ReentrantLock@2c2e3460[Unlocked],
          java.util.concurrent.locks.ReentrantLock@3b96f8b0[Unlocked],
          java.util.concurrent.locks.ReentrantLock@2b170932[Unlocked],
          java.util.concurrent.locks.ReentrantLock@1fc0d9b4[Unlocked],
          java.util.concurrent.locks.ReentrantLock@42107318[Unlocked],
          java.util.concurrent.locks.ReentrantLock@4e4f4092[Unlocked],
          java.util.concurrent.locks.ReentrantLock@5d829ef0[Unlocked],
          java.util.concurrent.locks.ReentrantLock@4416e18d[Unlocked],
          java.util.concurrent.locks.ReentrantLock@5dfc2a4[Unlocked],
          java.util.concurrent.locks.ReentrantLock@3120495d[Unlocked],
          java.util.concurrent.locks.ReentrantLock@781c2497[Unlocked],
          java.util.concurrent.locks.ReentrantLock@b75b890[Unlocked],
          java.util.concurrent.locks.ReentrantLock@70c491b8[Unlocked],
          java.util.concurrent.locks.ReentrantLock@439d545c[Unlocked],
          java.util.concurrent.locks.ReentrantLock@5a3cf824[Unlocked],
          java.util.concurrent.locks.ReentrantLock@7c2b6acb[Unlocked],
          java.util.concurrent.locks.ReentrantLock@28367da7[Unlocked],
          java.util.concurrent.locks.ReentrantLock@1a0f349[Unlocked],
          java.util.concurrent.locks.ReentrantLock@3c60c681[Unlocked],
          java.util.concurrent.locks.ReentrantLock@1b3a9ef4[Unlocked],
          java.util.concurrent.locks.ReentrantLock@7a1371[Unlocked],
          java.util.concurrent.locks.ReentrantLock@6c6928c[Unlocked],
          java.util.concurrent.locks.ReentrantLock@3c28181b[Unlocked],
          java.util.concurrent.locks.ReentrantLock@73aaec54[Unlocked],
          java.util.concurrent.locks.ReentrantLock@239b98cb[Unlocked],
          java.util.concurrent.locks.ReentrantLock@117b2cc6[Unlocked],
          java.util.concurrent.locks.ReentrantLock@6def0632[Unlocked],
          java.util.concurrent.locks.ReentrantLock@49038f97[Unlocked],
          java.util.concurrent.locks.ReentrantLock@36211bbc[Unlocked],
          java.util.concurrent.locks.ReentrantLock@7ef41ca2[Unlocked],
          java.util.concurrent.locks.ReentrantLock@6b3f4bd8[Unlocked],
          java.util.concurrent.locks.ReentrantLock@3e151e1f[Unlocked],
          java.util.concurrent.locks.ReentrantLock@d70e9a[Unlocked],
          java.util.concurrent.locks.ReentrantLock@5e98032e[Unlocked],
          java.util.concurrent.locks.ReentrantLock@4fe8f2ae[Unlocked],
          java.util.concurrent.locks.ReentrantLock@591be8aa[Unlocked],
          java.util.concurrent.locks.ReentrantLock@61808ecd[Unlocked],
          java.util.concurrent.locks.ReentrantLock@7f1f60a0[Unlocked],
          java.util.concurrent.locks.ReentrantLock@77ea806f[Unlocked]]
        at app//com.integrallis.vectors.db.WriterGraphLifecycleTest.refreshReleasesGraphAndLocksBeforeTheNextAppend(WriterGraphLifecycleTest.java:246)

1 test completed, 1 failed

> Task :vectors-db:test FAILED

FAILURE: Build failed with an exception.

* What went wrong:
Execution failed for task ':vectors-db:test'.
> There were failing tests. See the report at: file:///Users/briansam-bodden/Code/java-ai/projects/vectors/vectors-db/build/reports/tests/test/index.html

* Try:
> Run with --scan to get full insights from a Build Scan (powered by Develocity).

BUILD FAILED in 9s
19 actionable tasks: 2 executed, 17 up-to-date
