WARNING: A restricted method in java.lang.System has been called
WARNING: java.lang.System::load has been called by net.rubygrapefruit.platform.internal.NativeLibraryLoader in an unnamed module (file:/Users/briansam-bodden/.gradle/wrapper/dists/gradle-9.4.1-all/eckclv9s5vi9exbmnyvpg2a3h/gradle-9.4.1/lib/native-platform-0.22-milestone-29.jar)
WARNING: Use --enable-native-access=ALL-UNNAMED to avoid a warning for callers in this module
WARNING: Restricted methods will be blocked in a future release unless native access is enabled

> Task :spotlessInternalRegisterDependencies UP-TO-DATE
> Task :vectors-core:compileJava UP-TO-DATE
> Task :vectors-db:spotlessJava UP-TO-DATE
> Task :vectors-db:spotlessJavaApply UP-TO-DATE
> Task :vectors-storage:compileJava UP-TO-DATE
> Task :vectors-gpu:compileJava UP-TO-DATE
> Task :vectors-quantization:compileJava UP-TO-DATE
> Task :vectors-ivf:compileJava UP-TO-DATE
> Task :vectors-vamana:compileJava UP-TO-DATE
> Task :vectors-db:processResources NO-SOURCE
> Task :vectors-hnsw:spotlessJava
> Task :vectors-hnsw:spotlessJavaApply
> Task :vectors-hnsw:compileJava UP-TO-DATE
> Task :vectors-hnsw:processResources NO-SOURCE
> Task :vectors-hnsw:classes UP-TO-DATE
> Task :vectors-db:compileJava UP-TO-DATE
> Task :vectors-db:classes UP-TO-DATE
> Task :vectors-hnsw:spotbugsMain UP-TO-DATE
> Task :vectors-db:spotbugsMain

BUILD SUCCESSFUL in 12s
15 actionable tasks: 3 executed, 12 up-to-date
