WARNING: Using incubator modules: jdk.incubator.vector
Oct 03, 2026 11:37:35 PM com.integrallis.vectors.core.PanamaVectorUtilSupportProvider create
INFO: vectors-core: Using Panama Vector API SIMD provider (vector bits: 256)
Oct 03, 2026 11:37:35 PM com.integrallis.vectors.core.VectorizationProvider logActiveToggles
INFO: vectors-core: provider=PanamaVectorUtilSupport panama=true maxBits=256 preferredBits=256 fastVectorFMA=true fastScalarFMA=true sve=false ggufParallel=true ggufParallelThreshold=1048576 ggufExecutor=persistent ggufThreads=2 ggufChunksPerThread=2 mappedKQuantLongOffsets=auto(q4=true,q5=false,q6=false) q4ShortPairwiseSupported=true q4UnsignedPairwiseSupported=true toggles=[(defaults — no -Dvectors.* overrides)]
flat-glove-100-angular-heap,100,100000,10,0,119778744,-5259992495134242365
flat-glove-100-angular-heap,100,100000,10,1,119913234,-5259992495134242365
flat-glove-100-angular-heap,100,100000,10,2,119446421,-5259992495134242365
flat-glove-100-angular-heap,100,100000,10,3,119971825,-5259992495134242365
flat-glove-100-angular-heap,100,100000,10,4,120205512,-5259992495134242365
flat-glove-100-angular-heap,100,100000,10,5,120219268,-5259992495134242365
flat-glove-100-angular-heap,100,100000,10,6,119204858,-5259992495134242365
flat-glove-100-angular-batch,100,100000,10,0,111809336,-5259992495134242365
flat-glove-100-angular-batch,100,100000,10,1,111856303,-5259992495134242365
flat-glove-100-angular-batch,100,100000,10,2,111107021,-5259992495134242365
flat-glove-100-angular-batch,100,100000,10,3,111523371,-5259992495134242365
flat-glove-100-angular-batch,100,100000,10,4,110980013,-5259992495134242365
flat-glove-100-angular-batch,100,100000,10,5,111182454,-5259992495134242365
flat-glove-100-angular-batch,100,100000,10,6,111705030,-5259992495134242365
flat-glove-100-angular-mapped,100,100000,10,0,290998978,-5259992495134242365
flat-glove-100-angular-mapped,100,100000,10,1,291092142,-5259992495134242365
flat-glove-100-angular-mapped,100,100000,10,2,290393404,-5259992495134242365
flat-glove-100-angular-mapped,100,100000,10,3,290844568,-5259992495134242365
flat-glove-100-angular-mapped,100,100000,10,4,291144388,-5259992495134242365
flat-glove-100-angular-mapped,100,100000,10,5,315161299,-5259992495134242365
flat-glove-100-angular-mapped,100,100000,10,6,363143011,-5259992495134242365
RECALL,glove-100-angular,32,2128,2560,0.83125000
hnsw-glove-100-angular-32,100,20000,10,0,13759582,-659910607396288125
hnsw-glove-100-angular-32,100,20000,10,1,10424820,-659910607396288125
hnsw-glove-100-angular-32,100,20000,10,2,10450378,-659910607396288125
hnsw-glove-100-angular-32,100,20000,10,3,15374123,-659910607396288125
hnsw-glove-100-angular-32,100,20000,10,4,11790416,-659910607396288125
hnsw-glove-100-angular-32,100,20000,10,5,10159793,-659910607396288125
hnsw-glove-100-angular-32,100,20000,10,6,10895090,-659910607396288125
RECALL,glove-100-angular,128,2470,2560,0.96484375
hnsw-glove-100-angular-128,100,20000,10,0,51746175,-5552176420022093986
hnsw-glove-100-angular-128,100,20000,10,1,50716527,-5552176420022093986
hnsw-glove-100-angular-128,100,20000,10,2,51044041,-5552176420022093986
hnsw-glove-100-angular-128,100,20000,10,3,50676762,-5552176420022093986
hnsw-glove-100-angular-128,100,20000,10,4,51755993,-5552176420022093986
hnsw-glove-100-angular-128,100,20000,10,5,50690639,-5552176420022093986
hnsw-glove-100-angular-128,100,20000,10,6,49883157,-5552176420022093986
RECALL,glove-100-angular,512,2559,2560,0.99960938
hnsw-glove-100-angular-512,100,20000,10,0,124994430,5600339910623651169
hnsw-glove-100-angular-512,100,20000,10,1,126492794,5600339910623651169
hnsw-glove-100-angular-512,100,20000,10,2,127932698,5600339910623651169
hnsw-glove-100-angular-512,100,20000,10,3,127905077,5600339910623651169
hnsw-glove-100-angular-512,100,20000,10,4,128742524,5600339910623651169
hnsw-glove-100-angular-512,100,20000,10,5,125202417,5600339910623651169
hnsw-glove-100-angular-512,100,20000,10,6,127309502,5600339910623651169
flat-fashion-mnist-784-euclidean-heap,784,60000,10,0,312492383,2614193389418160522
flat-fashion-mnist-784-euclidean-heap,784,60000,10,1,314932768,2614193389418160522
flat-fashion-mnist-784-euclidean-heap,784,60000,10,2,315316287,2614193389418160522
flat-fashion-mnist-784-euclidean-heap,784,60000,10,3,310961435,2614193389418160522
flat-fashion-mnist-784-euclidean-heap,784,60000,10,4,312242673,2614193389418160522
flat-fashion-mnist-784-euclidean-heap,784,60000,10,5,313095588,2614193389418160522
flat-fashion-mnist-784-euclidean-heap,784,60000,10,6,311939386,2614193389418160522
flat-fashion-mnist-784-euclidean-batch,784,60000,10,0,135081424,2614193389418160522
flat-fashion-mnist-784-euclidean-batch,784,60000,10,1,151848605,2614193389418160522
flat-fashion-mnist-784-euclidean-batch,784,60000,10,2,130406365,2614193389418160522
flat-fashion-mnist-784-euclidean-batch,784,60000,10,3,130876293,2614193389418160522
flat-fashion-mnist-784-euclidean-batch,784,60000,10,4,130571233,2614193389418160522
flat-fashion-mnist-784-euclidean-batch,784,60000,10,5,130871866,2614193389418160522
flat-fashion-mnist-784-euclidean-batch,784,60000,10,6,130801995,2614193389418160522
flat-fashion-mnist-784-euclidean-mapped,784,60000,10,0,521985153,2614193389418160522
flat-fashion-mnist-784-euclidean-mapped,784,60000,10,1,521364419,2614193389418160522
flat-fashion-mnist-784-euclidean-mapped,784,60000,10,2,521799092,2614193389418160522
flat-fashion-mnist-784-euclidean-mapped,784,60000,10,3,523184283,2614193389418160522
flat-fashion-mnist-784-euclidean-mapped,784,60000,10,4,520728547,2614193389418160522
flat-fashion-mnist-784-euclidean-mapped,784,60000,10,5,520660087,2614193389418160522
flat-fashion-mnist-784-euclidean-mapped,784,60000,10,6,519522286,2614193389418160522
RECALL,fashion-mnist-784-euclidean,32,2557,2560,0.99882813
hnsw-fashion-mnist-784-euclidean-32,784,20000,10,0,20296142,-8272877156143573428
hnsw-fashion-mnist-784-euclidean-32,784,20000,10,1,19714394,-8272877156143573428
hnsw-fashion-mnist-784-euclidean-32,784,20000,10,2,19887387,-8272877156143573428
hnsw-fashion-mnist-784-euclidean-32,784,20000,10,3,19650133,-8272877156143573428
hnsw-fashion-mnist-784-euclidean-32,784,20000,10,4,19867992,-8272877156143573428
hnsw-fashion-mnist-784-euclidean-32,784,20000,10,5,19575554,-8272877156143573428
hnsw-fashion-mnist-784-euclidean-32,784,20000,10,6,20014918,-8272877156143573428
RECALL,fashion-mnist-784-euclidean,128,2560,2560,1.00000000
hnsw-fashion-mnist-784-euclidean-128,784,20000,10,0,54584060,8181205727048084330
hnsw-fashion-mnist-784-euclidean-128,784,20000,10,1,53164752,8181205727048084330
hnsw-fashion-mnist-784-euclidean-128,784,20000,10,2,53052443,8181205727048084330
hnsw-fashion-mnist-784-euclidean-128,784,20000,10,3,52615966,8181205727048084330
hnsw-fashion-mnist-784-euclidean-128,784,20000,10,4,53682101,8181205727048084330
hnsw-fashion-mnist-784-euclidean-128,784,20000,10,5,53754487,8181205727048084330
hnsw-fashion-mnist-784-euclidean-128,784,20000,10,6,53556026,8181205727048084330
RECALL,fashion-mnist-784-euclidean,512,2560,2560,1.00000000
hnsw-fashion-mnist-784-euclidean-512,784,20000,10,0,158242957,8181205727048084330
hnsw-fashion-mnist-784-euclidean-512,784,20000,10,1,156339674,8181205727048084330
hnsw-fashion-mnist-784-euclidean-512,784,20000,10,2,152351441,8181205727048084330
hnsw-fashion-mnist-784-euclidean-512,784,20000,10,3,150904172,8181205727048084330
hnsw-fashion-mnist-784-euclidean-512,784,20000,10,4,153805263,8181205727048084330
hnsw-fashion-mnist-784-euclidean-512,784,20000,10,5,153061440,8181205727048084330
hnsw-fashion-mnist-784-euclidean-512,784,20000,10,6,153313081,8181205727048084330
