WARNING: Using incubator modules: jdk.incubator.vector
Oct 03, 2026 11:40:16 PM com.integrallis.vectors.core.PanamaVectorUtilSupportProvider create
INFO: vectors-core: Using Panama Vector API SIMD provider (vector bits: 256)
Oct 03, 2026 11:40:16 PM com.integrallis.vectors.core.VectorizationProvider logActiveToggles
INFO: vectors-core: provider=PanamaVectorUtilSupport panama=true maxBits=256 preferredBits=256 fastVectorFMA=true fastScalarFMA=true sve=false ggufParallel=true ggufParallelThreshold=1048576 ggufExecutor=persistent ggufThreads=2 ggufChunksPerThread=2 mappedKQuantLongOffsets=auto(q4=true,q5=false,q6=false) q4ShortPairwiseSupported=true q4UnsignedPairwiseSupported=true toggles=[(defaults — no -Dvectors.* overrides)]
flat-glove-100-angular-heap,100,100000,10,0,124397202,-5259992495134242365
flat-glove-100-angular-heap,100,100000,10,1,123743440,-5259992495134242365
flat-glove-100-angular-heap,100,100000,10,2,123665142,-5259992495134242365
flat-glove-100-angular-heap,100,100000,10,3,123818730,-5259992495134242365
flat-glove-100-angular-heap,100,100000,10,4,123133258,-5259992495134242365
flat-glove-100-angular-heap,100,100000,10,5,123855398,-5259992495134242365
flat-glove-100-angular-heap,100,100000,10,6,123543835,-5259992495134242365
flat-glove-100-angular-batch,100,100000,10,0,110960941,-5259992495134242365
flat-glove-100-angular-batch,100,100000,10,1,111141297,-5259992495134242365
flat-glove-100-angular-batch,100,100000,10,2,110766546,-5259992495134242365
flat-glove-100-angular-batch,100,100000,10,3,110895137,-5259992495134242365
flat-glove-100-angular-batch,100,100000,10,4,110906819,-5259992495134242365
flat-glove-100-angular-batch,100,100000,10,5,111323870,-5259992495134242365
flat-glove-100-angular-batch,100,100000,10,6,111273825,-5259992495134242365
flat-glove-100-angular-mapped,100,100000,10,0,292688999,-5259992495134242365
flat-glove-100-angular-mapped,100,100000,10,1,293440263,-5259992495134242365
flat-glove-100-angular-mapped,100,100000,10,2,297261533,-5259992495134242365
flat-glove-100-angular-mapped,100,100000,10,3,290821064,-5259992495134242365
flat-glove-100-angular-mapped,100,100000,10,4,290428778,-5259992495134242365
flat-glove-100-angular-mapped,100,100000,10,5,295736970,-5259992495134242365
flat-glove-100-angular-mapped,100,100000,10,6,362501920,-5259992495134242365
RECALL,glove-100-angular,32,2128,2560,0.83125000
hnsw-glove-100-angular-32,100,20000,10,0,10717374,-659910607396288125
hnsw-glove-100-angular-32,100,20000,10,1,10265398,-659910607396288125
hnsw-glove-100-angular-32,100,20000,10,2,10190138,-659910607396288125
hnsw-glove-100-angular-32,100,20000,10,3,10233608,-659910607396288125
hnsw-glove-100-angular-32,100,20000,10,4,10370104,-659910607396288125
hnsw-glove-100-angular-32,100,20000,10,5,10300514,-659910607396288125
hnsw-glove-100-angular-32,100,20000,10,6,12229925,-659910607396288125
RECALL,glove-100-angular,128,2470,2560,0.96484375
hnsw-glove-100-angular-128,100,20000,10,0,34985455,-5552176420022093986
hnsw-glove-100-angular-128,100,20000,10,1,35084539,-5552176420022093986
hnsw-glove-100-angular-128,100,20000,10,2,35371296,-5552176420022093986
hnsw-glove-100-angular-128,100,20000,10,3,34346509,-5552176420022093986
hnsw-glove-100-angular-128,100,20000,10,4,34754803,-5552176420022093986
hnsw-glove-100-angular-128,100,20000,10,5,34851063,-5552176420022093986
hnsw-glove-100-angular-128,100,20000,10,6,34487252,-5552176420022093986
RECALL,glove-100-angular,512,2559,2560,0.99960938
hnsw-glove-100-angular-512,100,20000,10,0,124467232,5600339910623651169
hnsw-glove-100-angular-512,100,20000,10,1,124026686,5600339910623651169
hnsw-glove-100-angular-512,100,20000,10,2,127988601,5600339910623651169
hnsw-glove-100-angular-512,100,20000,10,3,124913657,5600339910623651169
hnsw-glove-100-angular-512,100,20000,10,4,125851111,5600339910623651169
hnsw-glove-100-angular-512,100,20000,10,5,128426590,5600339910623651169
hnsw-glove-100-angular-512,100,20000,10,6,124887608,5600339910623651169
flat-fashion-mnist-784-euclidean-heap,784,60000,10,0,307280398,2614193389418160522
flat-fashion-mnist-784-euclidean-heap,784,60000,10,1,306302327,2614193389418160522
flat-fashion-mnist-784-euclidean-heap,784,60000,10,2,305133130,2614193389418160522
flat-fashion-mnist-784-euclidean-heap,784,60000,10,3,306696525,2614193389418160522
flat-fashion-mnist-784-euclidean-heap,784,60000,10,4,307617388,2614193389418160522
flat-fashion-mnist-784-euclidean-heap,784,60000,10,5,314289522,2614193389418160522
flat-fashion-mnist-784-euclidean-heap,784,60000,10,6,316271372,2614193389418160522
flat-fashion-mnist-784-euclidean-batch,784,60000,10,0,140236367,2614193389418160522
flat-fashion-mnist-784-euclidean-batch,784,60000,10,1,158578740,2614193389418160522
flat-fashion-mnist-784-euclidean-batch,784,60000,10,2,139852249,2614193389418160522
flat-fashion-mnist-784-euclidean-batch,784,60000,10,3,136129613,2614193389418160522
flat-fashion-mnist-784-euclidean-batch,784,60000,10,4,136377476,2614193389418160522
flat-fashion-mnist-784-euclidean-batch,784,60000,10,5,136527187,2614193389418160522
flat-fashion-mnist-784-euclidean-batch,784,60000,10,6,136144241,2614193389418160522
flat-fashion-mnist-784-euclidean-mapped,784,60000,10,0,524271081,2614193389418160522
flat-fashion-mnist-784-euclidean-mapped,784,60000,10,1,526945655,2614193389418160522
flat-fashion-mnist-784-euclidean-mapped,784,60000,10,2,523353635,2614193389418160522
flat-fashion-mnist-784-euclidean-mapped,784,60000,10,3,528932153,2614193389418160522
flat-fashion-mnist-784-euclidean-mapped,784,60000,10,4,526054193,2614193389418160522
flat-fashion-mnist-784-euclidean-mapped,784,60000,10,5,517057637,2614193389418160522
flat-fashion-mnist-784-euclidean-mapped,784,60000,10,6,506275546,2614193389418160522
RECALL,fashion-mnist-784-euclidean,32,2557,2560,0.99882813
hnsw-fashion-mnist-784-euclidean-32,784,20000,10,0,22553194,-8272877156143573428
hnsw-fashion-mnist-784-euclidean-32,784,20000,10,1,19326534,-8272877156143573428
hnsw-fashion-mnist-784-euclidean-32,784,20000,10,2,19957059,-8272877156143573428
hnsw-fashion-mnist-784-euclidean-32,784,20000,10,3,19598204,-8272877156143573428
hnsw-fashion-mnist-784-euclidean-32,784,20000,10,4,19731675,-8272877156143573428
hnsw-fashion-mnist-784-euclidean-32,784,20000,10,5,20826281,-8272877156143573428
hnsw-fashion-mnist-784-euclidean-32,784,20000,10,6,22245244,-8272877156143573428
RECALL,fashion-mnist-784-euclidean,128,2560,2560,1.00000000
hnsw-fashion-mnist-784-euclidean-128,784,20000,10,0,51721783,8181205727048084330
hnsw-fashion-mnist-784-euclidean-128,784,20000,10,1,51254354,8181205727048084330
hnsw-fashion-mnist-784-euclidean-128,784,20000,10,2,50737035,8181205727048084330
hnsw-fashion-mnist-784-euclidean-128,784,20000,10,3,50891755,8181205727048084330
hnsw-fashion-mnist-784-euclidean-128,784,20000,10,4,51394991,8181205727048084330
hnsw-fashion-mnist-784-euclidean-128,784,20000,10,5,50871357,8181205727048084330
hnsw-fashion-mnist-784-euclidean-128,784,20000,10,6,50914809,8181205727048084330
RECALL,fashion-mnist-784-euclidean,512,2560,2560,1.00000000
hnsw-fashion-mnist-784-euclidean-512,784,20000,10,0,151263257,8181205727048084330
hnsw-fashion-mnist-784-euclidean-512,784,20000,10,1,147856040,8181205727048084330
hnsw-fashion-mnist-784-euclidean-512,784,20000,10,2,147866370,8181205727048084330
hnsw-fashion-mnist-784-euclidean-512,784,20000,10,3,148877607,8181205727048084330
hnsw-fashion-mnist-784-euclidean-512,784,20000,10,4,146382631,8181205727048084330
hnsw-fashion-mnist-784-euclidean-512,784,20000,10,5,148206586,8181205727048084330
hnsw-fashion-mnist-784-euclidean-512,784,20000,10,6,156547515,8181205727048084330
