WARNING: Using incubator modules: jdk.incubator.vector
Oct 03, 2026 11:39:43 PM com.integrallis.vectors.core.PanamaVectorUtilSupportProvider create
INFO: vectors-core: Using Panama Vector API SIMD provider (vector bits: 256)
Oct 03, 2026 11:39:43 PM com.integrallis.vectors.core.VectorizationProvider logActiveToggles
INFO: vectors-core: provider=PanamaVectorUtilSupport panama=true maxBits=256 preferredBits=256 fastVectorFMA=true fastScalarFMA=true sve=false ggufParallel=true ggufParallelThreshold=1048576 ggufExecutor=persistent ggufThreads=2 ggufChunksPerThread=2 mappedKQuantLongOffsets=auto(q4=true,q5=false,q6=false) q4ShortPairwiseSupported=true q4UnsignedPairwiseSupported=true toggles=[(defaults — no -Dvectors.* overrides)]
flat-glove-100-angular-heap,100,100000,10,0,120556082,-5259992495134242365
flat-glove-100-angular-heap,100,100000,10,1,120720138,-5259992495134242365
flat-glove-100-angular-heap,100,100000,10,2,120697365,-5259992495134242365
flat-glove-100-angular-heap,100,100000,10,3,120746638,-5259992495134242365
flat-glove-100-angular-heap,100,100000,10,4,121080542,-5259992495134242365
flat-glove-100-angular-heap,100,100000,10,5,121427392,-5259992495134242365
flat-glove-100-angular-heap,100,100000,10,6,121681316,-5259992495134242365
flat-glove-100-angular-batch,100,100000,10,0,111043480,-5259992495134242365
flat-glove-100-angular-batch,100,100000,10,1,111106709,-5259992495134242365
flat-glove-100-angular-batch,100,100000,10,2,110782341,-5259992495134242365
flat-glove-100-angular-batch,100,100000,10,3,110629826,-5259992495134242365
flat-glove-100-angular-batch,100,100000,10,4,110513870,-5259992495134242365
flat-glove-100-angular-batch,100,100000,10,5,111124992,-5259992495134242365
flat-glove-100-angular-batch,100,100000,10,6,111221512,-5259992495134242365
flat-glove-100-angular-mapped,100,100000,10,0,291636413,-5259992495134242365
flat-glove-100-angular-mapped,100,100000,10,1,291123984,-5259992495134242365
flat-glove-100-angular-mapped,100,100000,10,2,291178074,-5259992495134242365
flat-glove-100-angular-mapped,100,100000,10,3,290183303,-5259992495134242365
flat-glove-100-angular-mapped,100,100000,10,4,290315721,-5259992495134242365
flat-glove-100-angular-mapped,100,100000,10,5,347600515,-5259992495134242365
flat-glove-100-angular-mapped,100,100000,10,6,362019174,-5259992495134242365
RECALL,glove-100-angular,32,2128,2560,0.83125000
hnsw-glove-100-angular-32,100,20000,10,0,10644948,-659910607396288125
hnsw-glove-100-angular-32,100,20000,10,1,10198054,-659910607396288125
hnsw-glove-100-angular-32,100,20000,10,2,10154992,-659910607396288125
hnsw-glove-100-angular-32,100,20000,10,3,10102695,-659910607396288125
hnsw-glove-100-angular-32,100,20000,10,4,10217851,-659910607396288125
hnsw-glove-100-angular-32,100,20000,10,5,10080754,-659910607396288125
hnsw-glove-100-angular-32,100,20000,10,6,11260220,-659910607396288125
RECALL,glove-100-angular,128,2470,2560,0.96484375
hnsw-glove-100-angular-128,100,20000,10,0,35730711,-5552176420022093986
hnsw-glove-100-angular-128,100,20000,10,1,35906779,-5552176420022093986
hnsw-glove-100-angular-128,100,20000,10,2,37125961,-5552176420022093986
hnsw-glove-100-angular-128,100,20000,10,3,35855104,-5552176420022093986
hnsw-glove-100-angular-128,100,20000,10,4,36609075,-5552176420022093986
hnsw-glove-100-angular-128,100,20000,10,5,35636054,-5552176420022093986
hnsw-glove-100-angular-128,100,20000,10,6,35593272,-5552176420022093986
RECALL,glove-100-angular,512,2559,2560,0.99960938
hnsw-glove-100-angular-512,100,20000,10,0,125499069,5600339910623651169
hnsw-glove-100-angular-512,100,20000,10,1,125977463,5600339910623651169
hnsw-glove-100-angular-512,100,20000,10,2,130051007,5600339910623651169
hnsw-glove-100-angular-512,100,20000,10,3,132554812,5600339910623651169
hnsw-glove-100-angular-512,100,20000,10,4,129201496,5600339910623651169
hnsw-glove-100-angular-512,100,20000,10,5,133195421,5600339910623651169
hnsw-glove-100-angular-512,100,20000,10,6,130099245,5600339910623651169
flat-fashion-mnist-784-euclidean-heap,784,60000,10,0,314758156,2614193389418160522
flat-fashion-mnist-784-euclidean-heap,784,60000,10,1,313656584,2614193389418160522
flat-fashion-mnist-784-euclidean-heap,784,60000,10,2,315802378,2614193389418160522
flat-fashion-mnist-784-euclidean-heap,784,60000,10,3,314770818,2614193389418160522
flat-fashion-mnist-784-euclidean-heap,784,60000,10,4,313850916,2614193389418160522
flat-fashion-mnist-784-euclidean-heap,784,60000,10,5,313709772,2614193389418160522
flat-fashion-mnist-784-euclidean-heap,784,60000,10,6,313681910,2614193389418160522
flat-fashion-mnist-784-euclidean-batch,784,60000,10,0,139582240,2614193389418160522
flat-fashion-mnist-784-euclidean-batch,784,60000,10,1,157962163,2614193389418160522
flat-fashion-mnist-784-euclidean-batch,784,60000,10,2,136925548,2614193389418160522
flat-fashion-mnist-784-euclidean-batch,784,60000,10,3,137276496,2614193389418160522
flat-fashion-mnist-784-euclidean-batch,784,60000,10,4,136594759,2614193389418160522
flat-fashion-mnist-784-euclidean-batch,784,60000,10,5,136760259,2614193389418160522
flat-fashion-mnist-784-euclidean-batch,784,60000,10,6,136641466,2614193389418160522
flat-fashion-mnist-784-euclidean-mapped,784,60000,10,0,504612027,2614193389418160522
flat-fashion-mnist-784-euclidean-mapped,784,60000,10,1,504829506,2614193389418160522
flat-fashion-mnist-784-euclidean-mapped,784,60000,10,2,502489305,2614193389418160522
flat-fashion-mnist-784-euclidean-mapped,784,60000,10,3,502696262,2614193389418160522
flat-fashion-mnist-784-euclidean-mapped,784,60000,10,4,504887051,2614193389418160522
flat-fashion-mnist-784-euclidean-mapped,784,60000,10,5,504099948,2614193389418160522
flat-fashion-mnist-784-euclidean-mapped,784,60000,10,6,503411450,2614193389418160522
RECALL,fashion-mnist-784-euclidean,32,2557,2560,0.99882813
hnsw-fashion-mnist-784-euclidean-32,784,20000,10,0,23973789,-8272877156143573428
hnsw-fashion-mnist-784-euclidean-32,784,20000,10,1,19799268,-8272877156143573428
hnsw-fashion-mnist-784-euclidean-32,784,20000,10,2,19859622,-8272877156143573428
hnsw-fashion-mnist-784-euclidean-32,784,20000,10,3,19868468,-8272877156143573428
hnsw-fashion-mnist-784-euclidean-32,784,20000,10,4,20343226,-8272877156143573428
hnsw-fashion-mnist-784-euclidean-32,784,20000,10,5,23425364,-8272877156143573428
hnsw-fashion-mnist-784-euclidean-32,784,20000,10,6,23942160,-8272877156143573428
RECALL,fashion-mnist-784-euclidean,128,2560,2560,1.00000000
hnsw-fashion-mnist-784-euclidean-128,784,20000,10,0,51246503,8181205727048084330
hnsw-fashion-mnist-784-euclidean-128,784,20000,10,1,52076446,8181205727048084330
hnsw-fashion-mnist-784-euclidean-128,784,20000,10,2,51553287,8181205727048084330
hnsw-fashion-mnist-784-euclidean-128,784,20000,10,3,52619863,8181205727048084330
hnsw-fashion-mnist-784-euclidean-128,784,20000,10,4,51390132,8181205727048084330
hnsw-fashion-mnist-784-euclidean-128,784,20000,10,5,52649729,8181205727048084330
hnsw-fashion-mnist-784-euclidean-128,784,20000,10,6,51766917,8181205727048084330
RECALL,fashion-mnist-784-euclidean,512,2560,2560,1.00000000
hnsw-fashion-mnist-784-euclidean-512,784,20000,10,0,154635084,8181205727048084330
hnsw-fashion-mnist-784-euclidean-512,784,20000,10,1,154013010,8181205727048084330
hnsw-fashion-mnist-784-euclidean-512,784,20000,10,2,154131270,8181205727048084330
hnsw-fashion-mnist-784-euclidean-512,784,20000,10,3,154469323,8181205727048084330
hnsw-fashion-mnist-784-euclidean-512,784,20000,10,4,155262888,8181205727048084330
hnsw-fashion-mnist-784-euclidean-512,784,20000,10,5,154667885,8181205727048084330
hnsw-fashion-mnist-784-euclidean-512,784,20000,10,6,153926187,8181205727048084330
