WARNING: Using incubator modules: jdk.incubator.vector
Oct 03, 2026 11:38:39 PM com.integrallis.vectors.core.PanamaVectorUtilSupportProvider create
INFO: vectors-core: Using Panama Vector API SIMD provider (vector bits: 256)
Oct 03, 2026 11:38:39 PM com.integrallis.vectors.core.VectorizationProvider logActiveToggles
INFO: vectors-core: provider=PanamaVectorUtilSupport panama=true maxBits=256 preferredBits=256 fastVectorFMA=true fastScalarFMA=true sve=false ggufParallel=true ggufParallelThreshold=1048576 ggufExecutor=persistent ggufThreads=2 ggufChunksPerThread=2 mappedKQuantLongOffsets=auto(q4=true,q5=false,q6=false) q4ShortPairwiseSupported=true q4UnsignedPairwiseSupported=true toggles=[(defaults — no -Dvectors.* overrides)]
flat-glove-100-angular-heap,100,100000,10,0,121023112,-5259992495134242365
flat-glove-100-angular-heap,100,100000,10,1,121391511,-5259992495134242365
flat-glove-100-angular-heap,100,100000,10,2,120570897,-5259992495134242365
flat-glove-100-angular-heap,100,100000,10,3,120660545,-5259992495134242365
flat-glove-100-angular-heap,100,100000,10,4,120500606,-5259992495134242365
flat-glove-100-angular-heap,100,100000,10,5,120611683,-5259992495134242365
flat-glove-100-angular-heap,100,100000,10,6,120479245,-5259992495134242365
flat-glove-100-angular-batch,100,100000,10,0,85923177,-5259992495134242365
flat-glove-100-angular-batch,100,100000,10,1,84757275,-5259992495134242365
flat-glove-100-angular-batch,100,100000,10,2,86692696,-5259992495134242365
flat-glove-100-angular-batch,100,100000,10,3,85005338,-5259992495134242365
flat-glove-100-angular-batch,100,100000,10,4,84778835,-5259992495134242365
flat-glove-100-angular-batch,100,100000,10,5,85334966,-5259992495134242365
flat-glove-100-angular-batch,100,100000,10,6,84270904,-5259992495134242365
flat-glove-100-angular-mapped,100,100000,10,0,215388654,-5259992495134242365
flat-glove-100-angular-mapped,100,100000,10,1,216985013,-5259992495134242365
flat-glove-100-angular-mapped,100,100000,10,2,214996581,-5259992495134242365
flat-glove-100-angular-mapped,100,100000,10,3,214009454,-5259992495134242365
flat-glove-100-angular-mapped,100,100000,10,4,214724852,-5259992495134242365
flat-glove-100-angular-mapped,100,100000,10,5,215321047,-5259992495134242365
flat-glove-100-angular-mapped,100,100000,10,6,247346921,-5259992495134242365
RECALL,glove-100-angular,32,2128,2560,0.83125000
hnsw-glove-100-angular-32,100,20000,10,0,10580699,-659910607396288125
hnsw-glove-100-angular-32,100,20000,10,1,10195369,-659910607396288125
hnsw-glove-100-angular-32,100,20000,10,2,10686819,-659910607396288125
hnsw-glove-100-angular-32,100,20000,10,3,10341934,-659910607396288125
hnsw-glove-100-angular-32,100,20000,10,4,10230525,-659910607396288125
hnsw-glove-100-angular-32,100,20000,10,5,10017877,-659910607396288125
hnsw-glove-100-angular-32,100,20000,10,6,9947055,-659910607396288125
RECALL,glove-100-angular,128,2470,2560,0.96484375
hnsw-glove-100-angular-128,100,20000,10,0,33647947,-5552176420022093986
hnsw-glove-100-angular-128,100,20000,10,1,34105365,-5552176420022093986
hnsw-glove-100-angular-128,100,20000,10,2,35290141,-5552176420022093986
hnsw-glove-100-angular-128,100,20000,10,3,33348086,-5552176420022093986
hnsw-glove-100-angular-128,100,20000,10,4,34010166,-5552176420022093986
hnsw-glove-100-angular-128,100,20000,10,5,34007883,-5552176420022093986
hnsw-glove-100-angular-128,100,20000,10,6,33652265,-5552176420022093986
RECALL,glove-100-angular,512,2559,2560,0.99960938
hnsw-glove-100-angular-512,100,20000,10,0,117247073,5600339910623651169
hnsw-glove-100-angular-512,100,20000,10,1,116515714,5600339910623651169
hnsw-glove-100-angular-512,100,20000,10,2,116497881,5600339910623651169
hnsw-glove-100-angular-512,100,20000,10,3,116532407,5600339910623651169
hnsw-glove-100-angular-512,100,20000,10,4,117397414,5600339910623651169
hnsw-glove-100-angular-512,100,20000,10,5,116005759,5600339910623651169
hnsw-glove-100-angular-512,100,20000,10,6,122374368,5600339910623651169
flat-fashion-mnist-784-euclidean-heap,784,60000,10,0,315813191,2614193389418160522
flat-fashion-mnist-784-euclidean-heap,784,60000,10,1,313582936,2614193389418160522
flat-fashion-mnist-784-euclidean-heap,784,60000,10,2,318432252,2614193389418160522
flat-fashion-mnist-784-euclidean-heap,784,60000,10,3,323796620,2614193389418160522
flat-fashion-mnist-784-euclidean-heap,784,60000,10,4,324394860,2614193389418160522
flat-fashion-mnist-784-euclidean-heap,784,60000,10,5,328958530,2614193389418160522
flat-fashion-mnist-784-euclidean-heap,784,60000,10,6,324983651,2614193389418160522
flat-fashion-mnist-784-euclidean-batch,784,60000,10,0,137425803,2614193389418160522
flat-fashion-mnist-784-euclidean-batch,784,60000,10,1,138160928,2614193389418160522
flat-fashion-mnist-784-euclidean-batch,784,60000,10,2,137611781,2614193389418160522
flat-fashion-mnist-784-euclidean-batch,784,60000,10,3,137896613,2614193389418160522
flat-fashion-mnist-784-euclidean-batch,784,60000,10,4,137949552,2614193389418160522
flat-fashion-mnist-784-euclidean-batch,784,60000,10,5,137767180,2614193389418160522
flat-fashion-mnist-784-euclidean-batch,784,60000,10,6,137087269,2614193389418160522
flat-fashion-mnist-784-euclidean-mapped,784,60000,10,0,517146737,2614193389418160522
flat-fashion-mnist-784-euclidean-mapped,784,60000,10,1,508561371,2614193389418160522
flat-fashion-mnist-784-euclidean-mapped,784,60000,10,2,513584680,2614193389418160522
flat-fashion-mnist-784-euclidean-mapped,784,60000,10,3,507978679,2614193389418160522
flat-fashion-mnist-784-euclidean-mapped,784,60000,10,4,507091899,2614193389418160522
flat-fashion-mnist-784-euclidean-mapped,784,60000,10,5,507141772,2614193389418160522
flat-fashion-mnist-784-euclidean-mapped,784,60000,10,6,508868773,2614193389418160522
RECALL,fashion-mnist-784-euclidean,32,2557,2560,0.99882813
hnsw-fashion-mnist-784-euclidean-32,784,20000,10,0,23805468,-8272877156143573428
hnsw-fashion-mnist-784-euclidean-32,784,20000,10,1,21109122,-8272877156143573428
hnsw-fashion-mnist-784-euclidean-32,784,20000,10,2,20920960,-8272877156143573428
hnsw-fashion-mnist-784-euclidean-32,784,20000,10,3,20769407,-8272877156143573428
hnsw-fashion-mnist-784-euclidean-32,784,20000,10,4,21238195,-8272877156143573428
hnsw-fashion-mnist-784-euclidean-32,784,20000,10,5,21538667,-8272877156143573428
hnsw-fashion-mnist-784-euclidean-32,784,20000,10,6,21491627,-8272877156143573428
RECALL,fashion-mnist-784-euclidean,128,2560,2560,1.00000000
hnsw-fashion-mnist-784-euclidean-128,784,20000,10,0,54699120,8181205727048084330
hnsw-fashion-mnist-784-euclidean-128,784,20000,10,1,54491221,8181205727048084330
hnsw-fashion-mnist-784-euclidean-128,784,20000,10,2,54798808,8181205727048084330
hnsw-fashion-mnist-784-euclidean-128,784,20000,10,3,54668013,8181205727048084330
hnsw-fashion-mnist-784-euclidean-128,784,20000,10,4,54519645,8181205727048084330
hnsw-fashion-mnist-784-euclidean-128,784,20000,10,5,54228670,8181205727048084330
hnsw-fashion-mnist-784-euclidean-128,784,20000,10,6,54266892,8181205727048084330
RECALL,fashion-mnist-784-euclidean,512,2560,2560,1.00000000
hnsw-fashion-mnist-784-euclidean-512,784,20000,10,0,150626992,8181205727048084330
hnsw-fashion-mnist-784-euclidean-512,784,20000,10,1,149529198,8181205727048084330
hnsw-fashion-mnist-784-euclidean-512,784,20000,10,2,152136075,8181205727048084330
hnsw-fashion-mnist-784-euclidean-512,784,20000,10,3,150115595,8181205727048084330
hnsw-fashion-mnist-784-euclidean-512,784,20000,10,4,150985372,8181205727048084330
hnsw-fashion-mnist-784-euclidean-512,784,20000,10,5,150705317,8181205727048084330
hnsw-fashion-mnist-784-euclidean-512,784,20000,10,6,151301333,8181205727048084330
