WARNING: Using incubator modules: jdk.incubator.vector
Oct 03, 2026 11:39:11 PM com.integrallis.vectors.core.PanamaVectorUtilSupportProvider create
INFO: vectors-core: Using Panama Vector API SIMD provider (vector bits: 256)
Oct 03, 2026 11:39:11 PM com.integrallis.vectors.core.VectorizationProvider logActiveToggles
INFO: vectors-core: provider=PanamaVectorUtilSupport panama=true maxBits=256 preferredBits=256 fastVectorFMA=true fastScalarFMA=true sve=false ggufParallel=true ggufParallelThreshold=1048576 ggufExecutor=persistent ggufThreads=2 ggufChunksPerThread=2 mappedKQuantLongOffsets=auto(q4=true,q5=false,q6=false) q4ShortPairwiseSupported=true q4UnsignedPairwiseSupported=true toggles=[(defaults — no -Dvectors.* overrides)]
flat-glove-100-angular-heap,100,100000,10,0,126156099,-5259992495134242365
flat-glove-100-angular-heap,100,100000,10,1,124432553,-5259992495134242365
flat-glove-100-angular-heap,100,100000,10,2,124898976,-5259992495134242365
flat-glove-100-angular-heap,100,100000,10,3,124741470,-5259992495134242365
flat-glove-100-angular-heap,100,100000,10,4,124634160,-5259992495134242365
flat-glove-100-angular-heap,100,100000,10,5,125178159,-5259992495134242365
flat-glove-100-angular-heap,100,100000,10,6,124450125,-5259992495134242365
flat-glove-100-angular-batch,100,100000,10,0,87137241,-5259992495134242365
flat-glove-100-angular-batch,100,100000,10,1,86863669,-5259992495134242365
flat-glove-100-angular-batch,100,100000,10,2,87594096,-5259992495134242365
flat-glove-100-angular-batch,100,100000,10,3,86471636,-5259992495134242365
flat-glove-100-angular-batch,100,100000,10,4,86636675,-5259992495134242365
flat-glove-100-angular-batch,100,100000,10,5,87004873,-5259992495134242365
flat-glove-100-angular-batch,100,100000,10,6,86614823,-5259992495134242365
flat-glove-100-angular-mapped,100,100000,10,0,214546322,-5259992495134242365
flat-glove-100-angular-mapped,100,100000,10,1,215191079,-5259992495134242365
flat-glove-100-angular-mapped,100,100000,10,2,213911274,-5259992495134242365
flat-glove-100-angular-mapped,100,100000,10,3,213799654,-5259992495134242365
flat-glove-100-angular-mapped,100,100000,10,4,237263813,-5259992495134242365
flat-glove-100-angular-mapped,100,100000,10,5,284857364,-5259992495134242365
flat-glove-100-angular-mapped,100,100000,10,6,285048823,-5259992495134242365
RECALL,glove-100-angular,32,2128,2560,0.83125000
hnsw-glove-100-angular-32,100,20000,10,0,10609915,-659910607396288125
hnsw-glove-100-angular-32,100,20000,10,1,10354796,-659910607396288125
hnsw-glove-100-angular-32,100,20000,10,2,10484389,-659910607396288125
hnsw-glove-100-angular-32,100,20000,10,3,10323419,-659910607396288125
hnsw-glove-100-angular-32,100,20000,10,4,10411053,-659910607396288125
hnsw-glove-100-angular-32,100,20000,10,5,10244270,-659910607396288125
hnsw-glove-100-angular-32,100,20000,10,6,10280608,-659910607396288125
RECALL,glove-100-angular,128,2470,2560,0.96484375
hnsw-glove-100-angular-128,100,20000,10,0,35330053,-5552176420022093986
hnsw-glove-100-angular-128,100,20000,10,1,35460267,-5552176420022093986
hnsw-glove-100-angular-128,100,20000,10,2,35970020,-5552176420022093986
hnsw-glove-100-angular-128,100,20000,10,3,34795943,-5552176420022093986
hnsw-glove-100-angular-128,100,20000,10,4,35436321,-5552176420022093986
hnsw-glove-100-angular-128,100,20000,10,5,34620164,-5552176420022093986
hnsw-glove-100-angular-128,100,20000,10,6,34820580,-5552176420022093986
RECALL,glove-100-angular,512,2559,2560,0.99960938
hnsw-glove-100-angular-512,100,20000,10,0,122543635,5600339910623651169
hnsw-glove-100-angular-512,100,20000,10,1,122691141,5600339910623651169
hnsw-glove-100-angular-512,100,20000,10,2,122420256,5600339910623651169
hnsw-glove-100-angular-512,100,20000,10,3,121826102,5600339910623651169
hnsw-glove-100-angular-512,100,20000,10,4,121042487,5600339910623651169
hnsw-glove-100-angular-512,100,20000,10,5,118387848,5600339910623651169
hnsw-glove-100-angular-512,100,20000,10,6,115415026,5600339910623651169
flat-fashion-mnist-784-euclidean-heap,784,60000,10,0,315876095,2614193389418160522
flat-fashion-mnist-784-euclidean-heap,784,60000,10,1,315285620,2614193389418160522
flat-fashion-mnist-784-euclidean-heap,784,60000,10,2,317250757,2614193389418160522
flat-fashion-mnist-784-euclidean-heap,784,60000,10,3,317954714,2614193389418160522
flat-fashion-mnist-784-euclidean-heap,784,60000,10,4,315535076,2614193389418160522
flat-fashion-mnist-784-euclidean-heap,784,60000,10,5,316478401,2614193389418160522
flat-fashion-mnist-784-euclidean-heap,784,60000,10,6,318014224,2614193389418160522
flat-fashion-mnist-784-euclidean-batch,784,60000,10,0,139112307,2614193389418160522
flat-fashion-mnist-784-euclidean-batch,784,60000,10,1,139853315,2614193389418160522
flat-fashion-mnist-784-euclidean-batch,784,60000,10,2,138064147,2614193389418160522
flat-fashion-mnist-784-euclidean-batch,784,60000,10,3,138910040,2614193389418160522
flat-fashion-mnist-784-euclidean-batch,784,60000,10,4,137823668,2614193389418160522
flat-fashion-mnist-784-euclidean-batch,784,60000,10,5,137598405,2614193389418160522
flat-fashion-mnist-784-euclidean-batch,784,60000,10,6,138028859,2614193389418160522
flat-fashion-mnist-784-euclidean-mapped,784,60000,10,0,657888678,2614193389418160522
flat-fashion-mnist-784-euclidean-mapped,784,60000,10,1,506678653,2614193389418160522
flat-fashion-mnist-784-euclidean-mapped,784,60000,10,2,513534120,2614193389418160522
flat-fashion-mnist-784-euclidean-mapped,784,60000,10,3,532844624,2614193389418160522
flat-fashion-mnist-784-euclidean-mapped,784,60000,10,4,532278705,2614193389418160522
flat-fashion-mnist-784-euclidean-mapped,784,60000,10,5,524630884,2614193389418160522
flat-fashion-mnist-784-euclidean-mapped,784,60000,10,6,516078649,2614193389418160522
RECALL,fashion-mnist-784-euclidean,32,2557,2560,0.99882813
hnsw-fashion-mnist-784-euclidean-32,784,20000,10,0,22983268,-8272877156143573428
hnsw-fashion-mnist-784-euclidean-32,784,20000,10,1,19758664,-8272877156143573428
hnsw-fashion-mnist-784-euclidean-32,784,20000,10,2,20109311,-8272877156143573428
hnsw-fashion-mnist-784-euclidean-32,784,20000,10,3,19616568,-8272877156143573428
hnsw-fashion-mnist-784-euclidean-32,784,20000,10,4,19302440,-8272877156143573428
hnsw-fashion-mnist-784-euclidean-32,784,20000,10,5,20025513,-8272877156143573428
hnsw-fashion-mnist-784-euclidean-32,784,20000,10,6,19461809,-8272877156143573428
RECALL,fashion-mnist-784-euclidean,128,2560,2560,1.00000000
hnsw-fashion-mnist-784-euclidean-128,784,20000,10,0,51780585,8181205727048084330
hnsw-fashion-mnist-784-euclidean-128,784,20000,10,1,50878877,8181205727048084330
hnsw-fashion-mnist-784-euclidean-128,784,20000,10,2,52001527,8181205727048084330
hnsw-fashion-mnist-784-euclidean-128,784,20000,10,3,52432905,8181205727048084330
hnsw-fashion-mnist-784-euclidean-128,784,20000,10,4,51944211,8181205727048084330
hnsw-fashion-mnist-784-euclidean-128,784,20000,10,5,51794990,8181205727048084330
hnsw-fashion-mnist-784-euclidean-128,784,20000,10,6,51960803,8181205727048084330
RECALL,fashion-mnist-784-euclidean,512,2560,2560,1.00000000
hnsw-fashion-mnist-784-euclidean-512,784,20000,10,0,146378622,8181205727048084330
hnsw-fashion-mnist-784-euclidean-512,784,20000,10,1,141859876,8181205727048084330
hnsw-fashion-mnist-784-euclidean-512,784,20000,10,2,142567381,8181205727048084330
hnsw-fashion-mnist-784-euclidean-512,784,20000,10,3,141921031,8181205727048084330
hnsw-fashion-mnist-784-euclidean-512,784,20000,10,4,142702082,8181205727048084330
hnsw-fashion-mnist-784-euclidean-512,784,20000,10,5,142078406,8181205727048084330
hnsw-fashion-mnist-784-euclidean-512,784,20000,10,6,140597284,8181205727048084330
