WARNING: Using incubator modules: jdk.incubator.vector
Oct 03, 2026 11:40:49 PM com.integrallis.vectors.core.PanamaVectorUtilSupportProvider create
INFO: vectors-core: Using Panama Vector API SIMD provider (vector bits: 256)
Oct 03, 2026 11:40:49 PM com.integrallis.vectors.core.VectorizationProvider logActiveToggles
INFO: vectors-core: provider=PanamaVectorUtilSupport panama=true maxBits=256 preferredBits=256 fastVectorFMA=true fastScalarFMA=true sve=false ggufParallel=true ggufParallelThreshold=1048576 ggufExecutor=persistent ggufThreads=2 ggufChunksPerThread=2 mappedKQuantLongOffsets=auto(q4=true,q5=false,q6=false) q4ShortPairwiseSupported=true q4UnsignedPairwiseSupported=true toggles=[(defaults — no -Dvectors.* overrides)]
flat-glove-100-angular-heap,100,100000,10,0,120250318,-5259992495134242365
flat-glove-100-angular-heap,100,100000,10,1,120029332,-5259992495134242365
flat-glove-100-angular-heap,100,100000,10,2,119881555,-5259992495134242365
flat-glove-100-angular-heap,100,100000,10,3,120262830,-5259992495134242365
flat-glove-100-angular-heap,100,100000,10,4,120092520,-5259992495134242365
flat-glove-100-angular-heap,100,100000,10,5,120480599,-5259992495134242365
flat-glove-100-angular-heap,100,100000,10,6,120265786,-5259992495134242365
flat-glove-100-angular-batch,100,100000,10,0,84990882,-5259992495134242365
flat-glove-100-angular-batch,100,100000,10,1,84359036,-5259992495134242365
flat-glove-100-angular-batch,100,100000,10,2,85261731,-5259992495134242365
flat-glove-100-angular-batch,100,100000,10,3,84152698,-5259992495134242365
flat-glove-100-angular-batch,100,100000,10,4,84362022,-5259992495134242365
flat-glove-100-angular-batch,100,100000,10,5,85003925,-5259992495134242365
flat-glove-100-angular-batch,100,100000,10,6,83712520,-5259992495134242365
flat-glove-100-angular-mapped,100,100000,10,0,213629711,-5259992495134242365
flat-glove-100-angular-mapped,100,100000,10,1,213955042,-5259992495134242365
flat-glove-100-angular-mapped,100,100000,10,2,212291265,-5259992495134242365
flat-glove-100-angular-mapped,100,100000,10,3,233667770,-5259992495134242365
flat-glove-100-angular-mapped,100,100000,10,4,284002499,-5259992495134242365
flat-glove-100-angular-mapped,100,100000,10,5,285482006,-5259992495134242365
flat-glove-100-angular-mapped,100,100000,10,6,285506669,-5259992495134242365
RECALL,glove-100-angular,32,2128,2560,0.83125000
hnsw-glove-100-angular-32,100,20000,10,0,10363453,-659910607396288125
hnsw-glove-100-angular-32,100,20000,10,1,10243418,-659910607396288125
hnsw-glove-100-angular-32,100,20000,10,2,10073990,-659910607396288125
hnsw-glove-100-angular-32,100,20000,10,3,9995594,-659910607396288125
hnsw-glove-100-angular-32,100,20000,10,4,10052199,-659910607396288125
hnsw-glove-100-angular-32,100,20000,10,5,10009159,-659910607396288125
hnsw-glove-100-angular-32,100,20000,10,6,9979183,-659910607396288125
RECALL,glove-100-angular,128,2470,2560,0.96484375
hnsw-glove-100-angular-128,100,20000,10,0,35500971,-5552176420022093986
hnsw-glove-100-angular-128,100,20000,10,1,35622738,-5552176420022093986
hnsw-glove-100-angular-128,100,20000,10,2,36403895,-5552176420022093986
hnsw-glove-100-angular-128,100,20000,10,3,33558184,-5552176420022093986
hnsw-glove-100-angular-128,100,20000,10,4,35345739,-5552176420022093986
hnsw-glove-100-angular-128,100,20000,10,5,34103417,-5552176420022093986
hnsw-glove-100-angular-128,100,20000,10,6,35920529,-5552176420022093986
RECALL,glove-100-angular,512,2559,2560,0.99960938
hnsw-glove-100-angular-512,100,20000,10,0,122702847,5600339910623651169
hnsw-glove-100-angular-512,100,20000,10,1,120567519,5600339910623651169
hnsw-glove-100-angular-512,100,20000,10,2,119683198,5600339910623651169
hnsw-glove-100-angular-512,100,20000,10,3,117645354,5600339910623651169
hnsw-glove-100-angular-512,100,20000,10,4,121889489,5600339910623651169
hnsw-glove-100-angular-512,100,20000,10,5,121667852,5600339910623651169
hnsw-glove-100-angular-512,100,20000,10,6,120752984,5600339910623651169
flat-fashion-mnist-784-euclidean-heap,784,60000,10,0,314232602,2614193389418160522
flat-fashion-mnist-784-euclidean-heap,784,60000,10,1,312579523,2614193389418160522
flat-fashion-mnist-784-euclidean-heap,784,60000,10,2,314851736,2614193389418160522
flat-fashion-mnist-784-euclidean-heap,784,60000,10,3,314517489,2614193389418160522
flat-fashion-mnist-784-euclidean-heap,784,60000,10,4,311960576,2614193389418160522
flat-fashion-mnist-784-euclidean-heap,784,60000,10,5,315570961,2614193389418160522
flat-fashion-mnist-784-euclidean-heap,784,60000,10,6,315321382,2614193389418160522
flat-fashion-mnist-784-euclidean-batch,784,60000,10,0,138359731,2614193389418160522
flat-fashion-mnist-784-euclidean-batch,784,60000,10,1,139526600,2614193389418160522
flat-fashion-mnist-784-euclidean-batch,784,60000,10,2,139093595,2614193389418160522
flat-fashion-mnist-784-euclidean-batch,784,60000,10,3,138131849,2614193389418160522
flat-fashion-mnist-784-euclidean-batch,784,60000,10,4,138193837,2614193389418160522
flat-fashion-mnist-784-euclidean-batch,784,60000,10,5,139508202,2614193389418160522
flat-fashion-mnist-784-euclidean-batch,784,60000,10,6,139544191,2614193389418160522
flat-fashion-mnist-784-euclidean-mapped,784,60000,10,0,652356608,2614193389418160522
flat-fashion-mnist-784-euclidean-mapped,784,60000,10,1,519747933,2614193389418160522
flat-fashion-mnist-784-euclidean-mapped,784,60000,10,2,509112047,2614193389418160522
flat-fashion-mnist-784-euclidean-mapped,784,60000,10,3,507990896,2614193389418160522
flat-fashion-mnist-784-euclidean-mapped,784,60000,10,4,509207706,2614193389418160522
flat-fashion-mnist-784-euclidean-mapped,784,60000,10,5,508189468,2614193389418160522
flat-fashion-mnist-784-euclidean-mapped,784,60000,10,6,511043662,2614193389418160522
RECALL,fashion-mnist-784-euclidean,32,2557,2560,0.99882813
hnsw-fashion-mnist-784-euclidean-32,784,20000,10,0,24020833,-8272877156143573428
hnsw-fashion-mnist-784-euclidean-32,784,20000,10,1,20213467,-8272877156143573428
hnsw-fashion-mnist-784-euclidean-32,784,20000,10,2,20512497,-8272877156143573428
hnsw-fashion-mnist-784-euclidean-32,784,20000,10,3,20392382,-8272877156143573428
hnsw-fashion-mnist-784-euclidean-32,784,20000,10,4,20237442,-8272877156143573428
hnsw-fashion-mnist-784-euclidean-32,784,20000,10,5,21703654,-8272877156143573428
hnsw-fashion-mnist-784-euclidean-32,784,20000,10,6,20302714,-8272877156143573428
RECALL,fashion-mnist-784-euclidean,128,2560,2560,1.00000000
hnsw-fashion-mnist-784-euclidean-128,784,20000,10,0,52140676,8181205727048084330
hnsw-fashion-mnist-784-euclidean-128,784,20000,10,1,50774001,8181205727048084330
hnsw-fashion-mnist-784-euclidean-128,784,20000,10,2,51463666,8181205727048084330
hnsw-fashion-mnist-784-euclidean-128,784,20000,10,3,51180355,8181205727048084330
hnsw-fashion-mnist-784-euclidean-128,784,20000,10,4,52257074,8181205727048084330
hnsw-fashion-mnist-784-euclidean-128,784,20000,10,5,50816110,8181205727048084330
hnsw-fashion-mnist-784-euclidean-128,784,20000,10,6,51449288,8181205727048084330
RECALL,fashion-mnist-784-euclidean,512,2560,2560,1.00000000
hnsw-fashion-mnist-784-euclidean-512,784,20000,10,0,144430646,8181205727048084330
hnsw-fashion-mnist-784-euclidean-512,784,20000,10,1,145027545,8181205727048084330
hnsw-fashion-mnist-784-euclidean-512,784,20000,10,2,145108537,8181205727048084330
hnsw-fashion-mnist-784-euclidean-512,784,20000,10,3,145175983,8181205727048084330
hnsw-fashion-mnist-784-euclidean-512,784,20000,10,4,145006435,8181205727048084330
hnsw-fashion-mnist-784-euclidean-512,784,20000,10,5,148423527,8181205727048084330
hnsw-fashion-mnist-784-euclidean-512,784,20000,10,6,147922707,8181205727048084330
